Archive member included because of file (symbol)

../../../../sdk/JN-SW-4170/Components/Library\libZPSMAC_Mini_SOC_JN516x.a(zps_mac_shim.o)
                              ../../DimmableLight/Build/app_zlo_light_node.o (symbol from plugin) (ZPS_u32MacSetTxBuffers)
../../../../sdk/JN-SW-4170/Components/Library\libZPSMAC_Mini_SOC_JN516x.a(zps_miniMac.o)
                              zps_mac_shim.o (symbol from plugin) (zps_eSocMacSetTxBuffers)
../../../../sdk/JN-SW-4170/Components/Library\libZPSMAC_Mini_SOC_JN516x.a(zps_mac_common.o)
                              zps_mac_shim.o (symbol from plugin) (g_u8LegacyBeaconPayloadLen)
../../../../sdk/JN-SW-4170/Components/Library\libZPSMAC_Mini_SOC_JN516x.a(zps_mac_ie.o)
                              zps_mac_common.o (symbol from plugin) (zps_u8MacIECopyZigbeePayloadSubIE)
../../../../sdk/JN-SW-4170/Components/Library\libPWRM_JN516x.a(pwrm.o)
                              ../../DimmableLight/Build/app_start_light.o (symbol from plugin) (PWRM_vInit)
../../../../sdk/JN-SW-4170/Components/Library\libPWRM_JN516x.a(pwrm_setjmp_JN516x.o)
                              pwrm.o (symbol from plugin) (setjmp)
../../../../sdk/JN-SW-4170/Components/Library\libPWRM_JN516x.a(pwrm_cold_start.o)
                              (AppColdStart)
../../../../sdk/JN-SW-4170/Components/Library\libPWRM_JN516x.a(pwrm_warm_start.o)
                              (AppWarmStart)
../../../../sdk/JN-SW-4170/Components/Library\libPDUM_JN516x.a(pdum_nwk.o)
                              zps_miniMac.o (symbol from plugin) (PDUM_eNPduAllocate)
../../../../sdk/JN-SW-4170/Components/Library\libPDUM_JN516x.a(pdum_apl.o)
                              ../../DimmableLight/Build/zll_CommissionCmdHandler.o (symbol from plugin) (PDUM_u16APduInstanceReadNBO)
../../../../sdk/JN-SW-4170/Components/Library\libPDUM_JN516x.a(pdum.o)
                              pdum_nwk.o (symbol from plugin) (PDUM_u16SizeNBO)
../../../../sdk/JN-SW-4170/Components/Library\libZPSAPL_JN516x.a(zps_apl_inl.o)
                              zps_mac_ie.o (symbol from plugin) (ZPS_pu8AplZdoGetVsOUI)
../../../../sdk/JN-SW-4170/Components/Library\libZPSAPL_JN516x.a(zps_apl_af.o)
                              ../../DimmableLight/Build/app_zlo_light_node.o (symbol from plugin) (ZPS_eAplAfInit)
../../../../sdk/JN-SW-4170/Components/Library\libZPSAPL_JN516x.a(zps_apl_af_apsde.o)
                              ../../DimmableLight/Build/zps_gen.o (symbol from plugin) (zps_vHandleApsdeDataFragIndNotSupported)
../../../../sdk/JN-SW-4170/Components/Library\libZPSAPL_JN516x.a(zps_apl_task.o)
                              zps_apl_af_apsde.o (symbol from plugin) (zps_vAplAfPostEvent)
../../../../sdk/JN-SW-4170/Components/Library\libZPSAPL_JN516x.a(zps_apl_apsde.o)
                              zps_apl_task.o (symbol from plugin) (ZPS_vAplRegisterApsdeDcfmIndCallbacks)
../../../../sdk/JN-SW-4170/Components/Library\libZPSAPL_JN516x.a(zps_apl_apsme.o)
                              zps_apl_task.o (symbol from plugin) (ZPS_vAplRegisterApsmeDcfmIndCallbacks)
../../../../sdk/JN-SW-4170/Components/Library\libZPSAPL_JN516x.a(zps_apl_aps_nlde.o)
                              zps_apl_task.o (symbol from plugin) (zps_vAplApsHandleNldeDcfmInd)
../../../../sdk/JN-SW-4170/Components/Library\libZPSAPL_JN516x.a(zps_apl_sec.o)
                              zps_apl_apsme.o (symbol from plugin) (zps_vGenerateHashForVerifiedKey)
../../../../sdk/JN-SW-4170/Components/Library\libZPSAPL_JN516x.a(zps_apl_aib.o)
                              ../../DimmableLight/Build/app_main.o (symbol from plugin) (zps_psAplAibGetAib)
../../../../sdk/JN-SW-4170/Components/Library\libZPSAPL_JN516x.a(zps_apl_zdo_nwkmanager.o)
                              zps_apl_apsme.o (symbol from plugin) (zps_vAplSaveRecord)
../../../../sdk/JN-SW-4170/Components/Library\libZPSAPL_JN516x.a(zps_apl_zdo_handle_zdp_event.o)
                              zps_apl_task.o (symbol from plugin) (zps_bAplZdoHandleZdpEvent)
../../../../sdk/JN-SW-4170/Components/Library\libZPSAPL_JN516x.a(zps_apl_zdo_trust_center.o)
                              zps_apl_inl.o (symbol from plugin) (zps_eAplTrustCenterFindDevice)
../../../../sdk/JN-SW-4170/Components/Library\libZPSAPL_JN516x.a(zps_apl_zdo_common.o)
                              zps_apl_zdo_nwkmanager.o (symbol from plugin) (zps_eAplZdoNlmeleaveWrapper)
../../../../sdk/JN-SW-4170/Components/Library\libZPSAPL_JN516x.a(zps_apl_zdo_group.o)
                              ../../DimmableLight/Build/GroupsTableManager.o (symbol from plugin) (zps_eAplZdoGroupEndpointAdd)
../../../../sdk/JN-SW-4170/Components/Library\libZPSAPL_JN516x.a(zps_apl_zdo_default_server.o)
                              ../../DimmableLight/Build/zps_gen.o (symbol from plugin) (zps_vAplZdoDefaultServerInit)
../../../../sdk/JN-SW-4170/Components/Library\libZPSAPL_JN516x.a(zps_apl_zdo_bind_manager.o)
                              zps_apl_inl.o (symbol from plugin) (zps_eAplZdoBind)
[...]
Memory Configuration

Name             Origin             Length             Attributes
flash            0x0000000000080000 0x0000000000080000
ram              0x000000000400004c 0x0000000000007fb4
*default*        0x0000000000000000 0xffffffffffffffff

Linker script and memory map

                0x0000000000001388                __stack_size = 0x1388
                0x00000000000007d0                __minimum_heap_size = 0x7d0
START GROUP
LOAD ../../DimmableLight/Build/irq_JN516x.o
LOAD ../../DimmableLight/Build/portasm_JN516x.o
LOAD ../../DimmableLight/Build/port_JN516x.o
LOAD C:\Users\nxf47740\AppData\Local\Temp\1\ccBCs0GI.ltrans0.ltrans.o
LOAD C:\Users\nxf47740\AppData\Local\Temp\1\ccBCs0GI.ltrans1.ltrans.o
LOAD C:\Users\nxf47740\AppData\Local\Temp\1\ccBCs0GI.ltrans2.ltrans.o
LOAD C:\Users\nxf47740\AppData\Local\Temp\1\ccBCs0GI.ltrans3.ltrans.o
LOAD C:\Users\nxf47740\AppData\Local\Temp\1\ccBCs0GI.ltrans4.ltrans.o
LOAD C:\Users\nxf47740\AppData\Local\Temp\1\ccBCs0GI.ltrans5.ltrans.o
LOAD C:\Users\nxf47740\AppData\Local\Temp\1\ccBCs0GI.ltrans6.ltrans.o
LOAD C:\Users\nxf47740\AppData\Local\Temp\1\ccBCs0GI.ltrans7.ltrans.o
LOAD C:\Users\nxf47740\AppData\Local\Temp\1\ccBCs0GI.ltrans8.ltrans.o
LOAD C:\Users\nxf47740\AppData\Local\Temp\1\ccBCs0GI.ltrans9.ltrans.o
LOAD C:\Users\nxf47740\AppData\Local\Temp\1\ccBCs0GI.ltrans10.ltrans.o
LOAD C:\Users\nxf47740\AppData\Local\Temp\1\ccBCs0GI.ltrans11.ltrans.o
LOAD C:\Users\nxf47740\AppData\Local\Temp\1\ccBCs0GI.ltrans12.ltrans.o
LOAD C:\Users\nxf47740\AppData\Local\Temp\1\ccBCs0GI.ltrans13.ltrans.o
LOAD C:\Users\nxf47740\AppData\Local\Temp\1\ccBCs0GI.ltrans14.ltrans.o
LOAD C:\Users\nxf47740\AppData\Local\Temp\1\ccBCs0GI.ltrans15.ltrans.o
LOAD C:\Users\nxf47740\AppData\Local\Temp\1\ccBCs0GI.ltrans16.ltrans.o
LOAD C:\Users\nxf47740\AppData\Local\Temp\1\ccBCs0GI.ltrans17.ltrans.o
LOAD C:\Users\nxf47740\AppData\Local\Temp\1\ccBCs0GI.ltrans18.ltrans.o
LOAD C:\Users\nxf47740\AppData\Local\Temp\1\ccBCs0GI.ltrans19.ltrans.o
LOAD C:\Users\nxf47740\AppData\Local\Temp\1\ccBCs0GI.ltrans20.ltrans.o
LOAD C:\Users\nxf47740\AppData\Local\Temp\1\ccBCs0GI.ltrans21.ltrans.o
LOAD C:\Users\nxf47740\AppData\Local\Temp\1\ccBCs0GI.ltrans22.ltrans.o
LOAD C:\Users\nxf47740\AppData\Local\Temp\1\ccBCs0GI.ltrans23.ltrans.o
LOAD C:\Users\nxf47740\AppData\Local\Temp\1\ccBCs0GI.ltrans24.ltrans.o
LOAD C:\Users\nxf47740\AppData\Local\Temp\1\ccBCs0GI.ltrans25.ltrans.o
LOAD C:\Users\nxf47740\AppData\Local\Temp\1\ccBCs0GI.ltrans26.ltrans.o
LOAD C:\Users\nxf47740\AppData\Local\Temp\1\ccBCs0GI.ltrans27.ltrans.o
LOAD C:\Users\nxf47740\AppData\Local\Temp\1\ccBCs0GI.ltrans28.ltrans.o
LOAD C:\Users\nxf47740\AppData\Local\Temp\1\ccBCs0GI.ltrans29.ltrans.o
LOAD C:\Users\nxf47740\AppData\Local\Temp\1\ccBCs0GI.ltrans30.ltrans.o
LOAD C:\Users\nxf47740\AppData\Local\Temp\1\ccBCs0GI.ltrans31.ltrans.o
LOAD c:/nxp/bstudio_nxp/sdk/tools/ba-elf-ba2-r36379/bin/../lib/gcc/ba-elf/4.7.4/../../../../ba-elf/lib/mcpu_jn51xx_sizeopt\libc.a
LOAD c:/nxp/bstudio_nxp/sdk/tools/ba-elf-ba2-r36379/bin/../lib/gcc/ba-elf/4.7.4/mcpu_jn51xx_sizeopt\libgcc.a
LOAD c:/nxp/bstudio_nxp/sdk/tools/ba-elf-ba2-r36379/bin/../lib/gcc/ba-elf/4.7.4/../../../../ba-elf/lib/mcpu_jn51xx_sizeopt\libc.a
LOAD ../../DimmableLight/Build/app_main.o
LOAD ../../DimmableLight/Build/pdum_gen.o
LOAD ../../DimmableLight/Build/pdum_apdu.o
LOAD ../../DimmableLight/Build/zps_gen.o
LOAD ../../DimmableLight/Build/app_start_light.o
LOAD ../../DimmableLight/Build/app_scenes.o
LOAD ../../DimmableLight/Build/app_pdm_convert.o
LOAD ../../DimmableLight/Build/app_zlo_light_node.o
LOAD ../../DimmableLight/Build/app_zcl_light_task.o
LOAD ../../DimmableLight/Build/app_manage_temperature.o
LOAD ../../DimmableLight/Build/app_light_interpolation.o
LOAD ../../DimmableLight/Build/app_reporting.o
LOAD ../../DimmableLight/Build/app_power_on_counter.o
LOAD ../../DimmableLight/Build/App_DimmableLight.o
LOAD ../../DimmableLight/Build/DriverBulb_DR1175.o
LOAD ../../DimmableLight/Build/DriverBulb_Shim.o
LOAD ../../DimmableLight/Build/app_buttons.o
LOAD ../../DimmableLight/Build/ZQueue.o
LOAD ../../DimmableLight/Build/ZTimer.o
LOAD ../../DimmableLight/Build/app_zps_link_keys.o
LOAD ../../DimmableLight/Build/Alarms.o
LOAD ../../DimmableLight/Build/AlarmsClientCommands.o
LOAD ../../DimmableLight/Build/AlarmsCommandHandler.o
LOAD ../../DimmableLight/Build/AlarmsServerCommands.o
LOAD ../../DimmableLight/Build/AlarmsTableManager.o
LOAD ../../DimmableLight/Build/AliIotSecurity.o
LOAD ../../DimmableLight/Build/AliIotSecurityCommandHandler.o
LOAD ../../DimmableLight/Build/AnalogInputBasic.o
LOAD ../../DimmableLight/Build/AnalogOutputBasic.o
LOAD ../../DimmableLight/Build/Basic.o
LOAD ../../DimmableLight/Build/BasicClientCommands.o
LOAD ../../DimmableLight/Build/BasicCommandHandler.o
LOAD ../../DimmableLight/Build/BinaryInputBasic.o
LOAD ../../DimmableLight/Build/BinaryOutputBasic.o
LOAD ../../DimmableLight/Build/DeviceTemperatureConfiguration.o
LOAD ../../DimmableLight/Build/Diagnostics.o
LOAD ../../DimmableLight/Build/Groups.o
LOAD ../../DimmableLight/Build/GroupsClientCommands.o
LOAD ../../DimmableLight/Build/GroupsCommandHandler.o
LOAD ../../DimmableLight/Build/GroupsServerCommands.o
LOAD ../../DimmableLight/Build/GroupsTableManager.o
LOAD ../../DimmableLight/Build/Identify.o
LOAD ../../DimmableLight/Build/IdentifyClientCommands.o
LOAD ../../DimmableLight/Build/IdentifyCommandHandler.o
LOAD ../../DimmableLight/Build/IdentifyServerCommands.o
LOAD ../../DimmableLight/Build/LevelControl.o
LOAD ../../DimmableLight/Build/LevelControlClientCommands.o
LOAD ../../DimmableLight/Build/LevelControlCommandHandler.o
LOAD ../../DimmableLight/Build/MultistateInputBasic.o
LOAD ../../DimmableLight/Build/MultistateOutputBasic.o
LOAD ../../DimmableLight/Build/OOSC.o
LOAD ../../DimmableLight/Build/OnOff.o
LOAD ../../DimmableLight/Build/OnOffCommandHandler.o
LOAD ../../DimmableLight/Build/OnOffCommands.o
LOAD ../../DimmableLight/Build/PollControl.o
LOAD ../../DimmableLight/Build/PollControlClientCommands.o
LOAD ../../DimmableLight/Build/PollControlCommandHandler.o
LOAD ../../DimmableLight/Build/PollControlServerCommands.o
LOAD ../../DimmableLight/Build/PowerConfiguration.o
LOAD ../../DimmableLight/Build/PowerProfile.o
LOAD ../../DimmableLight/Build/PowerProfileClientCommands.o
LOAD ../../DimmableLight/Build/PowerProfileCommandHandler.o
LOAD ../../DimmableLight/Build/PowerProfileServerCommands.o
LOAD ../../DimmableLight/Build/Scenes.o
LOAD ../../DimmableLight/Build/ScenesClientCommands.o
LOAD ../../DimmableLight/Build/ScenesClusterManagement.o
LOAD ../../DimmableLight/Build/ScenesCommandHandler.o
LOAD ../../DimmableLight/Build/ScenesServerCommands.o
LOAD ../../DimmableLight/Build/ScenesTableManager.o
LOAD ../../DimmableLight/Build/TC.o
LOAD ../../DimmableLight/Build/Time.o
LOAD ../../DimmableLight/Build/base_device.o
LOAD ../../DimmableLight/Build/mains_power_outlet.o
LOAD ../../DimmableLight/Build/on_off_output.o
LOAD ../../DimmableLight/Build/plug_control.o
LOAD ../../DimmableLight/Build/remote_control.o
LOAD ../../DimmableLight/Build/simple_sensor.o
LOAD ../../DimmableLight/Build/BallastConfiguration.o
LOAD ../../DimmableLight/Build/ColourControl.o
LOAD ../../DimmableLight/Build/ColourControlClientCommands.o
LOAD ../../DimmableLight/Build/ColourControlCommandHandler.o
LOAD ../../DimmableLight/Build/ColourControlConversions.o
LOAD ../../DimmableLight/Build/colour_controller.o
LOAD ../../DimmableLight/Build/colour_dimmable_light.o
LOAD ../../DimmableLight/Build/colour_dimmer_switch.o
LOAD ../../DimmableLight/Build/colour_scene_controller.o
LOAD ../../DimmableLight/Build/colour_temperature_light.o
LOAD ../../DimmableLight/Build/commission_endpoint.o
LOAD ../../DimmableLight/Build/control_bridge.o
LOAD ../../DimmableLight/Build/dimmable_ballast.o
LOAD ../../DimmableLight/Build/dimmable_light.o
LOAD ../../DimmableLight/Build/dimmable_plug.o
LOAD ../../DimmableLight/Build/dimmer_switch.o
LOAD ../../DimmableLight/Build/extended_colour_light.o
LOAD ../../DimmableLight/Build/light_level_sensor.o
LOAD ../../DimmableLight/Build/light_sensor.o
LOAD ../../DimmableLight/Build/non_colour_controller.o
LOAD ../../DimmableLight/Build/non_colour_scene_controller.o
LOAD ../../DimmableLight/Build/occupancy_sensor.o
LOAD ../../DimmableLight/Build/on_off_ballast.o
LOAD ../../DimmableLight/Build/on_off_light.o
LOAD ../../DimmableLight/Build/on_off_light_switch.o
LOAD ../../DimmableLight/Build/on_off_plug.o
LOAD ../../DimmableLight/Build/on_off_sensor.o
LOAD ../../DimmableLight/Build/Commissioning.o
LOAD ../../DimmableLight/Build/CommissioningClientCommands.o
LOAD ../../DimmableLight/Build/CommissioningCmdHandler.o
LOAD ../../DimmableLight/Build/CommissioningServerCommands.o
LOAD ../../DimmableLight/Build/zll_CommissionCmdHandler.o
LOAD ../../DimmableLight/Build/zll_UtilityCmdHandler.o
LOAD ../../DimmableLight/Build/zll_commission.o
LOAD ../../DimmableLight/Build/zll_utility.o
LOAD ../../DimmableLight/Build/dlist.o
LOAD ../../DimmableLight/Build/zcl.o
LOAD ../../DimmableLight/Build/zcl_CustomCommandReceive.o
LOAD ../../DimmableLight/Build/zcl_CustomCommandSend.o
LOAD ../../DimmableLight/Build/zcl_PDUbufferReadWrite.o
LOAD ../../DimmableLight/Build/zcl_PDUbufferReadWriteString.o
LOAD ../../DimmableLight/Build/zcl_WriteAttributesRequestHandle.o
LOAD ../../DimmableLight/Build/zcl_WriteAttributesRequestSend.o
LOAD ../../DimmableLight/Build/zcl_WriteAttributesResponseHandle.o
LOAD ../../DimmableLight/Build/zcl_attribute.o
LOAD ../../DimmableLight/Build/zcl_buffer.o
LOAD ../../DimmableLight/Build/zcl_clusterCommand.o
LOAD ../../DimmableLight/Build/zcl_command.o
LOAD ../../DimmableLight/Build/zcl_common.o
LOAD ../../DimmableLight/Build/zcl_configureReportingCommandHandle.o
LOAD ../../DimmableLight/Build/zcl_configureReportingCommandSend.o
LOAD ../../DimmableLight/Build/zcl_configureReportingResponseHandle.o
LOAD ../../DimmableLight/Build/zcl_defaultResponse.o
LOAD ../../DimmableLight/Build/zcl_discoverAttributesExtendedRequestHandle.o
LOAD ../../DimmableLight/Build/zcl_discoverAttributesExtendedRequestSend.o
LOAD ../../DimmableLight/Build/zcl_discoverAttributesExtendedResponseHandle.o
LOAD ../../DimmableLight/Build/zcl_discoverAttributesRequestHandle.o
LOAD ../../DimmableLight/Build/zcl_discoverAttributesRequestSend.o
LOAD ../../DimmableLight/Build/zcl_discoverAttributesResponseHandle.o
LOAD ../../DimmableLight/Build/zcl_discoverCommandsRequestHandle.o
LOAD ../../DimmableLight/Build/zcl_discoverCommandsRequestSend.o
LOAD ../../DimmableLight/Build/zcl_discoverCommandsResponseHandle.o
LOAD ../../DimmableLight/Build/zcl_event.o
LOAD ../../DimmableLight/Build/zcl_heap.o
LOAD ../../DimmableLight/Build/zcl_library_options.o
LOAD ../../DimmableLight/Build/zcl_readAttributesRequestHandle.o
LOAD ../../DimmableLight/Build/zcl_readAttributesRequestSend.o
LOAD ../../DimmableLight/Build/zcl_readAttributesResponseHandle.o
LOAD ../../DimmableLight/Build/zcl_readReportingConfigurationCommandHandle.o
LOAD ../../DimmableLight/Build/zcl_readReportingConfigurationCommandSend.o
LOAD ../../DimmableLight/Build/zcl_readReportingConfigurationResponseHandle.o
LOAD ../../DimmableLight/Build/zcl_reportManager.o
LOAD ../../DimmableLight/Build/zcl_reportMaths.o
LOAD ../../DimmableLight/Build/zcl_reportScheduler.o
LOAD ../../DimmableLight/Build/zcl_reportStringHandling.o
LOAD ../../DimmableLight/Build/zcl_reportStructure.o
LOAD ../../DimmableLight/Build/zcl_search.o
LOAD ../../DimmableLight/Build/zcl_timer.o
LOAD ../../DimmableLight/Build/zcl_transmit.o
LOAD ../../DimmableLight/Build/bdb_fr.o
LOAD ../../DimmableLight/Build/bdb_start.o
LOAD ../../DimmableLight/Build/bdb_state_machine.o
LOAD ../../DimmableLight/Build/appZpsBeaconHandler.o
LOAD ../../DimmableLight/Build/appZdpExtraction.o
LOAD ../../DimmableLight/Build/bdb_ns.o
LOAD ../../DimmableLight/Build/bdb_tl_router_target.o
LOAD ../../DimmableLight/Build/bdb_tl_common.o
LOAD ../../DimmableLight/Build/ecb_decrypt.o
LOAD ../../DimmableLight/Build/bdb_fb_common.o
LOAD ../../DimmableLight/Build/bdb_fb_target.o
LOAD ../../../../sdk/JN-SW-4170/Components/Library\libZPSMAC_Mini_SOC_JN516x.a
LOAD ../../../../sdk/JN-SW-4170/Components/Library\libPWRM_JN516x.a
LOAD ../../../../sdk/JN-SW-4170/Components/Library\libZPSTSV_JN516x.a
LOAD ../../../../sdk/JN-SW-4170/Components/Library\libAES_SW_JN516x.a
LOAD ../../../../sdk/JN-SW-4170/Components/Library\libPDUM_JN516x.a
LOAD ../../../../sdk/JN-SW-4170/Components/Library\libZPSAPL_JN516x.a
LOAD ../../../../sdk/JN-SW-4170/Components/Library\libRandom_JN516x.a
LOAD ../../../../sdk/JN-SW-4170/Components/Library\libPDM_EEPROM_NO_RTOS_JN516x.a
LOAD ../../../../sdk/JN-SW-4170/Components/Library\libDBG_JN516x.a
LOAD ../../../../sdk/JN-SW-4170/Components/Library\libZPSIPAN_JN516x.a
LOAD ../../../../sdk/JN-SW-4170/Components/Library\libZPSNWK_JN516x.a
LOAD ../../../../sdk/JN-SW-4170/Components/Library\libRecal_JN516x.a
LOAD ../../../../sdk/JN-SW-4170/Components/Library\libMiniMac_JN5169.a
LOAD ../../../../sdk/JN-SW-4170/Components/Library\libMiniMacShim_JN516x.a
LOAD ../../../../sdk/JN-SW-4170/Components/Library\libMMAC_JN5169.a
LOAD ../../../../sdk/JN-SW-4170/Components/Library\libJPT_JN5169.a
LOAD ../../../../sdk/JN-SW-4170/Components/Library\libAes_JN516x.a
LOAD ../../../../sdk/JN-SW-4170/Components/Library\libHardwareApi_JN5169.a
LOAD ../../../../sdk/JN-SW-4170/Components/Library\libMicroSpecific_JN516x.a
LOAD ../../../../sdk/JN-SW-4170/Components/Library\libBoot_JN516x.a
LOAD ../../../../sdk/JN-SW-4170/Platform/DK4/Library\libBoardLib_JN516x.a
LOAD ../../../../sdk/JN-SW-4170/Components/Library\libJPT_JN5169.a
LOAD c:/nxp/bstudio_nxp/sdk/tools/ba-elf-ba2-r36379/bin/../lib/gcc/ba-elf/4.7.4/../../../../ba-elf/lib/mcpu_jn51xx_sizeopt\libm.a
END GROUP
LOAD c:/nxp/bstudio_nxp/sdk/tools/ba-elf-ba2-r36379/bin/../lib/gcc/ba-elf/4.7.4/../../../../ba-elf/lib/mcpu_jn51xx_sizeopt\libc.a
LOAD c:/nxp/bstudio_nxp/sdk/tools/ba-elf-ba2-r36379/bin/../lib/gcc/ba-elf/4.7.4/mcpu_jn51xx_sizeopt\libgcc.a
LOAD c:/nxp/bstudio_nxp/sdk/tools/ba-elf-ba2-r36379/bin/../lib/gcc/ba-elf/4.7.4/../../../../ba-elf/lib/mcpu_jn51xx_sizeopt\libc.a
                0x0000000000080038                exception_vsr_table = 0x80038
                0x0000000004000000                pSPIflashFncTable = 0x4000000
                0x0000000000000044                restore_state = 0x44
                0x000000000000004a                bZSPIWaitWIPClear = 0x4a
                0x0000000000000050                u16ZSPIflashRDID = 0x50
                0x0000000000000056                u8SelectFlashChipType = 0x56
                0x000000000000005c                memcpy = 0x5c
                0x0000000000000066                vBootFlashProg = 0x66
                [0x00000000000007d0]                __minimum_heap_size = DEFINED (__minimum_heap_size)?__minimum_heap_size:0xd16
                [0x0000000000001388]                __stack_size = DEFINED (__stack_size)?__stack_size:0x800
                0x0000000000000000                _SwConfig = (DEFINED (g_bSWConf_Debug) | (DEFINED (g_bSWConf_AltDebugPort) << 0x1))

.version        0x000000000007fffc        0x4
                0x000000000007fffc        0x4 LONG 0xf03000b

.bir            0x0000000000080000       0x10
                0x0000000000080000                _flash_start = ABSOLUTE (.)
                0x0000000000080000                _flash_beg = ABSOLUTE (.)
                0x0000000000080000        0x4 LONG 0x12345678
                0x0000000000080004        0x4 LONG 0x11223344
                0x0000000000080008        0x4 LONG 0x55667788
                0x000000000008000c        0x1 BYTE 0x8
                0x000000000008000d        0x1 BYTE 0x1
                0x000000000008000e        0x2 SHORT 0x0

.flashheader    0x0000000000080010       0x28
                0x0000000000080010        0x4 LONG 0x0
                0x0000000000080014        0x4 LONG 0x0
                0x0000000000080018        0x4 LONG 0x0
                0x000000000008001c        0x2 SHORT 0x0
                0x000000000008001e        0x2 SHORT 0x0 ABSOLUTE (_SwConfig)
                0x0000000000080020                _enc_start = ABSOLUTE (.)
                0x0000000000080020        0x4 LONG 0x2a3dc ABSOLUTE (_image_len)
                0x0000000000080024        0x4 LONG 0xa9dbc ABSOLUTE (_flash_data_start)
                0x0000000000080028        0x2 SHORT 0x13 ((ABSOLUTE (_ram_data_start) / 0x4) & 0xffff)
                0x000000000008002a        0x2 SHORT 0x188 ((ABSOLUTE (_ram_data_len) / 0x4) & 0xffff)
                0x000000000008002c        0x2 SHORT 0x19b ((ABSOLUTE (_bss_start) / 0x4) & 0xffff)
                0x000000000008002e        0x2 SHORT 0x118d ((ABSOLUTE (_bss_len) / 0x4) & 0xffff)
                0x0000000000080030        0x4 LONG 0xa9173 ABSOLUTE (AppWarmStart)
                0x0000000000080034        0x4 LONG 0x816fc ABSOLUTE (AppColdStart)
                0x0000000000000000                _enc_offset = (_enc_start & 0xf)

.ro_mac_address
                0x0000000000080040        0x0
                0x0000000000080040                _FlsMACAddress = ABSOLUTE (.)
 *(.ro_mac_address)
                0x0000000000080040                . = ALIGN (0x10)

.ro_ota_header  0x0000000000080040        0x0
                0x0000000000080040                _FlsOtaHeader = ABSOLUTE (.)
 *(.ro_ota_header)
                0x0000000000080040                . = ALIGN (0x10)

.ro_se_lnkKey   0x0000000000080040        0x0
                0x0000000000080040                _FlsLinkKey = ABSOLUTE (.)
 *(.ro_se_lnkKey)
                0x0000000000080040                . = ALIGN (0x10)

.rodata         0x0000000000080038     0x15a2
 *(.rodata*)
 .rodata.str1.1
                0x0000000000080038       0xa6 C:\Users\nxf47740\AppData\Local\Temp\1\ccBCs0GI.ltrans0.ltrans.o
 *fill*         0x00000000000800de        0x2 00
 .rodata        0x00000000000800e0      0x42c C:\Users\nxf47740\AppData\Local\Temp\1\ccBCs0GI.ltrans0.ltrans.o
                0x00000000000800e0                g_u32ApsFcSaveCountBitShift
                0x00000000000800e4                u8MaxZpsConfigEp
                0x00000000000800e5                au8EpMapPresent
                0x00000000000800e8                s_groupPdmTable
                0x00000000000800f0                psAplDefaultDistributedAPSLinkKey
                0x00000000000800f4                zps_g_pvApl
                0x00000000000800f8                pwrm_psWakeupCallbacks
 .rodata        0x000000000008050c       0x40 C:\Users\nxf47740\AppData\Local\Temp\1\ccBCs0GI.ltrans1.ltrans.o
 .rodata.str1.1
                0x0000000000000000       0xa6 C:\Users\nxf47740\AppData\Local\Temp\1\ccBCs0GI.ltrans1.ltrans.o
                                          0x8 (size before relaxing)
 .rodata.str1.1
                0x000000000008054c        0x5 C:\Users\nxf47740\AppData\Local\Temp\1\ccBCs0GI.ltrans2.ltrans.o
                                          0xb (size before relaxing)
 .rodata        0x0000000000080551        0x8 C:\Users\nxf47740\AppData\Local\Temp\1\ccBCs0GI.ltrans2.ltrans.o
 *fill*         0x0000000000080559        0x3 00
 .rodata        0x000000000008055c       0x7c C:\Users\nxf47740\AppData\Local\Temp\1\ccBCs0GI.ltrans3.ltrans.o
 .rodata.str1.1
                0x0000000000000000        0x5 C:\Users\nxf47740\AppData\Local\Temp\1\ccBCs0GI.ltrans4.ltrans.o
                                          0x3 (size before relaxing)
 .rodata.str1.1
                0x00000000000805d8      0x342 C:\Users\nxf47740\AppData\Local\Temp\1\ccBCs0GI.ltrans5.ltrans.o
                                        0x357 (size before relaxing)
 *fill*         0x000000000008091a        0x2 00
 .rodata        0x000000000008091c      0x1d4 C:\Users\nxf47740\AppData\Local\Temp\1\ccBCs0GI.ltrans5.ltrans.o
                0x000000000008091c                au32UartAddrOffset
                0x0000000000080924                zps_pacNwkFrmStdByteFmt
                0x0000000000080928                zps_pacNwkFrmStdLongFmt
                0x000000000008092c                zps_pacNwkFrmStdHalfFmt
 .rodata.str1.1
                0x0000000000080af0       0x11 C:\Users\nxf47740\AppData\Local\Temp\1\ccBCs0GI.ltrans6.ltrans.o
                                         0x27 (size before relaxing)
 .rodata.str1.1
                0x0000000000080b01        0x6 C:\Users\nxf47740\AppData\Local\Temp\1\ccBCs0GI.ltrans7.ltrans.o
                                          0xa (size before relaxing)
 *fill*         0x0000000000080b07        0x1 00
 .rodata        0x0000000000080b08       0x18 C:\Users\nxf47740\AppData\Local\Temp\1\ccBCs0GI.ltrans7.ltrans.o
                0x0000000000080b08                au32NwkPdmRecordOffsets
 .rodata.str1.1
                0x0000000000000000        0x2 C:\Users\nxf47740\AppData\Local\Temp\1\ccBCs0GI.ltrans8.ltrans.o
 .rodata        0x0000000000080b20        0xc C:\Users\nxf47740\AppData\Local\Temp\1\ccBCs0GI.ltrans9.ltrans.o
 .rodata.str1.1
                0x0000000000000000        0x6 C:\Users\nxf47740\AppData\Local\Temp\1\ccBCs0GI.ltrans9.ltrans.o
                                          0x4 (size before relaxing)
 .rodata.str1.1
                0x0000000000080b2c       0xb5 C:\Users\nxf47740\AppData\Local\Temp\1\ccBCs0GI.ltrans11.ltrans.o
                                         0xc0 (size before relaxing)
 .rodata.str1.1
                0x0000000000000000        0x7 C:\Users\nxf47740\AppData\Local\Temp\1\ccBCs0GI.ltrans12.ltrans.o
 *fill*         0x0000000000080be1        0x3 00
 .rodata        0x0000000000080be4       0x5c C:\Users\nxf47740\AppData\Local\Temp\1\ccBCs0GI.ltrans12.ltrans.o
                0x0000000000080be4                g_u32NwkFcSaveCountBitShift
 .rodata.str1.1
                0x0000000000000000       0xb5 C:\Users\nxf47740\AppData\Local\Temp\1\ccBCs0GI.ltrans14.ltrans.o
                                          0x8 (size before relaxing)
 .rodata        0x0000000000080c40       0x18 C:\Users\nxf47740\AppData\Local\Temp\1\ccBCs0GI.ltrans14.ltrans.o
                0x0000000000080c40                s_aprIdleStHandleCme.229606
                0x0000000000080c54                bDisableSourceRouting
 .rodata.str1.1
                0x0000000000000000       0xb5 C:\Users\nxf47740\AppData\Local\Temp\1\ccBCs0GI.ltrans15.ltrans.o
                                          0x8 (size before relaxing)
 .rodata        0x0000000000080c58       0x21 C:\Users\nxf47740\AppData\Local\Temp\1\ccBCs0GI.ltrans15.ltrans.o
                0x0000000000080c78                u8MacNwkTriesTimeout
 .rodata.str1.1
                0x0000000000080c79       0x20 C:\Users\nxf47740\AppData\Local\Temp\1\ccBCs0GI.ltrans16.ltrans.o
                                         0x30 (size before relaxing)
 .rodata.str1.1
                0x0000000000000000       0x20 C:\Users\nxf47740\AppData\Local\Temp\1\ccBCs0GI.ltrans17.ltrans.o
                                          0x6 (size before relaxing)
 .rodata.str1.1
                0x0000000000080c99        0xa C:\Users\nxf47740\AppData\Local\Temp\1\ccBCs0GI.ltrans18.ltrans.o
 *fill*         0x0000000000080ca3        0x1 00
 .rodata        0x0000000000080ca4      0x218 C:\Users\nxf47740\AppData\Local\Temp\1\ccBCs0GI.ltrans18.ltrans.o
                0x0000000000080ca4                s_aprActvStHandleCme.225508
                0x0000000000080cd0                CSWTCH.19.84770.84770
                0x0000000000080cf0                CSWTCH.22.84771.84771
                0x0000000000080d10                CSWTCH.16.84769.84769
                0x0000000000080d30                au32EndDeviceTimeoutConstants
 .rodata.str1.1
                0x0000000000080ebc       0x16 C:\Users\nxf47740\AppData\Local\Temp\1\ccBCs0GI.ltrans19.ltrans.o
                                         0x1c (size before relaxing)
 *fill*         0x0000000000080ed2        0x2 00
 .rodata        0x0000000000080ed4      0x398 C:\Users\nxf47740\AppData\Local\Temp\1\ccBCs0GI.ltrans20.ltrans.o
                0x00000000000810d8                gu32ZCLVersion
                0x00000000000810dc                ZPS_g_u32MacVersion
                0x00000000000810e0                PDUM_g_u32Version
                0x00000000000810e4                ZPS_g_u32TsvVersion
 .rodata.str1.1
                0x000000000008126c       0x72 C:\Users\nxf47740\AppData\Local\Temp\1\ccBCs0GI.ltrans20.ltrans.o
 .rodata.str1.1
                0x00000000000812de        0x8 C:\Users\nxf47740\AppData\Local\Temp\1\ccBCs0GI.ltrans22.ltrans.o
                                         0x34 (size before relaxing)
 .rodata.str1.1
                0x00000000000812e6       0x34 C:\Users\nxf47740\AppData\Local\Temp\1\ccBCs0GI.ltrans23.ltrans.o
                                         0x3c (size before relaxing)
 .rodata        0x000000000008131a       0xff C:\Users\nxf47740\AppData\Local\Temp\1\ccBCs0GI.ltrans23.ltrans.o
 .rodata.str1.1
                0x0000000000081419       0x1d C:\Users\nxf47740\AppData\Local\Temp\1\ccBCs0GI.ltrans24.ltrans.o
                                         0x59 (size before relaxing)
 .rodata.str1.1
                0x0000000000081436       0x25 C:\Users\nxf47740\AppData\Local\Temp\1\ccBCs0GI.ltrans27.ltrans.o
                                         0x28 (size before relaxing)
 .rodata.str1.1
                0x0000000000000000        0x6 C:\Users\nxf47740\AppData\Local\Temp\1\ccBCs0GI.ltrans28.ltrans.o
 .rodata.str1.1
                0x000000000008145b       0xce C:\Users\nxf47740\AppData\Local\Temp\1\ccBCs0GI.ltrans29.ltrans.o
 .rodata.str1.1
                0x0000000000081529       0xb1 C:\Users\nxf47740\AppData\Local\Temp\1\ccBCs0GI.ltrans30.ltrans.o

.text           0x00000000000815dc    0x287de
 *(.text*)
 .text          0x00000000000815dc       0x50 ../../DimmableLight/Build/irq_JN516x.o
                0x00000000000815dc                PIC_ChannelPriorities
                0x00000000000815ec                PIC_SwVectTable
 .text          0x000000000008162c       0xd0 ../../DimmableLight/Build/portasm_JN516x.o
                0x000000000008162c                OSMIUM_HwVectTable
                0x0000000000081668                vExternalException
 .text          0x00000000000816fc     0x20f8 C:\Users\nxf47740\AppData\Local\Temp\1\ccBCs0GI.ltrans0.ltrans.o
                0x00000000000816fc                AppColdStart
 .text          0x00000000000837f4     0x1ca0 C:\Users\nxf47740\AppData\Local\Temp\1\ccBCs0GI.ltrans1.ltrans.o
                0x0000000000083865                DBG_iUartGetChar
                0x00000000000838b5                vMMAC_IntHandlerBbc
                0x00000000000838cf                eBasicTxCompleteHandler
                0x00000000000838d4                vTxRxTimeout.236997
                0x0000000000083931                vMacMlmeCallBackHandler.82801
                0x0000000000083c08                APP_cbTimerRadioRecal
                0x0000000000083c94                zps_eNwkHandleSmePollDcfm
                0x0000000000083cbe                ZPS_eTsvOpen
                0x0000000000083cdb                zps_vNwkBttMgrInit
                0x0000000000083d09                ZPS_u8GrabMutexLock.constprop.243
                0x0000000000083d4c                ZPS_u8ReleaseMutexLock.constprop.242
                0x0000000000083d77                vEnableReceive.236999
                0x0000000000083db0                psGetTxFrameBuffer
                0x0000000000083dec                vMicroIntEnableOnly.constprop.239
                0x0000000000083e18                PDM_vEnterCriticalSection
                0x0000000000083e46                vMiniMac_MLME_SetReq_PanId
                0x0000000000083e83                vMiniMac_MLME_SetReq_ShortAddr
                0x0000000000083e91                zps_eNwkRtDiscMatch.constprop.193
                0x0000000000083ee4                bAHI_FullFlashRead.constprop.186
                0x0000000000083f9f                zps_bAreCredPresent
                0x000000000008407f                ZPS_u8MacPibGetBeaconPayload.constprop.179
                0x000000000008409b                vStartTimer.part.0.238885.constprop.166
                0x00000000000840c2                bWhite_LED_Off
                0x00000000000840d6                pvZCL_HeapAlloc.part.0.66187.constprop.157
                0x0000000000084110                BDB_eFbTriggerAsTarget
                0x0000000000084214                ZTIMER_eOpen.constprop.125
                0x0000000000084256                PDUM_vInit
                0x00000000000842ff                vZCL_InitializeClusterInstance.constprop.76
                0x0000000000084310                eCLD_OnOffSetGlobalSceneControl.constprop.31
                0x0000000000084336                zps_bAplZdoServerHandleConfirmAcks.constprop.8
                0x0000000000084380                ZPS_eTsvStop
                0x00000000000843bf                zps_vAplApsStopPollTimer.part.2.92385
                0x0000000000084446                ZPS_vDefaultApsdeResources
                0x00000000000844b4                ZPS_vResetBoundServerContext
                0x00000000000844b7                eEdTimeoutRequestDataDcfm.216638
                0x00000000000844d8                ZPS_u8GetChannelOffset
                0x000000000008450a                pvHeap_Alloc
                0x000000000008450d                zps_eSocMacSetTxBuffers.constprop.50
                0x0000000000084548                vMicroIntRestoreState
                0x0000000000084554                TSV_eStart
                0x00000000000845a4                ZPS_eTsvStart
                0x00000000000845e1                zps_eAplZdoBdrmRequestSend
                0x000000000008465c                vProcessTimedList.217705
                0x00000000000846a2                zps_vNwkMcpsMgrPostTimed
                0x00000000000846b5                zps_vAplAfPostTimerEvent
                0x0000000000084754                zps_vExpireOldRoutes
                0x00000000000847dd                zps_eNwkBtrMatch
                0x00000000000848da                PDM_vExitCriticalSection
                0x00000000000848fd                bAHI_WriteEEPROMfixSegmentData
                0x000000000008495b                bAHI_InitialiseEEPROM
                0x00000000000849a3                vAHI_ReadDataFromEEPROMregister
                0x00000000000849d0                vAHI_WriteDataIntoEEPROMregister
                0x0000000000084a00                iAHI_WriteDataIntoEEPROMsegment.constprop.226
                0x0000000000084a4e                iPDM_WriteSegmentHeaderDataIntoEEPROMsegment
                0x0000000000084a7d                u8AHI_WakeTimerFiredStatus
                0x0000000000084a91                vAHI_WakeTimerStop.part.3.239362
                0x0000000000084ab1                vAHI_UartReset.part.4.239116
                0x0000000000084ae9                vAHI_ClockXtalPull
                0x0000000000084b06                vAHI_OptimiseWaitStates
                0x0000000000084b52                bAHI_GetClkSource
                0x0000000000084b5f                bAHI_SetClockRate.part.0.238786.constprop.148
                0x0000000000084bda                vAHI_SwReset
                0x0000000000084c0b                vAHI_DioSetOutput
                0x0000000000084c1f                TurnOnGreen
                0x0000000000084c2d                TurnOnRed
                0x0000000000084c3b                TurnOffGreen
                0x0000000000084c45                APP_cbBlinkGreen
                0x0000000000084cd6                TurnOffRed
                0x0000000000084ce0                APP_cbBlinkRed
                0x0000000000084d2e                vAHI_DioSetDirection
                0x0000000000084d42                bIssueACIcommand
                0x0000000000084dd8                vACI_CmdWaitBusy
                0x0000000000084de5                bACI_ECBencodeBuffer.part.0.238447.constprop.209
                0x0000000000084e9c                vACI_OptimisedCcmStar.constprop.196
                0x0000000000085088                i16JPT_ConvertEnergyTodBm
                0x000000000008509a                MAC_u64GetExtAddr
                0x00000000000850b5                ZPS_u64NwkNibFindExtAddr
                0x000000000008515b                eAppApiDefPlmeGet.part.0.237260
                0x000000000008516a                psSearchForFrameToSend
                0x00000000000851c2                eMiniMac_FrameInProgress
                0x00000000000851ed                vRemoveFromTxQueue
                0x0000000000085229                vAddToTxQueue
                0x000000000008525f                u8GetHeaderSize
                0x0000000000085287                vMiniMac_PLME_SetReq_CcaMode
                0x000000000008529b                vMiniMac_MLME_SetReq_MaxCsmaBackoffs
                0x00000000000852bb                vMiniMac_MLME_SetReq_MaxBe
                0x00000000000852de                vMiniMac_MLME_SetReq_MinBe
                0x0000000000085301                zps_vSendJoinInd
                0x0000000000085370                zps_psFormatCmdFrameGeneral
                0x000000000008541c                zps_eNwkFormStInit
                0x0000000000085449                vSendDcfm.228147
                0x000000000008546e                bCheckMatchingEntry.227596
 .text.unlikely
                0x0000000000085494       0x43 C:\Users\nxf47740\AppData\Local\Temp\1\ccBCs0GI.ltrans1.ltrans.o
                0x0000000000085494                vAHI_MemoryHold.238794
 .text          0x00000000000854d7     0x188d C:\Users\nxf47740\AppData\Local\Temp\1\ccBCs0GI.ltrans2.ltrans.o
                0x00000000000854d7                zps_eNwkHandleSceNwkUpdate
                0x00000000000854fb                zps_bAplZdoNodeDescServer
                0x000000000008566d                zps_bAplZdoPowerDescServer
                0x0000000000085791                zps_bAplZdoActiveEpServer
                0x000000000008587a                zps_bAplZdoSystemServerDiscoveryServer
                0x0000000000085906                vPostVsMcpsDcfmInd.108748
                0x0000000000085959                vZdoServersInit.3322
                0x0000000000085ae2                zps_bAplZdoSimpleDescServer
                0x0000000000085d30                vPostMlmeDcfmInd.108734
                0x0000000000085ddf                u16ZCL_APduInstanceReadStringNBO
                0x0000000000085eb3                eZCL_GetAttributeTypeSizeFromBuffer
                0x0000000000085f2a                zps_u8AplApsConstructAndPostLoopBackDataInd.92499
                0x0000000000086063                u8PostUnicastMsgToNHLE.92507
                0x000000000008609c                u16ZCL_GetTxPayloadSize
                0x00000000000860d4                iPDM_ReadSegmentHeaderDataFromEEPROMsegment
                0x000000000008612d                u8ZdoBindUnbindServerUnpackApdu
                0x000000000008617c                u16ZCL_ReadTypeNBO
                0x0000000000086231                zps_vNwkMcpsMgrInit
                0x00000000000862d3                psGetAndBuildCoordRealignment
                0x000000000008632b                ZPS_vNwkNibClearTables
                0x0000000000086456                eCLD_ScenesSetLastConfiguredBy.isra.2.24131
                0x000000000008648d                ZPS_u16NwkNibFindNwkAddr
                0x000000000008652e                zps_vSendJoinDcfm
                0x0000000000086574                vGiveUp.230935
                0x00000000000865ac                ZPS_bIsMacAddressUsedInApsTable
                0x000000000008667d                eCLD_GroupsCheckGroupExists
                0x00000000000866ea                ZPS_vGetDeviceCurrentData.constprop.14
                0x0000000000086769                u8PDM_CalculateLargestDataRecordStored
                0x000000000008679a                iPDM_FilterDuplicateAppendedSegmentsOnList.210580
                0x00000000000867e1                ZPS_u8MacIFTGetChannelMaskCount
                0x0000000000086821                ZPS_u8MacIFTGetIntfState
                0x000000000008683e                zps_vNwkHandleCmeGetInterface
                0x000000000008698a                u32GetScanChannels.isra.3.99669
                0x00000000000869bf                ZPS_vMacIFTGetChannelMaskFromMacId
                0x0000000000086a41                eCLD_ScenesFindActiveScene
                0x0000000000086a5e                eCLD_ScenesUpdate
                0x0000000000086d1f                vNwkMcpsSendTimedDfcm
 *fill*         0x0000000000086d64        0x0 00
 .text          0x0000000000086d64     0x1a1c C:\Users\nxf47740\AppData\Local\Temp\1\ccBCs0GI.ltrans3.ltrans.o
                0x0000000000086d64                DBG_vUartPutch
                0x0000000000086daa                DBG_vUartFlush
                0x0000000000086dd7                vPermitJoinHandleExpiry.221241
                0x0000000000086de0                vCLD_IdentifyTimerClickCallback.16192
                0x0000000000086e6c                zps_vNwkHandleCmePermitJoinReq
                0x0000000000086f77                boIdValueSearchMatch.209514
                0x0000000000086fd1                vMiniMac_ReturnTxBufferCallback
                0x0000000000086ffd                vMMAC_RadioToOffAndWait
                0x000000000008701a                vStartReceive
                0x0000000000087319                vMiniMac_NextTransaction
                0x0000000000087383                eTransmit
                0x0000000000087451                eBuildAndSend.236650
                0x00000000000874c6                ZPS_vMacPibSetRxOnWhenIdle
                0x000000000008750b                vMiniMac_TxComplete
                0x00000000000875fc                vTimerFired
                0x00000000000876d1                vMiniMac_Init
                0x0000000000087a95                vMiniMac_PLME_SetReq_Power
                0x0000000000087aaa                vMiniMac_PLME_SetReq_Channel
                0x0000000000087ab3                eCLD_ScenesSaveClusters.constprop.33
                0x0000000000087c55                vCLD_ScenesUpdateSceneValid
                0x0000000000087cd2                eCLD_OnOffSceneEventHandler.19272
                0x0000000000087d6d                eCLD_LevelControlUpdate
                0x0000000000087fe5                eCLD_LevelControlStopTransition
                0x0000000000088018                eCLD_LevelControlSetOnOffState
                0x0000000000088183                ZPS_vMacPibSetBeaconPayload.constprop.216
                0x00000000000881b8                zps_vInitBeaconPayload
                0x0000000000088213                PWRM_vWakeInterruptCallback
                0x000000000008829a                iPDM_ReadUserDataFromEEPROMsegment
                0x0000000000088314                iPDM_ReCalculateWearCountAndChecksumAndWriteFileSystemHeader
                0x000000000008835e                vPDM_SetEEPROMandFileSystemValidState
                0x0000000000088385                iPDM_ReadUserDataFromFileSystemRecord
                0x00000000000883a5                iPDM_CompareDataInFileRecords.209774
                0x00000000000883e1                vPDM_WriteFileSystemRecordAndSegmentDataIntoEEPROMsegment
                0x000000000008841c                u16ZCL_APduInstanceWriteNBO
                0x0000000000088470                u16ZCL_WriteCommandHeader
                0x00000000000884e8                u16ZCL_APduInstanceReadNBO
                0x0000000000088539                u16ZCL_ReadCommandHeader.part.0.57750
                0x00000000000885b0                eZCL_CustomCommandReceiveScenes.isra.0.part.1.24115.constprop.27
                0x00000000000886a4                u16ZCL_APduInstanceWriteStringNBO.part.0.54750
 .text          0x0000000000088780     0x20eb C:\Users\nxf47740\AppData\Local\Temp\1\ccBCs0GI.ltrans4.ltrans.o
                0x0000000000088780                eSmeUDNTScanDcfm.226844
                0x000000000008879c                vNwkMcpsTimerCallback
                0x00000000000887b6                zps_eSceGenlIllegal
                0x00000000000887bd                zps_eSmeGenlIllegal
                0x00000000000887c4                DBG_vUartFailedAssert
                0x00000000000887c8                zps_bAplZdoBindRequestServer
                0x0000000000088900                vPostMcpsDcfmInd.108741
                0x0000000000088903                psGetVsMcpsBuf.108745
                0x000000000008890c                psGetMlmeBuf.108731
                0x0000000000088915                psGetMcpsBuf.108738
                0x000000000008891e                zps_vExpireRequestKeyReq.99592
                0x0000000000088998                psGetNlmeBuf.89875
                0x00000000000889a1                psGetNldeBuf.89896
                0x00000000000889aa                psGetApsmeBuf.89882
                0x00000000000889b0                psGetApsdeBuf.89889
                0x00000000000889b6                ZPS_vInterceptMcpsDataCallback
                0x0000000000088a18                vLoopbackTimerCallback
                0x0000000000088a47                zps_psNwkSlistRemoveFromHead
                0x0000000000088a5e                zps_psNwkSlistRemove
                0x0000000000088a96                zps_bNwkMcpsMgrRemoveDescrFromLists
                0x0000000000088ad4                zps_vNwkSlistAddToTail
                0x0000000000088aee                zps_vNwkMcpsMgrFreeReqDescr
                0x0000000000088b23                zps_vNwkRemoveConflictedBroadcast
                0x0000000000088b78                ZPS_bNwkSecHaveNetworkKey
                0x0000000000088bac                ZPS_bNwkSecFindMatSet
                0x0000000000088be8                zps_eNwkRctMatchNwkAddr
                0x0000000000088c52                ZPS_u8NwkCalcNldeReqOverhead
                0x0000000000088c8d                zps_vRemoveNextHop
                0x0000000000088d42                zps_vRemoveRoute
                0x0000000000088dd9                zps_psNwkRtMatchNwkAddr
                0x0000000000088e4f                zps_vNwkFreeMcpsHandle
                0x0000000000088e79                zps_u8NwkAllocateMcpsHandle
                0x0000000000088eca                zps_psNwkMcpsMgrFindPendingByNwkDstAddr
                0x0000000000088ee0                ZPS_u64NwkNibGetMappedIeeeAddr
                0x0000000000088f10                ZPS_vNwkSecResetDevice
                0x0000000000088f58                ZPS_bNwkNibNtActvMatch
                0x000000000008900a                bCheckNwkAddr
                0x0000000000089053                bIsBindTableMatch.94076
                0x00000000000890bb                eRemoveEntryInBindingTable.94080
                0x000000000008913f                zps_eAplTrustCenterFindDevice
                0x0000000000089183                ZPS_vSetExtendedStatus
                0x0000000000089195                zps_eNwkRtMatch
                0x00000000000892a2                eAllocateNPDU.85032
                0x0000000000089305                PDUM_eNPduClone
                0x0000000000089351                PDUM_hAPduAllocateAPduInstance
                0x00000000000893ab                hZCL_AllocateAPduInstance
                0x00000000000893e7                zps_eAplZdoSendZdpResponse
                0x0000000000089430                zps_bAplZdoMgmtLqiServer
                0x0000000000089665                zps_bAplZdoMgmtRtgServer
                0x00000000000897a5                bSendResponse.128124
                0x00000000000897e8                zps_psApsApsAllocateDcfmRecord
                0x0000000000089856                zps_u8CalcLinkCost
                0x0000000000089892                ZPS_u8NwkNibNtDiscMatch
                0x0000000000089976                zps_u8NwkLibChannelLow
                0x0000000000089985                zps_u64NwkLibFromPayload
                0x00000000000899c4                psAddToDiscNt.227392
                0x0000000000089b60                eSmeUDNTBeaconInd.227399
                0x0000000000089b85                zps_vNwkLibU64ToPayload
                0x0000000000089bb2                zps_eNwkDcfmIndPost
                0x0000000000089bd4                zps_psNwkDcfmIndGetBuf
                0x0000000000089bf6                eSmeEdScScanDcfm.227403
                0x0000000000089c3f                eSmeGenlScanDcfm.227407
                0x0000000000089c9d                zps_eNwkHandleSmeDutyCycleInd
                0x0000000000089cc5                eRouteRequestDataDcfm.222463
                0x0000000000089d19                eNldeDataDcfm.220181
                0x0000000000089d49                zps_vSendNwkStatusInd
                0x0000000000089d79                eLeaveDataDcfmRemoteLeave.213689
                0x0000000000089dd4                DBG_vInit
                0x0000000000089e16                psSLISTsearch
                0x0000000000089e56                psSLISTremove
                0x0000000000089ed4                psSLISTgetNext
                0x0000000000089ef8                iSLISTnumberOfNodes
                0x0000000000089f0f                u8PDM_CalculateFileSystemCapacity
                0x0000000000089f24                u8PDM_ReadSequenceNumber
                0x0000000000089f47                boSegmentNumberDeleteSearchMatch.209961
                0x0000000000089f62                u8PDM_ReadSegmentDataSize
                0x0000000000089f76                u32PDM_ReadFileSystemHeaderWearCount
                0x0000000000089f8c                boSearchForWearCountSubstitute.210281
                0x0000000000089fb2                boSearchForWearCountInsertPoint.209510
                0x0000000000089fd0                vPDM_WriteFileSystemHeaderWearCount
                0x0000000000089fe2                vPDM_ReadBitmapHeader.208421
                0x000000000008a001                RND_u32GetRand256
                0x000000000008a01e                RND_u32GetRand
                0x000000000008a045                u16CalculateFailedTxCount
                0x000000000008a075                vZdoIeeeAddrServerSendExtendResponse.part.0.112832
                0x000000000008a0d9                vZdoNwkAddrServerSendExtendResponse.part.0.111566
                0x000000000008a13d                zps_bPerformLeaveActionDecider
                0x000000000008a142                vHandleUpdateDeviceIndication.99624
                0x000000000008a16c                zps_vByteCopy.part.2.95764
                0x000000000008a188                zps_vByteCopy
                0x000000000008a1a0                bDuplicateCheck.95572
                0x000000000008a2ad                zps_vAplApsInitDuplicateTable
                0x000000000008a2d0                zps_vInitAPSMECmdHdr
                0x000000000008a309                eHandleRemoveNonBroadcastEndpointsFromGroup.94056
                0x000000000008a381                eHandleAddEntryToGroupTable.94043
                0x000000000008a3dd                zps_vAplApsInitFragTransmitPool
                0x000000000008a3fe                zps_vAplApsFillAndPostApsAck
                0x000000000008a468                zps_u8AplApsFreeMsgHandle
                0x000000000008a4d2                zps_vAplApsInitSyncMsgPool
                0x000000000008a50a                zps_vAplApsInitFragReceivePool
                0x000000000008a52d                vFillDataIndStruct.89553
                0x000000000008a58b                vFillApduErrorEvent.89546
                0x000000000008a5ce                bCheckProfile.89541
                0x000000000008a615                ZPS_bIsGroupPresent
                0x000000000008a64d                PDUM_u16APduInstanceWriteStrNBO
                0x000000000008a7cc                PDUM_eNPduReadHeaderNBO
                0x000000000008a81f                PDUM_u16APduInstanceReadNBO
 .text          0x000000000008a86b     0x19ae C:\Users\nxf47740\AppData\Local\Temp\1\ccBCs0GI.ltrans5.ltrans.o
                0x000000000008a86b                APP_vMainLoop
 .text          0x000000000008c219     0x18d5 C:\Users\nxf47740\AppData\Local\Temp\1\ccBCs0GI.ltrans6.ltrans.o
                0x000000000008c219                vPDM_MoveFileRecordFromListToList
                0x000000000008c23d                vPDM_MoveRecordToDeAllocList
                0x000000000008c25d                vIncrementFrameCounterInPdm.isra.0.219133
                0x000000000008c552                ZPS_vNwkMacDataPollRequest
                0x000000000008c6e9                vProcessListsForSubmission.217801
                0x000000000008c933                zps_vNwkMcpsMgrPost
                0x000000000008cb47                zps_vNwkHandleCmeRouteDiscoveryReq
                0x000000000008cd15                zps_psSendFrm
                0x000000000008d073                zps_psSendBroadcastFrm.part.0.228836
                0x000000000008d0db                zps_eNwkHandleSceRouteRecord
                0x000000000008d1d2                zps_psNwkSendLeaveCmd
                0x000000000008d23a                zps_psNwkPropagateLocalLeave
                0x000000000008d262                zps_psSendNetworkStatusCmd
                0x000000000008d2cf                zps_eDefaultDataDcfm
                0x000000000008d3c1                vSendNetworkReport.216496
                0x000000000008d49f                psSendRouteReplyCmd.222445
                0x000000000008d5b1                zps_eNwkHandleSceRouteReply
                0x000000000008d884                zps_psSendNetworkLinkPowerDelta.223871
                0x000000000008d916                zps_eNwkHandleSceNwkLinkPowerDelta
                0x000000000008d930                zps_psNwkSendRejoinReqCmd
                0x000000000008d9ae                iPDM_ReconstructAtRunTimeReplacedDataTable
 .text          0x000000000008daee     0x15ca C:\Users\nxf47740\AppData\Local\Temp\1\ccBCs0GI.ltrans7.ltrans.o
                0x000000000008daee                vPDM_MoveAllDataFromListToList.constprop.224
                0x000000000008db2b                vPDM_MoveAllDataWithBufferIdFromListToList
                0x000000000008dbe9                vPDM_DeleteSegmentsWithIdFromFileSystem
                0x000000000008dc0a                PDM_vDeleteDataRecord
                0x000000000008dc41                vPDM_MoveAllDataWithBufferIdAndStateFromListToList
                0x000000000008dcc6                iPDM_CreateCandidateBufferList
                0x000000000008ddca                iPDM_ReconstructReplacedDataTable
                0x000000000008dfa6                vPDM_MoveAllDataToDeAllocList.constprop.223
                0x000000000008dfce                vPDM_DeleteAppendedSequence
                0x000000000008e070                iPDM_ReplaceChangedSegmentInSequence
                0x000000000008e170                PDM_eSaveRecordData
                0x000000000008e506                ZPS_vNwkSaveRecord
                0x000000000008e532                ZPS_vNwkNibSetNwkAddr
                0x000000000008e55b                zps_eNwkHandleSceRejnResponse
                0x000000000008e5b8                ZPS_vNwkNibSetExtPanId
                0x000000000008e5e8                ZPS_vNwkNibSetKeySeqNum
                0x000000000008e5fb                ZPS_vNwkNibSetDepth
                0x000000000008e630                ZPS_vNwkNibSetUpdateId
                0x000000000008e65a                vSendNetworkUpdate.216500
                0x000000000008e78f                ZPS_vNwkNibSetPanId
                0x000000000008e7ad                ZPS_vNwkNibSetCapabilityInfo
                0x000000000008e7da                ZPS_vNwkNibSetChannel
                0x000000000008e7f8                ZPS_vNwkSaveNt
                0x000000000008e834                ZPS_vNwkPurgeMacAddressAndRelatedEntries.part.5.219294
                0x000000000008e945                ZPS_vNtSetUsedStatus
                0x000000000008ea12                zps_vBuildSortedActvNTList
                0x000000000008eade                zps_vNwkHandleCmeLeaveReq
                0x000000000008ebfc                zps_vCleanUnAuthenHandleExpiry
                0x000000000008ed29                eUnsolicitedRejoinRspDataDcfm.216512
                0x000000000008ed54                eRejoinRspDataDcfm.230105
                0x000000000008ee00                vFinish.231393
                0x000000000008ee56                zps_eNwkHandleSceNwkEdTimeoutReq
                0x000000000008ef51                zps_eNwkHandleSmeCommStatusInd
                0x000000000008f00b                ZPS_vNwkSaveSecMat
                0x000000000008f01f                iPDM_VerifyDataSequenceWithBufferId
 .text          0x000000000008f0b8     0x194b C:\Users\nxf47740\AppData\Local\Temp\1\ccBCs0GI.ltrans8.ltrans.o
                0x000000000008f101                zps_bAplZdoParentAnnceServer
                0x000000000008f29b                zps_eNwkHandleSceLeave
                0x000000000008f437                zps_vAplSaveRecord
                0x000000000008f5aa                zps_bNwkFindAddIeeeAddr
                0x000000000008f732                ZPS_bNwkNibAddrMapAddEntry
                0x000000000008f8e7                zps_vAgeRouter
                0x000000000008f920                zps_vNwkSecondTickHandleExpiry
                0x000000000008fb0b                zps_eNwkHandleSceRouteRequest
                0x000000000008ffdf                zps_sNwkNibNtCheckJoin.part.8.219427
                0x0000000000090298                zps_vNwkHandleCmeDirectJoinReq
                0x0000000000090341                zps_vJoinInitNtParent
                0x0000000000090525                zps_vCheckActvNtForDuplicate
                0x00000000000905c5                eSmeOrphScanDcfm.231406
                0x000000000009063d                eCheckAddrConflict.isra.7.216767
                0x00000000000906d8                vAplSecRemoveLinkKey.99709
                0x00000000000907a8                zps_u8NwkHandleRejoinReq
                0x0000000000090868                vContinueRejoin.230101
                0x000000000009090f                zps_vProcessLocalAddrConflict
                0x00000000000909ba                ZPS_vNwkSaveAllRecords
                0x00000000000909e4                zps_vSaveAllZpsRecords
 .text          0x0000000000090a03     0x1494 C:\Users\nxf47740\AppData\Local\Temp\1\ccBCs0GI.ltrans9.ltrans.o
                0x0000000000090a3d                eSmeASFlBeaconInd.227415
                0x0000000000090a5f                eOrphanNotificationSent.236640
                0x0000000000090aa8                DBG_vUartInitHardware
                0x0000000000090be5                eSmeAcScBeaconInd.227423
                0x0000000000090cf5                zps_bAplZdoMatchDescServer.part.0.114120
                0x0000000000091026                APP_bButtonInitialise
                0x000000000009106c                ZPS_u8MacIFTAddUpdateChannelMask
                0x0000000000091106                ZPS_u16MacIFTGetIDByChannelMask
                0x000000000009114b                zps_eAplAibSetApsChannelMask
                0x0000000000091176                vLI_UpdateDriver
                0x00000000000911b3                vLI_Start.constprop.163
                0x00000000000911fb                DriverBulb_vSetOnOff
                0x0000000000091220                vSetBulbState
                0x0000000000091240                zps_psAllocateAndFormatMacHdr
                0x00000000000915a3                zps_psNwkInitCmdFrame
                0x0000000000091622                eSendLinkStatusDataDcfm.part.1.215380
                0x0000000000091749                bPCA9634_WriteRegister
                0x00000000000917c7                zps_vDefaultNwkLayer
                0x00000000000919fc                vDLISTaddToHead
                0x0000000000091a25                vDLISTaddToTail
                0x0000000000091a48                psDLISTremoveFromHead
                0x0000000000091a73                psDLISTremove
                0x0000000000091ac1                iPDM_SearchForBufferIdInList
                0x0000000000091af6                iPDM_ReadUserDataFromSegmentOnListWithId
                0x0000000000091b34                iPDM_SearchForBufferIdInFileSystem
                0x0000000000091b47                iPDM_ReadUserDataFromSegmentWithId
                0x0000000000091b7c                PDM_eReadDataFromRecord.part.0.208771
                0x0000000000091c03                PDM_eReadDataFromRecord
                0x0000000000091c23                vLoadAplRecord.99653
                0x0000000000091c51                vLoadNwkRecord.218681
                0x0000000000091c89                iPDM_SearchForSpecificSegmentInList
                0x0000000000091cbb                bPDM_FindLastMarkerSegment.209803
                0x0000000000091d08                zps_vSocMacHandleMcpsVsReqRsp.constprop.198
 *fill*         0x0000000000091e97        0x1 00
 .text          0x0000000000091e98     0x16e4 C:\Users\nxf47740\AppData\Local\Temp\1\ccBCs0GI.ltrans10.ltrans.o
                0x0000000000092050                vPollTimeout.236195
                0x000000000009205f                vSendMlmeCommStatusFromTxFrame
                0x00000000000920b5                zps_vSocMacHandleMlmeVsReqRsp.constprop.230
                0x00000000000925ea                zps_sNwkStart
                0x000000000009268c                ZPS_pvNwkCtor.constprop.214
                0x00000000000929f4                zps_vNwkHandleCmeActvStartRouterReq
                0x0000000000092a8b                zps_sNwkLibSubmitScan
                0x0000000000092ac4                eSmeAcScScanDcfm.228158
                0x0000000000092e3a                zps_vNwkHandleCmeIdleNwkFormReq
                0x0000000000092f4b                zps_vNwkHandleCmeNwkDiscReq
                0x0000000000092fc5                zps_vNwkDiscUpdateNT
                0x0000000000093069                zps_eNwkHandleSmeBeaconNotifyInd
                0x00000000000930f7                zps_eNwkHandleSceNwkReport
                0x000000000009317d                eSmeEdScScanDcfm.228151
                0x000000000009322d                zps_vNwkHandleCmeEdScanReq
                0x000000000009327a                vRunningRxCallback
 .text          0x000000000009357c     0x1485 C:\Users\nxf47740\AppData\Local\Temp\1\ccBCs0GI.ltrans11.ltrans.o
                0x000000000009357c                eSmeAcScBeaconInd.227601
                0x0000000000093655                vRetryCcaFailure
                0x00000000000936a2                APP_cbTimerButtonScan
                0x0000000000093754                zps_bAplZdoMatchDescServer
                0x0000000000093768                eZCL_TransmitInterPanRequest.constprop.171
                0x0000000000093959                vFreePendingReqDescr
                0x00000000000939c4                vHandleRouteDiscoveryExpiry.222002
                0x0000000000093a22                ZPS_bSecEncrypt
                0x0000000000093bdd                bHasTimerFired.72336
                0x0000000000093c47                u16ZCL_WriteAttributeValueIntoBuffer
                0x0000000000093ccd                eHandleRemoveBroadcastEndpointsFromGroup.94039
                0x0000000000093d27                zps_vNwkMcpsMgrTidyBtrReqDescr
                0x0000000000093d6c                vNwkBttTimerExpiry.225556
                0x0000000000093e8e                eZCL_SetReceiveEventAddressStructure
                0x0000000000093f0d                dbg_vPrintfImplNoneVerbose
                0x0000000000094394                vShowException
                0x0000000000094456                vfExtendedStatusCallBack
                0x0000000000094461                eZCLAddReport
                0x0000000000094709                eZCL_CreateLocalReport.constprop.79
                0x0000000000094776                DriverBulb_vInit.part.0.9054
                0x0000000000094865                vMiniMac_ReturnRxBufferCallback
                0x0000000000094891                eCLD_ScenesCountScenes
                0x00000000000948ab                ZPS_bSecDecrypt
                0x00000000000949b8                boPDM_IsBitmapSaturated.208456
 .text          0x0000000000094a01     0x1603 C:\Users\nxf47740\AppData\Local\Temp\1\ccBCs0GI.ltrans12.ltrans.o
                0x0000000000094be6                vHandleEdTimeoutReqExpiry.216504
                0x0000000000094c8f                vHandleNwkLocalUpdateAfterBcast.216517
                0x0000000000094ce3                vHandleNwkRemoteUpdateAfterBcast.216508
                0x0000000000094d37                zps_eNwkHandleSmeOrphanInd.part.1.230260
                0x0000000000094e05                ZPS_vNwkHandleNlmeReqRsp
                0x0000000000094e82                zps_vAplApsPollTimer
                0x0000000000094ee4                vAplSecAuthPollTimerExpiry.99600
                0x0000000000094f3c                eRejoinNetwork.99671
                0x0000000000095001                eDiscoverNetworks
                0x000000000009505d                eStartRouter
                0x000000000009514e                vHandleJoinDCfm.isra.19.100071
                0x0000000000095366                vAplSecAuthTimerExpiry.99596
                0x00000000000953e1                zps_vAplAfPostEvent
                0x000000000009570c                vPostApsdeDcfmInd.89892
                0x00000000000958ff                zps_vHandleApsdeDataFragIndNotSupported
                0x0000000000095956                vHandleApsInterPanDcfmData
                0x0000000000095bd3                vApsInterPanMcpsDataInd
                0x0000000000095d7a                zps_eAplZdoNlmePermitJoiningWrapper
                0x0000000000095da2                zps_bAplZdoPermitJoiningServer
                0x0000000000095e6c                vStartScanTimerExpiry.129387
                0x0000000000095ea8                vChangeChannelTimerExpiry.129391
                0x0000000000095f1f                eLeaveReset.213694
                0x0000000000095f8a                eLeaveDataDcfmLocalLeave.213699
 .text          0x0000000000096004     0x1944 C:\Users\nxf47740\AppData\Local\Temp\1\ccBCs0GI.ltrans13.ltrans.o
                0x0000000000096004                zps_eNwkHandleSceLinkStatus
                0x0000000000096138                vMiniMac_MlmeCallback
                0x0000000000096347                vMiniMacPoll_CheckPollResponse
                0x00000000000963a2                ePollReqSent.236197
                0x000000000009652a                vScanBeaconReceived
                0x0000000000096569                vPostDcfm.236661
                0x00000000000965d2                vScanNextChannel.236648
                0x0000000000096784                vSaveScenesNVM
                0x000000000009682b                eCLD_GroupsRemoveAllGroups
                0x00000000000968d7                APP_vRemoveAllGroupsAndScenes
                0x00000000000968e9                vR21_ConvertToR22_BindingTable.4846
                0x0000000000096a42                vR21_ConvertToR22_NT.4851
                0x0000000000096af9                vR21_ConvertToR22_Aib.4888
                0x0000000000096b5d                vR21_ConvertToR22_Nib.4932
                0x0000000000096be9                vSaveZCLRecord.6816
                0x0000000000096ca7                vResetZCLRecords
                0x0000000000096ce7                vLoadDefaultConfigForReportable
                0x0000000000096d2e                vRestoreDefaultRecord
                0x0000000000096d7a                vManagePowerOnCountInit
                0x0000000000096dc2                APP_cbTimerPowerCount
                0x0000000000096e2a                zps_psFindKeyDescr
                0x0000000000096f4b                zps_eAplZdoGroupEndpointRemove.part.1.104905
                0x0000000000096fd0                zps_eAplAibSetApsUseExtendedPanId
                0x0000000000096fe6                APP_vFactoryResetRecords
                0x0000000000097261                ZPS_vNMPurgeEntry
                0x0000000000097421                vInitUnknownNeighbor.217712.constprop.136
                0x000000000009747a                ZPS_vSetDevicePreviousData.constprop.15
                0x00000000000975f8                eMakeEntryInBindingTable.isra.2.94090
                0x0000000000097693                zps_eAplZdoAddReplaceLinkKey_W
                0x0000000000097757                zps_eNwkHandleSdeActvDcfmData
                0x00000000000978dc                vMcpsMgrTimeoutExpiry
 .text          0x0000000000097948     0x1464 C:\Users\nxf47740\AppData\Local\Temp\1\ccBCs0GI.ltrans14.ltrans.o
                0x0000000000097948                vBbcIntHandler.235536
                0x0000000000097c3f                eAssocRespSent.235853
                0x0000000000097c5e                zps_vNwkHandleCmeSyncReq
                0x0000000000097ecd                zps_eRejoinDataDcfm
                0x0000000000097f8a                eSmeAsocAssocDcfm.231561
                0x000000000009800e                eSmeRjPCPollDcfm.231557
                0x000000000009804f                eSceRjRsRejoinRsp.231524
                0x0000000000098127                zps_vNwkHandleCmeNwkJoinReq
                0x000000000009846e                zps_vNwkHandleCmeNwkActvJoinReq
                0x000000000009847a                zps_eNwkHandleSmeOrphanInd
                0x000000000009848b                zps_eNwkSendJoinResponse
                0x0000000000098737                zps_eProcessAddrConflict
                0x00000000000988e0                ZPS_vNwkNibCheckAndUpdateAddresses
                0x0000000000098981                zps_bAplZdoDeviceAnnceServer
                0x0000000000098c14                zps_eNwkHandleSceNwkStatus
 .text          0x0000000000098dac     0x1398 C:\Users\nxf47740\AppData\Local\Temp\1\ccBCs0GI.ltrans15.ltrans.o
                0x0000000000098ead                zps_bAplZdoIeeeAddrServer
                0x0000000000099009                zps_bAplZdoNwkAddrServer
                0x000000000009919c                eBeaconReqSent.236644
                0x00000000000991c3                vPDM_AddFileSystemElementToListInAscendingWearCountOrder
                0x00000000000992eb                iPDM_GetWearLevelledBuffer
                0x00000000000993be                iPDM_WriteSegmentHeaderAndData
                0x000000000009950c                AESSW_vMMOFinalUpdate
                0x00000000000995ce                AESSW_vHMAC_MMO.constprop.192
                0x0000000000099666                zps_pvAesGetKeyFromInstallCode
                0x00000000000997f3                ZPS_vSetKeys
                0x000000000009989d                PWRM_vManagePower
                0x00000000000999e7                vMiniMac_McpsCallback
                0x0000000000099c99                eMcpsTxCompleteHandler.235965
                0x0000000000099cc7                psDLISTsearchFromHead
                0x0000000000099cf0                eCLD_ScenesAddScene
                0x0000000000099dc0                eCLD_ScenesFindScene
                0x0000000000099e0e                eCLD_ScenesStoreScene
                0x0000000000099ec5                eCLD_ScenesRemoveAllScenes
                0x0000000000099f5e                BDB_eTlSendScanResponse.80420.constprop.161
                0x000000000009a0e6                eCLD_ZllCommissionCommandNetworkStartRspCommandSend.constprop.170
 .text.unlikely
                0x000000000009a144       0x31 C:\Users\nxf47740\AppData\Local\Temp\1\ccBCs0GI.ltrans15.ltrans.o
                0x000000000009a144                eCLD_ZllCommissionCommandNetworkJoinRouterRspCommandSend.constprop.169
 *fill*         0x000000000009a175        0x3 00
 .text          0x000000000009a178     0x15a0 C:\Users\nxf47740\AppData\Local\Temp\1\ccBCs0GI.ltrans16.ltrans.o
                0x000000000009a227                vZdoBdrmSendNextTimedRequest
                0x000000000009a68c                zps_bAplZdoBindUnbindServer
                0x000000000009aaef                zps_bAplZdoDefaultServer
                0x000000000009ad51                eZCL_TransmitDataRequest
                0x000000000009b1dc                eZCL_SendDefaultResponse
                0x000000000009b2db                vReportTimerClickCallback
 .text          0x000000000009b718     0x15b0 C:\Users\nxf47740\AppData\Local\Temp\1\ccBCs0GI.ltrans17.ltrans.o
                0x000000000009bb8e                eCLD_ZllCommissionCommandHandler
                0x000000000009bde6                vZCL_HandleAttributesWriteRequest
                0x000000000009c25a                eZCL_CustomCommandReceive
                0x000000000009c3c8                eCLD_LevelControlCommandHandler
                0x000000000009c84d                eCLD_BasicCommandHandler
                0x000000000009c8c5                eCLD_OnOffCommandHandler
 .text          0x000000000009ccc8     0x1727 C:\Users\nxf47740\AppData\Local\Temp\1\ccBCs0GI.ltrans18.ltrans.o
                0x000000000009d000                zps_eNwkHandleSmeAssocInd
                0x000000000009d02e                zps_eNwkHandleSceRejnRequest
                0x000000000009d0bb                zps_vNwkHandleCmeSetInterface
                0x000000000009d275                vMcpsMgrExpiry.217628
                0x000000000009d2d5                vTransformKey.isra.0.95759
                0x000000000009d336                zps_eAplSecEncryptPacket
                0x000000000009d42b                eZLO_RegisterDimmableLightEndPoint.constprop.60
                0x000000000009dd2e                ZPS_vNwkHandleNldeReqRsp
                0x000000000009e03a                zps_eAplSendApsmeCmdFrame
                0x000000000009e1ae                zps_eAplApsmeUpdateDeviceReqRsp.part.4.94189
                0x000000000009e2fc                zps_eAplZdoNlmeleaveWrapper
                0x000000000009e3c3                zps_vAplApsmeCmdMgrRetryTimeout.94016
 *fill*         0x000000000009e3ef        0x1 00
 .text          0x000000000009e3f0     0x1288 C:\Users\nxf47740\AppData\Local\Temp\1\ccBCs0GI.ltrans19.ltrans.o
                0x000000000009e7bd                vApsmeResendTimeOutHandler
                0x000000000009e7ec                vPostNlmeDcfmInd.89878
                0x000000000009eeb7                zps_bAplZdoMgmtLeaveServer
                0x000000000009f0ac                ZPS_vAplHandleApsdeReqRsp
                0x000000000009f4c5                zps_eAplZdpApsdeReqInternal
                0x000000000009f534                zps_eAplZdpGenStatusOnlyResponse
                0x000000000009f58f                vNsTclkSendReqKey.79492
                0x000000000009f641                zps_eAplZdoLeaveNetwork.constprop.173
                0x000000000009f666                vNsLeaveNwk.79494
 .text          0x000000000009f678     0x173d C:\Users\nxf47740\AppData\Local\Temp\1\ccBCs0GI.ltrans20.ltrans.o
                0x000000000009f78b                APP_bMultimaskJoinCallBack
                0x000000000009f797                vMacMcpsCallBackHandler.82805
                0x000000000009f7a8                bCLD_ScenesSearchForScene.24465
                0x000000000009f7db                eCLD_LevelControlSceneEventHandler.17671
                0x000000000009f824                eCLD_AliIotSecurityCommandHandler
                0x000000000009f829                DriverBulb_vSetTunableWhiteColourTemperature
                0x000000000009f82c                DriverBulb_vSetColour
                0x000000000009f82f                bAllowInterPanEp.8967
                0x000000000009f87b                APP_ZCL_cbGeneralCallback.6802
                0x000000000009f87e                zps_vGetZpsMutex
                0x000000000009f887                bCLD_GroupsSearchForGroup.15053
                0x000000000009f8ac                pdum_u16ReadNBO
                0x000000000009fa0d                PDUM_u16SizeNBO
                0x000000000009fa6b                PDUM_u16APduInstanceWriteNBO
                0x000000000009fad5                PDUM_thAPduInstanceGetApdu
                0x000000000009faf0                PDUM_eAPduFreeAPduInstance
                0x000000000009fb56                PDUM_eAPduInstanceSetPayloadSize
                0x000000000009fb7e                PDUM_eNPduWriteDataFromBuffer
                0x000000000009fbd8                PDUM_eNPduWriteDataToBuffer
                0x000000000009fc36                PDUM_eNPduWriteFromBuffer
                0x000000000009fc5f                PDUM_eNPduDescend
                0x000000000009fc85                PDUM_eNPduAscend
                0x000000000009fcab                PDUM_eNPduClaimData
                0x000000000009fd18                PDUM_eNPduAppendDataNBO
                0x000000000009fd75                PDUM_eNPduClaimHeader
                0x000000000009fd98                PDUM_eNPduPrependHeaderNBO
                0x000000000009fdf3                PDUM_eNPduFree
                0x000000000009fe51                PDUM_eNPduInitDescending
                0x000000000009fe6c                ZPS_u8MacGetChannelOffsetFromMask
                0x000000000009fe7b                ZPS_eMacValidateChannelMask
                0x000000000009feaa                InvShiftRows
                0x000000000009ff3d                InvSubBytes
                0x000000000009ff83                AddRoundKey
                0x000000000009ffc4                getSBoxValue.81309
                0x000000000009ffe6                eZCL_DoesAttributeHaveReportableChange
                0x00000000000a0003                eZCL_GetAttributeReportableEntry
                0x00000000000a00bb                vZCL_AlignNumericAttributeValueTo64.71767
                0x00000000000a01ca                vZCL_SetDefaultReporting
                0x00000000000a01fc                eZCL_BuildClientTransmitAddressStructure
                0x00000000000a022d                bZCL_CheckAttributeDirectionFlagMatch
                0x00000000000a0251                bZCL_CheckManufacturerSpecificAttributeFlagMatch
                0x00000000000a026f                eZCL_SearchForAttributeEntry
                0x00000000000a0314                eZCL_GetAttributeTypeSize
                0x00000000000a0333                vZCL_MarkAttributeInvalid
                0x00000000000a0402                u8ZCL_GetAttributeAllignToFourBytesBoundary
                0x00000000000a0417                pvZCL_GetAttributePointer
                0x00000000000a048d                vCLD_ScenesGenerateIndividualAttributeCallback
                0x00000000000a04e7                eZCL_StoreChangeAttributeValue
                0x00000000000a0586                u16ZCL_WriteTypeNBO.part.0.54658
                0x00000000000a05fb                u16ZCL_GetStringStructureSize
                0x00000000000a0638                u16ZCL_GetStringAttributeTypeSizeFromBuffer
                0x00000000000a06a9                u16ZCL_GetStringSizeAndBufferFromStructure
                0x00000000000a0738                eZCL_GetAttributeTypeSizeFromStructure
                0x00000000000a07b1                bZCL_SendCommandResponse
                0x00000000000a07cd                eZCL_SearchForEPIndex
                0x00000000000a0807                eZCL_SearchForClusterEntry
                0x00000000000a0881                eZCL_BuildTransmitAddressStructure
                0x00000000000a08ee                eZCL_SearchForEPentry
                0x00000000000a092a                eZCL_FindCluster
                0x00000000000a097b                eCLD_GroupsSetIdentifying
                0x00000000000a09a0                eCLD_LevelControlClusterIsPresent
                0x00000000000a09b9                eCLD_OnOffGetState
                0x00000000000a09ea                eZCL_SearchForEPentryAndCheckManufacturerId
                0x00000000000a0a28                vZCL_PassEventToUser
                0x00000000000a0a55                vWriteU64ToPayLoad.51657
                0x00000000000a0a82                ZTIMER_eGetState
                0x00000000000a0a93                ZTIMER_eStop
                0x00000000000a0ae5                ZTIMER_eStart
                0x00000000000a0b43                ZQ_bQueueReceive
                0x00000000000a0bb4                ZQ_bQueueSend
                0x00000000000a0c2a                APP_vGenCallback
                0x00000000000a0c48                vAPP_ZCL_DeviceSpecific_Init
                0x00000000000a0d24                app_u8GetDeviceEndpoint
                0x00000000000a0d29                vLI_InitVar.7647
                0x00000000000a0d5a                vCopyRecordsToZCL.6807
                0x00000000000a0d99                ZPS_psMacIFTGetInterface
 *fill*         0x00000000000a0db5        0x3 00
 .text          0x00000000000a0db8     0x1380 C:\Users\nxf47740\AppData\Local\Temp\1\ccBCs0GI.ltrans21.ltrans.o
                0x00000000000a0db8                vZCL_EventHandler
 .text          0x00000000000a2138     0x11dc C:\Users\nxf47740\AppData\Local\Temp\1\ccBCs0GI.ltrans22.ltrans.o
                0x00000000000a2138                vPostNldeDcfmInd.89899
 .text          0x00000000000a3314     0x1454 C:\Users\nxf47740\AppData\Local\Temp\1\ccBCs0GI.ltrans23.ltrans.o
                0x00000000000a3314                zps_bAplZdoMgmtBindServer
                0x00000000000a3516                zps_eAplZdpBindResponse
                0x00000000000a3537                zps_eZdpUnbindResponse
                0x00000000000a3558                zps_eZdpMgmtLeaveResponse
                0x00000000000a3579                zps_eZdpMgmtPermitJoiningResponse
                0x00000000000a359a                zps_eAplZdpRequestApsdeReq
                0x00000000000a360f                zps_eAplZdoStartRouter.part.14.99778
                0x00000000000a36b0                BDB_vTlStateMachine
 .text          0x00000000000a4768     0x12bb C:\Users\nxf47740\AppData\Local\Temp\1\ccBCs0GI.ltrans24.ltrans.o
                0x00000000000a4768                zps_eAplZdpMgmtRtgResponse
                0x00000000000a48f7                zps_eZdpNwkAddrResponse
                0x00000000000a49df                zps_eZdpIeeeAddrResponse
                0x00000000000a4ac7                zps_eZdpNodeDescResponse
                0x00000000000a4b6f                zps_eZdpParentAnnceResponse
                0x00000000000a4c11                zps_eZdpPowerDescResponse
                0x00000000000a4cae                zps_eZdpSimpleDescResponse
                0x00000000000a4dbb                zps_eZdpActiveEpResponse
                0x00000000000a4e51                zps_eZdpMatchDescResponse
                0x00000000000a4ee7                zps_eZdpSystemServerDiscoveryResponse
                0x00000000000a4f56                zps_eAplZdpMgmtLqiResponse
                0x00000000000a5066                zps_bAplZdoMgmtNWKUpdateServer
                0x00000000000a5572                ZPS_vSecondTimerCallback
                0x00000000000a57d3                zps_bAplZdoZdoClient
                0x00000000000a5984                BDB_vTlTimerCb
                0x00000000000a5994                vNsSendPermitJoin.79484
 .text          0x00000000000a5a23     0x1014 C:\Users\nxf47740\AppData\Local\Temp\1\ccBCs0GI.ltrans25.ltrans.o
                0x00000000000a5a23                eCLD_ScenesCommandHandler
                0x00000000000a6830                eCLD_IdentifyCommandHandler
 *fill*         0x00000000000a6a37        0x1 00
 .text          0x00000000000a6a38      0xe38 C:\Users\nxf47740\AppData\Local\Temp\1\ccBCs0GI.ltrans26.ltrans.o
                0x00000000000a6a38                APP_cbTimerZclTick
                0x00000000000a6e6d                eZCL_CustomCommandSend.constprop.32
                0x00000000000a73d2                eCLD_GroupsCommandHandler
 .text          0x00000000000a7870      0xae4 C:\Users\nxf47740\AppData\Local\Temp\1\ccBCs0GI.ltrans27.ltrans.o
                0x00000000000a7c47                BDB_vNsTimerCb
                0x00000000000a7cb5                BDB_eNsStartNwkSteering
                0x00000000000a7d48                BDB_vRejoinCycle
                0x00000000000a8009                bdb_taskBDB
                0x00000000000a834e                BDB_vRejoinTimerCb
 .text          0x00000000000a8354      0x614 C:\Users\nxf47740\AppData\Local\Temp\1\ccBCs0GI.ltrans28.ltrans.o
                0x00000000000a8354                vPostApsmeDcfmInd.89885
 .text          0x00000000000a8968      0x6eb C:\Users\nxf47740\AppData\Local\Temp\1\ccBCs0GI.ltrans29.ltrans.o
                0x00000000000a8968                APP_vBdbCallback
                0x00000000000a8bf2                APP_ZCL_cbEndpointCallback.6799
 .text          0x00000000000a9053       0xfd C:\Users\nxf47740\AppData\Local\Temp\1\ccBCs0GI.ltrans30.ltrans.o
                0x00000000000a9053                ISR_vTickTimer
                0x00000000000a908b                vISR_SystemController
                0x00000000000a90b4                vISR_Timer4
                0x00000000000a90c3                vISR_Timer3
                0x00000000000a90d2                vUnclaimedInterrupt
                0x00000000000a90e7                vBusErrorHandler
                0x00000000000a90f6                vAlignmentErrorHandler
                0x00000000000a9105                vIllegalInstructionHandler
                0x00000000000a9114                vTrapHandler
                0x00000000000a9123                vGenericHandler
                0x00000000000a9132                vUnclaimedException
                0x00000000000a9141                vStackOverflowHandler
 .text          0x00000000000a9150       0x3f C:\Users\nxf47740\AppData\Local\Temp\1\ccBCs0GI.ltrans31.ltrans.o
                0x00000000000a9150                zps_isrMAC
                0x00000000000a9173                AppWarmStart
 .text          0x00000000000a918f       0x25 c:/nxp/bstudio_nxp/sdk/tools/ba-elf-ba2-r36379/bin/../lib/gcc/ba-elf/4.7.4/../../../../ba-elf/lib/mcpu_jn51xx_sizeopt\libc.a(lib_a-memcmp.o)
                0x00000000000a918f                memcmp
 .text          0x00000000000a91b4       0x19 c:/nxp/bstudio_nxp/sdk/tools/ba-elf-ba2-r36379/bin/../lib/gcc/ba-elf/4.7.4/../../../../ba-elf/lib/mcpu_jn51xx_sizeopt\libc.a(lib_a-memcpy.o)
 .text          0x00000000000a91cd       0x12 c:/nxp/bstudio_nxp/sdk/tools/ba-elf-ba2-r36379/bin/../lib/gcc/ba-elf/4.7.4/../../../../ba-elf/lib/mcpu_jn51xx_sizeopt\libc.a(lib_a-memset.o)
                0x00000000000a91cd                memset
 .text          0x00000000000a91df       0x12 c:/nxp/bstudio_nxp/sdk/tools/ba-elf-ba2-r36379/bin/../lib/gcc/ba-elf/4.7.4/../../../../ba-elf/lib/mcpu_jn51xx_sizeopt\libc.a(lib_a-strlen.o)
                0x00000000000a91df                strlen
 .text          0x00000000000a91f1       0x2b c:/nxp/bstudio_nxp/sdk/tools/ba-elf-ba2-r36379/bin/../lib/gcc/ba-elf/4.7.4/../../../../ba-elf/lib/mcpu_jn51xx_sizeopt\libc.a(lib_a-strncpy.o)
                0x00000000000a91f1                strncpy
 *fill*         0x00000000000a921c        0x0 00
 .text          0x00000000000a921c      0x204 c:/nxp/bstudio_nxp/sdk/tools/ba-elf-ba2-r36379/bin/../lib/gcc/ba-elf/4.7.4/mcpu_jn51xx_sizeopt\libgcc.a(__udivsi3.o)
                0x00000000000a921c                __udivsi3
 .text          0x00000000000a9420       0x30 c:/nxp/bstudio_nxp/sdk/tools/ba-elf-ba2-r36379/bin/../lib/gcc/ba-elf/4.7.4/mcpu_jn51xx_sizeopt\libgcc.a(__divsi3.o)
                0x00000000000a9420                __divsi3
 .text          0x00000000000a9450      0x1b0 c:/nxp/bstudio_nxp/sdk/tools/ba-elf-ba2-r36379/bin/../lib/gcc/ba-elf/4.7.4/mcpu_jn51xx_sizeopt\libgcc.a(__umodsi3.o)
                0x00000000000a9450                __umodsi3
 .text          0x00000000000a9600       0x24 c:/nxp/bstudio_nxp/sdk/tools/ba-elf-ba2-r36379/bin/../lib/gcc/ba-elf/4.7.4/mcpu_jn51xx_sizeopt\libgcc.a(__modsi3.o)
                0x00000000000a9600                __modsi3
 .text          0x00000000000a9624      0x3bd c:/nxp/bstudio_nxp/sdk/tools/ba-elf-ba2-r36379/bin/../lib/gcc/ba-elf/4.7.4/mcpu_jn51xx_sizeopt\libgcc.a(_divdi3.o)
                0x00000000000a9624                __divdi3
 .text          0x00000000000a99e1      0x350 c:/nxp/bstudio_nxp/sdk/tools/ba-elf-ba2-r36379/bin/../lib/gcc/ba-elf/4.7.4/mcpu_jn51xx_sizeopt\libgcc.a(_udivdi3.o)
                0x00000000000a99e1                __udivdi3
 *fill*         0x00000000000a9d31        0x3 00
 .text          0x00000000000a9d34       0x48 ../../../../sdk/JN-SW-4170/Components/Library\libPWRM_JN516x.a(pwrm_setjmp_JN516x.o)
                0x00000000000a9d34                setjmp
                0x00000000000a9d58                PWRM_longjmp
 .text          0x00000000000a9d7c       0x27 ../../../../sdk/JN-SW-4170/Components/Library\libHardwareApi_JN5169.a(AHI_Interrupt.o)
                0x00000000000a9d7c                vAHI_InterruptSetPriority
                0x00000000000a9d9a                vAHI_InterruptSetActivePriorityLevel
 .text.vMicroSyscall
                0x00000000000a9da3       0x17 ../../../../sdk/JN-SW-4170/Components/Library\libMicroSpecific_JN516x.a(MicroSyscall_ba.o)
                0x00000000000a9da3                vMicroSyscall
 .text          0x00000000000a9dba        0x0 ../../../../sdk/JN-SW-4170/Components/Library\libZPSAPL_JN516x.a(zps_apl_version_lc.o)
                0x00000000000a9dba                ZPS_APL_Version_3v0
 .text          0x00000000000a9dba        0x0 ../../../../sdk/JN-SW-4170/Components/Library\libZPSNWK_JN516x.a(zps_nwk_version_lc.o)
                0x00000000000a9dba                ZPS_NWK_Version_3v0
                0x00000000000a9dba                _flash_end = ABSOLUTE (.)

.rela.dyn       0x00000000000a9dbc        0x0
 .rela.text     0x0000000000000000        0x0 ../../DimmableLight/Build/irq_JN516x.o
 .rela.data     0x0000000000000000        0x0 ../../DimmableLight/Build/irq_JN516x.o
 .rela.rodata   0x0000000000000000        0x0 ../../DimmableLight/Build/irq_JN516x.o
                0x000000000400004c                . = ORIGIN (ram)

.data           0x000000000400004c      0x620 load address 0x00000000000a9dbc
                0x000000000400004c                _ram_data_start = ABSOLUTE (.)
 *(.data*)
 *fill*         0x000000000400004c        0x4 00
 .data          0x0000000004000050      0x410 C:\Users\nxf47740\AppData\Local\Temp\1\ccBCs0GI.ltrans0.ltrans.o
                0x0000000004000050                g_asMacInterfaceTable.3522
                0x0000000004000080                s_sApl.3415
                0x00000000040001e0                u8AhiBaudRate.210765
                0x00000000040001e1                u8MiniMacConfig_MaxConcurrentAssocResponses
                0x00000000040001e4                psShadowRxBuffer
                0x00000000040001e8                gMAC_u8MaxBuffers
                0x00000000040001ec                sLI_Vars.7682
                0x0000000004000230                sDeviceTable
                0x0000000004000248                sTLCertKey
                0x0000000004000258                psAplDefaultGlobalAPSLinkKey
                0x000000000400025c                bFirstCalled.3151.9103
                0x0000000004000260                s_keyPairTableStorage.3468
 .data          0x0000000004000460        0x4 C:\Users\nxf47740\AppData\Local\Temp\1\ccBCs0GI.ltrans1.ltrans.o
                0x0000000004000460                u32HeapStart
 .data          0x0000000004000464        0x4 C:\Users\nxf47740\AppData\Local\Temp\1\ccBCs0GI.ltrans2.ltrans.o
                0x0000000004000464                bCanLoopback.92782
 .data          0x0000000004000468        0x1 C:\Users\nxf47740\AppData\Local\Temp\1\ccBCs0GI.ltrans3.ltrans.o
 *fill*         0x0000000004000469        0x1 00
 .data          0x000000000400046a        0x4 C:\Users\nxf47740\AppData\Local\Temp\1\ccBCs0GI.ltrans5.ltrans.o
                0x000000000400046a                g_u16zpsCurrentAddress
 .data          0x000000000400046e        0x4 C:\Users\nxf47740\AppData\Local\Temp\1\ccBCs0GI.ltrans8.ltrans.o
 .data          0x0000000004000472        0x2 C:\Users\nxf47740\AppData\Local\Temp\1\ccBCs0GI.ltrans11.ltrans.o
 *fill*         0x0000000004000474        0x4 00
 .data          0x0000000004000478       0x40 C:\Users\nxf47740\AppData\Local\Temp\1\ccBCs0GI.ltrans13.ltrans.o
 .data          0x00000000040004b8       0x14 C:\Users\nxf47740\AppData\Local\Temp\1\ccBCs0GI.ltrans15.ltrans.o
 .data          0x00000000040004cc       0xd0 C:\Users\nxf47740\AppData\Local\Temp\1\ccBCs0GI.ltrans18.ltrans.o
 .data          0x000000000400059c       0x9c C:\Users\nxf47740\AppData\Local\Temp\1\ccBCs0GI.ltrans20.ltrans.o
                0x000000000400059c                s_asapduZCLInstances
                0x0000000004000614                s_asapduZDPInstances
 .data          0x0000000004000638       0x10 C:\Users\nxf47740\AppData\Local\Temp\1\ccBCs0GI.ltrans23.ltrans.o
 .data          0x0000000004000648        0xc C:\Users\nxf47740\AppData\Local\Temp\1\ccBCs0GI.ltrans26.ltrans.o
 .data.s_asAPduPool
                0x0000000004000654       0x18 ../../DimmableLight/Build/pdum_apdu.o
                0x0000000004000654                pdum_apduZDP
                0x0000000004000654                s_asAPduPool
                0x0000000004000660                pdum_apduZCL
 *(.data.*)
                0x000000000400066c                . = ALIGN (0x4)
                0x000000000400066c                _ram_data_end = ABSOLUTE (.)

.bss            0x000000000400066c     0x4634 load address 0x00000000000aa3dc
                0x000000000400066c                _bss_start = ABSOLUTE (.)
 *(.bss*)
 *fill*         0x000000000400066c        0x4 00
 .bss           0x0000000004000670     0x2f30 C:\Users\nxf47740\AppData\Local\Temp\1\ccBCs0GI.ltrans0.ltrans.o
                0x0000000004000670                s_sDefaultServerContext.3496
                0x0000000004000674                s_sParentAnnceServerContext.3407
                0x000000000400067c                s_sMgmtRtgServerContext.3408
                0x0000000004000680                s_sPermitJoiningServerContext.3409
                0x0000000004000684                s_sMgmtBindServerContext.3410
                0x0000000004000688                s_sBindRequestServerContext.3411
                0x00000000040006c8                s_sBindUnbindServerContext.3413
                0x00000000040006f8                s_sMgmtNWKUpdateServerContext.3414
                0x0000000004000750                s_sMgmtLeaveServerContext.3495
                0x0000000004000778                s_sMgmtLqiServerContext.3494
                0x000000000400077c                s_sSimpleDescServerContext.3493
                0x0000000004000780                s_sMatchDescServerContext.3492
                0x0000000004000784                s_sPowerDescServerContext.3491
                0x0000000004000788                s_sNodeDescServerContext.3490
                0x000000000400078c                s_sSystemServerDiscoveryServerContext.3489
                0x0000000004000790                s_sIeeeAddrServerContext.3488
                0x0000000004000794                s_sNwkAddrServerContext.3487
                0x0000000004000798                s_sActiveEpServerContext.3486
                0x000000000400079c                s_sDeviceAnnceServerContext.3485
                0x000000000400079c                s_sZdoClientContext.3484
                0x00000000040007a4                ZTIMER_sCommon.9302
                0x00000000040007ac                u8TimerPowerOn
                0x00000000040007ad                u8TimerButtonScan
                0x00000000040007ae                u8AhiUart.210764
                0x00000000040007b0                psNextWake.84959
                0x00000000040007b4                s_bWakeTimerActive.84960
                0x00000000040007b5                s_ePowerMode.84961
                0x00000000040007b6                gu16NumberOfSegments.239941
                0x00000000040007b8                pfExtendedStatusCallBack.215984
                0x00000000040007bc                sPowerOnCounts.7843
                0x00000000040007c0                sScenesCustomData.4798
                0x0000000004000940                s_u32x.208392
                0x0000000004000944                s_prExpireFn.240459
                0x0000000004000948                pfOptionsFilterCallback
                0x000000000400094c                pvRxStore
                0x0000000004000950                pvTxStore
                0x0000000004000954                pasTxFrame
                0x0000000004000958                g_pvAplHandle
                0x000000000400095c                s_sDcfmIndMgr.84269
                0x0000000004000964                prAppMlmeGetBuffer
                0x0000000004000968                prAppMlmeCallback
                0x000000000400096c                s_pvAplHandle.83521
                0x0000000004000970                s_prMcpsCallBack.83519
                0x0000000004000974                s_prMlmeCallBack.83520
                0x0000000004000978                sMiniMacPib
                0x0000000004000a14                u8MiniMac_RunTimeOptions
                0x0000000004000a18                sZpsIntStore
                0x0000000004000a1c                sZCLAttribs
                0x0000000004000a24                psZCL_Common
                0x0000000004000a28                gZpsSetByProfile.89673
                0x0000000004000a2c                pfAllowInterPanToEp
                0x0000000004000a30                u8StateChangeTick
                0x0000000004000a38                sLight
                0x00000000040012a0                u8TimerTick
                0x00000000040012a8                asSavedReports.7798
                0x00000000040012e8                sCommission
                0x00000000040012f8                u8TimerBdbTl
                0x00000000040012f9                u8TimerBdbNs
                0x00000000040012fa                u8TimerBdbRejoin
                0x00000000040012fb                bIntEnableFlag.238616
                0x00000000040012fc                psPDM_Common
                0x0000000004001300                u8TimerRadioRecal