Archive member included because of file (symbol)

../../../../sdk/JN-SW-4170/Components/Library\libZPSMAC_Mini_SOC_JN516x.a(zps_mac_shim.o)
                              ../../DimmableLight/Build/app_zlo_light_node.o (symbol from plugin) (ZPS_u32MacSetTxBuffers)
../../../../sdk/JN-SW-4170/Components/Library\libZPSMAC_Mini_SOC_JN516x.a(zps_miniMac.o)
                              zps_mac_shim.o (symbol from plugin) (zps_eSocMacSetTxBuffers)
../../../../sdk/JN-SW-4170/Components/Library\libZPSMAC_Mini_SOC_JN516x.a(zps_mac_common.o)
                              zps_mac_shim.o (symbol from plugin) (g_u8LegacyBeaconPayloadLen)
../../../../sdk/JN-SW-4170/Components/Library\libZPSMAC_Mini_SOC_JN516x.a(zps_mac_ie.o)
                              zps_mac_common.o (symbol from plugin) (zps_u8MacIECopyZigbeePayloadSubIE)
../../../../sdk/JN-SW-4170/Components/Library\libPWRM_JN516x.a(pwrm.o)
                              ../../DimmableLight/Build/app_start_light.o (symbol from plugin) (PWRM_vInit)
../../../../sdk/JN-SW-4170/Components/Library\libPWRM_JN516x.a(pwrm_setjmp_JN516x.o)
                              pwrm.o (symbol from plugin) (setjmp)
../../../../sdk/JN-SW-4170/Components/Library\libPWRM_JN516x.a(pwrm_cold_start.o)
                              (AppColdStart)
../../../../sdk/JN-SW-4170/Components/Library\libPWRM_JN516x.a(pwrm_warm_start.o)
                              (AppWarmStart)
../../../../sdk/JN-SW-4170/Components/Library\libPDUM_JN516x.a(pdum_nwk.o)
                              zps_miniMac.o (symbol from plugin) (PDUM_eNPduAllocate)
../../../../sdk/JN-SW-4170/Components/Library\libPDUM_JN516x.a(pdum_apl.o)
                              ../../DimmableLight/Build/zll_CommissionCmdHandler.o (symbol from plugin) (PDUM_u16APduInstanceReadNBO)
../../../../sdk/JN-SW-4170/Components/Library\libPDUM_JN516x.a(pdum.o)
                              pdum_nwk.o (symbol from plugin) (PDUM_u16SizeNBO)
../../../../sdk/JN-SW-4170/Components/Library\libZPSAPL_JN516x.a(zps_apl_inl.o)
                              zps_mac_ie.o (symbol from plugin) (ZPS_pu8AplZdoGetVsOUI)
../../../../sdk/JN-SW-4170/Components/Library\libZPSAPL_JN516x.a(zps_apl_af.o)
                              ../../DimmableLight/Build/app_zlo_light_node.o (symbol from plugin) (ZPS_eAplAfInit)
../../../../sdk/JN-SW-4170/Components/Library\libZPSAPL_JN516x.a(zps_apl_af_apsde.o)
                              ../../DimmableLight/Build/zps_gen.o (symbol from plugin) (zps_vHandleApsdeDataFragIndNotSupported)
../../../../sdk/JN-SW-4170/Components/Library\libZPSAPL_JN516x.a(zps_apl_task.o)
                              zps_apl_af_apsde.o (symbol from plugin) (zps_vAplAfPostEvent)
../../../../sdk/JN-SW-4170/Components/Library\libZPSAPL_JN516x.a(zps_apl_apsde.o)
                              zps_apl_task.o (symbol from plugin) (ZPS_vAplRegisterApsdeDcfmIndCallbacks)
../../../../sdk/JN-SW-4170/Components/Library\libZPSAPL_JN516x.a(zps_apl_apsme.o)
                              zps_apl_task.o (symbol from plugin) (ZPS_vAplRegisterApsmeDcfmIndCallbacks)
../../../../sdk/JN-SW-4170/Components/Library\libZPSAPL_JN516x.a(zps_apl_aps_nlde.o)
                              zps_apl_task.o (symbol from plugin) (zps_vAplApsHandleNldeDcfmInd)
../../../../sdk/JN-SW-4170/Components/Library\libZPSAPL_JN516x.a(zps_apl_sec.o)
                              zps_apl_apsme.o (symbol from plugin) (zps_vGenerateHashForVerifiedKey)
../../../../sdk/JN-SW-4170/Components/Library\libZPSAPL_JN516x.a(zps_apl_aib.o)
                              ../../DimmableLight/Build/app_main.o (symbol from plugin) (zps_psAplAibGetAib)
../../../../sdk/JN-SW-4170/Components/Library\libZPSAPL_JN516x.a(zps_apl_zdo_nwkmanager.o)
                              zps_apl_apsme.o (symbol from plugin) (zps_vAplSaveRecord)
../../../../sdk/JN-SW-4170/Components/Library\libZPSAPL_JN516x.a(zps_apl_zdo_handle_zdp_event.o)
                              zps_apl_task.o (symbol from plugin) (zps_bAplZdoHandleZdpEvent)
../../../../sdk/JN-SW-4170/Components/Library\libZPSAPL_JN516x.a(zps_apl_zdo_trust_center.o)
                              zps_apl_inl.o (symbol from plugin) (zps_eAplTrustCenterFindDevice)
../../../../sdk/JN-SW-4170/Components/Library\libZPSAPL_JN516x.a(zps_apl_zdo_common.o)
                              zps_apl_zdo_nwkmanager.o (symbol from plugin) (zps_eAplZdoNlmeleaveWrapper)
../../../../sdk/JN-SW-4170/Components/Library\libZPSAPL_JN516x.a(zps_apl_zdo_group.o)
                              ../../DimmableLight/Build/GreenPowerCustomCommandResponses.o (symbol from plugin) (zps_eAplZdoGroupEndpointAdd)
../../../../sdk/JN-SW-4170/Components/Library\libZPSAPL_JN516x.a(zps_apl_zdo_default_server.o)
                              ../../DimmableLight/Build/zps_gen.o (symbol from plugin) (zps_vAplZdoDefaultServerInit)
../../../../sdk/JN-SW-4170/Components/Library\libZPSAPL_JN516x.a(zps_apl_zdo_bind_manager.o)
                              zps_apl_inl.o (symbol from plugin) (zps_eAplZdoBind)
[...]
Memory Configuration

Name             Origin             Length             Attributes
flash            0x0000000000080000 0x0000000000080000
ram              0x000000000400004c 0x0000000000007fb4
*default*        0x0000000000000000 0xffffffffffffffff

Linker script and memory map

                0x0000000000001964                __stack_size = 0x1964
                0x00000000000007d0                __minimum_heap_size = 0x7d0
START GROUP
LOAD ../../DimmableLight/Build/irq_JN516x.o
LOAD ../../DimmableLight/Build/portasm_JN516x.o
LOAD ../../DimmableLight/Build/port_JN516x.o
LOAD C:\Users\ADMINI~1\AppData\Local\Temp\cckPPlIE.ltrans0.ltrans.o
LOAD C:\Users\ADMINI~1\AppData\Local\Temp\cckPPlIE.ltrans1.ltrans.o
LOAD C:\Users\ADMINI~1\AppData\Local\Temp\cckPPlIE.ltrans2.ltrans.o
LOAD C:\Users\ADMINI~1\AppData\Local\Temp\cckPPlIE.ltrans3.ltrans.o
LOAD C:\Users\ADMINI~1\AppData\Local\Temp\cckPPlIE.ltrans4.ltrans.o
LOAD C:\Users\ADMINI~1\AppData\Local\Temp\cckPPlIE.ltrans5.ltrans.o
LOAD C:\Users\ADMINI~1\AppData\Local\Temp\cckPPlIE.ltrans6.ltrans.o
LOAD C:\Users\ADMINI~1\AppData\Local\Temp\cckPPlIE.ltrans7.ltrans.o
LOAD C:\Users\ADMINI~1\AppData\Local\Temp\cckPPlIE.ltrans8.ltrans.o
LOAD C:\Users\ADMINI~1\AppData\Local\Temp\cckPPlIE.ltrans9.ltrans.o
LOAD C:\Users\ADMINI~1\AppData\Local\Temp\cckPPlIE.ltrans10.ltrans.o
LOAD C:\Users\ADMINI~1\AppData\Local\Temp\cckPPlIE.ltrans11.ltrans.o
LOAD C:\Users\ADMINI~1\AppData\Local\Temp\cckPPlIE.ltrans12.ltrans.o
LOAD C:\Users\ADMINI~1\AppData\Local\Temp\cckPPlIE.ltrans13.ltrans.o
LOAD C:\Users\ADMINI~1\AppData\Local\Temp\cckPPlIE.ltrans14.ltrans.o
LOAD C:\Users\ADMINI~1\AppData\Local\Temp\cckPPlIE.ltrans15.ltrans.o
LOAD C:\Users\ADMINI~1\AppData\Local\Temp\cckPPlIE.ltrans16.ltrans.o
LOAD C:\Users\ADMINI~1\AppData\Local\Temp\cckPPlIE.ltrans17.ltrans.o
LOAD C:\Users\ADMINI~1\AppData\Local\Temp\cckPPlIE.ltrans18.ltrans.o
LOAD C:\Users\ADMINI~1\AppData\Local\Temp\cckPPlIE.ltrans19.ltrans.o
LOAD C:\Users\ADMINI~1\AppData\Local\Temp\cckPPlIE.ltrans20.ltrans.o
LOAD C:\Users\ADMINI~1\AppData\Local\Temp\cckPPlIE.ltrans21.ltrans.o
LOAD C:\Users\ADMINI~1\AppData\Local\Temp\cckPPlIE.ltrans22.ltrans.o
LOAD C:\Users\ADMINI~1\AppData\Local\Temp\cckPPlIE.ltrans23.ltrans.o
LOAD C:\Users\ADMINI~1\AppData\Local\Temp\cckPPlIE.ltrans24.ltrans.o
LOAD C:\Users\ADMINI~1\AppData\Local\Temp\cckPPlIE.ltrans25.ltrans.o
LOAD C:\Users\ADMINI~1\AppData\Local\Temp\cckPPlIE.ltrans26.ltrans.o
LOAD C:\Users\ADMINI~1\AppData\Local\Temp\cckPPlIE.ltrans27.ltrans.o
LOAD C:\Users\ADMINI~1\AppData\Local\Temp\cckPPlIE.ltrans28.ltrans.o
LOAD C:\Users\ADMINI~1\AppData\Local\Temp\cckPPlIE.ltrans29.ltrans.o
LOAD C:\Users\ADMINI~1\AppData\Local\Temp\cckPPlIE.ltrans30.ltrans.o
LOAD C:\Users\ADMINI~1\AppData\Local\Temp\cckPPlIE.ltrans31.ltrans.o
LOAD c:/nxp/bstudio_nxp/sdk/tools/ba-elf-ba2-r36379/bin/../lib/gcc/ba-elf/4.7.4/../../../../ba-elf/lib/mcpu_jn51xx_sizeopt\libc.a
LOAD c:/nxp/bstudio_nxp/sdk/tools/ba-elf-ba2-r36379/bin/../lib/gcc/ba-elf/4.7.4/mcpu_jn51xx_sizeopt\libgcc.a
LOAD c:/nxp/bstudio_nxp/sdk/tools/ba-elf-ba2-r36379/bin/../lib/gcc/ba-elf/4.7.4/../../../../ba-elf/lib/mcpu_jn51xx_sizeopt\libc.a
LOAD ../../DimmableLight/Build/app_main.o
LOAD ../../DimmableLight/Build/pdum_gen.o
LOAD ../../DimmableLight/Build/pdum_apdu.o
LOAD ../../DimmableLight/Build/zps_gen.o
LOAD ../../DimmableLight/Build/app_start_light.o
LOAD ../../DimmableLight/Build/app_scenes.o
LOAD ../../DimmableLight/Build/app_pdm_convert.o
LOAD ../../DimmableLight/Build/app_zlo_light_node.o
LOAD ../../DimmableLight/Build/app_zcl_light_task.o
LOAD ../../DimmableLight/Build/app_manage_temperature.o
LOAD ../../DimmableLight/Build/app_light_interpolation.o
LOAD ../../DimmableLight/Build/app_reporting.o
LOAD ../../DimmableLight/Build/app_power_on_counter.o
LOAD ../../DimmableLight/Build/app_green_power.o
LOAD ../../DimmableLight/Build/App_DimmableLight.o
LOAD ../../DimmableLight/Build/DriverBulb_DR1175.o
LOAD ../../DimmableLight/Build/DriverBulb_Shim.o
LOAD ../../DimmableLight/Build/app_buttons.o
LOAD ../../DimmableLight/Build/ZQueue.o
LOAD ../../DimmableLight/Build/ZTimer.o
LOAD ../../DimmableLight/Build/app_zps_link_keys.o
LOAD ../../DimmableLight/Build/GreenPower.o
LOAD ../../DimmableLight/Build/GreenPowerCommissioningNotification.o
LOAD ../../DimmableLight/Build/GreenPowerCommon.o
LOAD ../../DimmableLight/Build/GreenPowerCustomCommandHandler.o
LOAD ../../DimmableLight/Build/GreenPowerCustomCommandResponses.o
LOAD ../../DimmableLight/Build/GreenPowerDataIndication.o
LOAD ../../DimmableLight/Build/GreenPowerDirectCommandHandler.o
LOAD ../../DimmableLight/Build/GreenPowerNotification.o
LOAD ../../DimmableLight/Build/GreenPowerPairing.o
LOAD ../../DimmableLight/Build/GreenPowerPairingConfiguration.o
LOAD ../../DimmableLight/Build/GreenPowerPairingSearch.o
LOAD ../../DimmableLight/Build/GreenPowerProxyCommissioningMode.o
LOAD ../../DimmableLight/Build/GreenPowerProxyGPDHandler.o
LOAD ../../DimmableLight/Build/GreenPowerProxyTableRequest.o
LOAD ../../DimmableLight/Build/GreenPowerProxyTableResponse.o
LOAD ../../DimmableLight/Build/GreenPowerResponse.o
LOAD ../../DimmableLight/Build/GreenPowerScheduler.o
LOAD ../../DimmableLight/Build/GreenPowerSinkTableRequest.o
LOAD ../../DimmableLight/Build/GreenPowerSinkTableResponse.o
LOAD ../../DimmableLight/Build/GreenPowerTranslationTableRequest.o
LOAD ../../DimmableLight/Build/GreenPowerTranslationTableResponse.o
LOAD ../../DimmableLight/Build/GreenPowerTranslationTableUpdate.o
LOAD ../../DimmableLight/Build/gp.o
LOAD ../../DimmableLight/Build/Alarms.o
LOAD ../../DimmableLight/Build/AlarmsClientCommands.o
LOAD ../../DimmableLight/Build/AlarmsCommandHandler.o
LOAD ../../DimmableLight/Build/AlarmsServerCommands.o
LOAD ../../DimmableLight/Build/AlarmsTableManager.o
LOAD ../../DimmableLight/Build/AnalogInputBasic.o
LOAD ../../DimmableLight/Build/AnalogOutputBasic.o
LOAD ../../DimmableLight/Build/Basic.o
LOAD ../../DimmableLight/Build/BasicClientCommands.o
LOAD ../../DimmableLight/Build/BasicCommandHandler.o
LOAD ../../DimmableLight/Build/BinaryInputBasic.o
LOAD ../../DimmableLight/Build/BinaryOutputBasic.o
LOAD ../../DimmableLight/Build/DeviceTemperatureConfiguration.o
LOAD ../../DimmableLight/Build/Diagnostics.o
LOAD ../../DimmableLight/Build/Groups.o
LOAD ../../DimmableLight/Build/GroupsClientCommands.o
LOAD ../../DimmableLight/Build/GroupsCommandHandler.o
LOAD ../../DimmableLight/Build/GroupsServerCommands.o
LOAD ../../DimmableLight/Build/GroupsTableManager.o
LOAD ../../DimmableLight/Build/Identify.o
LOAD ../../DimmableLight/Build/IdentifyClientCommands.o
LOAD ../../DimmableLight/Build/IdentifyCommandHandler.o
LOAD ../../DimmableLight/Build/IdentifyServerCommands.o
LOAD ../../DimmableLight/Build/LevelControl.o
LOAD ../../DimmableLight/Build/LevelControlClientCommands.o
LOAD ../../DimmableLight/Build/LevelControlCommandHandler.o
LOAD ../../DimmableLight/Build/MultistateInputBasic.o
LOAD ../../DimmableLight/Build/MultistateOutputBasic.o
LOAD ../../DimmableLight/Build/OOSC.o
LOAD ../../DimmableLight/Build/OnOff.o
LOAD ../../DimmableLight/Build/OnOffCommandHandler.o
LOAD ../../DimmableLight/Build/OnOffCommands.o
LOAD ../../DimmableLight/Build/PollControl.o
LOAD ../../DimmableLight/Build/PollControlClientCommands.o
LOAD ../../DimmableLight/Build/PollControlCommandHandler.o
LOAD ../../DimmableLight/Build/PollControlServerCommands.o
LOAD ../../DimmableLight/Build/PowerConfiguration.o
LOAD ../../DimmableLight/Build/PowerProfile.o
LOAD ../../DimmableLight/Build/PowerProfileClientCommands.o
LOAD ../../DimmableLight/Build/PowerProfileCommandHandler.o
LOAD ../../DimmableLight/Build/PowerProfileServerCommands.o
LOAD ../../DimmableLight/Build/Scenes.o
LOAD ../../DimmableLight/Build/ScenesClientCommands.o
LOAD ../../DimmableLight/Build/ScenesClusterManagement.o
LOAD ../../DimmableLight/Build/ScenesCommandHandler.o
LOAD ../../DimmableLight/Build/ScenesServerCommands.o
LOAD ../../DimmableLight/Build/ScenesTableManager.o
LOAD ../../DimmableLight/Build/TC.o
LOAD ../../DimmableLight/Build/Time.o
LOAD ../../DimmableLight/Build/base_device.o
LOAD ../../DimmableLight/Build/mains_power_outlet.o
LOAD ../../DimmableLight/Build/on_off_output.o
LOAD ../../DimmableLight/Build/plug_control.o
LOAD ../../DimmableLight/Build/remote_control.o
LOAD ../../DimmableLight/Build/simple_sensor.o
LOAD ../../DimmableLight/Build/BallastConfiguration.o
LOAD ../../DimmableLight/Build/ColourControl.o
LOAD ../../DimmableLight/Build/ColourControlClientCommands.o
LOAD ../../DimmableLight/Build/ColourControlCommandHandler.o
LOAD ../../DimmableLight/Build/ColourControlConversions.o
LOAD ../../DimmableLight/Build/colour_controller.o
LOAD ../../DimmableLight/Build/colour_dimmable_light.o
LOAD ../../DimmableLight/Build/colour_dimmer_switch.o
LOAD ../../DimmableLight/Build/colour_scene_controller.o
LOAD ../../DimmableLight/Build/colour_temperature_light.o
LOAD ../../DimmableLight/Build/commission_endpoint.o
LOAD ../../DimmableLight/Build/control_bridge.o
LOAD ../../DimmableLight/Build/dimmable_ballast.o
LOAD ../../DimmableLight/Build/dimmable_light.o
LOAD ../../DimmableLight/Build/dimmable_plug.o
LOAD ../../DimmableLight/Build/dimmer_switch.o
LOAD ../../DimmableLight/Build/extended_colour_light.o
LOAD ../../DimmableLight/Build/light_level_sensor.o
LOAD ../../DimmableLight/Build/light_sensor.o
LOAD ../../DimmableLight/Build/non_colour_controller.o
LOAD ../../DimmableLight/Build/non_colour_scene_controller.o
LOAD ../../DimmableLight/Build/occupancy_sensor.o
LOAD ../../DimmableLight/Build/on_off_ballast.o
LOAD ../../DimmableLight/Build/on_off_light.o
LOAD ../../DimmableLight/Build/on_off_light_switch.o
LOAD ../../DimmableLight/Build/on_off_plug.o
LOAD ../../DimmableLight/Build/on_off_sensor.o
LOAD ../../DimmableLight/Build/Commissioning.o
LOAD ../../DimmableLight/Build/CommissioningClientCommands.o
LOAD ../../DimmableLight/Build/CommissioningCmdHandler.o
LOAD ../../DimmableLight/Build/CommissioningServerCommands.o
LOAD ../../DimmableLight/Build/zll_CommissionCmdHandler.o
LOAD ../../DimmableLight/Build/zll_UtilityCmdHandler.o
LOAD ../../DimmableLight/Build/zll_commission.o
LOAD ../../DimmableLight/Build/zll_utility.o
LOAD ../../DimmableLight/Build/dlist.o
LOAD ../../DimmableLight/Build/zcl.o
LOAD ../../DimmableLight/Build/zcl_CustomCommandReceive.o
LOAD ../../DimmableLight/Build/zcl_CustomCommandSend.o
LOAD ../../DimmableLight/Build/zcl_PDUbufferReadWrite.o
LOAD ../../DimmableLight/Build/zcl_PDUbufferReadWriteString.o
LOAD ../../DimmableLight/Build/zcl_WriteAttributesRequestHandle.o
LOAD ../../DimmableLight/Build/zcl_WriteAttributesRequestSend.o
LOAD ../../DimmableLight/Build/zcl_WriteAttributesResponseHandle.o
LOAD ../../DimmableLight/Build/zcl_attribute.o
LOAD ../../DimmableLight/Build/zcl_buffer.o
LOAD ../../DimmableLight/Build/zcl_clusterCommand.o
LOAD ../../DimmableLight/Build/zcl_command.o
LOAD ../../DimmableLight/Build/zcl_common.o
LOAD ../../DimmableLight/Build/zcl_configureReportingCommandHandle.o
LOAD ../../DimmableLight/Build/zcl_configureReportingCommandSend.o
LOAD ../../DimmableLight/Build/zcl_configureReportingResponseHandle.o
LOAD ../../DimmableLight/Build/zcl_defaultResponse.o
LOAD ../../DimmableLight/Build/zcl_discoverAttributesExtendedRequestHandle.o
LOAD ../../DimmableLight/Build/zcl_discoverAttributesExtendedRequestSend.o
LOAD ../../DimmableLight/Build/zcl_discoverAttributesExtendedResponseHandle.o
LOAD ../../DimmableLight/Build/zcl_discoverAttributesRequestHandle.o
LOAD ../../DimmableLight/Build/zcl_discoverAttributesRequestSend.o
LOAD ../../DimmableLight/Build/zcl_discoverAttributesResponseHandle.o
LOAD ../../DimmableLight/Build/zcl_discoverCommandsRequestHandle.o
LOAD ../../DimmableLight/Build/zcl_discoverCommandsRequestSend.o
LOAD ../../DimmableLight/Build/zcl_discoverCommandsResponseHandle.o
LOAD ../../DimmableLight/Build/zcl_event.o
LOAD ../../DimmableLight/Build/zcl_heap.o
LOAD ../../DimmableLight/Build/zcl_library_options.o
LOAD ../../DimmableLight/Build/zcl_readAttributesRequestHandle.o
LOAD ../../DimmableLight/Build/zcl_readAttributesRequestSend.o
LOAD ../../DimmableLight/Build/zcl_readAttributesResponseHandle.o
LOAD ../../DimmableLight/Build/zcl_readReportingConfigurationCommandHandle.o
LOAD ../../DimmableLight/Build/zcl_readReportingConfigurationCommandSend.o
LOAD ../../DimmableLight/Build/zcl_readReportingConfigurationResponseHandle.o
LOAD ../../DimmableLight/Build/zcl_reportManager.o
LOAD ../../DimmableLight/Build/zcl_reportMaths.o
LOAD ../../DimmableLight/Build/zcl_reportScheduler.o
LOAD ../../DimmableLight/Build/zcl_reportStringHandling.o
LOAD ../../DimmableLight/Build/zcl_reportStructure.o
LOAD ../../DimmableLight/Build/zcl_search.o
LOAD ../../DimmableLight/Build/zcl_timer.o
LOAD ../../DimmableLight/Build/zcl_transmit.o
LOAD ../../DimmableLight/Build/bdb_fr.o
LOAD ../../DimmableLight/Build/bdb_start.o
LOAD ../../DimmableLight/Build/bdb_state_machine.o
LOAD ../../DimmableLight/Build/appZpsBeaconHandler.o
LOAD ../../DimmableLight/Build/appZdpExtraction.o
LOAD ../../DimmableLight/Build/bdb_ns.o
LOAD ../../DimmableLight/Build/bdb_tl_router_target.o
LOAD ../../DimmableLight/Build/bdb_tl_common.o
LOAD ../../DimmableLight/Build/ecb_decrypt.o
LOAD ../../DimmableLight/Build/bdb_fb_common.o
LOAD ../../DimmableLight/Build/bdb_fb_target.o
LOAD ../../../../sdk/JN-SW-4170/Components/Library\libJPT_JN5169.a
LOAD ../../../../sdk/JN-SW-4170/Components/Library\libZPSMAC_Mini_SOC_JN516x.a
LOAD ../../../../sdk/JN-SW-4170/Components/Library\libPWRM_JN516x.a
LOAD ../../../../sdk/JN-SW-4170/Components/Library\libZPSTSV_JN516x.a
LOAD ../../../../sdk/JN-SW-4170/Components/Library\libAES_SW_JN516x.a
LOAD ../../../../sdk/JN-SW-4170/Components/Library\libPDUM_JN516x.a
LOAD ../../../../sdk/JN-SW-4170/Components/Library\libZPSAPL_JN516x.a
LOAD ../../../../sdk/JN-SW-4170/Components/Library\libRandom_JN516x.a
LOAD ../../../../sdk/JN-SW-4170/Components/Library\libPDM_EEPROM_NO_RTOS_JN516x.a
LOAD ../../../../sdk/JN-SW-4170/Components/Library\libDBG_JN516x.a
LOAD ../../../../sdk/JN-SW-4170/Components/Library\libZPSGP_JN516x.a
LOAD ../../../../sdk/JN-SW-4170/Components/Library\libZPSIPAN_JN516x.a
LOAD ../../../../sdk/JN-SW-4170/Components/Library\libZPSNWK_JN516x.a
LOAD ../../../../sdk/JN-SW-4170/Components/Library\libRecal_JN516x.a
LOAD ../../../../sdk/JN-SW-4170/Components/Library\libMiniMac_JN5169.a
LOAD ../../../../sdk/JN-SW-4170/Components/Library\libMiniMacShim_JN516x.a
LOAD ../../../../sdk/JN-SW-4170/Components/Library\libMMAC_JN5169.a
LOAD ../../../../sdk/JN-SW-4170/Components/Library\libJPT_JN5169.a
LOAD ../../../../sdk/JN-SW-4170/Components/Library\libAes_JN516x.a
LOAD ../../../../sdk/JN-SW-4170/Components/Library\libHardwareApi_JN5169.a
LOAD ../../../../sdk/JN-SW-4170/Components/Library\libMicroSpecific_JN516x.a
LOAD ../../../../sdk/JN-SW-4170/Components/Library\libBoot_JN516x.a
LOAD ../../../../sdk/JN-SW-4170/Platform/DK4/Library\libBoardLib_JN516x.a
LOAD ../../../../sdk/JN-SW-4170/Components/Library\libJPT_JN5169.a
LOAD c:/nxp/bstudio_nxp/sdk/tools/ba-elf-ba2-r36379/bin/../lib/gcc/ba-elf/4.7.4/../../../../ba-elf/lib/mcpu_jn51xx_sizeopt\libm.a
END GROUP
LOAD c:/nxp/bstudio_nxp/sdk/tools/ba-elf-ba2-r36379/bin/../lib/gcc/ba-elf/4.7.4/../../../../ba-elf/lib/mcpu_jn51xx_sizeopt\libc.a
LOAD c:/nxp/bstudio_nxp/sdk/tools/ba-elf-ba2-r36379/bin/../lib/gcc/ba-elf/4.7.4/mcpu_jn51xx_sizeopt\libgcc.a
LOAD c:/nxp/bstudio_nxp/sdk/tools/ba-elf-ba2-r36379/bin/../lib/gcc/ba-elf/4.7.4/../../../../ba-elf/lib/mcpu_jn51xx_sizeopt\libc.a
                0x0000000000080038                exception_vsr_table = 0x80038
                0x0000000004000000                pSPIflashFncTable = 0x4000000
                0x0000000000000044                restore_state = 0x44
                0x000000000000004a                bZSPIWaitWIPClear = 0x4a
                0x0000000000000050                u16ZSPIflashRDID = 0x50
                0x0000000000000056                u8SelectFlashChipType = 0x56
                0x000000000000005c                memcpy = 0x5c
                0x0000000000000066                vBootFlashProg = 0x66
                [0x00000000000007d0]                __minimum_heap_size = DEFINED (__minimum_heap_size)?__minimum_heap_size:0xd16
                [0x0000000000001964]                __stack_size = DEFINED (__stack_size)?__stack_size:0x800
                0x0000000000000000                _SwConfig = (DEFINED (g_bSWConf_Debug) | (DEFINED (g_bSWConf_AltDebugPort) << 0x1))

.version        0x000000000007fffc        0x4
                0x000000000007fffc        0x4 LONG 0xf03000b

.bir            0x0000000000080000       0x10
                0x0000000000080000                _flash_start = ABSOLUTE (.)
                0x0000000000080000                _flash_beg = ABSOLUTE (.)
                0x0000000000080000        0x4 LONG 0x12345678
                0x0000000000080004        0x4 LONG 0x11223344
                0x0000000000080008        0x4 LONG 0x55667788
                0x000000000008000c        0x1 BYTE 0x8
                0x000000000008000d        0x1 BYTE 0x1
                0x000000000008000e        0x2 SHORT 0x0

.flashheader    0x0000000000080010       0x28
                0x0000000000080010        0x4 LONG 0x0
                0x0000000000080014        0x4 LONG 0x0
                0x0000000000080018        0x4 LONG 0x0
                0x000000000008001c        0x2 SHORT 0x0
                0x000000000008001e        0x2 SHORT 0x0 ABSOLUTE (_SwConfig)
                0x0000000000080020                _enc_start = ABSOLUTE (.)
                0x0000000000080020        0x4 LONG 0x2f8c4 ABSOLUTE (_image_len)
                0x0000000000080024        0x4 LONG 0xaf1e8 ABSOLUTE (_flash_data_start)
                0x0000000000080028        0x2 SHORT 0x13 ((ABSOLUTE (_ram_data_start) / 0x4) & 0xffff)
                0x000000000008002a        0x2 SHORT 0x1b7 ((ABSOLUTE (_ram_data_len) / 0x4) & 0xffff)
                0x000000000008002c        0x2 SHORT 0x1ca ((ABSOLUTE (_bss_start) / 0x4) & 0xffff)
                0x000000000008002e        0x2 SHORT 0x131a ((ABSOLUTE (_bss_len) / 0x4) & 0xffff)
                0x0000000000080030        0x4 LONG 0xae59f ABSOLUTE (AppWarmStart)
                0x0000000000080034        0x4 LONG 0x815fc ABSOLUTE (AppColdStart)
                0x0000000000000000                _enc_offset = (_enc_start & 0xf)

.ro_mac_address
                0x0000000000080040        0x0
                0x0000000000080040                _FlsMACAddress = ABSOLUTE (.)
 *(.ro_mac_address)
                0x0000000000080040                . = ALIGN (0x10)

.ro_ota_header  0x0000000000080040        0x0
                0x0000000000080040                _FlsOtaHeader = ABSOLUTE (.)
 *(.ro_ota_header)
                0x0000000000080040                . = ALIGN (0x10)

.ro_se_lnkKey   0x0000000000080040        0x0
                0x0000000000080040                _FlsLinkKey = ABSOLUTE (.)
 *(.ro_se_lnkKey)
                0x0000000000080040                . = ALIGN (0x10)

.rodata         0x0000000000080038     0x14a3
 *(.rodata*)
 .rodata.str1.1
                0x0000000000080038       0x75 C:\Users\ADMINI~1\AppData\Local\Temp\cckPPlIE.ltrans0.ltrans.o
 *fill*         0x00000000000800ad        0x3 00
 .rodata        0x00000000000800b0      0x42c C:\Users\ADMINI~1\AppData\Local\Temp\cckPPlIE.ltrans0.ltrans.o
                0x00000000000800b0                g_psGreenPowerContext
                0x00000000000800b4                g_u32ApsFcSaveCountBitShift
                0x00000000000800b8                u8MaxZpsConfigEp
                0x00000000000800b9                au8EpMapPresent
                0x00000000000800bc                s_groupPdmTable
                0x00000000000800c4                psAplDefaultDistributedAPSLinkKey
                0x00000000000800c8                zps_g_pvApl
                0x00000000000800cc                pwrm_psWakeupCallbacks
 .rodata        0x00000000000804dc       0x40 C:\Users\ADMINI~1\AppData\Local\Temp\cckPPlIE.ltrans1.ltrans.o
 .rodata.str1.1
                0x0000000000000000       0x75 C:\Users\ADMINI~1\AppData\Local\Temp\cckPPlIE.ltrans1.ltrans.o
                                          0x8 (size before relaxing)
 .rodata.str1.1
                0x000000000008051c       0x16 C:\Users\ADMINI~1\AppData\Local\Temp\cckPPlIE.ltrans2.ltrans.o
                                         0x1c (size before relaxing)
 .rodata.str1.1
                0x0000000000000000       0x16 C:\Users\ADMINI~1\AppData\Local\Temp\cckPPlIE.ltrans3.ltrans.o
                                          0x3 (size before relaxing)
 .rodata        0x0000000000080532       0x73 C:\Users\ADMINI~1\AppData\Local\Temp\cckPPlIE.ltrans4.ltrans.o
 *fill*         0x00000000000805a5        0x3 00
 .rodata        0x00000000000805a8       0x6c C:\Users\ADMINI~1\AppData\Local\Temp\cckPPlIE.ltrans5.ltrans.o
 .rodata.str1.1
                0x0000000000000000       0x16 C:\Users\ADMINI~1\AppData\Local\Temp\cckPPlIE.ltrans5.ltrans.o
                                          0xb (size before relaxing)
 .rodata.str1.1
                0x0000000000000000       0x16 C:\Users\ADMINI~1\AppData\Local\Temp\cckPPlIE.ltrans6.ltrans.o
                                          0x4 (size before relaxing)
 .rodata        0x0000000000080614       0x20 C:\Users\ADMINI~1\AppData\Local\Temp\cckPPlIE.ltrans6.ltrans.o
 .rodata        0x0000000000080634      0x100 C:\Users\ADMINI~1\AppData\Local\Temp\cckPPlIE.ltrans7.ltrans.o
 .rodata.str1.1
                0x0000000000000000        0x2 C:\Users\ADMINI~1\AppData\Local\Temp\cckPPlIE.ltrans8.ltrans.o
 .rodata.str1.1
                0x0000000000080734       0x11 C:\Users\ADMINI~1\AppData\Local\Temp\cckPPlIE.ltrans9.ltrans.o
                                         0x27 (size before relaxing)
 .rodata.str1.1
                0x0000000000000000       0x11 C:\Users\ADMINI~1\AppData\Local\Temp\cckPPlIE.ltrans10.ltrans.o
                                          0x4 (size before relaxing)
 *fill*         0x0000000000080745        0x3 00
 .rodata        0x0000000000080748       0x18 C:\Users\ADMINI~1\AppData\Local\Temp\cckPPlIE.ltrans10.ltrans.o
                0x0000000000080748                s_aprIdleStHandleCme.246862
                0x000000000008075c                bDisableSourceRouting
                0x000000000008075d                g_bExternalPermitJoinControl
 .rodata.str1.1
                0x0000000000080760        0x6 C:\Users\ADMINI~1\AppData\Local\Temp\cckPPlIE.ltrans11.ltrans.o
                                          0xa (size before relaxing)
 *fill*         0x0000000000080766        0x2 00
 .rodata        0x0000000000080768       0x18 C:\Users\ADMINI~1\AppData\Local\Temp\cckPPlIE.ltrans11.ltrans.o
                0x0000000000080768                au32NwkPdmRecordOffsets
 .rodata.str1.1
                0x0000000000080780      0x310 C:\Users\ADMINI~1\AppData\Local\Temp\cckPPlIE.ltrans12.ltrans.o
                                        0x325 (size before relaxing)
 .rodata        0x0000000000080a90      0x1d4 C:\Users\ADMINI~1\AppData\Local\Temp\cckPPlIE.ltrans12.ltrans.o
                0x0000000000080a90                au32UartAddrOffset
                0x0000000000080a98                zps_pacNwkFrmStdByteFmt
                0x0000000000080a9c                zps_pacNwkFrmStdLongFmt
                0x0000000000080aa0                zps_pacNwkFrmStdHalfFmt
 .rodata.str1.1
                0x0000000000080c64       0x20 C:\Users\ADMINI~1\AppData\Local\Temp\cckPPlIE.ltrans13.ltrans.o
                                         0x26 (size before relaxing)
 .rodata.str1.1
                0x0000000000000000       0x20 C:\Users\ADMINI~1\AppData\Local\Temp\cckPPlIE.ltrans14.ltrans.o
                                          0xa (size before relaxing)
 .rodata        0x0000000000080c84       0xcc C:\Users\ADMINI~1\AppData\Local\Temp\cckPPlIE.ltrans15.ltrans.o
                0x0000000000080c88                s_aprActvStHandleCme.242764
                0x0000000000080cb4                CSWTCH.19.98883.98883
                0x0000000000080cd4                CSWTCH.22.98884.98884
                0x0000000000080cf4                CSWTCH.16.98882.98882
                0x0000000000080d14                au32EndDeviceTimeoutConstants
 .rodata.str1.1
                0x0000000000000000        0x6 C:\Users\ADMINI~1\AppData\Local\Temp\cckPPlIE.ltrans17.ltrans.o
 .rodata.str1.1
                0x0000000000000000        0x3 C:\Users\ADMINI~1\AppData\Local\Temp\cckPPlIE.ltrans18.ltrans.o
 .rodata        0x0000000000080d50       0x60 C:\Users\ADMINI~1\AppData\Local\Temp\cckPPlIE.ltrans18.ltrans.o
                0x0000000000080d50                pfnCallbackMcps
                0x0000000000080d54                g_u32NwkFcSaveCountBitShift
 .rodata.str1.1
                0x0000000000080db0       0xb5 C:\Users\ADMINI~1\AppData\Local\Temp\cckPPlIE.ltrans19.ltrans.o
                                         0xbd (size before relaxing)
 .rodata.str1.1
                0x0000000000080e65       0x20 C:\Users\ADMINI~1\AppData\Local\Temp\cckPPlIE.ltrans20.ltrans.o
                                         0x30 (size before relaxing)
 *fill*         0x0000000000080e85        0x3 00
 .rodata        0x0000000000080e88      0x398 C:\Users\ADMINI~1\AppData\Local\Temp\cckPPlIE.ltrans21.ltrans.o
                0x000000000008108c                gu32ZCLVersion
                0x0000000000081090                ZPS_g_u32MacVersion
                0x0000000000081094                PDUM_g_u32Version
                0x0000000000081098                ZPS_g_u32TsvVersion
 .rodata.str1.1
                0x0000000000081220       0x28 C:\Users\ADMINI~1\AppData\Local\Temp\cckPPlIE.ltrans21.ltrans.o
 .rodata.str1.1
                0x0000000000000000        0x6 C:\Users\ADMINI~1\AppData\Local\Temp\cckPPlIE.ltrans22.ltrans.o
 .rodata.str1.1
                0x0000000000081248       0xb9 C:\Users\ADMINI~1\AppData\Local\Temp\cckPPlIE.ltrans23.ltrans.o
                                         0xe5 (size before relaxing)
 .rodata.str1.1
                0x0000000000081301       0x28 C:\Users\ADMINI~1\AppData\Local\Temp\cckPPlIE.ltrans24.ltrans.o
                                         0x59 (size before relaxing)
 .rodata.str1.1
                0x0000000000081329       0x29 C:\Users\ADMINI~1\AppData\Local\Temp\cckPPlIE.ltrans26.ltrans.o
                                         0x3c (size before relaxing)
 .rodata        0x0000000000081352       0xff C:\Users\ADMINI~1\AppData\Local\Temp\cckPPlIE.ltrans26.ltrans.o
 .rodata.str1.1
                0x0000000000081451       0x25 C:\Users\ADMINI~1\AppData\Local\Temp\cckPPlIE.ltrans27.ltrans.o
                                         0x28 (size before relaxing)
 .rodata.str1.1
                0x0000000000081476       0x65 C:\Users\ADMINI~1\AppData\Local\Temp\cckPPlIE.ltrans28.ltrans.o

.text           0x00000000000814dc    0x2dd0a
 *(.text*)
 .text          0x00000000000814dc       0x50 ../../DimmableLight/Build/irq_JN516x.o
                0x00000000000814dc                PIC_ChannelPriorities
                0x00000000000814ec                PIC_SwVectTable
 .text          0x000000000008152c       0xd0 ../../DimmableLight/Build/portasm_JN516x.o
                0x000000000008152c                OSMIUM_HwVectTable
                0x0000000000081568                vExternalException
 .text          0x00000000000815fc     0x21e4 C:\Users\ADMINI~1\AppData\Local\Temp\cckPPlIE.ltrans0.ltrans.o
                0x00000000000815fc                AppColdStart
 .text          0x00000000000837e0     0x20f1 C:\Users\ADMINI~1\AppData\Local\Temp\cckPPlIE.ltrans1.ltrans.o
                0x0000000000083826                DBG_iUartGetChar
                0x000000000008390c                vMMAC_IntHandlerBbc
                0x0000000000083926                eBasicTxCompleteHandler
                0x000000000008392b                vTxRxTimeout.254253
                0x0000000000083988                eSmeUDNTScanDcfm.244100
                0x00000000000839a4                vMacMlmeCallBackHandler.96914
                0x0000000000083c7b                APP_cbTimerRadioRecal
                0x0000000000083d07                zps_eNwkHandleSmePollDcfm
                0x0000000000083d31                eSmeGenlScanDcfm.244663
                0x0000000000083d8f                zps_eNwkHandleSmeDutyCycleInd
                0x0000000000083db8                eSmeEdScScanDcfm.244659
                0x0000000000083e01                vMicroIntEnableOnly.constprop.250
                0x0000000000083e2d                PDM_vEnterCriticalSection
                0x0000000000083e5b                vMiniMac_MLME_SetReq_PanId
                0x0000000000083e98                vMiniMac_MLME_SetReq_ShortAddr
                0x0000000000083ea6                zps_eNwkRtDiscMatch.constprop.204
                0x0000000000083ef9                bAHI_FullFlashRead.constprop.198
                0x0000000000083fb4                zps_bAreCredPresent
                0x0000000000084094                ZPS_u8MacPibGetBeaconPayload.constprop.191
                0x00000000000840b0                vStartTimer.part.0.256141.constprop.178
                0x00000000000840d7                bWhite_LED_Off
                0x00000000000840eb                bGP_IsProxyTableEntryPresent.constprop.172
                0x000000000008415d                bGP_IsDuplicatePkt.constprop.171
                0x00000000000842ad                pvZCL_HeapAlloc.part.0.79969.constprop.167
                0x00000000000842e7                eZCL_WriteLocalAttributeValue.constprop.164
                0x00000000000843b3                BDB_eFbTriggerAsTarget
                0x00000000000843f6                eZCL_ReadLocalAttributeValue.constprop.161
                0x00000000000844bf                ZTIMER_eOpen.constprop.134
                0x0000000000084501                PDUM_vInit
                0x00000000000845aa                eCLD_OnOffSetGlobalSceneControl.constprop.32
                0x00000000000845d1                zps_bAplZdoServerHandleConfirmAcks.constprop.9
                0x000000000008461b                ZPS_eTsvStop
                0x000000000008465a                zps_vAplApsStopPollTimer.part.2.106498
                0x00000000000846e1                ZPS_vDefaultApsdeResources
                0x000000000008474f                ZPS_vResetBoundServerContext
                0x0000000000084752                eEdTimeoutRequestDataDcfm.233894
                0x0000000000084773                ZPS_u8GetChannelOffset
                0x00000000000847a6                pvHeap_Alloc
                0x00000000000847a9                zps_eSocMacSetTxBuffers.constprop.58
                0x00000000000847e4                vMicroIntRestoreState
                0x00000000000847f0                TSV_eStart
                0x0000000000084840                ZPS_eTsvStart
                0x000000000008487d                zps_vExpireOldRoutes
                0x0000000000084905                zps_eNwkBtrMatch
                0x0000000000084a02                PDM_vExitCriticalSection
                0x0000000000084a25                bAHI_WriteEEPROMfixSegmentData
                0x0000000000084a83                bAHI_InitialiseEEPROM
                0x0000000000084acb                vAHI_ReadDataFromEEPROMregister
                0x0000000000084af8                vAHI_WriteDataIntoEEPROMregister
                0x0000000000084b28                iAHI_WriteDataIntoEEPROMsegment.constprop.237
                0x0000000000084b76                iPDM_WriteSegmentHeaderDataIntoEEPROMsegment
                0x0000000000084ba5                u8AHI_WakeTimerFiredStatus
                0x0000000000084bb9                vAHI_WakeTimerStop.part.3.256618
                0x0000000000084bd9                vAHI_UartReset.part.4.256372
                0x0000000000084c11                vAHI_ClockXtalPull
                0x0000000000084c2e                vAHI_OptimiseWaitStates
                0x0000000000084c7a                bAHI_GetClkSource
                0x0000000000084c87                bAHI_SetClockRate.part.0.256042.constprop.155
                0x0000000000084d02                vAHI_SwReset
                0x0000000000084d33                vAHI_DioSetOutput
                0x0000000000084d47                TurnOnGreen
                0x0000000000084d55                TurnOnRed
                0x0000000000084d63                TurnOffGreen
                0x0000000000084d6d                APP_cbBlinkGreen
                0x0000000000084df6                TurnOffRed
                0x0000000000084e00                APP_cbBlinkRed
                0x0000000000084e52                vAHI_DioSetDirection
                0x0000000000084e66                bACI_WriteKey
                0x0000000000084e74                vACI_CmdWaitBusy
                0x0000000000084e81                bACI_ECBencodeBuffer.part.0.255703.constprop.220
                0x0000000000084f38                vACI_OptimisedCcmStar.constprop.207
                0x0000000000085124                i16JPT_ConvertEnergyTodBm
                0x0000000000085136                MAC_u64GetExtAddr
                0x0000000000085151                ZPS_u64NwkNibFindExtAddr
                0x00000000000851f7                eAppApiDefPlmeGet.part.0.254516
                0x0000000000085206                psSearchForFrameToSend
                0x000000000008525e                eMiniMac_FrameInProgress
                0x0000000000085289                vRemoveFromTxQueue
                0x00000000000852c5                vAddToTxQueue
                0x00000000000852fb                u8GetHeaderSize
                0x0000000000085323                vMiniMac_PLME_SetReq_CcaMode
                0x0000000000085337                vMiniMac_MLME_SetReq_MaxCsmaBackoffs
                0x0000000000085357                vMiniMac_MLME_SetReq_MaxBe
                0x000000000008537a                vMiniMac_MLME_SetReq_MinBe
                0x000000000008539d                zps_vSendJoinInd
                0x000000000008540c                zps_psFormatCmdFrameGeneral
                0x00000000000854b7                zps_eNwkFormStInit
                0x00000000000854e4                vSendDcfm.245403
                0x0000000000085509                bCheckMatchingEntry.244852
                0x000000000008552f                psAddToDiscNt.244648
                0x00000000000856cb                eSmeUDNTBeaconInd.244655
                0x00000000000856f0                zps_psNwkSlistRemoveFromHead
                0x0000000000085707                zps_psNwkSlistRemove
                0x000000000008573f                zps_bNwkMcpsMgrRemoveDescrFromLists
                0x000000000008577d                zps_vNwkSlistAddToTail
                0x0000000000085797                zps_vNwkMcpsMgrFreeReqDescr
                0x00000000000857cc                zps_vNwkRemoveConflictedBroadcast
                0x0000000000085821                ZPS_pvNwkSecGetNetworkKey
                0x0000000000085855                ZPS_vNwkSecResetDevice
                0x000000000008589d                ZPS_bNwkSecHaveNetworkKey
 .text.unlikely
                0x00000000000858d1       0x43 C:\Users\ADMINI~1\AppData\Local\Temp\cckPPlIE.ltrans1.ltrans.o
                0x00000000000858d1                vAHI_MemoryHold.256050
 .text          0x0000000000085914     0x1bf6 C:\Users\ADMINI~1\AppData\Local\Temp\cckPPlIE.ltrans2.ltrans.o
                0x0000000000085967                vCLD_IdentifyTimerClickCallback.30008
                0x00000000000859db                zps_bAplZdoNodeDescServer
                0x0000000000085b4d                zps_bAplZdoPowerDescServer
                0x0000000000085c71                zps_bAplZdoActiveEpServer
                0x0000000000085d5a                zps_bAplZdoSystemServerDiscoveryServer
                0x0000000000085de6                vZdoServersInit.3336
                0x0000000000085f6f                vPostVsMcpsDcfmInd.122861
                0x0000000000085ff9                zps_bAplZdoSimpleDescServer
                0x0000000000086247                vZGPParseMacMcpsData
                0x00000000000863f4                zps_vAplAfPostTimerEvent
                0x0000000000086494                vPostMlmeDcfmInd.122847
                0x0000000000086543                bGP_GPDFValidityCheck
                0x00000000000866e9                vGP_RestorePersistedData
                0x000000000008676d                bGP_CheckFrameToBeProcessed
                0x00000000000867ae                u16ZCL_GetTxPayloadSize
                0x00000000000867e6                PWRM_vWakeInterruptCallback
                0x000000000008686d                u8ZdoBindUnbindServerUnpackApdu
                0x00000000000868bc                eCLD_ScenesSetLastConfiguredBy.isra.2.37940
                0x00000000000868f3                zps_vSendJoinDcfm
                0x0000000000086939                vGiveUp.248191
                0x0000000000086971                ZPS_eTsvOpen
                0x000000000008698e                zps_vNwkMcpsMgrInit
                0x0000000000086a30                zps_eNwkHandleSceNwkUpdate
                0x0000000000086a54                ZPS_u16NwkNibFindNwkAddr
                0x0000000000086af5                zps_sZgpAddTxQueue
                0x0000000000086c15                zps_bZgpRemoveTxQueue
                0x0000000000086ca3                ZPS_psZgpFindGpstEntry
                0x0000000000086cfa                vGP_RemoveGPDFromProxySinkTable
                0x0000000000086d77                iPDM_FilterDuplicateAppendedSegmentsOnList.224693
                0x0000000000086dbe                u8PDM_CalculateLargestDataRecordStored
                0x0000000000086def                eCLD_ScenesFindActiveScene
                0x0000000000086e0c                ZPS_u8MacIFTGetChannelMaskCount
                0x0000000000086e4c                ZPS_u8MacIFTGetIntfState
                0x0000000000086e69                zps_vNwkHandleCmeGetInterface
                0x0000000000086fb5                u32GetScanChannels.isra.3.113782
                0x0000000000086fea                ZPS_vMacIFTGetChannelMaskFromMacId
                0x000000000008706c                ZPS_bIsMacAddressUsedInApsTable
                0x000000000008713d                eCLD_GroupsCheckGroupExists
                0x00000000000871aa                ZPS_vGetDeviceCurrentData.constprop.15
                0x0000000000087229                vNwkMcpsSendTimedDfcm
                0x000000000008726e                zps_vNwkBttMgrInit
                0x000000000008729c                ZPS_vNwkNibClearTables
                0x00000000000873c7                ZPS_u8GrabMutexLock.constprop.254
                0x000000000008740a                ZPS_u8ReleaseMutexLock.constprop.253
                0x0000000000087435                zps_eAplZdoBdrmRequestSend
                0x00000000000874b0                vProcessTimedList.234961
                0x00000000000874f7                zps_vNwkMcpsMgrPostTimed
 .text          0x000000000008750a     0x2365 C:\Users\ADMINI~1\AppData\Local\Temp\cckPPlIE.ltrans3.ltrans.o
                0x000000000008750a                vNwkMcpsTimerCallback
                0x0000000000087524                zps_eSceGenlIllegal
                0x000000000008752b                zps_eSmeGenlIllegal
                0x0000000000087532                DBG_vUartFailedAssert
                0x0000000000087536                zps_bAplZdoBindRequestServer
                0x000000000008766e                vPostMcpsDcfmInd.122854
                0x0000000000087671                psGetVsMcpsBuf.122858
                0x000000000008767a                psGetMlmeBuf.122844
                0x0000000000087683                psGetMcpsBuf.122851
                0x000000000008768c                zps_vExpireRequestKeyReq.113705
                0x0000000000087706                psGetNlmeBuf.103988
                0x000000000008770f                psGetNldeBuf.104009
                0x0000000000087718                psGetApsmeBuf.103995
                0x000000000008771e                psGetApsdeBuf.104002
                0x0000000000087837                vLoopbackTimerCallback
                0x00000000000879c7                ZPS_bNwkSecFindMatSet
                0x0000000000087a03                zps_eNwkRctMatchNwkAddr
                0x0000000000087a6d                ZPS_u8NwkCalcNldeReqOverhead
                0x0000000000087aa8                zps_vRemoveNextHop
                0x0000000000087b5d                zps_vRemoveRoute
                0x0000000000087bf4                zps_psNwkRtMatchNwkAddr
                0x0000000000087c6a                zps_vNwkFreeMcpsHandle
                0x0000000000087c94                zps_u8NwkAllocateMcpsHandle
                0x0000000000087ce5                zps_psNwkMcpsMgrFindPendingByNwkDstAddr
                0x0000000000087cfb                ZPS_u64NwkNibGetMappedIeeeAddr
                0x0000000000087d2b                ZPS_bNwkNibNtActvMatch
                0x0000000000087ddd                bCheckNwkAddr
                0x0000000000087e26                bIsBindTableMatch.108189
                0x0000000000087e8e                eRemoveEntryInBindingTable.108193
                0x0000000000087f12                zps_eAplTrustCenterFindDevice
                0x0000000000087f56                ZPS_vSetExtendedStatus
                0x0000000000087f68                zps_eNwkRtMatch
                0x0000000000088076                eAllocateNPDU.99145
                0x00000000000880d9                PDUM_eNPduClone
                0x0000000000088125                PDUM_hAPduAllocateAPduInstance
                0x000000000008817f                hZCL_AllocateAPduInstance
                0x00000000000881bc                zps_eAplZdoSendZdpResponse
                0x0000000000088205                bSendResponse.142237
                0x0000000000088248                zps_psApsApsAllocateDcfmRecord
                0x00000000000882b6                zps_u8CalcLinkCost
                0x00000000000882f2                ZPS_u8NwkNibNtDiscMatch
                0x00000000000883d6                zps_u8NwkLibChannelLow
                0x00000000000883e5                zps_u64NwkLibFromPayload
                0x0000000000088424                zps_vNwkLibU64ToPayload
                0x0000000000088451                zps_eNwkDcfmIndPost
                0x0000000000088473                zps_psNwkDcfmIndGetBuf
                0x0000000000088495                eRouteRequestDataDcfm.239719
                0x00000000000884e9                eNldeDataDcfm.237437
                0x0000000000088519                zps_vSendNwkStatusInd
                0x0000000000088549                eLeaveDataDcfmRemoteLeave.230945
                0x00000000000885a4                DBG_vInit
                0x00000000000885e6                psSLISTsearch
                0x0000000000088626                iPDM_SearchForSpecificSegmentInList
                0x0000000000088658                bPDM_FindLastMarkerSegment.223916
                0x00000000000886a5                psSLISTremove
                0x0000000000088723                psSLISTgetNext
                0x0000000000088747                iSLISTnumberOfNodes
                0x000000000008875e                u8PDM_CalculateFileSystemCapacity
                0x0000000000088773                u8PDM_ReadSequenceNumber
                0x0000000000088796                boSegmentNumberDeleteSearchMatch.224074
                0x00000000000887b1                u8PDM_ReadSegmentDataSize
                0x00000000000887c5                u32PDM_ReadFileSystemHeaderWearCount
                0x00000000000887db                boSearchForWearCountSubstitute.224394
                0x0000000000088801                boSearchForWearCountInsertPoint.223623
                0x000000000008881f                vPDM_WriteFileSystemHeaderWearCount
                0x0000000000088831                vPDM_ReadBitmapHeader.222534
                0x0000000000088850                RND_u32GetRand256
                0x000000000008886d                RND_u32GetRand
                0x0000000000088895                u16CalculateFailedTxCount
                0x00000000000888c5                vZdoIeeeAddrServerSendExtendResponse.part.0.126945
                0x0000000000088929                vZdoNwkAddrServerSendExtendResponse.part.0.125679
                0x000000000008898d                zps_bPerformLeaveActionDecider
                0x0000000000088992                vHandleUpdateDeviceIndication.113737
                0x00000000000889bc                zps_vByteCopy.part.2.109877
                0x00000000000889d8                zps_vByteCopy
                0x00000000000889f0                bDuplicateCheck.109685
                0x0000000000088afd                zps_vAplApsInitDuplicateTable
                0x0000000000088b20                eHandleRemoveNonBroadcastEndpointsFromGroup.108169
                0x0000000000088b98                eHandleAddEntryToGroupTable.108156
                0x0000000000088bf4                zps_vAplApsInitFragTransmitPool
                0x0000000000088c15                zps_vAplApsFillAndPostApsAck
                0x0000000000088c7f                zps_u8AplApsFreeMsgHandle
                0x0000000000088ce9                zps_vAplApsInitSyncMsgPool
                0x0000000000088d21                zps_vAplApsInitFragReceivePool
                0x0000000000088d44                vFillDataIndStruct.103666
                0x0000000000088da2                vFillApduErrorEvent.103659
                0x0000000000088de5                bCheckProfile.103654
                0x0000000000088e2c                vWrite64Nbo
                0x0000000000088e59                vWrite32Nbo
                0x0000000000088e71                ZPS_bIsGroupPresent
                0x0000000000088ea9                PDUM_u16SizeNBO
                0x0000000000088f07                PDUM_u16APduInstanceWriteStrNBO
                0x0000000000089086                PDUM_eNPduReadHeaderNBO
                0x00000000000890d9                PDUM_eNPduReadFooterNBO.part.5.99214
                0x000000000008911e                PDUM_u16APduInstanceReadNBO
                0x0000000000089169                PDUM_eNPduPrependHeaderNBO
                0x00000000000891c4                zps_vInitAPSMECmdHdr
                0x00000000000891fb                PDUM_eNPduAppendDataNBO
                0x0000000000089258                PDUM_u16APduInstanceWriteNBO
                0x00000000000892c2                PDUM_thAPduInstanceGetApdu
                0x00000000000892dd                PDUM_eAPduFreeAPduInstance
                0x0000000000089343                zps_bAplZdoMgmtLqiServer
                0x0000000000089578                zps_bAplZdoMgmtRtgServer
                0x00000000000896b8                PDUM_eAPduInstanceSetPayloadSize
                0x00000000000896e0                PDUM_eNPduWriteDataFromBuffer
                0x000000000008973a                PDUM_eNPduWriteDataToBuffer
                0x0000000000089798                PDUM_eNPduWriteFromBuffer
                0x00000000000897c1                PDUM_eNPduDescend
                0x00000000000897e7                PDUM_eNPduAscend
                0x000000000008980d                ZPS_vInterceptMcpsDataCallback
 *fill*         0x000000000008986f        0x1 00
 .text          0x0000000000089870     0x1b54 C:\Users\ADMINI~1\AppData\Local\Temp\cckPPlIE.ltrans4.ltrans.o
                0x00000000000898d4                DBG_vUartFlush
                0x0000000000089901                DBG_vUartPutch
                0x0000000000089947                vPermitJoinHandleExpiry.238497
                0x0000000000089950                zps_vNwkHandleCmePermitJoinReq
                0x00000000000899b8                boIdValueSearchMatch.223627
                0x0000000000089ab5                u16GP_APduInstanceReadWriteLongString
                0x0000000000089c20                psGetTxFrameBuffer
                0x0000000000089c5c                psGetAndBuildCoordRealignment
                0x0000000000089cb4                vMMAC_RadioToOffAndWait
                0x0000000000089cd1                vStartReceive
                0x0000000000089ced                vSetChannelAndPower
                0x0000000000089e76                vMiniMac_PLME_SetReq_Power
                0x0000000000089e8a                vMiniMac_PLME_SetReq_Channel
                0x0000000000089e92                eCLD_ScenesSaveClusters.constprop.41
                0x000000000008a034                vCLD_ScenesUpdateSceneValid
                0x000000000008a0b1                eCLD_OnOffSceneEventHandler.33080
                0x000000000008a14c                eCLD_LevelControlUpdate
                0x000000000008a3c1                eCLD_LevelControlStopTransition
                0x000000000008a3f4                eCLD_LevelControlSetOnOffState
                0x000000000008a528                ZPS_vMacPibSetBeaconPayload.constprop.227
                0x000000000008a55d                zps_vInitBeaconPayload
                0x000000000008a5b8                iPDM_ReadUserDataFromEEPROMsegment
                0x000000000008a632                iPDM_ReCalculateWearCountAndChecksumAndWriteFileSystemHeader
                0x000000000008a67c                vPDM_SetEEPROMandFileSystemValidState
                0x000000000008a6a3                iPDM_ReadUserDataFromFileSystemRecord
                0x000000000008a6c3                iPDM_CompareDataInFileRecords.223887
                0x000000000008a6ff                vPDM_WriteFileSystemRecordAndSegmentDataIntoEEPROMsegment
                0x000000000008a73a                vMiniMac_ReturnTxBufferCallback
                0x000000000008a7a3                vTimerFired
                0x000000000008a9d1                vMiniMac_NextTransaction
                0x000000000008aa3b                eTransmit
                0x000000000008ab09                vMiniMac_TxComplete
                0x000000000008abfb                u16ZCL_APduInstanceWriteNBO
                0x000000000008ac4f                u16ZCL_WriteCommandHeader
                0x000000000008acc7                u16ZCL_APduInstanceReadNBO
                0x000000000008ad18                u16ZCL_ReadCommandHeader.part.0.71505
                0x000000000008ad8f                eZCL_CustomCommandReceiveScenes.isra.0.part.1.37924.constprop.28
                0x000000000008ae83                u16ZCL_APduInstanceWriteStringNBO.part.0.68503
                0x000000000008af5f                u16ZCL_APduInstanceReadStringNBO
                0x000000000008b033                eZCL_GetAttributeTypeSizeFromBuffer
                0x000000000008b0aa                iPDM_ReadSegmentHeaderDataFromEEPROMsegment
                0x000000000008b103                eCLD_ScenesUpdate
 .text          0x000000000008b3c4     0x1a16 C:\Users\ADMINI~1\AppData\Local\Temp\cckPPlIE.ltrans5.ltrans.o
                0x000000000008b3fe                eSmeASFlBeaconInd.244671
                0x000000000008b420                DBG_vUartInitHardware
                0x000000000008b55d                eSmeAcScBeaconInd.244679
                0x000000000008b66d                zps_psAllocateAndFormatMacHdr
                0x000000000008b9d0                bPCA9634_WriteRegister
                0x000000000008ba4e                zps_vDefaultNwkLayer
                0x000000000008bc84                ZPS_vMacPibSetRxOnWhenIdle
                0x000000000008bc8d                vDLISTaddToHead
                0x000000000008bcb6                vDLISTaddToTail
                0x000000000008bcd9                psDLISTremoveFromHead
                0x000000000008bd04                psDLISTremove
                0x000000000008bd52                eZCL_TimerRegister.part.1.88180.constprop.81
                0x000000000008bd93                vApp_GP_RegisterDevice.constprop.77
                0x000000000008bfc3                eGp_BufferTransmissionPacket
                0x000000000008c12a                bGP_AliasPresent
                0x000000000008c272                iPDM_SearchForBufferIdInList
                0x000000000008c2a7                iPDM_ReadUserDataFromSegmentOnListWithId
                0x000000000008c2e5                iPDM_SearchForBufferIdInFileSystem
                0x000000000008c2f8                iPDM_ReadUserDataFromSegmentWithId
                0x000000000008c32d                PDM_eReadDataFromRecord.part.0.222884
                0x000000000008c3b4                PDM_eReadDataFromRecord
                0x000000000008c3d4                vLoadAplRecord.113766
                0x000000000008c402                vLoadNwkRecord.235937
                0x000000000008c43a                vMiniMac_Init
                0x000000000008c7fe                eBuildAndSend.253906
                0x000000000008c873                zps_vSocMacHandleMcpsVsReqRsp.constprop.209
                0x000000000008ca02                eZCL_TransmitInterPanRequest.constprop.183
                0x000000000008cbf3                eCLD_ZllCommissionCommandNetworkStartRspCommandSend.constprop.182
                0x000000000008cc51                BDB_eTlSendScanResponse.94534.constprop.173
 .text.unlikely
                0x000000000008cdda       0x31 C:\Users\ADMINI~1\AppData\Local\Temp\cckPPlIE.ltrans5.ltrans.o
                0x000000000008cdda                eCLD_ZllCommissionCommandNetworkJoinRouterRspCommandSend.constprop.181
 .text          0x000000000008ce0b     0x1714 C:\Users\ADMINI~1\AppData\Local\Temp\cckPPlIE.ltrans6.ltrans.o
                0x000000000008ce41                vRetryCcaFailure
                0x000000000008cedb                APP_cbTimerButtonScan
                0x000000000008d2be                zps_bAplZdoMatchDescServer
                0x000000000008d2d2                eBeaconReqSent.253900
                0x000000000008d2f9                dbg_vPrintfImplNoneVerbose
                0x000000000008d781                ZPS_bSecEncrypt
                0x000000000008d932                DriverBulb_vInit.part.0.10181
                0x000000000008da21                eZCLAddReport
                0x000000000008dcca                eZCL_CreateLocalReport.constprop.87
                0x000000000008dd37                vMiniMac_ReturnRxBufferCallback
                0x000000000008dd63                eCLD_ScenesCountScenes
                0x000000000008dd7d                AESSW_vMMOFinalUpdate
                0x000000000008de40                AESSW_vHMAC_MMO
                0x000000000008dede                zps_pvAesGetKeyFromInstallCode
                0x000000000008e06c                ZPS_vSetKeys
                0x000000000008e116                boPDM_IsBitmapSaturated.222569
                0x000000000008e15f                APP_bButtonInitialise
                0x000000000008e1a5                ZPS_u8MacIFTAddUpdateChannelMask
                0x000000000008e23f                ZPS_u16MacIFTGetIDByChannelMask
                0x000000000008e284                zps_eAplAibSetApsChannelMask
                0x000000000008e2af                DriverBulb_vSetOnOff
                0x000000000008e2d4                vLI_UpdateDriver
                0x000000000008e311                vLI_Start.constprop.175
                0x000000000008e359                vSetBulbState
                0x000000000008e379                zps_psNwkInitCmdFrame
                0x000000000008e3f8                eSendLinkStatusDataDcfm.part.1.232636
 *fill*         0x000000000008e51f        0x1 00
 .text          0x000000000008e520     0x1dfc C:\Users\ADMINI~1\AppData\Local\Temp\cckPPlIE.ltrans7.ltrans.o
                0x000000000008e520                vMcpsMgrExpiry.234884
                0x000000000008e57f                vMiniMac_MlmeCallback
                0x000000000008e7f8                ePollReqSent.253453
                0x000000000008e980                vScanBeaconReceived
                0x000000000008e9bf                vRunningRxCallback
                0x000000000008ecbf                vPostDcfm.253917
                0x000000000008ed28                vScanNextChannel.253904
                0x000000000008eed8                vSaveScenesNVM
                0x000000000008ef7e                eZLO_RegisterDimmableLightEndPoint.constprop.68
                0x000000000008f541                eCLD_GroupsRemoveAllGroups
                0x000000000008f5ec                APP_vRemoveAllGroupsAndScenes
                0x000000000008f5fe                vR21_ConvertToR22_BindingTable.4856
                0x000000000008f757                vR21_ConvertToR22_NT.4861
                0x000000000008f80e                vR21_ConvertToR22_Aib.4898
                0x000000000008f872                vR21_ConvertToR22_Nib.4942
                0x000000000008f8fe                vSaveZCLRecord.6772
                0x000000000008f9bb                vResetZCLRecords
                0x000000000008f9fa                vLoadDefaultConfigForReportable
                0x000000000008fa40                vRestoreDefaultRecord
                0x000000000008fa8b                vManagePowerOnCountInit
                0x000000000008fad3                APP_cbTimerPowerCount
                0x000000000008fb4a                zps_psFindKeyDescr
                0x000000000008fc6b                zps_eAplZdoGroupEndpointRemove.part.1.119018
                0x000000000008fcf0                zps_eAplAibSetApsUseExtendedPanId
                0x000000000008fd06                APP_vFactoryResetRecords
                0x000000000008ff84                ZPS_vNMPurgeEntry
                0x0000000000090144                vInitUnknownNeighbor.234968.constprop.143
                0x000000000009019d                ZPS_vSetDevicePreviousData.constprop.16
 .text          0x000000000009031c     0x1c45 C:\Users\ADMINI~1\AppData\Local\Temp\cckPPlIE.ltrans8.ltrans.o
                0x0000000000090365                zps_bAplZdoParentAnnceServer
                0x00000000000904ff                zps_vAplSaveRecord
                0x0000000000090687                zps_bNwkFindAddIeeeAddr
                0x000000000009080f                eMakeEntryInBindingTable.isra.2.108203
                0x00000000000908aa                zps_eAplZdoAddReplaceLinkKey_W
                0x000000000009096e                zps_eNwkHandleSceLinkStatus
                0x0000000000090aa2                ZPS_bNwkNibAddrMapAddEntry
                0x0000000000090c57                zps_vAgeRouter
                0x0000000000090c90                zps_eNwkHandleSdeActvDcfmData
                0x0000000000090e15                vMcpsMgrTimeoutExpiry
                0x0000000000090e7f                zps_vNwkSecondTickHandleExpiry
                0x000000000009106a                zps_eNwkHandleSceRouteRequest
                0x000000000009153e                zps_sNwkNibNtCheckJoin.part.8.236683
                0x00000000000917f7                zps_vNwkHandleCmeDirectJoinReq
                0x00000000000918a0                zps_vJoinInitNtParent
                0x0000000000091a84                zps_vCheckActvNtForDuplicate
                0x0000000000091b24                eSmeOrphScanDcfm.248662
                0x0000000000091b9c                eCheckAddrConflict.isra.7.234023
                0x0000000000091c37                vAplSecRemoveLinkKey.113822
                0x0000000000091d07                zps_u8NwkHandleRejoinReq
                0x0000000000091dc7                vContinueRejoin.247357
                0x0000000000091e6e                zps_vProcessLocalAddrConflict
                0x0000000000091f19                ZPS_vNwkSaveAllRecords
                0x0000000000091f42                zps_vSaveAllZpsRecords
 .text          0x0000000000091f61     0x1a22 C:\Users\ADMINI~1\AppData\Local\Temp\cckPPlIE.ltrans9.ltrans.o
                0x0000000000091f61                vPDM_MoveAllDataFromListToList.constprop.235
                0x0000000000091f9e                vPDM_MoveAllDataToDeAllocList.constprop.234
                0x0000000000091fc6                vPDM_MoveFileRecordFromListToList
                0x0000000000091fea                iPDM_SelectValidFileRecordInstance.223471
                0x00000000000920d2                vPDM_MoveRecordToDeAllocList
                0x00000000000920f2                vIncrementFrameCounterInPdm.isra.0.236389
                0x00000000000923e7                ZPS_vNwkMacDataPollRequest
                0x000000000009257e                vProcessListsForSubmission.235057
                0x00000000000927c8                zps_vNwkMcpsMgrPost
                0x00000000000929dc                zps_vNwkHandleCmeRouteDiscoveryReq
                0x0000000000092baa                zps_psSendFrm
                0x0000000000092f08                zps_psSendBroadcastFrm.part.0.246092
                0x0000000000092f70                zps_eNwkHandleSceRouteRecord
                0x0000000000093067                zps_psNwkSendLeaveCmd
                0x00000000000930cf                zps_psNwkPropagateLocalLeave
                0x00000000000930f7                zps_psSendNetworkStatusCmd
                0x0000000000093164                zps_eDefaultDataDcfm
                0x0000000000093256                vSendNetworkReport.233752
                0x0000000000093334                psSendRouteReplyCmd.239701
                0x0000000000093446                zps_eNwkHandleSceRouteReply
                0x0000000000093719                zps_psSendNetworkLinkPowerDelta.241127
                0x00000000000937ab                zps_eNwkHandleSceNwkLinkPowerDelta
                0x00000000000937c5                zps_psNwkSendRejoinReqCmd
                0x0000000000093843                iPDM_ReconstructAtRunTimeReplacedDataTable
 *fill*         0x0000000000093983        0x1 00
 .text          0x0000000000093984     0x179c C:\Users\ADMINI~1\AppData\Local\Temp\cckPPlIE.ltrans10.ltrans.o
                0x0000000000093984                vBbcIntHandler.252792
                0x0000000000093c7b                eAssocRespSent.253109
                0x0000000000093cd3                zps_vNwkHandleCmeIdleNwkFormReq
                0x0000000000093de4                zps_vNwkHandleCmeNwkDiscReq
                0x0000000000093e5e                zps_vNwkHandleCmeEdScanReq
                0x0000000000093f05                zps_vNwkHandleCmeActvStartRouterReq
                0x0000000000093f9c                zps_vNwkHandleCmeSyncReq
                0x000000000009415d                zps_eNwkHandleSmeBeaconNotifyInd
                0x00000000000941eb                zps_eNwkHandleSceNwkReport
                0x0000000000094271                zps_vNwkHandleCmeNwkJoinReq
                0x00000000000945b6                zps_vNwkHandleCmeNwkActvJoinReq
                0x00000000000945c2                eSmeEdScScanDcfm.245407
                0x0000000000094672                eSmeAcScScanDcfm.245414
                0x0000000000094b3a                zps_eRejoinDataDcfm
                0x0000000000094bf7                eSmeAsocAssocDcfm.248817
                0x0000000000094c7b                eSmeRjPCPollDcfm.248813
                0x0000000000094cbc                eSceRjRsRejoinRsp.248780
                0x0000000000094d94                zps_vZgpDeviceActiveTimerExpiry
                0x0000000000094e70                zps_bAplZdoDeviceAnnceServer
 .text          0x0000000000095120     0x1777 C:\Users\ADMINI~1\AppData\Local\Temp\cckPPlIE.ltrans11.ltrans.o
                0x0000000000095120                vPDM_MoveAllDataWithBufferIdFromListToList
                0x00000000000951de                vPDM_DeleteSegmentsWithIdFromFileSystem
                0x00000000000951ff                PDM_vDeleteDataRecord
                0x0000000000095236                vAPP_GP_ResetData
                0x0000000000095263                vPDM_DeleteAppendedSequence
                0x0000000000095305                vPDM_MoveAllDataWithBufferIdAndStateFromListToList
                0x000000000009538a                iPDM_CreateCandidateBufferList
                0x000000000009548e                iPDM_ReconstructReplacedDataTable
                0x0000000000095582                iPDM_ReplaceChangedSegmentInSequence
                0x0000000000095682                PDM_eSaveRecordData
                0x0000000000095a18                ZPS_vNwkSaveRecord
                0x0000000000095a44                ZPS_vNwkNibSetNwkAddr
                0x0000000000095a6d                zps_eNwkHandleSceRejnResponse
                0x0000000000095aca                ZPS_vNwkNibSetExtPanId
                0x0000000000095afb                ZPS_vNwkNibSetKeySeqNum
                0x0000000000095b0e                ZPS_vNwkNibSetDepth
                0x0000000000095b44                ZPS_vNwkNibSetUpdateId
                0x0000000000095b6e                vSendNetworkUpdate.233756
                0x0000000000095ca3                ZPS_vNwkNibSetPanId
                0x0000000000095cc1                ZPS_vNwkNibSetCapabilityInfo
                0x0000000000095cee                ZPS_vNwkNibSetChannel
                0x0000000000095d0c                vGP_SendResponseGPDF
                0x0000000000095e3a                ZPS_vNwkSaveNt
                0x0000000000095e76                ZPS_vNwkPurgeMacAddressAndRelatedEntries.part.5.236550
                0x0000000000095f87                ZPS_vNtSetUsedStatus
                0x0000000000096055                zps_vBuildSortedActvNTList
                0x0000000000096121                zps_eNwkHandleSceLeave
                0x00000000000962bd                zps_vNwkHandleCmeLeaveReq
                0x00000000000963db                zps_vCleanUnAuthenHandleExpiry
                0x0000000000096508                eUnsolicitedRejoinRspDataDcfm.233768
                0x0000000000096533                eRejoinRspDataDcfm.247361
                0x00000000000965df                vFinish.248649
                0x0000000000096635                zps_eNwkHandleSceNwkEdTimeoutReq
                0x0000000000096730                zps_eNwkHandleSmeCommStatusInd
                0x00000000000967ea                ZPS_vNwkSaveSecMat
                0x00000000000967fe                iPDM_VerifyDataSequenceWithBufferId
 .text          0x0000000000096897     0x198a C:\Users\ADMINI~1\AppData\Local\Temp\cckPPlIE.ltrans12.ltrans.o
                0x0000000000096897                APP_vMainLoop
 *fill*         0x0000000000098221        0x3 00
 .text          0x0000000000098224     0x1704 C:\Users\ADMINI~1\AppData\Local\Temp\cckPPlIE.ltrans13.ltrans.o
                0x0000000000098224                zps_eAplSecEncryptPacket
                0x00000000000985f0                ZPS_vAplHandleApsdeReqRsp
                0x0000000000098a09                zps_eAplZdpApsdeReqInternal
                0x0000000000098a78                zps_eAplZdpGenStatusOnlyResponse
                0x0000000000098bc9                zps_eAplSendApsmeCmdFrame
                0x0000000000098d3d                vNsTclkSendReqKey.93606
                0x0000000000098e1e                zps_eAplApsmeUpdateDeviceReqRsp.part.4.108302
                0x0000000000098f6c                vPostNlmeDcfmInd.103991
                0x00000000000996fe                zps_eAplZdoLeaveNetwork.constprop.185
                0x0000000000099723                vNsLeaveNwk.93608
                0x0000000000099733                zps_bAplZdoMgmtLeaveServer
 .text          0x0000000000099928     0x1a70 C:\Users\ADMINI~1\AppData\Local\Temp\cckPPlIE.ltrans14.ltrans.o
                0x00000000000999f6                zps_eNwkHandleSmeOrphanInd
                0x0000000000099a06                zps_vAplApsPollTimer
                0x0000000000099a68                vAplSecAuthPollTimerExpiry.113713
                0x0000000000099ac0                vAplSecAuthTimerExpiry.113709
                0x0000000000099b3b                vZGPdCfm
                0x0000000000099b71                vHandleApsInterPanDcfmData
                0x0000000000099bd6                vZGPcStubMcpsInd.224987
                0x000000000009a443                vPostApsdeDcfmInd.104005
                0x000000000009a636                zps_vHandleApsdeDataFragIndNotSupported
                0x000000000009a68d                vZgpAgeTxQueue
                0x000000000009a73b                vApsInterPanMcpsDataInd
                0x000000000009a8e2                zps_eNwkSendJoinResponse
                0x000000000009aac8                zps_vProcessChildAddrConflict
                0x000000000009ab8e                zps_eProcessAddrConflict
                0x000000000009ad37                ZPS_vNwkNibCheckAndUpdateAddresses
                0x000000000009add8                zps_eNwkHandleSceNwkStatus
                0x000000000009af6e                eRejoinNetwork.113784
                0x000000000009b033                eDiscoverNetworks
                0x000000000009b08f                eStartRouter
                0x000000000009b180                vHandleJoinDCfm.isra.19.114184
 .text          0x000000000009b398     0x14b6 C:\Users\ADMINI~1\AppData\Local\Temp\cckPPlIE.ltrans15.ltrans.o
                0x000000000009b767                vZgpSendTxAfterRx
                0x000000000009b7a5                eOrphanNotificationSent.253896
                0x000000000009bb26                zps_eNwkHandleSmeAssocInd
                0x000000000009bb54                zps_eNwkHandleSceRejnRequest
                0x000000000009bbe1                u8GP_SecurityProcessCallback
                0x000000000009be76                zps_vNwkHandleCmeSetInterface
                0x000000000009c030                vTransformKey.isra.0.109872
                0x000000000009c09b                vSendToTxQueue
                0x000000000009c413                ZPS_vNwkHandleNldeReqRsp
                0x000000000009c642                zps_eAplApsmeCmdMgrSendCommand
                0x000000000009c71f                zps_vAplApsmeCmdMgrRetryTimeout.108129
                0x000000000009c74b                zps_eAplZdoGroupEndpointAdd
 *fill*         0x000000000009c84e        0x2 00
 .text          0x000000000009c850     0x17bc C:\Users\ADMINI~1\AppData\Local\Temp\cckPPlIE.ltrans16.ltrans.o
                0x000000000009c850                vZCL_EventHandler
 .text          0x000000000009e00c     0x190c C:\Users\ADMINI~1\AppData\Local\Temp\cckPPlIE.ltrans17.ltrans.o
                0x000000000009e482                eCLD_ZllCommissionCommandHandler
                0x000000000009e6da                vZCL_HandleAttributesWriteRequest
                0x000000000009eb4e                eZCL_CustomCommandReceive
                0x000000000009ecbc                eCLD_LevelControlCommandHandler
                0x000000000009f12d                eGP_HandleZgpNotification
                0x000000000009f4a0                eCLD_BasicCommandHandler
                0x000000000009f518                eCLD_OnOffCommandHandler
 .text          0x000000000009f918     0x1508 C:\Users\ADMINI~1\AppData\Local\Temp\cckPPlIE.ltrans18.ltrans.o
                0x000000000009fad0                vSendMlmeCommStatusFromTxFrame
                0x000000000009fb26                zps_vSocMacHandleMlmeVsReqRsp.constprop.241
                0x00000000000a005a                vHandleEdTimeoutReqExpiry.233760
                0x00000000000a0103                zps_sNwkStart
                0x00000000000a01a5                vHandleNwkLocalUpdateAfterBcast.233773
                0x00000000000a01f9                vHandleNwkRemoteUpdateAfterBcast.233764
                0x00000000000a024c                ZPS_pvNwkCtor.constprop.225
                0x00000000000a0731                ZPS_vNwkHandleNlmeReqRsp
                0x00000000000a07ae                zps_vAplAfPostEvent
                0x00000000000a096d                vPostInterPanToEndpoint
                0x00000000000a0b85                zps_eAplZdoNlmePermitJoiningWrapper
                0x00000000000a0bad                zps_bAplZdoPermitJoiningServer
                0x00000000000a0c77                vStartScanTimerExpiry.143500
                0x00000000000a0cb3                vChangeChannelTimerExpiry.143504
                0x00000000000a0d2a                eLeaveReset.230950
                0x00000000000a0d95                eLeaveDataDcfmLocalLeave.230955
 .text          0x00000000000a0e20     0x157b C:\Users\ADMINI~1\AppData\Local\Temp\cckPPlIE.ltrans19.ltrans.o
                0x00000000000a0e20                eSmeAcScBeaconInd.244857
                0x00000000000a0f74                zps_bAplZdoIeeeAddrServer
                0x00000000000a10d0                zps_bAplZdoNwkAddrServer
                0x00000000000a1263                vfExtendedStatusCallBack
                0x00000000000a126f                vPDM_AddFileSystemElementToListInAscendingWearCountOrder
                0x00000000000a1397                iPDM_GetWearLevelledBuffer
                0x00000000000a146a                iPDM_WriteSegmentHeaderAndData
                0x00000000000a15b8                PWRM_vManagePower
                0x00000000000a1702                vMiniMac_McpsCallback
                0x00000000000a19b8                eMcpsTxCompleteHandler.253221
                0x00000000000a19e6                zps_u8AplApsConstructAndPostLoopBackDataInd.106612
                0x00000000000a1b1f                u8PostUnicastMsgToNHLE.106620
                0x00000000000a1b58                psDLISTsearchFromHead
                0x00000000000a1b81                eCLD_ScenesAddScene
                0x00000000000a1c51                eCLD_ScenesFindScene
                0x00000000000a1c9f                eCLD_ScenesStoreScene
                0x00000000000a1d56                eCLD_ScenesRemoveAllScenes
                0x00000000000a1def                vFreePendingReqDescr
                0x00000000000a1e5a                vHandleRouteDiscoveryExpiry.239258
                0x00000000000a1eb8                bHasTimerFired.86122
                0x00000000000a1f22                u16ZCL_WriteAttributeValueIntoBuffer
                0x00000000000a1fa8                eHandleRemoveBroadcastEndpointsFromGroup.108152
                0x00000000000a2002                ZPS_bSecDecrypt
                0x00000000000a20f3                zps_vNwkMcpsMgrTidyBtrReqDescr
                0x00000000000a2138                vNwkBttTimerExpiry.242812
                0x00000000000a225a                eZCL_SetReceiveEventAddressStructure
                0x00000000000a22d9                vShowException
 *fill*         0x00000000000a239b        0x1 00
 .text          0x00000000000a239c     0x15c8 C:\Users\ADMINI~1\AppData\Local\Temp\cckPPlIE.ltrans20.ltrans.o
                0x00000000000a244b                vZdoBdrmSendNextTimedRequest
                0x00000000000a28b0                zps_bAplZdoBindUnbindServer
                0x00000000000a2d13                zps_bAplZdoDefaultServer
                0x00000000000a2f75                eZCL_TransmitDataRequest
                0x00000000000a341e                eZCL_SendDefaultResponse
                0x00000000000a351d                vReportTimerClickCallback
 .text          0x00000000000a3964     0x196b C:\Users\ADMINI~1\AppData\Local\Temp\cckPPlIE.ltrans21.ltrans.o
                0x00000000000a3964                APP_bMultimaskJoinCallBack
                0x00000000000a3970                vMacMcpsCallBackHandler.96918
                0x00000000000a3981                bCLD_ScenesSearchForScene.38274
                0x00000000000a39b4                eCLD_LevelControlSceneEventHandler.31487
                0x00000000000a39fd                DriverBulb_vSetTunableWhiteColourTemperature
                0x00000000000a3a00                DriverBulb_vSetColour
                0x00000000000a3a03                bAllowInterPanEp.10093
                0x00000000000a3a4f                APP_ZCL_cbGeneralCallback.6758
                0x00000000000a3a52                zps_vGetZpsMutex
                0x00000000000a3a5b                bCLD_GroupsSearchForGroup.28869
                0x00000000000a3a80                PDUM_eNPduClaimData
                0x00000000000a3aed                PDUM_eNPduClaimHeader
                0x00000000000a3b10                PDUM_eNPduFree
                0x00000000000a3b6e                PDUM_eNPduInitDescending
                0x00000000000a3b89                ZPS_u8MacGetChannelOffsetFromMask
                0x00000000000a3b98                ZPS_eMacValidateChannelMask
                0x00000000000a3bc7                InvShiftRows
                0x00000000000a3c5a                InvSubBytes
                0x00000000000a3ca0                AddRoundKey
                0x00000000000a3ce1                getSBoxValue.95422
                0x00000000000a3d03                eZCL_DoesAttributeHaveReportableChange
                0x00000000000a3d20                eZCL_GetAttributeReportableEntry
                0x00000000000a3dd8                vZCL_AlignNumericAttributeValueTo64.85553
                0x00000000000a3ee7                vZCL_SetDefaultReporting
                0x00000000000a3f19                eZCL_BuildClientTransmitAddressStructure
                0x00000000000a3f4a                u8GetTransactionSequenceNumber
                0x00000000000a3f5c                bZCL_CheckAttributeDirectionFlagMatch
                0x00000000000a3f80                bZCL_CheckManufacturerSpecificAttributeFlagMatch
                0x00000000000a3f9e                eZCL_SearchForAttributeEntry
                0x00000000000a4043                eZCL_GetAttributeTypeSize
                0x00000000000a4062                vZCL_MarkAttributeInvalid
                0x00000000000a4131                u8ZCL_GetAttributeAllignToFourBytesBoundary
                0x00000000000a4146                pvZCL_GetAttributePointer
                0x00000000000a41bc                vCLD_ScenesGenerateIndividualAttributeCallback
                0x00000000000a4216                eZCL_StoreChangeAttributeValue
                0x00000000000a42b5                u16ZCL_WriteTypeNBO.part.0.68411
                0x00000000000a432a                u16ZCL_GetStringStructureSize
                0x00000000000a4367                u16ZCL_GetStringAttributeTypeSizeFromBuffer
                0x00000000000a43d8                u16ZCL_GetStringSizeAndBufferFromStructure
                0x00000000000a4467                eZCL_GetAttributeTypeSizeFromStructure
                0x00000000000a44e0                bZCL_SendCommandResponse
                0x00000000000a44fc                vZCL_InitializeClusterInstance
                0x00000000000a4511                u8ZCL_GetEPIdFromIndex
                0x00000000000a4533                eZCL_SearchForEPIndex
                0x00000000000a456d                eZCL_SearchForClusterEntry
                0x00000000000a45e7                eZCL_BuildTransmitAddressStructure
                0x00000000000a4654                eZCL_SearchForEPentry
                0x00000000000a4690                eZCL_FindCluster
                0x00000000000a46e1                eCLD_GroupsSetIdentifying
                0x00000000000a4706                eCLD_LevelControlClusterIsPresent
                0x00000000000a471f                eCLD_OnOffGetState
                0x00000000000a4750                eGP_FindGpCluster
                0x00000000000a4791                u16GP_GetStringSizeOfProxyTable
                0x00000000000a487a                eZCL_SearchForEPentryAndCheckManufacturerId
                0x00000000000a48b8                vZCL_PassEventToUser
                0x00000000000a48e5                eZCL_Register
                0x00000000000a4b3c                vWriteU64ToPayLoad.65407
                0x00000000000a4b69                bBestGPD_GPPLink
                0x00000000000a4b96                u16GetProxyTableString
                0x00000000000a4d48                bGP_CheckGPDAddressMatch
                0x00000000000a4dff                bGP_ValidateGPDF_Fields
                0x00000000000a4e86                u8GP_GetLQIQuality
                0x00000000000a4eae                vCreateDataIndFromBufferedCmd
                0x00000000000a4f7f                u16GP_DeriveAliasSrcAddr
                0x00000000000a4fc1                ZTIMER_eGetState
                0x00000000000a4fd2                ZTIMER_eStop
                0x00000000000a5024                ZTIMER_eStart
                0x00000000000a5082                ZQ_bQueueReceive
                0x00000000000a50f3                ZQ_bQueueSend
                0x00000000000a5169                APP_vGenCallback
                0x00000000000a5187                APP_cbTimerGPZclTick
                0x00000000000a51ae                vAPP_ZCL_DeviceSpecific_Init
                0x00000000000a523e                app_u8GetDeviceEndpoint
                0x00000000000a5243                vLI_InitVar.7834
                0x00000000000a5274                vCopyRecordsToZCL.6763
                0x00000000000a52b3                ZPS_psMacIFTGetInterface
 *fill*         0x00000000000a52cf        0x1 00
 .text          0x00000000000a52d0     0x1478 C:\Users\ADMINI~1\AppData\Local\Temp\cckPPlIE.ltrans22.ltrans.o
                0x00000000000a52d0                vPostApsmeDcfmInd.103998
                0x00000000000a58e3                eCLD_ScenesCommandHandler
 .text          0x00000000000a6748     0x12ec C:\Users\ADMINI~1\AppData\Local\Temp\cckPPlIE.ltrans23.ltrans.o
                0x00000000000a6748                vPostNldeDcfmInd.104012
                0x00000000000a7938                ISR_vTickTimer
                0x00000000000a7970                vISR_SystemController
                0x00000000000a7998                vISR_Timer4
                0x00000000000a79a7                vISR_Timer3
                0x00000000000a79b6                vUnclaimedInterrupt
                0x00000000000a79cb                vBusErrorHandler
                0x00000000000a79da                vAlignmentErrorHandler
                0x00000000000a79e9                vIllegalInstructionHandler
                0x00000000000a79f8                vTrapHandler
                0x00000000000a7a07                vGenericHandler
                0x00000000000a7a16                vUnclaimedException
                0x00000000000a7a25                vStackOverflowHandler
 .text          0x00000000000a7a34     0x13ae C:\Users\ADMINI~1\AppData\Local\Temp\cckPPlIE.ltrans24.ltrans.o
                0x00000000000a7a34                zps_eZdpNodeDescResponse
                0x00000000000a7adc                zps_eZdpParentAnnceResponse
                0x00000000000a7b7e                zps_eZdpSimpleDescResponse
                0x00000000000a7c8b                zps_eAplZdpMgmtRtgResponse
                0x00000000000a7d52                zps_bAplZdoMgmtNWKUpdateServer
                0x00000000000a825e                zps_eZdpNwkAddrResponse
                0x00000000000a8346                zps_eZdpIeeeAddrResponse
                0x00000000000a842e                zps_eZdpPowerDescResponse
                0x00000000000a84cb                zps_eZdpActiveEpResponse
                0x00000000000a8561                zps_eZdpMatchDescResponse
                0x00000000000a85f7                zps_eZdpSystemServerDiscoveryResponse
                0x00000000000a8666                zps_eAplZdpMgmtLqiResponse
                0x00000000000a883e                ZPS_vSecondTimerCallback
                0x00000000000a8aa5                zps_bAplZdoZdoClient
                0x00000000000a8c56                BDB_vTlTimerCb
                0x00000000000a8c66                vNsSendPermitJoin.93598
                0x00000000000a8cf7                vGP_SendDeviceAnnounce
 *fill*         0x00000000000a8de2        0x2 00
 .text          0x00000000000a8de4     0x1564 C:\Users\ADMINI~1\AppData\Local\Temp\cckPPlIE.ltrans25.ltrans.o
                0x00000000000a8de4                eGP_GreenPowerCommandHandler
 .text          0x00000000000aa348     0x1498 C:\Users\ADMINI~1\AppData\Local\Temp\cckPPlIE.ltrans26.ltrans.o
                0x00000000000aa348                zps_bAplZdoMgmtBindServer
                0x00000000000aa554                zps_eAplZdpBindResponse
                0x00000000000aa575                zps_eZdpUnbindResponse
                0x00000000000aa596                zps_eZdpMgmtLeaveResponse
                0x00000000000aa5b7                zps_eZdpMgmtPermitJoiningResponse
                0x00000000000aa5d8                zps_eAplZdpRequestApsdeReq
                0x00000000000aa64f                zps_eAplZdpDeviceAnnceRequest.part.0.158756
                0x00000000000aa69d                zps_eAplZdoStartRouter.part.14.113891
                0x00000000000aa715                BDB_vTlStateMachine
 .text          0x00000000000ab7e0      0xfcc C:\Users\ADMINI~1\AppData\Local\Temp\cckPPlIE.ltrans27.ltrans.o
                0x00000000000abbbc                BDB_vNsTimerCb
                0x00000000000abc2a                eZCL_CustomCommandSend.constprop.163
                0x00000000000abeda                eGP_ProxyCommissioningMode.constprop.160
                0x00000000000ac0bf                vApp_GP_EnterCommissioningMode
                0x00000000000ac10c                BDB_eNsStartNwkSteering
                0x00000000000ac19f                BDB_vRejoinCycle
                0x00000000000ac462                bdb_taskBDB
                0x00000000000ac7a6                BDB_vRejoinTimerCb
 .text          0x00000000000ac7ac      0xb4a C:\Users\ADMINI~1\AppData\Local\Temp\cckPPlIE.ltrans28.ltrans.o
                0x00000000000ac7ac                APP_cbTimerZclTick
                0x00000000000acbfc                APP_vBdbCallback
                0x00000000000ace7e                APP_ZCL_cbEndpointCallback.6755
 .text          0x00000000000ad2f6      0x9ec C:\Users\ADMINI~1\AppData\Local\Temp\cckPPlIE.ltrans29.ltrans.o
                0x00000000000ad3f1                vGP_ExitCommMode
                0x00000000000ad46c                vCLD_GPTimerClickCallback.11278
 *fill*         0x00000000000adce2        0x2 00
 .text          0x00000000000adce4      0x898 C:\Users\ADMINI~1\AppData\Local\Temp\cckPPlIE.ltrans30.ltrans.o
                0x00000000000add2d                eCLD_IdentifyCommandHandler
                0x00000000000ae0ce                eCLD_GroupsCommandHandler
 .text          0x00000000000ae57c       0x3f C:\Users\ADMINI~1\AppData\Local\Temp\cckPPlIE.ltrans31.ltrans.o
                0x00000000000ae57c                zps_isrMAC
                0x00000000000ae59f                AppWarmStart
 .text          0x00000000000ae5bb       0x25 c:/nxp/bstudio_nxp/sdk/tools/ba-elf-ba2-r36379/bin/../lib/gcc/ba-elf/4.7.4/../../../../ba-elf/lib/mcpu_jn51xx_sizeopt\libc.a(lib_a-memcmp.o)
                0x00000000000ae5bb                memcmp
 .text          0x00000000000ae5e0       0x19 c:/nxp/bstudio_nxp/sdk/tools/ba-elf-ba2-r36379/bin/../lib/gcc/ba-elf/4.7.4/../../../../ba-elf/lib/mcpu_jn51xx_sizeopt\libc.a(lib_a-memcpy.o)
 .text          0x00000000000ae5f9       0x12 c:/nxp/bstudio_nxp/sdk/tools/ba-elf-ba2-r36379/bin/../lib/gcc/ba-elf/4.7.4/../../../../ba-elf/lib/mcpu_jn51xx_sizeopt\libc.a(lib_a-memset.o)
                0x00000000000ae5f9                memset
 .text          0x00000000000ae60b       0x12 c:/nxp/bstudio_nxp/sdk/tools/ba-elf-ba2-r36379/bin/../lib/gcc/ba-elf/4.7.4/../../../../ba-elf/lib/mcpu_jn51xx_sizeopt\libc.a(lib_a-strlen.o)
                0x00000000000ae60b                strlen
 .text          0x00000000000ae61d       0x2b c:/nxp/bstudio_nxp/sdk/tools/ba-elf-ba2-r36379/bin/../lib/gcc/ba-elf/4.7.4/../../../../ba-elf/lib/mcpu_jn51xx_sizeopt\libc.a(lib_a-strncpy.o)
                0x00000000000ae61d                strncpy
 *fill*         0x00000000000ae648        0x0 00
 .text          0x00000000000ae648      0x204 c:/nxp/bstudio_nxp/sdk/tools/ba-elf-ba2-r36379/bin/../lib/gcc/ba-elf/4.7.4/mcpu_jn51xx_sizeopt\libgcc.a(__udivsi3.o)
                0x00000000000ae648                __udivsi3
 .text          0x00000000000ae84c       0x30 c:/nxp/bstudio_nxp/sdk/tools/ba-elf-ba2-r36379/bin/../lib/gcc/ba-elf/4.7.4/mcpu_jn51xx_sizeopt\libgcc.a(__divsi3.o)
                0x00000000000ae84c                __divsi3
 .text          0x00000000000ae87c      0x1b0 c:/nxp/bstudio_nxp/sdk/tools/ba-elf-ba2-r36379/bin/../lib/gcc/ba-elf/4.7.4/mcpu_jn51xx_sizeopt\libgcc.a(__umodsi3.o)
                0x00000000000ae87c                __umodsi3
 .text          0x00000000000aea2c       0x24 c:/nxp/bstudio_nxp/sdk/tools/ba-elf-ba2-r36379/bin/../lib/gcc/ba-elf/4.7.4/mcpu_jn51xx_sizeopt\libgcc.a(__modsi3.o)
                0x00000000000aea2c                __modsi3
 .text          0x00000000000aea50      0x3bd c:/nxp/bstudio_nxp/sdk/tools/ba-elf-ba2-r36379/bin/../lib/gcc/ba-elf/4.7.4/mcpu_jn51xx_sizeopt\libgcc.a(_divdi3.o)
                0x00000000000aea50                __divdi3
 .text          0x00000000000aee0d      0x350 c:/nxp/bstudio_nxp/sdk/tools/ba-elf-ba2-r36379/bin/../lib/gcc/ba-elf/4.7.4/mcpu_jn51xx_sizeopt\libgcc.a(_udivdi3.o)
                0x00000000000aee0d                __udivdi3
 *fill*         0x00000000000af15d        0x3 00
 .text          0x00000000000af160       0x48 ../../../../sdk/JN-SW-4170/Components/Library\libPWRM_JN516x.a(pwrm_setjmp_JN516x.o)
                0x00000000000af160                setjmp
                0x00000000000af184                PWRM_longjmp
 .text          0x00000000000af1a8       0x27 ../../../../sdk/JN-SW-4170/Components/Library\libHardwareApi_JN5169.a(AHI_Interrupt.o)
                0x00000000000af1a8                vAHI_InterruptSetPriority
                0x00000000000af1c6                vAHI_InterruptSetActivePriorityLevel
 .text.vMicroSyscall
                0x00000000000af1cf       0x17 ../../../../sdk/JN-SW-4170/Components/Library\libMicroSpecific_JN516x.a(MicroSyscall_ba.o)
                0x00000000000af1cf                vMicroSyscall
 .text          0x00000000000af1e6        0x0 ../../../../sdk/JN-SW-4170/Components/Library\libZPSAPL_JN516x.a(zps_apl_version_lc.o)
                0x00000000000af1e6                ZPS_APL_Version_3v0
 .text          0x00000000000af1e6        0x0 ../../../../sdk/JN-SW-4170/Components/Library\libZPSNWK_JN516x.a(zps_nwk_version_lc.o)
                0x00000000000af1e6                ZPS_NWK_Version_3v0
                0x00000000000af1e6                _flash_end = ABSOLUTE (.)

.rela.dyn       0x00000000000af1e8        0x0
 .rela.text     0x0000000000000000        0x0 ../../DimmableLight/Build/irq_JN516x.o
 .rela.data     0x0000000000000000        0x0 ../../DimmableLight/Build/irq_JN516x.o
 .rela.rodata   0x0000000000000000        0x0 ../../DimmableLight/Build/irq_JN516x.o
                0x000000000400004c                . = ORIGIN (ram)

.data           0x000000000400004c      0x6dc load address 0x00000000000af1e8
                0x000000000400004c                _ram_data_start = ABSOLUTE (.)
 *(.data*)
 *fill*         0x000000000400004c        0x4 00
 .data          0x0000000004000050      0x450 C:\Users\ADMINI~1\AppData\Local\Temp\cckPPlIE.ltrans0.ltrans.o
                0x0000000004000050                g_asMacInterfaceTable.3544
                0x0000000004000080                s_sApl.3432
                0x00000000040001e0                u8AhiBaudRate.224878
                0x00000000040001e1                u8MiniMacConfig_MaxConcurrentAssocResponses
                0x00000000040001e4                psShadowRxBuffer
                0x00000000040001e8                gMAC_u8MaxBuffers
                0x00000000040001ec                sLI_Vars.7869
                0x0000000004000230                sDeviceTable
                0x0000000004000248                sTLCertKey
                0x0000000004000258                psAplDefaultGlobalAPSLinkKey
                0x000000000400025c                bFirstCalled.3151.10230
                0x0000000004000260                s_keyPairTableStorage.3485
                0x00000000040002c0                gsGreenPowerContext
 .data          0x00000000040004a0        0x4 C:\Users\ADMINI~1\AppData\Local\Temp\cckPPlIE.ltrans1.ltrans.o
                0x00000000040004a0                u32HeapStart
 .data          0x00000000040004a4       0x14 C:\Users\ADMINI~1\AppData\Local\Temp\cckPPlIE.ltrans5.ltrans.o
 .data          0x00000000040004b8       0x12 C:\Users\ADMINI~1\AppData\Local\Temp\cckPPlIE.ltrans6.ltrans.o
 *fill*         0x00000000040004ca        0x6 00
 .data          0x00000000040004d0      0x100 C:\Users\ADMINI~1\AppData\Local\Temp\cckPPlIE.ltrans7.ltrans.o
 .data          0x00000000040005d0        0x4 C:\Users\ADMINI~1\AppData\Local\Temp\cckPPlIE.ltrans8.ltrans.o
 .data          0x00000000040005d4        0x4 C:\Users\ADMINI~1\AppData\Local\Temp\cckPPlIE.ltrans12.ltrans.o
                0x00000000040005d4                g_u16zpsCurrentAddress
 .data          0x00000000040005d8        0x4 C:\Users\ADMINI~1\AppData\Local\Temp\cckPPlIE.ltrans15.ltrans.o
                0x00000000040005d8                u16StoredMacSeqNo
                0x00000000040005da                u8StoredCsma
                0x00000000040005db                u8StoredMinBe
 .data          0x00000000040005dc        0x4 C:\Users\ADMINI~1\AppData\Local\Temp\cckPPlIE.ltrans19.ltrans.o
                0x00000000040005dc                bCanLoopback.106895
 .data          0x00000000040005e0      0x114 C:\Users\ADMINI~1\AppData\Local\Temp\cckPPlIE.ltrans21.ltrans.o
                0x00000000040005e0                s_asapduZCLInstances
                0x00000000040006d0                s_asapduZDPInstances
 .data          0x00000000040006f4       0x10 C:\Users\ADMINI~1\AppData\Local\Temp\cckPPlIE.ltrans26.ltrans.o
 .data          0x0000000004000704        0xc C:\Users\ADMINI~1\AppData\Local\Temp\cckPPlIE.ltrans28.ltrans.o
 .data.s_asAPduPool
                0x0000000004000710       0x18 ../../DimmableLight/Build/pdum_apdu.o
                0x0000000004000710                pdum_apduZDP
                0x0000000004000710                s_asAPduPool
                0x000000000400071c                pdum_apduZCL
 *(.data.*)
                0x0000000004000728                . = ALIGN (0x4)