Archive member included because of file (symbol)

../../../../sdk/JN-SW-4170/Components/Library\libZPSMAC_Mini_SOC_JN516x.a(zps_mac_shim.o)
                              ../../ColorTemperatureLight/Build/app_zlo_light_node.o (symbol from plugin) (ZPS_u32MacSetTxBuffers)
../../../../sdk/JN-SW-4170/Components/Library\libZPSMAC_Mini_SOC_JN516x.a(zps_miniMac.o)
                              zps_mac_shim.o (symbol from plugin) (zps_eSocMacSetTxBuffers)
../../../../sdk/JN-SW-4170/Components/Library\libZPSMAC_Mini_SOC_JN516x.a(zps_mac_common.o)
                              zps_mac_shim.o (symbol from plugin) (g_u8LegacyBeaconPayloadLen)
../../../../sdk/JN-SW-4170/Components/Library\libZPSMAC_Mini_SOC_JN516x.a(zps_mac_ie.o)
                              zps_mac_common.o (symbol from plugin) (zps_u8MacIECopyZigbeePayloadSubIE)
../../../../sdk/JN-SW-4170/Components/Library\libPWRM_JN516x.a(pwrm.o)
                              ../../ColorTemperatureLight/Build/app_start_light.o (symbol from plugin) (PWRM_vInit)
../../../../sdk/JN-SW-4170/Components/Library\libPWRM_JN516x.a(pwrm_setjmp_JN516x.o)
                              pwrm.o (symbol from plugin) (setjmp)
../../../../sdk/JN-SW-4170/Components/Library\libPWRM_JN516x.a(pwrm_cold_start.o)
                              (AppColdStart)
../../../../sdk/JN-SW-4170/Components/Library\libPWRM_JN516x.a(pwrm_warm_start.o)
                              (AppWarmStart)
../../../../sdk/JN-SW-4170/Components/Library\libPDUM_JN516x.a(pdum_nwk.o)
                              zps_miniMac.o (symbol from plugin) (PDUM_eNPduAllocate)
../../../../sdk/JN-SW-4170/Components/Library\libPDUM_JN516x.a(pdum_apl.o)
                              ../../ColorTemperatureLight/Build/zll_CommissionCmdHandler.o (symbol from plugin) (PDUM_u16APduInstanceReadNBO)
../../../../sdk/JN-SW-4170/Components/Library\libPDUM_JN516x.a(pdum.o)
                              pdum_nwk.o (symbol from plugin) (PDUM_u16SizeNBO)
../../../../sdk/JN-SW-4170/Components/Library\libZPSAPL_JN516x.a(zps_apl_inl.o)
                              zps_mac_ie.o (symbol from plugin) (ZPS_pu8AplZdoGetVsOUI)
../../../../sdk/JN-SW-4170/Components/Library\libZPSAPL_JN516x.a(zps_apl_af.o)
                              ../../ColorTemperatureLight/Build/app_zlo_light_node.o (symbol from plugin) (ZPS_eAplAfInit)
../../../../sdk/JN-SW-4170/Components/Library\libZPSAPL_JN516x.a(zps_apl_af_apsde.o)
                              ../../ColorTemperatureLight/Build/zps_gen.o (symbol from plugin) (zps_vHandleApsdeDataFragIndNotSupported)
../../../../sdk/JN-SW-4170/Components/Library\libZPSAPL_JN516x.a(zps_apl_task.o)
                              zps_apl_af_apsde.o (symbol from plugin) (zps_vAplAfPostEvent)
../../../../sdk/JN-SW-4170/Components/Library\libZPSAPL_JN516x.a(zps_apl_apsde.o)
                              zps_apl_task.o (symbol from plugin) (ZPS_vAplRegisterApsdeDcfmIndCallbacks)
../../../../sdk/JN-SW-4170/Components/Library\libZPSAPL_JN516x.a(zps_apl_apsme.o)
                              zps_apl_task.o (symbol from plugin) (ZPS_vAplRegisterApsmeDcfmIndCallbacks)
../../../../sdk/JN-SW-4170/Components/Library\libZPSAPL_JN516x.a(zps_apl_aps_nlde.o)
                              zps_apl_task.o (symbol from plugin) (zps_vAplApsHandleNldeDcfmInd)
../../../../sdk/JN-SW-4170/Components/Library\libZPSAPL_JN516x.a(zps_apl_sec.o)
                              zps_apl_apsme.o (symbol from plugin) (zps_vGenerateHashForVerifiedKey)
../../../../sdk/JN-SW-4170/Components/Library\libZPSAPL_JN516x.a(zps_apl_aib.o)
                              ../../ColorTemperatureLight/Build/app_green_power.o (symbol from plugin) (zps_psAplAibGetAib)
../../../../sdk/JN-SW-4170/Components/Library\libZPSAPL_JN516x.a(zps_apl_zdo_nwkmanager.o)
                              zps_apl_apsme.o (symbol from plugin) (zps_vAplSaveRecord)
../../../../sdk/JN-SW-4170/Components/Library\libZPSAPL_JN516x.a(zps_apl_zdo_handle_zdp_event.o)
                              zps_apl_task.o (symbol from plugin) (zps_bAplZdoHandleZdpEvent)
../../../../sdk/JN-SW-4170/Components/Library\libZPSAPL_JN516x.a(zps_apl_zdo_trust_center.o)
                              zps_apl_inl.o (symbol from plugin) (zps_eAplTrustCenterFindDevice)
../../../../sdk/JN-SW-4170/Components/Library\libZPSAPL_JN516x.a(zps_apl_zdo_common.o)
                              zps_apl_zdo_nwkmanager.o (symbol from plugin) (zps_eAplZdoNlmeleaveWrapper)
../../../../sdk/JN-SW-4170/Components/Library\libZPSAPL_JN516x.a(zps_apl_zdo_group.o)
                              ../../ColorTemperatureLight/Build/GreenPowerCustomCommandResponses.o (symbol from plugin) (zps_eAplZdoGroupEndpointAdd)
../../../../sdk/JN-SW-4170/Components/Library\libZPSAPL_JN516x.a(zps_apl_zdo_default_server.o)
                              ../../ColorTemperatureLight/Build/zps_gen.o (symbol from plugin) (zps_vAplZdoDefaultServerInit)
../../../../sdk/JN-SW-4170/Components/Library\libZPSAPL_JN516x.a(zps_apl_zdo_bind_manager.o)
[...]
Memory Configuration

Name             Origin             Length             Attributes
flash            0x0000000000080000 0x0000000000080000
ram              0x000000000400004c 0x0000000000007fb4
*default*        0x0000000000000000 0xffffffffffffffff

Linker script and memory map

                0x0000000000001964                __stack_size = 0x1964
                0x00000000000007d0                __minimum_heap_size = 0x7d0
START GROUP
LOAD ../../ColorTemperatureLight/Build/irq_JN516x.o
LOAD ../../ColorTemperatureLight/Build/portasm_JN516x.o
LOAD ../../ColorTemperatureLight/Build/port_JN516x.o
LOAD C:\Users\nxf40467\AppData\Local\Temp\ccT6h9zn.ltrans0.ltrans.o
LOAD C:\Users\nxf40467\AppData\Local\Temp\ccT6h9zn.ltrans1.ltrans.o
LOAD C:\Users\nxf40467\AppData\Local\Temp\ccT6h9zn.ltrans2.ltrans.o
LOAD C:\Users\nxf40467\AppData\Local\Temp\ccT6h9zn.ltrans3.ltrans.o
LOAD C:\Users\nxf40467\AppData\Local\Temp\ccT6h9zn.ltrans4.ltrans.o
LOAD C:\Users\nxf40467\AppData\Local\Temp\ccT6h9zn.ltrans5.ltrans.o
LOAD C:\Users\nxf40467\AppData\Local\Temp\ccT6h9zn.ltrans6.ltrans.o
LOAD C:\Users\nxf40467\AppData\Local\Temp\ccT6h9zn.ltrans7.ltrans.o
LOAD C:\Users\nxf40467\AppData\Local\Temp\ccT6h9zn.ltrans8.ltrans.o
LOAD C:\Users\nxf40467\AppData\Local\Temp\ccT6h9zn.ltrans9.ltrans.o
LOAD C:\Users\nxf40467\AppData\Local\Temp\ccT6h9zn.ltrans10.ltrans.o
LOAD C:\Users\nxf40467\AppData\Local\Temp\ccT6h9zn.ltrans11.ltrans.o
LOAD C:\Users\nxf40467\AppData\Local\Temp\ccT6h9zn.ltrans12.ltrans.o
LOAD C:\Users\nxf40467\AppData\Local\Temp\ccT6h9zn.ltrans13.ltrans.o
LOAD C:\Users\nxf40467\AppData\Local\Temp\ccT6h9zn.ltrans14.ltrans.o
LOAD C:\Users\nxf40467\AppData\Local\Temp\ccT6h9zn.ltrans15.ltrans.o
LOAD C:\Users\nxf40467\AppData\Local\Temp\ccT6h9zn.ltrans16.ltrans.o
LOAD C:\Users\nxf40467\AppData\Local\Temp\ccT6h9zn.ltrans17.ltrans.o
LOAD C:\Users\nxf40467\AppData\Local\Temp\ccT6h9zn.ltrans18.ltrans.o
LOAD C:\Users\nxf40467\AppData\Local\Temp\ccT6h9zn.ltrans19.ltrans.o
LOAD C:\Users\nxf40467\AppData\Local\Temp\ccT6h9zn.ltrans20.ltrans.o
LOAD C:\Users\nxf40467\AppData\Local\Temp\ccT6h9zn.ltrans21.ltrans.o
LOAD C:\Users\nxf40467\AppData\Local\Temp\ccT6h9zn.ltrans22.ltrans.o
LOAD C:\Users\nxf40467\AppData\Local\Temp\ccT6h9zn.ltrans23.ltrans.o
LOAD C:\Users\nxf40467\AppData\Local\Temp\ccT6h9zn.ltrans24.ltrans.o
LOAD C:\Users\nxf40467\AppData\Local\Temp\ccT6h9zn.ltrans25.ltrans.o
LOAD C:\Users\nxf40467\AppData\Local\Temp\ccT6h9zn.ltrans26.ltrans.o
LOAD C:\Users\nxf40467\AppData\Local\Temp\ccT6h9zn.ltrans27.ltrans.o
LOAD C:\Users\nxf40467\AppData\Local\Temp\ccT6h9zn.ltrans28.ltrans.o
LOAD C:\Users\nxf40467\AppData\Local\Temp\ccT6h9zn.ltrans29.ltrans.o
LOAD C:\Users\nxf40467\AppData\Local\Temp\ccT6h9zn.ltrans30.ltrans.o
LOAD C:\Users\nxf40467\AppData\Local\Temp\ccT6h9zn.ltrans31.ltrans.o
LOAD c:/nxp/bstudio_nxp/sdk/tools/ba-elf-ba2-r36379/bin/../lib/gcc/ba-elf/4.7.4/../../../../ba-elf/lib/mcpu_jn51xx_sizeopt\libc.a
LOAD c:/nxp/bstudio_nxp/sdk/tools/ba-elf-ba2-r36379/bin/../lib/gcc/ba-elf/4.7.4/mcpu_jn51xx_sizeopt\libgcc.a
LOAD c:/nxp/bstudio_nxp/sdk/tools/ba-elf-ba2-r36379/bin/../lib/gcc/ba-elf/4.7.4/../../../../ba-elf/lib/mcpu_jn51xx_sizeopt\libc.a
LOAD ../../ColorTemperatureLight/Build/app_main.o
LOAD ../../ColorTemperatureLight/Build/pdum_gen.o
LOAD ../../ColorTemperatureLight/Build/pdum_apdu.o
LOAD ../../ColorTemperatureLight/Build/zps_gen.o
LOAD ../../ColorTemperatureLight/Build/app_start_light.o
LOAD ../../ColorTemperatureLight/Build/app_scenes.o
LOAD ../../ColorTemperatureLight/Build/app_pdm_convert.o
LOAD ../../ColorTemperatureLight/Build/app_zlo_light_node.o
LOAD ../../ColorTemperatureLight/Build/app_zcl_light_task.o
LOAD ../../ColorTemperatureLight/Build/app_manage_temperature.o
LOAD ../../ColorTemperatureLight/Build/app_light_interpolation.o
LOAD ../../ColorTemperatureLight/Build/app_reporting.o
LOAD ../../ColorTemperatureLight/Build/app_power_on_counter.o
LOAD ../../ColorTemperatureLight/Build/app_green_power.o
LOAD ../../ColorTemperatureLight/Build/App_ColorTemperatureLight.o
LOAD ../../ColorTemperatureLight/Build/DriverBulb_DR1175.o
LOAD ../../ColorTemperatureLight/Build/DriverBulb_Shim.o
LOAD ../../ColorTemperatureLight/Build/app_buttons.o
LOAD ../../ColorTemperatureLight/Build/ZQueue.o
LOAD ../../ColorTemperatureLight/Build/ZTimer.o
LOAD ../../ColorTemperatureLight/Build/app_zps_link_keys.o
LOAD ../../ColorTemperatureLight/Build/GreenPower.o
LOAD ../../ColorTemperatureLight/Build/GreenPowerCommissioningNotification.o
LOAD ../../ColorTemperatureLight/Build/GreenPowerCommon.o
LOAD ../../ColorTemperatureLight/Build/GreenPowerCustomCommandHandler.o
LOAD ../../ColorTemperatureLight/Build/GreenPowerCustomCommandResponses.o
LOAD ../../ColorTemperatureLight/Build/GreenPowerDataIndication.o
LOAD ../../ColorTemperatureLight/Build/GreenPowerDirectCommandHandler.o
LOAD ../../ColorTemperatureLight/Build/GreenPowerNotification.o
LOAD ../../ColorTemperatureLight/Build/GreenPowerPairing.o
LOAD ../../ColorTemperatureLight/Build/GreenPowerPairingConfiguration.o
LOAD ../../ColorTemperatureLight/Build/GreenPowerPairingSearch.o
LOAD ../../ColorTemperatureLight/Build/GreenPowerProxyCommissioningMode.o
LOAD ../../ColorTemperatureLight/Build/GreenPowerProxyGPDHandler.o
LOAD ../../ColorTemperatureLight/Build/GreenPowerProxyTableRequest.o
LOAD ../../ColorTemperatureLight/Build/GreenPowerProxyTableResponse.o
LOAD ../../ColorTemperatureLight/Build/GreenPowerResponse.o
LOAD ../../ColorTemperatureLight/Build/GreenPowerScheduler.o
LOAD ../../ColorTemperatureLight/Build/GreenPowerSinkTableRequest.o
LOAD ../../ColorTemperatureLight/Build/GreenPowerSinkTableResponse.o
LOAD ../../ColorTemperatureLight/Build/GreenPowerTranslationTableRequest.o
LOAD ../../ColorTemperatureLight/Build/GreenPowerTranslationTableResponse.o
LOAD ../../ColorTemperatureLight/Build/GreenPowerTranslationTableUpdate.o
LOAD ../../ColorTemperatureLight/Build/gp.o
LOAD ../../ColorTemperatureLight/Build/Alarms.o
LOAD ../../ColorTemperatureLight/Build/AlarmsClientCommands.o
LOAD ../../ColorTemperatureLight/Build/AlarmsCommandHandler.o
LOAD ../../ColorTemperatureLight/Build/AlarmsServerCommands.o
LOAD ../../ColorTemperatureLight/Build/AlarmsTableManager.o
LOAD ../../ColorTemperatureLight/Build/AnalogInputBasic.o
LOAD ../../ColorTemperatureLight/Build/AnalogOutputBasic.o
LOAD ../../ColorTemperatureLight/Build/Basic.o
LOAD ../../ColorTemperatureLight/Build/BasicClientCommands.o
LOAD ../../ColorTemperatureLight/Build/BasicCommandHandler.o
LOAD ../../ColorTemperatureLight/Build/BinaryInputBasic.o
LOAD ../../ColorTemperatureLight/Build/BinaryOutputBasic.o
LOAD ../../ColorTemperatureLight/Build/DeviceTemperatureConfiguration.o
LOAD ../../ColorTemperatureLight/Build/Diagnostics.o
LOAD ../../ColorTemperatureLight/Build/Groups.o
LOAD ../../ColorTemperatureLight/Build/GroupsClientCommands.o
LOAD ../../ColorTemperatureLight/Build/GroupsCommandHandler.o
LOAD ../../ColorTemperatureLight/Build/GroupsServerCommands.o
LOAD ../../ColorTemperatureLight/Build/GroupsTableManager.o
LOAD ../../ColorTemperatureLight/Build/Identify.o
LOAD ../../ColorTemperatureLight/Build/IdentifyClientCommands.o
LOAD ../../ColorTemperatureLight/Build/IdentifyCommandHandler.o
LOAD ../../ColorTemperatureLight/Build/IdentifyServerCommands.o
LOAD ../../ColorTemperatureLight/Build/LevelControl.o
LOAD ../../ColorTemperatureLight/Build/LevelControlClientCommands.o
LOAD ../../ColorTemperatureLight/Build/LevelControlCommandHandler.o
LOAD ../../ColorTemperatureLight/Build/MultistateInputBasic.o
LOAD ../../ColorTemperatureLight/Build/MultistateOutputBasic.o
LOAD ../../ColorTemperatureLight/Build/OOSC.o
LOAD ../../ColorTemperatureLight/Build/OnOff.o
LOAD ../../ColorTemperatureLight/Build/OnOffCommandHandler.o
LOAD ../../ColorTemperatureLight/Build/OnOffCommands.o
LOAD ../../ColorTemperatureLight/Build/PollControl.o
LOAD ../../ColorTemperatureLight/Build/PollControlClientCommands.o
LOAD ../../ColorTemperatureLight/Build/PollControlCommandHandler.o
LOAD ../../ColorTemperatureLight/Build/PollControlServerCommands.o
LOAD ../../ColorTemperatureLight/Build/PowerConfiguration.o
LOAD ../../ColorTemperatureLight/Build/PowerProfile.o
LOAD ../../ColorTemperatureLight/Build/PowerProfileClientCommands.o
LOAD ../../ColorTemperatureLight/Build/PowerProfileCommandHandler.o
LOAD ../../ColorTemperatureLight/Build/PowerProfileServerCommands.o
LOAD ../../ColorTemperatureLight/Build/Scenes.o
LOAD ../../ColorTemperatureLight/Build/ScenesClientCommands.o
LOAD ../../ColorTemperatureLight/Build/ScenesClusterManagement.o
LOAD ../../ColorTemperatureLight/Build/ScenesCommandHandler.o
LOAD ../../ColorTemperatureLight/Build/ScenesServerCommands.o
LOAD ../../ColorTemperatureLight/Build/ScenesTableManager.o
LOAD ../../ColorTemperatureLight/Build/TC.o
LOAD ../../ColorTemperatureLight/Build/Time.o
LOAD ../../ColorTemperatureLight/Build/base_device.o
LOAD ../../ColorTemperatureLight/Build/mains_power_outlet.o
LOAD ../../ColorTemperatureLight/Build/on_off_output.o
LOAD ../../ColorTemperatureLight/Build/plug_control.o
LOAD ../../ColorTemperatureLight/Build/remote_control.o
LOAD ../../ColorTemperatureLight/Build/simple_sensor.o
LOAD ../../ColorTemperatureLight/Build/BallastConfiguration.o
LOAD ../../ColorTemperatureLight/Build/ColourControl.o
LOAD ../../ColorTemperatureLight/Build/ColourControlClientCommands.o
LOAD ../../ColorTemperatureLight/Build/ColourControlCommandHandler.o
LOAD ../../ColorTemperatureLight/Build/ColourControlConversions.o
LOAD ../../ColorTemperatureLight/Build/colour_controller.o
LOAD ../../ColorTemperatureLight/Build/colour_dimmable_light.o
LOAD ../../ColorTemperatureLight/Build/colour_dimmer_switch.o
LOAD ../../ColorTemperatureLight/Build/colour_scene_controller.o
LOAD ../../ColorTemperatureLight/Build/colour_temperature_light.o
LOAD ../../ColorTemperatureLight/Build/commission_endpoint.o
LOAD ../../ColorTemperatureLight/Build/control_bridge.o
LOAD ../../ColorTemperatureLight/Build/dimmable_ballast.o
LOAD ../../ColorTemperatureLight/Build/dimmable_light.o
LOAD ../../ColorTemperatureLight/Build/dimmable_plug.o
LOAD ../../ColorTemperatureLight/Build/dimmer_switch.o
LOAD ../../ColorTemperatureLight/Build/extended_colour_light.o
LOAD ../../ColorTemperatureLight/Build/light_level_sensor.o
LOAD ../../ColorTemperatureLight/Build/light_sensor.o
LOAD ../../ColorTemperatureLight/Build/non_colour_controller.o
LOAD ../../ColorTemperatureLight/Build/non_colour_scene_controller.o
LOAD ../../ColorTemperatureLight/Build/occupancy_sensor.o
LOAD ../../ColorTemperatureLight/Build/on_off_ballast.o
LOAD ../../ColorTemperatureLight/Build/on_off_light.o
LOAD ../../ColorTemperatureLight/Build/on_off_light_switch.o
LOAD ../../ColorTemperatureLight/Build/on_off_plug.o
LOAD ../../ColorTemperatureLight/Build/on_off_sensor.o
LOAD ../../ColorTemperatureLight/Build/Commissioning.o
LOAD ../../ColorTemperatureLight/Build/CommissioningClientCommands.o
LOAD ../../ColorTemperatureLight/Build/CommissioningCmdHandler.o
LOAD ../../ColorTemperatureLight/Build/CommissioningServerCommands.o
LOAD ../../ColorTemperatureLight/Build/zll_CommissionCmdHandler.o
LOAD ../../ColorTemperatureLight/Build/zll_UtilityCmdHandler.o
LOAD ../../ColorTemperatureLight/Build/zll_commission.o
LOAD ../../ColorTemperatureLight/Build/zll_utility.o
LOAD ../../ColorTemperatureLight/Build/dlist.o
LOAD ../../ColorTemperatureLight/Build/zcl.o
LOAD ../../ColorTemperatureLight/Build/zcl_CustomCommandReceive.o
LOAD ../../ColorTemperatureLight/Build/zcl_CustomCommandSend.o
LOAD ../../ColorTemperatureLight/Build/zcl_PDUbufferReadWrite.o
LOAD ../../ColorTemperatureLight/Build/zcl_PDUbufferReadWriteString.o
LOAD ../../ColorTemperatureLight/Build/zcl_WriteAttributesRequestHandle.o
LOAD ../../ColorTemperatureLight/Build/zcl_WriteAttributesRequestSend.o
LOAD ../../ColorTemperatureLight/Build/zcl_WriteAttributesResponseHandle.o
LOAD ../../ColorTemperatureLight/Build/zcl_attribute.o
LOAD ../../ColorTemperatureLight/Build/zcl_buffer.o
LOAD ../../ColorTemperatureLight/Build/zcl_clusterCommand.o
LOAD ../../ColorTemperatureLight/Build/zcl_command.o
LOAD ../../ColorTemperatureLight/Build/zcl_common.o
LOAD ../../ColorTemperatureLight/Build/zcl_configureReportingCommandHandle.o
LOAD ../../ColorTemperatureLight/Build/zcl_configureReportingCommandSend.o
LOAD ../../ColorTemperatureLight/Build/zcl_configureReportingResponseHandle.o
LOAD ../../ColorTemperatureLight/Build/zcl_defaultResponse.o
LOAD ../../ColorTemperatureLight/Build/zcl_discoverAttributesExtendedRequestHandle.o
LOAD ../../ColorTemperatureLight/Build/zcl_discoverAttributesExtendedRequestSend.o
LOAD ../../ColorTemperatureLight/Build/zcl_discoverAttributesExtendedResponseHandle.o
LOAD ../../ColorTemperatureLight/Build/zcl_discoverAttributesRequestHandle.o
LOAD ../../ColorTemperatureLight/Build/zcl_discoverAttributesRequestSend.o
LOAD ../../ColorTemperatureLight/Build/zcl_discoverAttributesResponseHandle.o
LOAD ../../ColorTemperatureLight/Build/zcl_discoverCommandsRequestHandle.o
LOAD ../../ColorTemperatureLight/Build/zcl_discoverCommandsRequestSend.o
LOAD ../../ColorTemperatureLight/Build/zcl_discoverCommandsResponseHandle.o
LOAD ../../ColorTemperatureLight/Build/zcl_event.o
LOAD ../../ColorTemperatureLight/Build/zcl_heap.o
LOAD ../../ColorTemperatureLight/Build/zcl_library_options.o
LOAD ../../ColorTemperatureLight/Build/zcl_readAttributesRequestHandle.o
LOAD ../../ColorTemperatureLight/Build/zcl_readAttributesRequestSend.o
LOAD ../../ColorTemperatureLight/Build/zcl_readAttributesResponseHandle.o
LOAD ../../ColorTemperatureLight/Build/zcl_readReportingConfigurationCommandHandle.o
LOAD ../../ColorTemperatureLight/Build/zcl_readReportingConfigurationCommandSend.o
LOAD ../../ColorTemperatureLight/Build/zcl_readReportingConfigurationResponseHandle.o
LOAD ../../ColorTemperatureLight/Build/zcl_reportManager.o
LOAD ../../ColorTemperatureLight/Build/zcl_reportMaths.o
LOAD ../../ColorTemperatureLight/Build/zcl_reportScheduler.o
LOAD ../../ColorTemperatureLight/Build/zcl_reportStringHandling.o
LOAD ../../ColorTemperatureLight/Build/zcl_reportStructure.o
LOAD ../../ColorTemperatureLight/Build/zcl_search.o
LOAD ../../ColorTemperatureLight/Build/zcl_timer.o
LOAD ../../ColorTemperatureLight/Build/zcl_transmit.o
LOAD ../../ColorTemperatureLight/Build/bdb_fr.o
LOAD ../../ColorTemperatureLight/Build/bdb_start.o
LOAD ../../ColorTemperatureLight/Build/bdb_state_machine.o
LOAD ../../ColorTemperatureLight/Build/appZpsBeaconHandler.o
LOAD ../../ColorTemperatureLight/Build/appZdpExtraction.o
LOAD ../../ColorTemperatureLight/Build/bdb_ns.o
LOAD ../../ColorTemperatureLight/Build/bdb_tl_router_target.o
LOAD ../../ColorTemperatureLight/Build/bdb_tl_common.o
LOAD ../../ColorTemperatureLight/Build/ecb_decrypt.o
LOAD ../../ColorTemperatureLight/Build/bdb_fb_common.o
LOAD ../../ColorTemperatureLight/Build/bdb_fb_target.o
LOAD ../../../../sdk/JN-SW-4170/Components/Library\libJPT_JN5169.a
LOAD ../../../../sdk/JN-SW-4170/Components/Library\libZPSMAC_Mini_SOC_JN516x.a
LOAD ../../../../sdk/JN-SW-4170/Components/Library\libPWRM_JN516x.a
LOAD ../../../../sdk/JN-SW-4170/Components/Library\libZPSTSV_JN516x.a
LOAD ../../../../sdk/JN-SW-4170/Components/Library\libAES_SW_JN516x.a
LOAD ../../../../sdk/JN-SW-4170/Components/Library\libPDUM_JN516x.a
LOAD ../../../../sdk/JN-SW-4170/Components/Library\libZPSAPL_JN516x.a
LOAD ../../../../sdk/JN-SW-4170/Components/Library\libRandom_JN516x.a
LOAD ../../../../sdk/JN-SW-4170/Components/Library\libPDM_EEPROM_NO_RTOS_JN516x.a
LOAD ../../../../sdk/JN-SW-4170/Components/Library\libDBG_JN516x.a
LOAD ../../../../sdk/JN-SW-4170/Components/Library\libZPSGP_JN516x.a
LOAD ../../../../sdk/JN-SW-4170/Components/Library\libZPSIPAN_JN516x.a
LOAD ../../../../sdk/JN-SW-4170/Components/Library\libZPSNWK_JN516x.a
LOAD ../../../../sdk/JN-SW-4170/Components/Library\libRecal_JN516x.a
LOAD ../../../../sdk/JN-SW-4170/Components/Library\libMiniMac_JN5169.a
LOAD ../../../../sdk/JN-SW-4170/Components/Library\libMiniMacShim_JN516x.a
LOAD ../../../../sdk/JN-SW-4170/Components/Library\libMMAC_JN5169.a
LOAD ../../../../sdk/JN-SW-4170/Components/Library\libJPT_JN5169.a
LOAD ../../../../sdk/JN-SW-4170/Components/Library\libAes_JN516x.a
LOAD ../../../../sdk/JN-SW-4170/Components/Library\libHardwareApi_JN5169.a
LOAD ../../../../sdk/JN-SW-4170/Components/Library\libMicroSpecific_JN516x.a
LOAD ../../../../sdk/JN-SW-4170/Components/Library\libBoot_JN516x.a
LOAD ../../../../sdk/JN-SW-4170/Platform/DK4/Library\libBoardLib_JN516x.a
LOAD ../../../../sdk/JN-SW-4170/Components/Library\libJPT_JN5169.a
LOAD c:/nxp/bstudio_nxp/sdk/tools/ba-elf-ba2-r36379/bin/../lib/gcc/ba-elf/4.7.4/../../../../ba-elf/lib/mcpu_jn51xx_sizeopt\libm.a
END GROUP
LOAD c:/nxp/bstudio_nxp/sdk/tools/ba-elf-ba2-r36379/bin/../lib/gcc/ba-elf/4.7.4/../../../../ba-elf/lib/mcpu_jn51xx_sizeopt\libc.a
LOAD c:/nxp/bstudio_nxp/sdk/tools/ba-elf-ba2-r36379/bin/../lib/gcc/ba-elf/4.7.4/mcpu_jn51xx_sizeopt\libgcc.a
LOAD c:/nxp/bstudio_nxp/sdk/tools/ba-elf-ba2-r36379/bin/../lib/gcc/ba-elf/4.7.4/../../../../ba-elf/lib/mcpu_jn51xx_sizeopt\libc.a
                0x0000000000080038                exception_vsr_table = 0x80038
                0x0000000004000000                pSPIflashFncTable = 0x4000000
                0x0000000000000044                restore_state = 0x44
                0x000000000000004a                bZSPIWaitWIPClear = 0x4a
                0x0000000000000050                u16ZSPIflashRDID = 0x50
                0x0000000000000056                u8SelectFlashChipType = 0x56
                0x000000000000005c                memcpy = 0x5c
                0x0000000000000066                vBootFlashProg = 0x66
                [0x00000000000007d0]                __minimum_heap_size = DEFINED (__minimum_heap_size)?__minimum_heap_size:0xd16
                [0x0000000000001964]                __stack_size = DEFINED (__stack_size)?__stack_size:0x800
                0x0000000000000000                _SwConfig = (DEFINED (g_bSWConf_Debug) | (DEFINED (g_bSWConf_AltDebugPort) << 0x1))

.version        0x000000000007fffc        0x4
                0x000000000007fffc        0x4 LONG 0xf03000b

.bir            0x0000000000080000       0x10
                0x0000000000080000                _flash_start = ABSOLUTE (.)
                0x0000000000080000                _flash_beg = ABSOLUTE (.)
                0x0000000000080000        0x4 LONG 0x12345678
                0x0000000000080004        0x4 LONG 0x11223344
                0x0000000000080008        0x4 LONG 0x55667788
                0x000000000008000c        0x1 BYTE 0x8
                0x000000000008000d        0x1 BYTE 0x1
                0x000000000008000e        0x2 SHORT 0x0

.flashheader    0x0000000000080010       0x28
                0x0000000000080010        0x4 LONG 0x0
                0x0000000000080014        0x4 LONG 0x0
                0x0000000000080018        0x4 LONG 0x0
                0x000000000008001c        0x2 SHORT 0x0
                0x000000000008001e        0x2 SHORT 0x0 ABSOLUTE (_SwConfig)
                0x0000000000080020                _enc_start = ABSOLUTE (.)
                0x0000000000080020        0x4 LONG 0x323f8 ABSOLUTE (_image_len)
                0x0000000000080024        0x4 LONG 0xb1c08 ABSOLUTE (_flash_data_start)
                0x0000000000080028        0x2 SHORT 0x13 ((ABSOLUTE (_ram_data_start) / 0x4) & 0xffff)
                0x000000000008002a        0x2 SHORT 0x1fc ((ABSOLUTE (_ram_data_len) / 0x4) & 0xffff)
                0x000000000008002c        0x2 SHORT 0x20f ((ABSOLUTE (_bss_start) / 0x4) & 0xffff)
                0x000000000008002e        0x2 SHORT 0x1297 ((ABSOLUTE (_bss_len) / 0x4) & 0xffff)
                0x0000000000080030        0x4 LONG 0xaed93 ABSOLUTE (AppWarmStart)
                0x0000000000080034        0x4 LONG 0x85060 ABSOLUTE (AppColdStart)
                0x0000000000000000                _enc_offset = (_enc_start & 0xf)

.ro_mac_address
                0x0000000000080040        0x0
                0x0000000000080040                _FlsMACAddress = ABSOLUTE (.)
 *(.ro_mac_address)
                0x0000000000080040                . = ALIGN (0x10)

.ro_ota_header  0x0000000000080040        0x0
                0x0000000000080040                _FlsOtaHeader = ABSOLUTE (.)
 *(.ro_ota_header)
                0x0000000000080040                . = ALIGN (0x10)

.ro_se_lnkKey   0x0000000000080040        0x0
                0x0000000000080040                _FlsLinkKey = ABSOLUTE (.)
 *(.ro_se_lnkKey)
                0x0000000000080040                . = ALIGN (0x10)

.rodata         0x0000000000080038     0x1263
 *(.rodata*)
 .rodata        0x0000000000080038       0x30 C:\Users\nxf40467\AppData\Local\Temp\ccT6h9zn.ltrans0.ltrans.o
 .rodata.str1.1
                0x0000000000000000        0x0 C:\Users\nxf40467\AppData\Local\Temp\ccT6h9zn.ltrans0.ltrans.o
                                          0x8 (size before relaxing)
 .rodata.str1.1
                0x0000000000080068       0x11 C:\Users\nxf40467\AppData\Local\Temp\ccT6h9zn.ltrans1.ltrans.o
                                         0x14 (size before relaxing)
 .rodata        0x0000000000080079       0x10 C:\Users\nxf40467\AppData\Local\Temp\ccT6h9zn.ltrans1.ltrans.o
                0x0000000000080079                au8FlashWaitStatesHSRCO.259107
                0x0000000000080081                au8FlashWaitStates32MXO.259106
 .rodata.str1.1
                0x0000000000080089       0x62 C:\Users\nxf40467\AppData\Local\Temp\ccT6h9zn.ltrans2.ltrans.o
 *fill*         0x00000000000800eb        0x1 00
 .rodata        0x00000000000800ec      0x55c C:\Users\nxf40467\AppData\Local\Temp\ccT6h9zn.ltrans2.ltrans.o
                0x00000000000800ec                psAplDefaultDistributedAPSLinkKey
                0x00000000000800f0                au32TimerBaseAddress
                0x0000000000080104                zps_g_pvApl
                0x0000000000080108                pwrm_psWakeupCallbacks
 .rodata.str1.1
                0x0000000000080648        0x5 C:\Users\nxf40467\AppData\Local\Temp\ccT6h9zn.ltrans3.ltrans.o
                                          0x8 (size before relaxing)
 .rodata        0x000000000008064d       0x73 C:\Users\nxf40467\AppData\Local\Temp\ccT6h9zn.ltrans3.ltrans.o
 .rodata.str1.1
                0x0000000000000000        0x5 C:\Users\nxf40467\AppData\Local\Temp\ccT6h9zn.ltrans4.ltrans.o
                                          0x3 (size before relaxing)
 .rodata        0x00000000000806c0      0x280 C:\Users\nxf40467\AppData\Local\Temp\ccT6h9zn.ltrans4.ltrans.o
 .rodata        0x0000000000080940       0x70 C:\Users\nxf40467\AppData\Local\Temp\ccT6h9zn.ltrans5.ltrans.o
                0x0000000000080958                au32UartAddrOffset
 .rodata.str1.1
                0x0000000000000000        0x5 C:\Users\nxf40467\AppData\Local\Temp\ccT6h9zn.ltrans5.ltrans.o
                                          0xb (size before relaxing)
 .rodata.str1.1
                0x00000000000809b0       0xb5 C:\Users\nxf40467\AppData\Local\Temp\ccT6h9zn.ltrans6.ltrans.o
                                         0xbd (size before relaxing)
 .rodata.str1.1
                0x0000000000080a65       0x11 C:\Users\nxf40467\AppData\Local\Temp\ccT6h9zn.ltrans7.ltrans.o
                                         0x27 (size before relaxing)
 .rodata.str1.1
                0x0000000000000000        0x2 C:\Users\nxf40467\AppData\Local\Temp\ccT6h9zn.ltrans8.ltrans.o
 .rodata.str1.1
                0x0000000000080a76        0x6 C:\Users\nxf40467\AppData\Local\Temp\ccT6h9zn.ltrans9.ltrans.o
                                         0x15 (size before relaxing)
 .rodata        0x0000000000080a7c       0x1c C:\Users\nxf40467\AppData\Local\Temp\ccT6h9zn.ltrans9.ltrans.o
                0x0000000000080a7c                zps_pacNwkFrmStdHdrFmt
                0x0000000000080a80                au32NwkPdmRecordOffsets
 .rodata.str1.1
                0x0000000000080a98        0x5 C:\Users\nxf40467\AppData\Local\Temp\ccT6h9zn.ltrans10.ltrans.o
                                         0x20 (size before relaxing)
 .rodata.str1.1
                0x0000000000000000        0x5 C:\Users\nxf40467\AppData\Local\Temp\ccT6h9zn.ltrans11.ltrans.o
                                          0x4 (size before relaxing)
 .rodata        0x0000000000080a9d       0x26 C:\Users\nxf40467\AppData\Local\Temp\ccT6h9zn.ltrans11.ltrans.o
 *fill*         0x0000000000080ac3        0x1 00
 .rodata        0x0000000000080ac4       0xa4 C:\Users\nxf40467\AppData\Local\Temp\ccT6h9zn.ltrans12.ltrans.o
                0x0000000000080ac4                s_aprIdleStHandleCme.249845
                0x0000000000080ad8                s_aprActvStHandleCme.245747
                0x0000000000080b04                g_bExternalPermitJoinControl
                0x0000000000080b05                CSWTCH.19.101866.101866
                0x0000000000080b25                CSWTCH.16.101865.101865
 .rodata        0x0000000000080b68      0x1b8 C:\Users\nxf40467\AppData\Local\Temp\ccT6h9zn.ltrans13.ltrans.o
 .rodata.str1.1
                0x0000000000080d20       0x20 C:\Users\nxf40467\AppData\Local\Temp\ccT6h9zn.ltrans15.ltrans.o
                                         0x26 (size before relaxing)
 .rodata.str1.1
                0x0000000000000000       0x20 C:\Users\nxf40467\AppData\Local\Temp\ccT6h9zn.ltrans16.ltrans.o
                                          0x9 (size before relaxing)
 .rodata        0x0000000000080d40       0x5c C:\Users\nxf40467\AppData\Local\Temp\ccT6h9zn.ltrans16.ltrans.o
                0x0000000000080d40                g_u32NwkFcSaveCountBitShift
 .rodata.str1.1
                0x0000000000080d9c       0x34 C:\Users\nxf40467\AppData\Local\Temp\ccT6h9zn.ltrans18.ltrans.o
                                         0x44 (size before relaxing)
 .rodata        0x0000000000080dd0       0xff C:\Users\nxf40467\AppData\Local\Temp\ccT6h9zn.ltrans18.ltrans.o
 .rodata.str1.1
                0x0000000000080ecf       0x3d C:\Users\nxf40467\AppData\Local\Temp\ccT6h9zn.ltrans19.ltrans.o
                                         0x78 (size before relaxing)
 .rodata.str1.1
                0x0000000000000000        0x6 C:\Users\nxf40467\AppData\Local\Temp\ccT6h9zn.ltrans20.ltrans.o
 .rodata.str1.1
                0x0000000000080f0c       0x13 C:\Users\nxf40467\AppData\Local\Temp\ccT6h9zn.ltrans21.ltrans.o
 *fill*         0x0000000000080f1f        0x1 00
 .rodata        0x0000000000080f20        0xc C:\Users\nxf40467\AppData\Local\Temp\ccT6h9zn.ltrans21.ltrans.o
                0x0000000000080f20                u8MaxZpsConfigEp
                0x0000000000080f21                au8EpMapPresent
                0x0000000000080f24                s_groupPdmTable
 .rodata        0x0000000000080f2c       0xe8 C:\Users\nxf40467\AppData\Local\Temp\ccT6h9zn.ltrans22.ltrans.o
                0x0000000000080f30                s_apsStSceTbl.238208
                0x0000000000080f44                au32EndDeviceTimeoutConstants
                0x0000000000080f80                g_psGreenPowerContext
                0x0000000000080f84                g_u32ApsFcSaveCountBitShift
                0x0000000000080f88                zps_sJoinSceTbl
                0x0000000000080f94                zps_sActvSceTbl
 .rodata.str1.1
                0x0000000000081014       0x2b C:\Users\nxf40467\AppData\Local\Temp\ccT6h9zn.ltrans23.ltrans.o
 *fill*         0x000000000008103f        0x1 00
 .rodata        0x0000000000081040      0x118 C:\Users\nxf40467\AppData\Local\Temp\ccT6h9zn.ltrans23.ltrans.o
                0x0000000000081044                gu32ZCLVersion
                0x0000000000081048                ZPS_g_u32MacVersion
                0x000000000008104c                PDUM_g_u32Version
                0x0000000000081050                ZPS_g_u32TsvVersion
 .rodata.str1.1
                0x0000000000081158       0xb9 C:\Users\nxf40467\AppData\Local\Temp\ccT6h9zn.ltrans24.ltrans.o
                                         0xe5 (size before relaxing)
 .rodata.str1.1
                0x0000000000000000        0x6 C:\Users\nxf40467\AppData\Local\Temp\ccT6h9zn.ltrans26.ltrans.o
 .rodata.str1.1
                0x0000000000081211       0x25 C:\Users\nxf40467\AppData\Local\Temp\ccT6h9zn.ltrans27.ltrans.o
 .rodata.str1.1
                0x0000000000081236       0x65 C:\Users\nxf40467\AppData\Local\Temp\ccT6h9zn.ltrans29.ltrans.o
                                         0x68 (size before relaxing)

.text           0x000000000008129c    0x3096a
 *(.text*)
 .text          0x000000000008129c       0x50 ../../ColorTemperatureLight/Build/irq_JN516x.o
                0x000000000008129c                PIC_ChannelPriorities
                0x00000000000812ac                PIC_SwVectTable
 .text          0x00000000000812ec       0xd0 ../../ColorTemperatureLight/Build/portasm_JN516x.o
                0x00000000000812ec                OSMIUM_HwVectTable
                0x0000000000081328                vExternalException
 .text          0x00000000000813bc     0x224e C:\Users\nxf40467\AppData\Local\Temp\ccT6h9zn.ltrans0.ltrans.o
                0x00000000000813ed                DBG_iUartGetChar
                0x00000000000814d3                vMMAC_IntHandlerBbc
                0x00000000000814ed                eBasicTxCompleteHandler
                0x00000000000814f2                vTxRxTimeout.257236
                0x000000000008154f                eSmeUDNTScanDcfm.247083
                0x000000000008156b                vMacMlmeCallBackHandler.99897
                0x0000000000081842                APP_cbTimerRadioRecal
                0x00000000000818ce                zps_eNwkHandleSmePollDcfm
                0x00000000000818f8                eSmeGenlScanDcfm.247646
                0x0000000000081956                zps_eNwkHandleSmeDutyCycleInd
                0x000000000008197f                eSmeEdScScanDcfm.247642
                0x00000000000819c8                vMicroIntEnableOnly.constprop.244
                0x00000000000819f4                PDM_vEnterCriticalSection
                0x0000000000081a22                bGP_IsProxyTableEntryPresent.constprop.240
                0x0000000000081a94                bGP_IsDuplicatePkt.constprop.239
                0x0000000000081be4                zps_eNwkRtDiscMatch.constprop.229
                0x0000000000081c37                bAHI_FullFlashRead.constprop.219
                0x0000000000081cf2                zps_bAreCredPresent
                0x0000000000081dd2                pvZCL_HeapAlloc.part.0.82957.constprop.214
                0x0000000000081e0c                vMiniMac_MLME_SetReq_PanId
                0x0000000000081e49                vMiniMac_MLME_SetReq_ShortAddr
                0x0000000000081e57                eZCL_ReadLocalAttributeValue.constprop.180
                0x0000000000081f26                eZCL_WriteLocalAttributeValue.constprop.178
                0x0000000000081ff8                eFbStartFbTarget.98916
                0x0000000000082039                ZPS_u8MacPibGetBeaconPayload.constprop.171
                0x0000000000082055                ZTIMER_eOpen.constprop.132
                0x0000000000082097                PDUM_vInit
                0x0000000000082140                vCLD_ColourControl_xyY2CCT.constprop.89
                0x00000000000821f1                eCLD_ColourControlHandleColourModeChange
                0x0000000000082258                eCLD_OnOffSetGlobalSceneControl.constprop.32
                0x000000000008227f                zps_bAplZdoServerHandleConfirmAcks.constprop.9
                0x00000000000822c9                ZPS_eTsvStop
                0x0000000000082308                zps_vAplApsStopPollTimer.part.2.109481
                0x000000000008238f                ZPS_vDefaultApsdeResources
                0x00000000000823fd                ZPS_vResetBoundServerContext
                0x0000000000082400                eEdTimeoutRequestDataDcfm.236877
                0x0000000000082421                ZPS_u8GetChannelOffset
                0x0000000000082454                pvHeap_Alloc
                0x0000000000082457                zps_eSocMacSetTxBuffers.constprop.68
                0x0000000000082492                vMicroIntRestoreState
                0x000000000008249e                TSV_eStart
                0x00000000000824ee                ZPS_eTsvStart
                0x000000000008252b                zps_vAplAfPostTimerEvent
                0x00000000000825cb                zps_vExpireOldRoutes
                0x0000000000082653                zps_eNwkBtrMatch
                0x0000000000082750                PDM_vExitCriticalSection
                0x0000000000082773                bAHI_WriteEEPROMfixSegmentData
                0x00000000000827d1                bAHI_InitialiseEEPROM
                0x0000000000082819                vAHI_ReadDataFromEEPROMregister
                0x0000000000082846                vAHI_WriteDataIntoEEPROMregister
                0x0000000000082876                iAHI_WriteDataIntoEEPROMsegment.constprop.234
                0x00000000000828c4                iPDM_WriteSegmentHeaderDataIntoEEPROMsegment
                0x00000000000828f3                u8AHI_WakeTimerFiredStatus
                0x0000000000082907                vAHI_WakeTimerStop.part.3.259601
                0x0000000000082927                vAHI_UartReset.part.4.259355
                0x000000000008295f                vAHI_ClockXtalPull
                0x000000000008297c                vAHI_OptimiseWaitStates
                0x00000000000829c8                bAHI_GetClkSource
                0x00000000000829d5                vAHI_SwReset
                0x0000000000082a06                vAHI_DioSetDirection
                0x0000000000082a1a                bACI_WriteKey
                0x0000000000082a28                vACI_CmdWaitBusy
                0x0000000000082a35                bACI_ECBencodeBuffer.part.0.258686.constprop.227
                0x0000000000082aec                vACI_OptimisedCcmStar.constprop.232
                0x0000000000082cd8                i16JPT_ConvertEnergyTodBm
                0x0000000000082cea                MAC_u64GetExtAddr
                0x0000000000082d05                ZPS_u64NwkNibFindExtAddr
                0x0000000000082dab                eAppApiDefPlmeGet.part.0.257499
                0x0000000000082dba                psSearchForFrameToSend
                0x0000000000082e12                eMiniMac_FrameInProgress
                0x0000000000082e3d                vRemoveFromTxQueue
                0x0000000000082e79                vAddToTxQueue
                0x0000000000082eaf                u8GetHeaderSize
                0x0000000000082ed7                vMiniMac_PLME_SetReq_CcaMode
                0x0000000000082eeb                vMiniMac_MLME_SetReq_MaxCsmaBackoffs
                0x0000000000082f0b                vMiniMac_MLME_SetReq_MaxBe
                0x0000000000082f2e                vMiniMac_MLME_SetReq_MinBe
                0x0000000000082f51                zps_vSendJoinInd
                0x0000000000082fc0                zps_psFormatCmdFrameGeneral
                0x000000000008306b                zps_eNwkFormStInit
                0x0000000000083098                vSendDcfm.248386
                0x00000000000830bd                bCheckMatchingEntry.247835
                0x00000000000830e3                psAddToDiscNt.247631
                0x000000000008327f                eSmeUDNTBeaconInd.247638
                0x00000000000832a4                zps_psNwkSlistRemoveFromHead
                0x00000000000832bb                zps_psNwkSlistRemove
                0x00000000000832f3                zps_bNwkMcpsMgrRemoveDescrFromLists
                0x0000000000083331                zps_vNwkSlistAddToTail
                0x000000000008334b                zps_vNwkMcpsMgrFreeReqDescr
                0x0000000000083380                zps_vNwkRemoveConflictedBroadcast
                0x00000000000833d5                ZPS_pvNwkSecGetNetworkKey
                0x0000000000083409                ZPS_vNwkSecResetDevice
                0x0000000000083451                ZPS_bNwkSecHaveNetworkKey
                0x0000000000083485                ZPS_bNwkSecFindMatSet
                0x00000000000834c1                zps_eNwkRtMatch
                0x00000000000835cf                ZPS_u8NwkCalcNldeReqOverhead
 .text          0x000000000008360a     0x1a11 C:\Users\nxf40467\AppData\Local\Temp\ccT6h9zn.ltrans1.ltrans.o
                0x000000000008360a                vPermitJoinHandleExpiry.241480
                0x0000000000083653                zps_vNwkHandleCmePermitJoinReq
                0x0000000000083710                boIdValueSearchMatch.226610
                0x000000000008376a                vCLD_IdentifyTimerClickCallback.30180
                0x00000000000837e1                vPostVsMcpsDcfmInd.125844
                0x000000000008386d                vZGPParseMacMcpsData
                0x0000000000083a1a                vZdoServersInit.2889
                0x0000000000083ba3                zps_bAplZdoSimpleDescServer
                0x0000000000083df1                vPostMlmeDcfmInd.125830
                0x0000000000083ea2                ZPS_vMacPibSetBeaconPayload.constprop.188
                0x0000000000083ed7                zps_vInitBeaconPayload
                0x0000000000083f32                bGP_GPDFValidityCheck
                0x00000000000840d9                vGP_RestorePersistedData
                0x000000000008415f                bGP_CheckFrameToBeProcessed
                0x00000000000841a2                u16PDM_CalculateRecordChecksum
                0x0000000000084245                vPDM_WriteFileSystemRecordAndSegmentDataIntoEEPROMsegment
                0x0000000000084280                zps_sZgpAddTxQueue
                0x00000000000843a0                zps_bZgpRemoveTxQueue
                0x000000000008442e                ZPS_psZgpFindGpstEntry
                0x0000000000084485                vGP_RemoveGPDFromProxySinkTable
                0x0000000000084502                zps_vSendJoinDcfm
                0x0000000000084548                vGiveUp.251174
                0x0000000000084580                ZPS_eTsvOpen
                0x000000000008459d                zps_eNwkHandleSceNwkUpdate
                0x00000000000845c1                ZPS_u16NwkNibFindNwkAddr
                0x0000000000084662                zps_vNwkMcpsMgrInit
                0x0000000000084704                eCLD_ScenesSetLastConfiguredBy.isra.2.38364
                0x000000000008473b                eCLD_ScenesFindActiveScene
                0x0000000000084758                iPDM_FilterDuplicateAppendedSegmentsOnList.227676
                0x000000000008479f                u8PDM_CalculateLargestDataRecordStored
                0x00000000000847d0                ZPS_vGetDeviceCurrentData.constprop.15
                0x000000000008484f                ZPS_u8MacIFTGetChannelMaskCount
                0x000000000008488f                ZPS_u8MacIFTGetIntfState
                0x00000000000848ad                zps_vNwkHandleCmeGetInterface
                0x00000000000849fb                u32GetScanChannels.isra.3.116765
                0x0000000000084a30                ZPS_vMacIFTGetChannelMaskFromMacId
                0x0000000000084ab4                ZPS_bIsMacAddressUsedInApsTable
                0x0000000000084b85                eCLD_GroupsCheckGroupExists
                0x0000000000084bf2                vNwkMcpsSendTimedDfcm
                0x0000000000084c37                zps_vNwkBttMgrInit
                0x0000000000084c65                ZPS_vNwkNibClearTables
                0x0000000000084d90                ZPS_u8GrabMutexLock.constprop.255
                0x0000000000084dd3                ZPS_u8ReleaseMutexLock.constprop.254
                0x0000000000084dfe                vEnableReceive.257238
                0x0000000000084e37                psGetTxFrameBuffer
                0x0000000000084e73                psGetAndBuildCoordRealignment
                0x0000000000084ecb                bAHI_SetClockRate.part.0.259025.constprop.249
                0x0000000000084f46                zps_eAplZdoBdrmRequestSend
                0x0000000000084fc1                vProcessTimedList.237944
                0x0000000000085008                zps_vNwkMcpsMgrPostTimed
 .text.unlikely
                0x000000000008501b       0x43 C:\Users\nxf40467\AppData\Local\Temp\ccT6h9zn.ltrans1.ltrans.o
                0x000000000008501b                vAHI_MemoryHold.259033
 *fill*         0x000000000008505e        0x2 00
 .text          0x0000000000085060     0x16e4 C:\Users\nxf40467\AppData\Local\Temp\ccT6h9zn.ltrans2.ltrans.o
                0x0000000000085060                AppColdStart
 .text          0x0000000000086744     0x1d9c C:\Users\nxf40467\AppData\Local\Temp\ccT6h9zn.ltrans3.ltrans.o
                0x0000000000086744                DBG_vUartFlush
                0x0000000000086771                DBG_vUartPutch
                0x00000000000867b7                APP_cbTimerButtonScan
                0x000000000008686d                zps_bAplZdoNodeDescServer
                0x00000000000869df                zps_bAplZdoPowerDescServer
                0x0000000000086b03                zps_bAplZdoActiveEpServer
                0x0000000000086bec                zps_bAplZdoSystemServerDiscoveryServer
                0x0000000000086c78                u16GP_APduInstanceReadWriteLongString
                0x0000000000086de3                vMiniMac_ReturnTxBufferCallback
                0x0000000000086e0f                vPostTxActions.257282
                0x0000000000086e4c                vMMAC_RadioToOffAndWait
                0x0000000000086e69                vStartReceive
                0x0000000000086e85                vSetChannelAndPower
                0x000000000008700e                vMiniMac_PLME_SetReq_Power
                0x0000000000087022                vMiniMac_PLME_SetReq_Channel
                0x000000000008702a                eCLD_ScenesSaveClusters.constprop.41
                0x00000000000872bd                vCLD_ScenesUpdateSceneValid
                0x000000000008733a                eCLD_OnOffSceneEventHandler.33472
                0x00000000000873d5                eCLD_LevelControlUpdate
                0x0000000000087703                eCLD_LevelControlStopTransition
                0x0000000000087736                eCLD_LevelControlSetOnOffState
                0x000000000008786a                eCLD_ColourControlUpdate
                0x0000000000087a88                eCLD_ColourControlSceneEventHandler.44987
                0x0000000000087ac2                u8ZdoBindUnbindServerUnpackApdu
                0x0000000000087b11                eZCL_GetAttributeTypeSizeFromBuffer
                0x0000000000087b88                u16ZCL_GetTxPayloadSize
                0x0000000000087bc0                u16ZCL_APduInstanceWriteNBO
                0x0000000000087c14                u16ZCL_WriteCommandHeader
                0x0000000000087c8c                u16ZCL_APduInstanceReadNBO
                0x0000000000087cdd                u16ZCL_ReadCommandHeader.part.0.74492
                0x0000000000087d54                eZCL_CustomCommandReceiveScenes.isra.0.part.1.38348.constprop.28
                0x0000000000087e48                u16ZCL_APduInstanceWriteStringNBO.part.0.71490
                0x0000000000087f24                u16ZCL_APduInstanceReadStringNBO
                0x0000000000087ff8                PWRM_vWakeInterruptCallback
                0x000000000008807f                iPDM_ReadSegmentHeaderDataFromEEPROMsegment
                0x00000000000880d8                iPDM_ReadUserDataFromEEPROMsegment
                0x0000000000088152                iPDM_ReCalculateWearCountAndChecksumAndWriteFileSystemHeader
                0x000000000008819c                vPDM_SetEEPROMandFileSystemValidState
                0x00000000000881c3                iPDM_ReadUserDataFromFileSystemRecord
                0x00000000000881e3                iPDM_CompareDataInFileRecords.226870
                0x000000000008821f                eCLD_ScenesUpdate
 .text          0x00000000000884e0     0x2401 C:\Users\nxf40467\AppData\Local\Temp\ccT6h9zn.ltrans4.ltrans.o
                0x00000000000884e0                vNwkMcpsTimerCallback
                0x00000000000884fa                zps_eSceGenlIllegal
                0x0000000000088501                zps_eSmeGenlIllegal
                0x0000000000088508                DBG_vUartFailedAssert
                0x000000000008850c                zps_bAplZdoBindRequestServer
                0x0000000000088644                vPostMcpsDcfmInd.125837
                0x0000000000088647                psGetVsMcpsBuf.125841
                0x0000000000088650                psGetMlmeBuf.125827
                0x0000000000088659                psGetMcpsBuf.125834
                0x0000000000088662                zps_vExpireRequestKeyReq.116688
                0x00000000000886dc                psGetNlmeBuf.106971
                0x00000000000886e5                psGetNldeBuf.106992
                0x00000000000886ee                psGetApsmeBuf.106978
                0x00000000000886f4                psGetApsdeBuf.106985
                0x000000000008880d                APP_bMultimaskJoinCallBack
                0x0000000000088819                vMacMcpsCallBackHandler.99901
                0x000000000008882a                vLoopbackTimerCallback
                0x00000000000889ba                zps_eNwkRctMatchNwkAddr
                0x0000000000088a24                zps_vRemoveNextHop
                0x0000000000088ad9                zps_vRemoveRoute
                0x0000000000088b70                zps_psNwkRtMatchNwkAddr
                0x0000000000088be6                zps_vNwkFreeMcpsHandle
                0x0000000000088c10                zps_u8NwkAllocateMcpsHandle
                0x0000000000088c61                zps_psNwkMcpsMgrFindPendingByNwkDstAddr
                0x0000000000088c77                ZPS_u64NwkNibGetMappedIeeeAddr
                0x0000000000088ca7                ZPS_bNwkNibNtActvMatch
                0x0000000000088d59                bCheckNwkAddr
                0x0000000000088da2                bIsBindTableMatch.111172
                0x0000000000088e0a                eRemoveEntryInBindingTable.111176
                0x0000000000088e8e                zps_eAplTrustCenterFindDevice
                0x0000000000088ed2                ZPS_vSetExtendedStatus
                0x0000000000088ee4                eAllocateNPDU.102128
                0x0000000000088f47                PDUM_eNPduClone
                0x0000000000088f93                PDUM_hAPduAllocateAPduInstance
                0x0000000000088fed                hZCL_AllocateAPduInstance
                0x000000000008902a                zps_eAplZdoSendZdpResponse
                0x0000000000089073                bSendResponse.145220
                0x00000000000890b6                zps_psApsApsAllocateDcfmRecord
                0x0000000000089124                zps_u8CalcLinkCost
                0x0000000000089160                ZPS_u8NwkNibNtDiscMatch
                0x0000000000089244                zps_u8NwkLibChannelLow
                0x0000000000089253                zps_u64NwkLibFromPayload
                0x0000000000089292                zps_vNwkLibU64ToPayload
                0x00000000000892bf                zps_eNwkDcfmIndPost
                0x00000000000892e1                zps_psNwkDcfmIndGetBuf
                0x0000000000089303                eRouteRequestDataDcfm.242702
                0x0000000000089357                eNldeDataDcfm.240420
                0x0000000000089387                zps_vSendNwkStatusInd
                0x00000000000893b7                eLeaveDataDcfmRemoteLeave.233928
                0x0000000000089412                DBG_vInit
                0x0000000000089454                psSLISTsearch
                0x0000000000089494                psSLISTremove
                0x0000000000089512                psSLISTgetNext
                0x0000000000089536                iSLISTnumberOfNodes
                0x000000000008954d                u8PDM_CalculateFileSystemCapacity
                0x0000000000089562                u8PDM_ReadSequenceNumber
                0x0000000000089585                boSegmentNumberDeleteSearchMatch.227057
                0x00000000000895a0                u8PDM_ReadSegmentDataSize
                0x00000000000895b4                u32PDM_ReadFileSystemHeaderWearCount
                0x00000000000895ca                boSearchForWearCountSubstitute.227377
                0x00000000000895f0                boSearchForWearCountInsertPoint.226606
                0x000000000008960e                vPDM_WriteFileSystemHeaderWearCount
                0x0000000000089620                vPDM_ReadBitmapHeader.225517
                0x000000000008963f                RND_u32GetRand256
                0x000000000008965c                RND_u32GetRand
                0x0000000000089684                u16CalculateFailedTxCount
                0x00000000000896b4                vZdoIeeeAddrServerSendExtendResponse.part.0.129928
                0x0000000000089718                vZdoNwkAddrServerSendExtendResponse.part.0.128662
                0x000000000008977c                zps_bPerformLeaveActionDecider
                0x0000000000089781                vHandleUpdateDeviceIndication.116720
                0x00000000000897ab                zps_vByteCopy.part.2.112860
                0x00000000000897c7                zps_vByteCopy
                0x00000000000897df                bDuplicateCheck.112668
                0x00000000000898ec                zps_vAplApsInitDuplicateTable
                0x000000000008990f                eHandleRemoveNonBroadcastEndpointsFromGroup.111152
                0x0000000000089987                eHandleAddEntryToGroupTable.111139
                0x00000000000899e3                zps_vAplApsInitFragTransmitPool
                0x0000000000089a04                zps_vAplApsFillAndPostApsAck
                0x0000000000089a6e                zps_u8AplApsFreeMsgHandle
                0x0000000000089ad8                zps_vAplApsInitSyncMsgPool
                0x0000000000089b10                zps_vAplApsInitFragReceivePool
                0x0000000000089b33                vFillDataIndStruct.106649
                0x0000000000089b91                vFillApduErrorEvent.106642
                0x0000000000089bd4                bCheckProfile.106637
                0x0000000000089c1b                vWrite64Nbo
                0x0000000000089c48                vWrite32Nbo
                0x0000000000089c60                ZPS_bIsGroupPresent
                0x0000000000089c98                PDUM_u16SizeNBO
                0x0000000000089cf6                PDUM_u16APduInstanceWriteStrNBO
                0x0000000000089e75                PDUM_eNPduReadFooterNBO.part.5.102197
                0x0000000000089eba                PDUM_u16APduInstanceReadNBO
                0x0000000000089f05                PDUM_u16APduInstanceWriteNBO
                0x0000000000089f6f                PDUM_thAPduInstanceGetApdu
                0x0000000000089f8a                PDUM_eAPduFreeAPduInstance
                0x0000000000089ff0                zps_bAplZdoMgmtLqiServer
                0x000000000008a225                zps_bAplZdoMgmtRtgServer
                0x000000000008a365                PDUM_eAPduInstanceSetPayloadSize
                0x000000000008a38d                PDUM_eNPduWriteDataFromBuffer
                0x000000000008a3e7                PDUM_eNPduWriteDataToBuffer
                0x000000000008a445                PDUM_eNPduWriteFromBuffer
                0x000000000008a46e                PDUM_eNPduDescend
                0x000000000008a494                PDUM_eNPduAscend
                0x000000000008a4ba                PDUM_eNPduClaimData
                0x000000000008a527                PDUM_eNPduAppendDataNBO
                0x000000000008a584                PDUM_eNPduClaimHeader
                0x000000000008a5a7                PDUM_eNPduReadHeaderNBO
                0x000000000008a5fa                PDUM_eNPduPrependHeaderNBO
                0x000000000008a655                PDUM_eNPduFree
                0x000000000008a6b3                ZPS_vInterceptMcpsDataCallback
                0x000000000008a715                PDUM_eNPduInitDescending
                0x000000000008a730                zps_vInitAPSMECmdHdr
                0x000000000008a767                ZPS_u8MacGetChannelOffsetFromMask
                0x000000000008a776                ZPS_eMacValidateChannelMask
                0x000000000008a7a5                InvShiftRows
                0x000000000008a838                InvSubBytes
                0x000000000008a87e                AddRoundKey
                0x000000000008a8bf                getSBoxValue.98405
 .text          0x000000000008a8e1     0x1b0d C:\Users\nxf40467\AppData\Local\Temp\ccT6h9zn.ltrans5.ltrans.o
                0x000000000008a8e1                eSmeASFlBeaconInd.247654
                0x000000000008a903                DBG_vUartInitHardware
                0x000000000008aa40                eSmeAcScBeaconInd.247662
                0x000000000008acaa                vMiniMac_NextTransaction
                0x000000000008ad14                bSMBusWait.260434
                0x000000000008ad4e                zps_vDefaultNwkLayer
                0x000000000008af84                ZPS_vMacPibSetRxOnWhenIdle
                0x000000000008af8d                vDLISTaddToHead
                0x000000000008afb6                vDLISTaddToTail
                0x000000000008afd9                psDLISTremoveFromHead
                0x000000000008b004                psDLISTremove
                0x000000000008b052                eZCL_TimerRegister.part.1.91168.constprop.94
                0x000000000008b093                vApp_GP_RegisterDevice.constprop.90
                0x000000000008b2c3                eGp_BufferTransmissionPacket
                0x000000000008b42a                bGP_AliasPresent
                0x000000000008b572                iPDM_SearchForBufferIdInList
                0x000000000008b5a7                iPDM_ReadUserDataFromSegmentOnListWithId
                0x000000000008b5e5                iPDM_SearchForBufferIdInFileSystem
                0x000000000008b5f8                iPDM_ReadUserDataFromSegmentWithId
                0x000000000008b62d                PDM_eReadDataFromRecord.part.0.225867
                0x000000000008b6b4                PDM_eReadDataFromRecord
                0x000000000008b6d4                vLoadAplRecord.116749
                0x000000000008b702                vLoadNwkRecord.238920
                0x000000000008b73a                iPDM_SearchForSpecificSegmentInList
                0x000000000008b76c                bPDM_FindLastMarkerSegment.226899
                0x000000000008b7b9                eTransmit
                0x000000000008b887                zps_vSocMacHandleMcpsVsReqRsp.constprop.237
                0x000000000008ba16                eZCL_TransmitInterPanRequest.constprop.165
                0x000000000008bc07                BDB_eTlSendScanResponse.97522.constprop.151
                0x000000000008bd90                eCLD_ZllCommissionCommandNetworkStartRspCommandSend.constprop.164
                0x000000000008bdee                eBuildAndSend.256889
                0x000000000008be63                vMiniMac_TxComplete
                0x000000000008bf55                vTimerFired
                0x000000000008c02a                vMiniMac_Init
 .text.unlikely
                0x000000000008c3ee       0x31 C:\Users\nxf40467\AppData\Local\Temp\ccT6h9zn.ltrans5.ltrans.o
                0x000000000008c3ee                eCLD_ZllCommissionCommandNetworkJoinRouterRspCommandSend.constprop.163
 .text          0x000000000008c41f     0x1950 C:\Users\nxf40467\AppData\Local\Temp\ccT6h9zn.ltrans6.ltrans.o
                0x000000000008c41f                eSmeAcScBeaconInd.247840
                0x000000000008c5b6                zps_bAplZdoIeeeAddrServer
                0x000000000008c712                zps_bAplZdoNwkAddrServer
                0x000000000008c8a5                eBeaconReqSent.256883
                0x000000000008c8cc                vRetryCcaFailure
                0x000000000008c919                eMcpsTxCompleteHandler.256204
                0x000000000008c947                zps_u8AplApsConstructAndPostLoopBackDataInd.109595
                0x000000000008ca80                PWRM_vManagePower
                0x000000000008cbcb                psDLISTsearchFromHead
                0x000000000008cbf4                eCLD_ScenesAddScene
                0x000000000008ccc8                eCLD_ScenesFindScene
                0x000000000008cd16                eCLD_ScenesStoreScene
                0x000000000008cdce                eCLD_ScenesRemoveAllScenes
                0x000000000008ce67                vFreePendingReqDescr
                0x000000000008ced1                vHandleRouteDiscoveryExpiry.242241
                0x000000000008cf2f                bHasTimerFired.89110
                0x000000000008cf9b                u16ZCL_WriteAttributeValueIntoBuffer
                0x000000000008d021                eHandleRemoveBroadcastEndpointsFromGroup.111135
                0x000000000008d07b                ZPS_bSecDecrypt
                0x000000000008d16c                zps_vNwkMcpsMgrTidyBtrReqDescr
                0x000000000008d1b1                vNwkBttTimerExpiry.245795
                0x000000000008d2d3                eZCL_SetReceiveEventAddressStructure
                0x000000000008d353                dbg_vPrintfImplNoneVerbose
                0x000000000008d7db                vShowException
                0x000000000008d89d                vfExtendedStatusCallBack
                0x000000000008d8a8                ZPS_bSecEncrypt
                0x000000000008da59                eZCLAddReport
                0x000000000008dd02                eZCL_CreateLocalReport.constprop.99
 .text          0x000000000008dd6f     0x19d3 C:\Users\nxf40467\AppData\Local\Temp\ccT6h9zn.ltrans7.ltrans.o
                0x000000000008dd6f                vPDM_AddFileSystemElementToListInAscendingWearCountOrder
                0x000000000008de97                vPDM_MoveFileRecordFromListToList
                0x000000000008deb9                vPDM_MoveRecordToDeAllocList
                0x000000000008ded9                iPDM_GetWearLevelledBuffer
                0x000000000008dfac                iPDM_WriteSegmentHeaderAndData
                0x000000000008e0fa                vIncrementFrameCounterInPdm.isra.0.239372
                0x000000000008e2db                zps_eNwkSecEncryptPacket
                0x000000000008e3f1                vProcessListsForSubmission.238040
                0x000000000008e63b                zps_vNwkMcpsMgrPost
                0x000000000008e65f                zps_psNwkInitiateRouteDiscovery
                0x000000000008e997                zps_psSendFrm
                0x000000000008ecf5                zps_eNwkHandleSceRouteRecord
                0x000000000008edec                zps_psNwkSendLeaveCmd
                0x000000000008ee54                zps_psNwkPropagateLocalLeave
                0x000000000008ee7c                zps_psSendNetworkStatusCmd
                0x000000000008eee9                zps_eDefaultDataDcfm
                0x000000000008efdb                vSendNetworkReport.236735
                0x000000000008f0b9                psSendRouteReplyCmd.242684
                0x000000000008f1cb                zps_eNwkHandleSceRouteReply
                0x000000000008f49e                zps_psSendNetworkLinkPowerDelta.244110
                0x000000000008f530                zps_eNwkHandleSceNwkLinkPowerDelta
                0x000000000008f54a                zps_psNwkSendRejoinReqCmd
                0x000000000008f5c8                iPDM_ReconstructAtRunTimeReplacedDataTable
                0x000000000008f708                u8PostUnicastMsgToNHLE.109603
 .text          0x000000000008f742     0x1c82 C:\Users\nxf40467\AppData\Local\Temp\ccT6h9zn.ltrans8.ltrans.o
                0x000000000008f742                zps_vCleanUnAuthenHandleExpiry
                0x000000000008f829                zps_bAplZdoParentAnnceServer
                0x000000000008f9c3                zps_vNwkHandleCmeLeaveReq
                0x000000000008fae1                zps_eNwkHandleSceLeave
                0x000000000008fd0c                eUnsolicitedRejoinRspDataDcfm.236751
                0x000000000008fd37                eRejoinRspDataDcfm.250344
                0x000000000008fde3                zps_vAplSaveRecord
                0x000000000008ff6b                zps_bNwkFindAddIeeeAddr
                0x00000000000900f3                ZPS_bNwkNibAddrMapAddEntry
                0x00000000000902a8                zps_vAgeRouter
                0x00000000000902e1                zps_vNwkSecondTickHandleExpiry
                0x00000000000904cc                zps_eNwkHandleSceRouteRequest
                0x00000000000909a0                zps_sNwkNibNtCheckJoin.part.8.239666
                0x0000000000090c59                zps_vNwkHandleCmeDirectJoinReq
                0x0000000000090d02                zps_vJoinInitNtParent
                0x0000000000090ee6                zps_vCheckActvNtForDuplicate
                0x0000000000090f86                eSmeOrphScanDcfm.251645
                0x0000000000090ffe                eCheckAddrConflict.isra.7.237006
                0x0000000000091099                vAplSecRemoveLinkKey.116805
                0x0000000000091169                zps_u8NwkHandleRejoinReq
                0x0000000000091229                vContinueRejoin.250340
                0x00000000000912d0                zps_vProcessLocalAddrConflict
                0x000000000009137b                ZPS_vNwkSaveAllRecords
                0x00000000000913a5                zps_vSaveAllZpsRecords
 .text          0x00000000000913c4     0x168b C:\Users\nxf40467\AppData\Local\Temp\ccT6h9zn.ltrans9.ltrans.o
                0x00000000000913c4                ZPS_vNwkMacDataPollRequest
                0x000000000009155b                zps_vNwkHandleCmeRouteDiscoveryReq
                0x00000000000915e1                vPDM_MoveAllDataFromListToList.constprop.243
                0x000000000009161e                vPDM_MoveAllDataWithBufferIdFromListToList
                0x00000000000916dc                vPDM_DeleteSegmentsWithIdFromFileSystem
                0x00000000000916fd                PDM_vDeleteDataRecord
                0x0000000000091734                vAPP_GP_ResetData
                0x0000000000091761                vPDM_MoveAllDataWithBufferIdAndStateFromListToList
                0x00000000000917e6                iPDM_CreateCandidateBufferList
                0x00000000000918ea                iPDM_ReconstructReplacedDataTable
                0x0000000000091ac6                vPDM_MoveAllDataToDeAllocList.constprop.242
                0x0000000000091aee                vPDM_DeleteAppendedSequence
                0x0000000000091b90                iPDM_ReplaceChangedSegmentInSequence
                0x0000000000091c90                PDM_eSaveRecordData
                0x0000000000092026                ZPS_vNwkSaveRecord
                0x0000000000092052                ZPS_vNwkNibSetNwkAddr
                0x000000000009207b                zps_eNwkHandleSceRejnResponse
                0x00000000000920d8                ZPS_vNwkNibSetExtPanId
                0x0000000000092109                ZPS_vNwkNibSetKeySeqNum
                0x000000000009211c                ZPS_vNwkNibSetDepth
                0x0000000000092152                ZPS_vNwkNibSetUpdateId
                0x000000000009217c                vSendNetworkUpdate.236739
                0x00000000000922b1                ZPS_vNwkNibSetPanId
                0x00000000000922cf                ZPS_vNwkNibSetCapabilityInfo
                0x00000000000922fc                ZPS_vNwkNibSetChannel
                0x000000000009231a                vGP_SendResponseGPDF
                0x0000000000092448                ZPS_vNwkSaveNt
                0x0000000000092484                ZPS_vNwkPurgeMacAddressAndRelatedEntries.part.5.239533
                0x0000000000092595                ZPS_vNtSetUsedStatus
                0x0000000000092663                zps_vBuildSortedActvNTList
                0x000000000009272f                vFinish.251632
                0x0000000000092785                zps_eNwkHandleSceNwkEdTimeoutReq
                0x0000000000092880                zps_eNwkHandleSmeCommStatusInd
                0x000000000009293a                ZPS_vNwkSaveSecMat
                0x000000000009294e                iPDM_VerifyDataSequenceWithBufferId
                0x00000000000929e7                zps_psSendBroadcastFrm.part.0.249075
 *fill*         0x0000000000092a4f        0x1 00
 .text          0x0000000000092a50     0x198c C:\Users\nxf40467\AppData\Local\Temp\ccT6h9zn.ltrans10.ltrans.o
                0x0000000000092a50                zps_eNwkHandleSmeOrphanInd
                0x0000000000092a62                zps_eNwkSendJoinResponse
                0x0000000000092c48                zps_vProcessChildAddrConflict
                0x0000000000092eb7                vSdeHandleMcpsDataInd.238065.constprop.135
                0x0000000000093ef3                ZPS_vNwkNibCheckAndUpdateAddresses
                0x0000000000093f94                zps_bAplZdoDeviceAnnceServer
                0x0000000000094244                zps_eNwkHandleSceNwkStatus
 .text          0x00000000000943dc     0x15e2 C:\Users\nxf40467\AppData\Local\Temp\ccT6h9zn.ltrans11.ltrans.o
                0x0000000000094786                zps_bAplZdoMatchDescServer
                0x000000000009479a                eOrphanNotificationSent.256879
                0x00000000000947e3                vMiniMac_McpsCallback
                0x0000000000094a99                eCLD_ScenesCountScenes
                0x0000000000094ab3                eCLD_ColourControl_GetRGB.constprop.153
                0x0000000000094caa                AESSW_vMMOFinalUpdate
                0x0000000000094d6c                AESSW_vHMAC_MMO
                0x0000000000094e08                zps_pvAesGetKeyFromInstallCode
                0x0000000000094f95                ZPS_vSetKeys
                0x000000000009503f                boPDM_IsBitmapSaturated.225552
                0x0000000000095088                APP_bButtonInitialise
                0x00000000000950ce                ZPS_u8MacIFTAddUpdateChannelMask
                0x0000000000095168                ZPS_u16MacIFTGetIDByChannelMask
                0x00000000000951ad                zps_eAplAibSetApsChannelMask
                0x00000000000951d8                zps_psAllocateAndFormatMacHdr
                0x000000000009553b                zps_psNwkInitCmdFrame
                0x00000000000955ba                eSendLinkStatusDataDcfm.part.1.235619
                0x00000000000956e1                bPCA9634_WriteRegister
                0x000000000009575f                bRGB_LED_SetLevel
                0x00000000000957ac                vLI_UpdateDriver
                0x00000000000957f2                vLI_Start.constprop.155
                0x0000000000095855                bRGB_LED_On
                0x0000000000095869                bRGB_LED_Off
                0x000000000009589e                vRGBLight_SetLevels
                0x00000000000958d0                vUpdateBulbFromZCL.6536
                0x0000000000095946                APP_vHandleIdentify
 *fill*         0x00000000000959be        0x2 00
 .text          0x00000000000959c0     0x1608 C:\Users\nxf40467\AppData\Local\Temp\ccT6h9zn.ltrans12.ltrans.o
                0x00000000000959c0                zps_vNwkHandleCmeSetInterface
                0x0000000000095b7a                vMcpsMgrExpiry.237867
                0x0000000000095bd9                vBbcIntHandler.255775
                0x0000000000095ed0                eAssocRespSent.256092
                0x0000000000095f28                zps_vNwkHandleCmeIdleNwkFormReq
                0x0000000000096039                zps_vNwkHandleCmeNwkDiscReq
                0x00000000000960b3                zps_vNwkHandleCmeEdScanReq
                0x00000000000960f2                zps_vNwkHandleCmeSyncReq
                0x00000000000962b3                zps_eNwkHandleSmeBeaconNotifyInd
                0x0000000000096341                zps_eNwkHandleSceNwkReport
                0x00000000000963c7                zps_vNwkHandleCmeNwkJoinReq
                0x000000000009670e                zps_vNwkHandleCmeNwkActvJoinReq
                0x000000000009671a                eSmeEdScScanDcfm.248390
                0x00000000000967ca                eSmeAcScScanDcfm.248397
                0x0000000000096c92                zps_eRejoinDataDcfm
                0x0000000000096d4f                eSmeAsocAssocDcfm.251800
                0x0000000000096dd3                eSmeRjPCPollDcfm.251796
                0x0000000000096e14                eSceRjRsRejoinRsp.251763
                0x0000000000096eec                zps_vZgpDeviceActiveTimerExpiry
 .text          0x0000000000096fc8     0x1d30 C:\Users\nxf40467\AppData\Local\Temp\ccT6h9zn.ltrans13.ltrans.o
                0x0000000000096fc8                zps_eNwkHandleSceLinkStatus
                0x00000000000970fc                vMiniMac_MlmeCallback
                0x00000000000972f4                vSaveScenesNVM
                0x000000000009739a                eZLO_RegisterColourTemperatureLightEndPoint.constprop.78
                0x0000000000097b8e                eCLD_GroupsRemoveAllGroups
                0x0000000000097c39                APP_vRemoveAllGroupsAndScenes
                0x0000000000097c4b                vR21_ConvertToR22_BindingTable.4622
                0x0000000000097da4                vR21_ConvertToR22_NT.4627
                0x0000000000097e5b                vR21_ConvertToR22_Aib.4664
                0x0000000000097ebf                vR21_ConvertToR22_Nib.4708
                0x0000000000097f4b                vSaveZCLRecord.6529
                0x0000000000098059                vResetZCLRecords
                0x0000000000098077                vLoadDefaultConfigForReportable
                0x00000000000980bb                vRestoreDefaultRecord
                0x0000000000098119                vManagePowerOnCountInit
                0x0000000000098161                APP_cbTimerPowerCount
                0x00000000000981d8                zps_psFindKeyDescr
                0x00000000000982f9                zps_eAplZdoGroupEndpointRemove.part.1.122001
                0x000000000009837e                zps_eAplAibSetApsUseExtendedPanId
                0x0000000000098394                APP_vFactoryResetRecords
                0x0000000000098612                ZPS_vNMPurgeEntry
                0x00000000000987d2                vInitUnknownNeighbor.237951.constprop.141
                0x000000000009882b                ZPS_vSetDevicePreviousData.constprop.16
                0x00000000000989a9                eMakeEntryInBindingTable.isra.2.111186
                0x0000000000098a44                zps_eAplZdoAddReplaceLinkKey_W
                0x0000000000098b08                zps_eNwkHandleSdeActvDcfmData
                0x0000000000098c8d                vMcpsMgrTimeoutExpiry
 .text          0x0000000000098cf8     0x17bc C:\Users\nxf40467\AppData\Local\Temp\ccT6h9zn.ltrans14.ltrans.o
                0x0000000000098cf8                vZCL_EventHandler
 .text          0x000000000009a4b4     0x1610 C:\Users\nxf40467\AppData\Local\Temp\ccT6h9zn.ltrans15.ltrans.o
                0x000000000009a881                ZPS_vAplHandleApsdeReqRsp
                0x000000000009ac9a                zps_eAplZdpApsdeReqInternal
                0x000000000009ad09                zps_eAplZdpGenStatusOnlyResponse
                0x000000000009ad64                zps_eAplSendApsmeCmdFrame
                0x000000000009aed8                vNsTclkSendReqKey.96594
                0x000000000009afb9                zps_eAplApsmeUpdateDeviceReqRsp.part.4.111285
                0x000000000009b107                vPostNlmeDcfmInd.106974
                0x000000000009b89a                zps_eAplZdoLeaveNetwork.constprop.183
                0x000000000009b8bf                vNsLeaveNwk.96596
                0x000000000009b8cf                zps_bAplZdoMgmtLeaveServer
 .text          0x000000000009bac4     0x17bb C:\Users\nxf40467\AppData\Local\Temp\ccT6h9zn.ltrans16.ltrans.o
                0x000000000009bca9                vHandleEdTimeoutReqExpiry.236743
                0x000000000009bd52                vHandleNwkLocalUpdateAfterBcast.236756
                0x000000000009bda6                vHandleNwkRemoteUpdateAfterBcast.236747
                0x000000000009bdfa                ZPS_vNwkHandleNlmeReqRsp
                0x000000000009be77                zps_vAplAfPostEvent
                0x000000000009c036                vZGPcStubMcpsInd.227970
                0x000000000009c8a3                vPostApsdeDcfmInd.106988
                0x000000000009ca96                zps_vHandleApsdeDataFragIndNotSupported
                0x000000000009caed                vZGPdCfm
                0x000000000009cb23                vZgpAgeTxQueue
                0x000000000009cbd1                vHandleApsInterPanDcfmData
                0x000000000009ce4e                vApsInterPanMcpsDataInd
                0x000000000009cff5                zps_eAplZdoNlmePermitJoiningWrapper
                0x000000000009d01d                zps_bAplZdoPermitJoiningServer
                0x000000000009d0e7                vStartScanTimerExpiry.146483
                0x000000000009d123                vChangeChannelTimerExpiry.146487
                0x000000000009d19a                eLeaveReset.233933
                0x000000000009d205                eLeaveDataDcfmLocalLeave.233938
 *fill*         0x000000000009d27f        0x1 00
 .text          0x000000000009d280     0x1718 C:\Users\nxf40467\AppData\Local\Temp\ccT6h9zn.ltrans17.ltrans.o
                0x000000000009d32f                vZdoBdrmSendNextTimedRequest
                0x000000000009d5d1                eZCL_TransmitDataRequest
                0x000000000009da7a                eZCL_SendDefaultResponse
                0x000000000009db79                eZCL_CustomCommandReceive
                0x000000000009dce7                eCLD_ColourControlCommandHandler
                0x000000000009e167                eGP_HandleZgpNotification
                0x000000000009e4da                eCLD_BasicCommandHandler
                0x000000000009e549                eCLD_OnOffCommandReceive
                0x000000000009e552                vReportTimerClickCallback
 .text          0x000000000009e998     0x184c C:\Users\nxf40467\AppData\Local\Temp\ccT6h9zn.ltrans18.ltrans.o
                0x000000000009ea97                zps_bAplZdoZdoClient
                0x000000000009ec44                zps_bAplZdoMgmtBindServer
                0x000000000009ee46                zps_eAplZdpBindResponse
                0x000000000009ee67                zps_eZdpUnbindResponse
                0x000000000009ee88                zps_eZdpMgmtLeaveResponse
                0x000000000009eea9                zps_eZdpMgmtPermitJoiningResponse
                0x000000000009eeca                zps_eAplZdpRequestApsdeReq
                0x000000000009ef3f                vNsSendPermitJoin.96586
                0x000000000009f01c                vGP_SendDeviceAnnounce
                0x000000000009f104                zps_eAplZdoStartRouter.part.14.116874
                0x000000000009f178                BDB_vTlStateMachine
                0x00000000000a01d2                BDB_vTlTimerCb
 .text          0x00000000000a01e4     0x17ee C:\Users\nxf40467\AppData\Local\Temp\ccT6h9zn.ltrans19.ltrans.o
                0x00000000000a01e4                zps_bAplZdoBindUnbindServer
                0x00000000000a0647                zps_bAplZdoDefaultServer
                0x00000000000a08a9                zps_eZdpSimpleDescResponse
                0x00000000000a09b6                zps_eZdpNodeDescResponse
                0x00000000000a0a5e                zps_eZdpParentAnnceResponse
                0x00000000000a0b00                zps_eZdpPowerDescResponse
                0x00000000000a0b9d                zps_eZdpActiveEpResponse
                0x00000000000a0c33                zps_eZdpMatchDescResponse
                0x00000000000a0cc9                zps_eZdpSystemServerDiscoveryResponse
                0x00000000000a0d38                zps_eAplZdpMgmtLqiResponse
                0x00000000000a0e48                zps_eAplZdpMgmtRtgResponse
                0x00000000000a0fd7                zps_eZdpNwkAddrResponse
                0x00000000000a10bf                zps_eZdpIeeeAddrResponse
                0x00000000000a11a7                zps_bAplZdoMgmtNWKUpdateServer
                0x00000000000a16ae                ZPS_vSecondTimerCallback
                0x00000000000a180f                zps_eAplAfBoundDataReqNonBlocking
 *fill*         0x00000000000a19d2        0x2 00
 .text          0x00000000000a19d4     0x1534 C:\Users\nxf40467\AppData\Local\Temp\ccT6h9zn.ltrans20.ltrans.o
                0x00000000000a19d4                vPostApsmeDcfmInd.106981
                0x00000000000a1fdb                eCLD_ScenesCommandHandler
 .text          0x00000000000a2f08     0x14ee C:\Users\nxf40467\AppData\Local\Temp\ccT6h9zn.ltrans21.ltrans.o
                0x00000000000a3040                zps_eNwkHandleSmeOrphanInd.part.1.250499
                0x00000000000a3110                eRejoinNetwork.116767
                0x00000000000a31d5                APP_vInitialiseNode
                0x00000000000a408a                eDiscoverNetworks
                0x00000000000a40e6                eStartRouter
                0x00000000000a41d9                vHandleJoinDCfm.isra.19.117167
 .text          0x00000000000a43f6     0x13c6 C:\Users\nxf40467\AppData\Local\Temp\ccT6h9zn.ltrans22.ltrans.o
                0x00000000000a47cc                vZgpSendTxAfterRx
                0x00000000000a4b47                zps_eNwkHandleSmeAssocInd
                0x00000000000a4c03                u8GP_SecurityProcessCallback
                0x00000000000a4ea0                vTransformKey.isra.0.112855
                0x00000000000a4f0b                zps_eAplSecEncryptPacket
                0x00000000000a4ffe                vSendToTxQueue
                0x00000000000a537b                ZPS_vNwkHandleNldeReqRsp
                0x00000000000a55ac                zps_eAplApsmeCmdMgrSendCommand
                0x00000000000a5689                zps_vAplApsmeCmdMgrRetryTimeout.111112
                0x00000000000a56b7                zps_eAplZdoGroupEndpointAdd
 .text          0x00000000000a57bc     0x195f C:\Users\nxf40467\AppData\Local\Temp\ccT6h9zn.ltrans23.ltrans.o
                0x00000000000a57bc                bCLD_ScenesSearchForScene.38700
                0x00000000000a57ef                eCLD_LevelControlSceneEventHandler.31659
                0x00000000000a5838                DriverBulb_vSetTunableWhiteColourTemperature
                0x00000000000a583b                bAllowInterPanEp.10268
                0x00000000000a5887                APP_ZCL_cbGeneralCallback.6522
                0x00000000000a588a                zps_vGetZpsMutex
                0x00000000000a5893                bCLD_GroupsSearchForGroup.29041
                0x00000000000a58b8                eZCL_DoesAttributeHaveReportableChange
                0x00000000000a58d5                eZCL_GetAttributeReportableEntry
                0x00000000000a598d                vZCL_AlignNumericAttributeValueTo64.88541
                0x00000000000a5a9c                vZCL_SetDefaultReporting
                0x00000000000a5ace                eZCL_BuildClientTransmitAddressStructure
                0x00000000000a5aff                u8GetTransactionSequenceNumber
                0x00000000000a5b11                bZCL_CheckAttributeDirectionFlagMatch
                0x00000000000a5b35                bZCL_CheckManufacturerSpecificAttributeFlagMatch
                0x00000000000a5b53                eZCL_SearchForAttributeEntry
                0x00000000000a5bf8                eZCL_GetAttributeTypeSize
                0x00000000000a5c17                vZCL_MarkAttributeInvalid
                0x00000000000a5ce6                u8ZCL_GetAttributeAllignToFourBytesBoundary
                0x00000000000a5cfb                pvZCL_GetAttributePointer
                0x00000000000a5d71                vCLD_ScenesGenerateIndividualAttributeCallback
                0x00000000000a5dcb                eZCL_StoreChangeAttributeValue
                0x00000000000a5e6a                u16ZCL_WriteTypeNBO.part.0.71398
                0x00000000000a5edf                u16ZCL_GetStringStructureSize
                0x00000000000a5f1c                u16ZCL_GetStringAttributeTypeSizeFromBuffer
                0x00000000000a5f8d                u16ZCL_GetStringSizeAndBufferFromStructure
                0x00000000000a601c                eZCL_GetAttributeTypeSizeFromStructure
                0x00000000000a6095                bZCL_SendCommandResponse
                0x00000000000a60b1                vZCL_InitializeClusterInstance
                0x00000000000a60c6                u8ZCL_GetEPIdFromIndex
                0x00000000000a60e8                eZCL_SearchForEPIndex
                0x00000000000a6122                eZCL_SearchForClusterEntry
                0x00000000000a619c                eZCL_BuildTransmitAddressStructure
                0x00000000000a6209                eZCL_SearchForEPentry
                0x00000000000a6245                eZCL_FindCluster
                0x00000000000a6296                eCLD_GroupsSetIdentifying
                0x00000000000a62bb                eCLD_LevelControlClusterIsPresent
                0x00000000000a62d4                eCLD_OnOffGetState
                0x00000000000a6305                bCLD_ColourControlStopExecutionOfCommand.isra.0.45695
                0x00000000000a633e                eGP_FindGpCluster
                0x00000000000a637f                u16GP_GetStringSizeOfProxyTable
                0x00000000000a6468                eZCL_SearchForEPentryAndCheckManufacturerId
                0x00000000000a64a6                vZCL_PassEventToUser
                0x00000000000a64d3                eZCL_Register
                0x00000000000a672a                vWriteU64ToPayLoad.68394
                0x00000000000a6757                vCLD_ColourControl_CCT2xyY
                0x00000000000a683d                vCLD_ScenesConfigureColourControlExtension.38125
                0x00000000000a695f                bBestGPD_GPPLink
                0x00000000000a698c                u16GetProxyTableString
                0x00000000000a6b3e                bGP_CheckGPDAddressMatch
                0x00000000000a6bf5                bGP_ValidateGPDF_Fields
                0x00000000000a6c7c                u8GP_GetLQIQuality
                0x00000000000a6ca4                vCreateDataIndFromBufferedCmd
                0x00000000000a6d75                u16GP_DeriveAliasSrcAddr
                0x00000000000a6db7                ZTIMER_eStop
                0x00000000000a6e09                ZTIMER_eStart
                0x00000000000a6e67                ZQ_bQueueReceive
                0x00000000000a6ed8                ZQ_bQueueSend
                0x00000000000a6f4e                APP_vGenCallback
                0x00000000000a6f6c                APP_cbTimerGPZclTick
                0x00000000000a6f93                vAPP_ZCL_DeviceSpecific_Init
                0x00000000000a702c                vLI_InitVar.7786
                0x00000000000a705d                vCopyRecordsToZCL.6527
                0x00000000000a70c0                vDefaultZCLRecords.6525
                0x00000000000a70ff                ZPS_psMacIFTGetInterface
 *fill*         0x00000000000a711b        0x1 00
 .text          0x00000000000a711c     0x12ec C:\Users\nxf40467\AppData\Local\Temp\ccT6h9zn.ltrans24.ltrans.o
                0x00000000000a711c                vPostNldeDcfmInd.106995
                0x00000000000a830c                ISR_vTickTimer
                0x00000000000a8344                vISR_SystemController
                0x00000000000a836c                vISR_Timer4
                0x00000000000a837b                vISR_Timer3
                0x00000000000a838a                vUnclaimedInterrupt
                0x00000000000a839f                vBusErrorHandler
                0x00000000000a83ae                vAlignmentErrorHandler
                0x00000000000a83bd                vIllegalInstructionHandler
                0x00000000000a83cc                vTrapHandler
                0x00000000000a83db                vGenericHandler
                0x00000000000a83ea                vUnclaimedException
                0x00000000000a83f9                vStackOverflowHandler
 .text          0x00000000000a8408     0x1394 C:\Users\nxf40467\AppData\Local\Temp\ccT6h9zn.ltrans25.ltrans.o
                0x00000000000a87ce                vSendMlmeCommStatusFromTxFrame
                0x00000000000a8824                zps_vSocMacHandleMlmeVsReqRsp.constprop.193
                0x00000000000a8d67                zps_sNwkStart
                0x00000000000a8e0a                ZPS_pvNwkCtor.constprop.186
                0x00000000000a9184                zps_vNwkHandleCmeActvStartRouterReq
                0x00000000000a922c                vScanBeaconReceived
                0x00000000000a926d                vRunningRxCallback
                0x00000000000a9578                vPostDcfm.256900
                0x00000000000a95e3                vScanNextChannel.256887
 .text          0x00000000000a979c     0x13d4 C:\Users\nxf40467\AppData\Local\Temp\ccT6h9zn.ltrans26.ltrans.o
                0x00000000000a9c14                eCLD_ZllCommissionCommandHandler
                0x00000000000a9e6e                eCLD_LevelControlCommandHandler
                0x00000000000aa2e4                eCLD_OnOffCommandHandler
                0x00000000000aa6ee                vZCL_HandleAttributesWriteRequest
 .text          0x00000000000aab70     0x1270 C:\Users\nxf40467\AppData\Local\Temp\ccT6h9zn.ltrans27.ltrans.o
                0x00000000000aab70                BDB_vRejoinTimerCb
                0x00000000000aabc9                eZCL_CustomCommandSend.constprop.182
                0x00000000000ab159                vGP_ExitCommMode
                0x00000000000ab1d4                vCLD_GPTimerClickCallback.11450
                0x00000000000aba4a                vApp_GP_EnterCommissioningMode
                0x00000000000aba97                bdb_taskBDB
 .text          0x00000000000abde0     0x1570 C:\Users\nxf40467\AppData\Local\Temp\ccT6h9zn.ltrans28.ltrans.o
                0x00000000000abde0                eGP_GreenPowerCommandHandler
 .text          0x00000000000ad350     0x1183 C:\Users\nxf40467\AppData\Local\Temp\ccT6h9zn.ltrans29.ltrans.o
                0x00000000000ad350                APP_cbTimerZclTick
                0x00000000000ad7c8                APP_vBdbCallback
                0x00000000000ad9b9                vNsDiscoverNwk.96598
                0x00000000000adad2                BDB_eNsStartNwkSteering
                0x00000000000adb65                BDB_vRejoinCycle
                0x00000000000ade27                vNsTryNwkJoin.isra.0.96600
                0x00000000000adf89                vNsAfterNwkJoin.96588
                0x00000000000ae096                BDB_vNsTimerCb
                0x00000000000ae158                APP_ZCL_cbEndpointCallback.6519
 *fill*         0x00000000000ae4d3        0x1 00
 .text          0x00000000000ae4d4      0x89c C:\Users\nxf40467\AppData\Local\Temp\ccT6h9zn.ltrans30.ltrans.o
                0x00000000000ae51d                eCLD_IdentifyCommandHandler
                0x00000000000ae8c0                eCLD_GroupsCommandHandler
 .text          0x00000000000aed70       0x3f C:\Users\nxf40467\AppData\Local\Temp\ccT6h9zn.ltrans31.ltrans.o
                0x00000000000aed70                zps_isrMAC
                0x00000000000aed93                AppWarmStart
 .text          0x00000000000aedaf       0x25 c:/nxp/bstudio_nxp/sdk/tools/ba-elf-ba2-r36379/bin/../lib/gcc/ba-elf/4.7.4/../../../../ba-elf/lib/mcpu_jn51xx_sizeopt\libc.a(lib_a-memcmp.o)
                0x00000000000aedaf                memcmp
 .text          0x00000000000aedd4       0x19 c:/nxp/bstudio_nxp/sdk/tools/ba-elf-ba2-r36379/bin/../lib/gcc/ba-elf/4.7.4/../../../../ba-elf/lib/mcpu_jn51xx_sizeopt\libc.a(lib_a-memcpy.o)
 .text          0x00000000000aeded       0x12 c:/nxp/bstudio_nxp/sdk/tools/ba-elf-ba2-r36379/bin/../lib/gcc/ba-elf/4.7.4/../../../../ba-elf/lib/mcpu_jn51xx_sizeopt\libc.a(lib_a-memset.o)
                0x00000000000aeded                memset
 .text          0x00000000000aedff       0x12 c:/nxp/bstudio_nxp/sdk/tools/ba-elf-ba2-r36379/bin/../lib/gcc/ba-elf/4.7.4/../../../../ba-elf/lib/mcpu_jn51xx_sizeopt\libc.a(lib_a-strlen.o)
                0x00000000000aedff                strlen
 .text          0x00000000000aee11       0x2b c:/nxp/bstudio_nxp/sdk/tools/ba-elf-ba2-r36379/bin/../lib/gcc/ba-elf/4.7.4/../../../../ba-elf/lib/mcpu_jn51xx_sizeopt\libc.a(lib_a-strncpy.o)
                0x00000000000aee11                strncpy
 *fill*         0x00000000000aee3c        0x0 00
 .text          0x00000000000aee3c      0x204 c:/nxp/bstudio_nxp/sdk/tools/ba-elf-ba2-r36379/bin/../lib/gcc/ba-elf/4.7.4/mcpu_jn51xx_sizeopt\libgcc.a(__udivsi3.o)
                0x00000000000aee3c                __udivsi3
 .text          0x00000000000af040       0x30 c:/nxp/bstudio_nxp/sdk/tools/ba-elf-ba2-r36379/bin/../lib/gcc/ba-elf/4.7.4/mcpu_jn51xx_sizeopt\libgcc.a(__divsi3.o)
                0x00000000000af040                __divsi3
 .text          0x00000000000af070      0x1b0 c:/nxp/bstudio_nxp/sdk/tools/ba-elf-ba2-r36379/bin/../lib/gcc/ba-elf/4.7.4/mcpu_jn51xx_sizeopt\libgcc.a(__umodsi3.o)
                0x00000000000af070                __umodsi3
 .text          0x00000000000af220       0x24 c:/nxp/bstudio_nxp/sdk/tools/ba-elf-ba2-r36379/bin/../lib/gcc/ba-elf/4.7.4/mcpu_jn51xx_sizeopt\libgcc.a(__modsi3.o)
                0x00000000000af220                __modsi3
 .text          0x00000000000af244       0x2f c:/nxp/bstudio_nxp/sdk/tools/ba-elf-ba2-r36379/bin/../lib/gcc/ba-elf/4.7.4/mcpu_jn51xx_sizeopt\libgcc.a(_fixunssfsi.o)
                0x00000000000af244                __fixunssfsi
 .text          0x00000000000af273       0x39 c:/nxp/bstudio_nxp/sdk/tools/ba-elf-ba2-r36379/bin/../lib/gcc/ba-elf/4.7.4/mcpu_jn51xx_sizeopt\libgcc.a(_fixunsdfsi.o)
                0x00000000000af273                __fixunsdfsi
 .text          0x00000000000af2ac      0x3bd c:/nxp/bstudio_nxp/sdk/tools/ba-elf-ba2-r36379/bin/../lib/gcc/ba-elf/4.7.4/mcpu_jn51xx_sizeopt\libgcc.a(_divdi3.o)
                0x00000000000af2ac                __divdi3
 .text          0x00000000000af669      0x350 c:/nxp/bstudio_nxp/sdk/tools/ba-elf-ba2-r36379/bin/../lib/gcc/ba-elf/4.7.4/mcpu_jn51xx_sizeopt\libgcc.a(_udivdi3.o)
                0x00000000000af669                __udivdi3
 .text          0x00000000000af9b9      0x384 c:/nxp/bstudio_nxp/sdk/tools/ba-elf-ba2-r36379/bin/../lib/gcc/ba-elf/4.7.4/mcpu_jn51xx_sizeopt\libgcc.a(addsf3.o)
                0x00000000000af9b9                __addsf3
 *fill*         0x00000000000afd3d        0x3 00
 .text          0x00000000000afd40      0x218 c:/nxp/bstudio_nxp/sdk/tools/ba-elf-ba2-r36379/bin/../lib/gcc/ba-elf/4.7.4/mcpu_jn51xx_sizeopt\libgcc.a(divsf3.o)
                0x00000000000afd40                __divsf3
 .text          0x00000000000aff58       0xac c:/nxp/bstudio_nxp/sdk/tools/ba-elf-ba2-r36379/bin/../lib/gcc/ba-elf/4.7.4/mcpu_jn51xx_sizeopt\libgcc.a(gesf2.o)
                0x00000000000aff58                __gesf2
                0x00000000000aff58                __gtsf2
 .text          0x00000000000b0004       0xac c:/nxp/bstudio_nxp/sdk/tools/ba-elf-ba2-r36379/bin/../lib/gcc/ba-elf/4.7.4/mcpu_jn51xx_sizeopt\libgcc.a(lesf2.o)
                0x00000000000b0004                __ltsf2
                0x00000000000b0004                __lesf2
 .text          0x00000000000b00b0      0x24c c:/nxp/bstudio_nxp/sdk/tools/ba-elf-ba2-r36379/bin/../lib/gcc/ba-elf/4.7.4/mcpu_jn51xx_sizeopt\libgcc.a(mulsf3.o)
                0x00000000000b00b0                __mulsf3
 .text          0x00000000000b02fc      0x3a2 c:/nxp/bstudio_nxp/sdk/tools/ba-elf-ba2-r36379/bin/../lib/gcc/ba-elf/4.7.4/mcpu_jn51xx_sizeopt\libgcc.a(subsf3.o)
                0x00000000000b02fc                __subsf3
 .text          0x00000000000b069e       0x53 c:/nxp/bstudio_nxp/sdk/tools/ba-elf-ba2-r36379/bin/../lib/gcc/ba-elf/4.7.4/mcpu_jn51xx_sizeopt\libgcc.a(fixsfsi.o)
                0x00000000000b069e                __fixsfsi
 .text          0x00000000000b06f1       0xad c:/nxp/bstudio_nxp/sdk/tools/ba-elf-ba2-r36379/bin/../lib/gcc/ba-elf/4.7.4/mcpu_jn51xx_sizeopt\libgcc.a(floatunsisf.o)
                0x00000000000b06f1                __floatunsisf
 *fill*         0x00000000000b079e        0x2 00
 .text          0x00000000000b07a0      0x5c8 c:/nxp/bstudio_nxp/sdk/tools/ba-elf-ba2-r36379/bin/../lib/gcc/ba-elf/4.7.4/mcpu_jn51xx_sizeopt\libgcc.a(divdf3.o)
                0x00000000000b07a0                __divdf3
 .text          0x00000000000b0d68       0xca c:/nxp/bstudio_nxp/sdk/tools/ba-elf-ba2-r36379/bin/../lib/gcc/ba-elf/4.7.4/mcpu_jn51xx_sizeopt\libgcc.a(gedf2.o)
                0x00000000000b0d68                __gedf2
                0x00000000000b0d68                __gtdf2
 *fill*         0x00000000000b0e32        0x2 00
 .text          0x00000000000b0e34      0x488 c:/nxp/bstudio_nxp/sdk/tools/ba-elf-ba2-r36379/bin/../lib/gcc/ba-elf/4.7.4/mcpu_jn51xx_sizeopt\libgcc.a(muldf3.o)
                0x00000000000b0e34                __muldf3