Archive member included because of file (symbol)

../../../../sdk/JN-SW-4170/Components/Library\libZPSMAC_Mini_SOC_JN516x.a(zps_mac_shim.o)
                              ../../ColorTemperatureLight/Build/app_zlo_light_node.o (symbol from plugin) (ZPS_u32MacSetTxBuffers)
../../../../sdk/JN-SW-4170/Components/Library\libZPSMAC_Mini_SOC_JN516x.a(zps_miniMac.o)
                              zps_mac_shim.o (symbol from plugin) (zps_eSocMacSetTxBuffers)
../../../../sdk/JN-SW-4170/Components/Library\libZPSMAC_Mini_SOC_JN516x.a(zps_mac_common.o)
                              zps_mac_shim.o (symbol from plugin) (g_u8LegacyBeaconPayloadLen)
../../../../sdk/JN-SW-4170/Components/Library\libZPSMAC_Mini_SOC_JN516x.a(zps_mac_ie.o)
                              zps_mac_common.o (symbol from plugin) (zps_u8MacIECopyZigbeePayloadSubIE)
../../../../sdk/JN-SW-4170/Components/Library\libPWRM_JN516x.a(pwrm.o)
                              ../../ColorTemperatureLight/Build/app_start_light.o (symbol from plugin) (PWRM_vInit)
../../../../sdk/JN-SW-4170/Components/Library\libPWRM_JN516x.a(pwrm_setjmp_JN516x.o)
                              pwrm.o (symbol from plugin) (setjmp)
../../../../sdk/JN-SW-4170/Components/Library\libPWRM_JN516x.a(pwrm_cold_start.o)
                              (AppColdStart)
../../../../sdk/JN-SW-4170/Components/Library\libPWRM_JN516x.a(pwrm_warm_start.o)
                              (AppWarmStart)
../../../../sdk/JN-SW-4170/Components/Library\libAES_SW_JN516x.a(aes_sw_mmo.o)
                              ../../ColorTemperatureLight/Build/OTA.o (symbol from plugin) (AESSW_vMMOBlockUpdate)
../../../../sdk/JN-SW-4170/Components/Library\libPDUM_JN516x.a(pdum_nwk.o)
                              zps_miniMac.o (symbol from plugin) (PDUM_eNPduAllocate)
../../../../sdk/JN-SW-4170/Components/Library\libPDUM_JN516x.a(pdum_apl.o)
                              ../../ColorTemperatureLight/Build/app_ota_client.o (symbol from plugin) (PDUM_u16APduInstanceReadNBO)
../../../../sdk/JN-SW-4170/Components/Library\libPDUM_JN516x.a(pdum.o)
                              pdum_nwk.o (symbol from plugin) (PDUM_u16SizeNBO)
../../../../sdk/JN-SW-4170/Components/Library\libZPSAPL_JN516x.a(zps_apl_inl.o)
                              zps_mac_ie.o (symbol from plugin) (ZPS_pu8AplZdoGetVsOUI)
../../../../sdk/JN-SW-4170/Components/Library\libZPSAPL_JN516x.a(zps_apl_af.o)
                              ../../ColorTemperatureLight/Build/app_zlo_light_node.o (symbol from plugin) (ZPS_eAplAfInit)
../../../../sdk/JN-SW-4170/Components/Library\libZPSAPL_JN516x.a(zps_apl_af_apsde.o)
                              ../../ColorTemperatureLight/Build/zps_gen.o (symbol from plugin) (zps_vHandleApsdeDataFragIndNotSupported)
../../../../sdk/JN-SW-4170/Components/Library\libZPSAPL_JN516x.a(zps_apl_task.o)
                              zps_apl_af_apsde.o (symbol from plugin) (zps_vAplAfPostEvent)
../../../../sdk/JN-SW-4170/Components/Library\libZPSAPL_JN516x.a(zps_apl_apsde.o)
                              zps_apl_task.o (symbol from plugin) (ZPS_vAplRegisterApsdeDcfmIndCallbacks)
../../../../sdk/JN-SW-4170/Components/Library\libZPSAPL_JN516x.a(zps_apl_apsme.o)
                              zps_apl_task.o (symbol from plugin) (ZPS_vAplRegisterApsmeDcfmIndCallbacks)
../../../../sdk/JN-SW-4170/Components/Library\libZPSAPL_JN516x.a(zps_apl_aps_nlde.o)
                              ../../ColorTemperatureLight/Build/OTA_client.o (symbol from plugin) (ZPS_vRunningCRC32)
../../../../sdk/JN-SW-4170/Components/Library\libZPSAPL_JN516x.a(zps_apl_sec.o)
                              zps_apl_apsme.o (symbol from plugin) (zps_vGenerateHashForVerifiedKey)
../../../../sdk/JN-SW-4170/Components/Library\libZPSAPL_JN516x.a(zps_apl_aib.o)
                              ../../ColorTemperatureLight/Build/app_green_power.o (symbol from plugin) (zps_psAplAibGetAib)
../../../../sdk/JN-SW-4170/Components/Library\libZPSAPL_JN516x.a(zps_apl_zdo_nwkmanager.o)
                              zps_apl_apsme.o (symbol from plugin) (zps_vAplSaveRecord)
../../../../sdk/JN-SW-4170/Components/Library\libZPSAPL_JN516x.a(zps_apl_zdo_handle_zdp_event.o)
                              zps_apl_task.o (symbol from plugin) (zps_bAplZdoHandleZdpEvent)
../../../../sdk/JN-SW-4170/Components/Library\libZPSAPL_JN516x.a(zps_apl_zdo_trust_center.o)
                              zps_apl_inl.o (symbol from plugin) (zps_eAplTrustCenterFindDevice)
../../../../sdk/JN-SW-4170/Components/Library\libZPSAPL_JN516x.a(zps_apl_zdo_common.o)
                              zps_apl_zdo_nwkmanager.o (symbol from plugin) (zps_eAplZdoNlmeleaveWrapper)
../../../../sdk/JN-SW-4170/Components/Library\libZPSAPL_JN516x.a(zps_apl_zdo_group.o)
                              ../../ColorTemperatureLight/Build/GreenPowerCommon.o (symbol from plugin) (zps_eAplZdoGroupEndpointAdd)
../../../../sdk/JN-SW-4170/Components/Library\libZPSAPL_JN516x.a(zps_apl_zdo_default_server.o)
[...]
Memory Configuration

Name             Origin             Length             Attributes
flash            0x0000000000080000 0x0000000000080000
ram              0x000000000400004c 0x0000000000007fb4
*default*        0x0000000000000000 0xffffffffffffffff

Linker script and memory map

                0x0000000000001964                __stack_size = 0x1964
                0x00000000000007d0                __minimum_heap_size = 0x7d0
START GROUP
LOAD ../../ColorTemperatureLight/Build/irq_JN516x.o
LOAD ../../ColorTemperatureLight/Build/portasm_JN516x.o
LOAD ../../ColorTemperatureLight/Build/port_JN516x.o
LOAD C:\Users\nxf40467\AppData\Local\Temp\cckbYWKa.ltrans0.ltrans.o
LOAD C:\Users\nxf40467\AppData\Local\Temp\cckbYWKa.ltrans1.ltrans.o
LOAD C:\Users\nxf40467\AppData\Local\Temp\cckbYWKa.ltrans2.ltrans.o
LOAD C:\Users\nxf40467\AppData\Local\Temp\cckbYWKa.ltrans3.ltrans.o
LOAD C:\Users\nxf40467\AppData\Local\Temp\cckbYWKa.ltrans4.ltrans.o
LOAD C:\Users\nxf40467\AppData\Local\Temp\cckbYWKa.ltrans5.ltrans.o
LOAD C:\Users\nxf40467\AppData\Local\Temp\cckbYWKa.ltrans6.ltrans.o
LOAD C:\Users\nxf40467\AppData\Local\Temp\cckbYWKa.ltrans7.ltrans.o
LOAD C:\Users\nxf40467\AppData\Local\Temp\cckbYWKa.ltrans8.ltrans.o
LOAD C:\Users\nxf40467\AppData\Local\Temp\cckbYWKa.ltrans9.ltrans.o
LOAD C:\Users\nxf40467\AppData\Local\Temp\cckbYWKa.ltrans10.ltrans.o
LOAD C:\Users\nxf40467\AppData\Local\Temp\cckbYWKa.ltrans11.ltrans.o
LOAD C:\Users\nxf40467\AppData\Local\Temp\cckbYWKa.ltrans12.ltrans.o
LOAD C:\Users\nxf40467\AppData\Local\Temp\cckbYWKa.ltrans13.ltrans.o
LOAD C:\Users\nxf40467\AppData\Local\Temp\cckbYWKa.ltrans14.ltrans.o
LOAD C:\Users\nxf40467\AppData\Local\Temp\cckbYWKa.ltrans15.ltrans.o
LOAD C:\Users\nxf40467\AppData\Local\Temp\cckbYWKa.ltrans16.ltrans.o
LOAD C:\Users\nxf40467\AppData\Local\Temp\cckbYWKa.ltrans17.ltrans.o
LOAD C:\Users\nxf40467\AppData\Local\Temp\cckbYWKa.ltrans18.ltrans.o
LOAD C:\Users\nxf40467\AppData\Local\Temp\cckbYWKa.ltrans19.ltrans.o
LOAD C:\Users\nxf40467\AppData\Local\Temp\cckbYWKa.ltrans20.ltrans.o
LOAD C:\Users\nxf40467\AppData\Local\Temp\cckbYWKa.ltrans21.ltrans.o
LOAD C:\Users\nxf40467\AppData\Local\Temp\cckbYWKa.ltrans22.ltrans.o
LOAD C:\Users\nxf40467\AppData\Local\Temp\cckbYWKa.ltrans23.ltrans.o
LOAD C:\Users\nxf40467\AppData\Local\Temp\cckbYWKa.ltrans24.ltrans.o
LOAD C:\Users\nxf40467\AppData\Local\Temp\cckbYWKa.ltrans25.ltrans.o
LOAD C:\Users\nxf40467\AppData\Local\Temp\cckbYWKa.ltrans26.ltrans.o
LOAD C:\Users\nxf40467\AppData\Local\Temp\cckbYWKa.ltrans27.ltrans.o
LOAD C:\Users\nxf40467\AppData\Local\Temp\cckbYWKa.ltrans28.ltrans.o
LOAD C:\Users\nxf40467\AppData\Local\Temp\cckbYWKa.ltrans29.ltrans.o
LOAD C:\Users\nxf40467\AppData\Local\Temp\cckbYWKa.ltrans30.ltrans.o
LOAD C:\Users\nxf40467\AppData\Local\Temp\cckbYWKa.ltrans31.ltrans.o
LOAD c:/nxp/bstudio_nxp/sdk/tools/ba-elf-ba2-r36379/bin/../lib/gcc/ba-elf/4.7.4/../../../../ba-elf/lib/mcpu_jn51xx_sizeopt\libc.a
LOAD c:/nxp/bstudio_nxp/sdk/tools/ba-elf-ba2-r36379/bin/../lib/gcc/ba-elf/4.7.4/mcpu_jn51xx_sizeopt\libgcc.a
LOAD c:/nxp/bstudio_nxp/sdk/tools/ba-elf-ba2-r36379/bin/../lib/gcc/ba-elf/4.7.4/../../../../ba-elf/lib/mcpu_jn51xx_sizeopt\libc.a
LOAD ../../ColorTemperatureLight/Build/app_main.o
LOAD ../../ColorTemperatureLight/Build/pdum_gen.o
LOAD ../../ColorTemperatureLight/Build/pdum_apdu.o
LOAD ../../ColorTemperatureLight/Build/zps_gen.o
LOAD ../../ColorTemperatureLight/Build/app_start_light.o
LOAD ../../ColorTemperatureLight/Build/app_scenes.o
LOAD ../../ColorTemperatureLight/Build/app_pdm_convert.o
LOAD ../../ColorTemperatureLight/Build/app_zlo_light_node.o
LOAD ../../ColorTemperatureLight/Build/app_zcl_light_task.o
LOAD ../../ColorTemperatureLight/Build/app_manage_temperature.o
LOAD ../../ColorTemperatureLight/Build/app_ota_client.o
LOAD ../../ColorTemperatureLight/Build/app_light_interpolation.o
LOAD ../../ColorTemperatureLight/Build/app_reporting.o
LOAD ../../ColorTemperatureLight/Build/app_power_on_counter.o
LOAD ../../ColorTemperatureLight/Build/app_green_power.o
LOAD ../../ColorTemperatureLight/Build/App_ColorTemperatureLight.o
LOAD ../../ColorTemperatureLight/Build/DriverBulb_DR1175.o
LOAD ../../ColorTemperatureLight/Build/DriverBulb_Shim.o
LOAD ../../ColorTemperatureLight/Build/app_buttons.o
LOAD ../../ColorTemperatureLight/Build/ZQueue.o
LOAD ../../ColorTemperatureLight/Build/ZTimer.o
LOAD ../../ColorTemperatureLight/Build/app_zps_link_keys.o
LOAD ../../ColorTemperatureLight/Build/GreenPower.o
LOAD ../../ColorTemperatureLight/Build/GreenPowerCommissioningNotification.o
LOAD ../../ColorTemperatureLight/Build/GreenPowerCommon.o
LOAD ../../ColorTemperatureLight/Build/GreenPowerCustomCommandHandler.o
LOAD ../../ColorTemperatureLight/Build/GreenPowerCustomCommandResponses.o
LOAD ../../ColorTemperatureLight/Build/GreenPowerDataIndication.o
LOAD ../../ColorTemperatureLight/Build/GreenPowerDirectCommandHandler.o
LOAD ../../ColorTemperatureLight/Build/GreenPowerNotification.o
LOAD ../../ColorTemperatureLight/Build/GreenPowerPairing.o
LOAD ../../ColorTemperatureLight/Build/GreenPowerPairingConfiguration.o
LOAD ../../ColorTemperatureLight/Build/GreenPowerPairingSearch.o
LOAD ../../ColorTemperatureLight/Build/GreenPowerProxyCommissioningMode.o
LOAD ../../ColorTemperatureLight/Build/GreenPowerProxyGPDHandler.o
LOAD ../../ColorTemperatureLight/Build/GreenPowerProxyTableRequest.o
LOAD ../../ColorTemperatureLight/Build/GreenPowerProxyTableResponse.o
LOAD ../../ColorTemperatureLight/Build/GreenPowerResponse.o
LOAD ../../ColorTemperatureLight/Build/GreenPowerScheduler.o
LOAD ../../ColorTemperatureLight/Build/GreenPowerSinkTableRequest.o
LOAD ../../ColorTemperatureLight/Build/GreenPowerSinkTableResponse.o
LOAD ../../ColorTemperatureLight/Build/GreenPowerTranslationTableRequest.o
LOAD ../../ColorTemperatureLight/Build/GreenPowerTranslationTableResponse.o
LOAD ../../ColorTemperatureLight/Build/GreenPowerTranslationTableUpdate.o
LOAD ../../ColorTemperatureLight/Build/gp.o
LOAD ../../ColorTemperatureLight/Build/Alarms.o
LOAD ../../ColorTemperatureLight/Build/AlarmsClientCommands.o
LOAD ../../ColorTemperatureLight/Build/AlarmsCommandHandler.o
LOAD ../../ColorTemperatureLight/Build/AlarmsServerCommands.o
LOAD ../../ColorTemperatureLight/Build/AlarmsTableManager.o
LOAD ../../ColorTemperatureLight/Build/AnalogInputBasic.o
LOAD ../../ColorTemperatureLight/Build/AnalogOutputBasic.o
LOAD ../../ColorTemperatureLight/Build/Basic.o
LOAD ../../ColorTemperatureLight/Build/BasicClientCommands.o
LOAD ../../ColorTemperatureLight/Build/BasicCommandHandler.o
LOAD ../../ColorTemperatureLight/Build/BinaryInputBasic.o
LOAD ../../ColorTemperatureLight/Build/BinaryOutputBasic.o
LOAD ../../ColorTemperatureLight/Build/DeviceTemperatureConfiguration.o
LOAD ../../ColorTemperatureLight/Build/Diagnostics.o
LOAD ../../ColorTemperatureLight/Build/Groups.o
LOAD ../../ColorTemperatureLight/Build/GroupsClientCommands.o
LOAD ../../ColorTemperatureLight/Build/GroupsCommandHandler.o
LOAD ../../ColorTemperatureLight/Build/GroupsServerCommands.o
LOAD ../../ColorTemperatureLight/Build/GroupsTableManager.o
LOAD ../../ColorTemperatureLight/Build/Identify.o
LOAD ../../ColorTemperatureLight/Build/IdentifyClientCommands.o
LOAD ../../ColorTemperatureLight/Build/IdentifyCommandHandler.o
LOAD ../../ColorTemperatureLight/Build/IdentifyServerCommands.o
LOAD ../../ColorTemperatureLight/Build/LevelControl.o
LOAD ../../ColorTemperatureLight/Build/LevelControlClientCommands.o
LOAD ../../ColorTemperatureLight/Build/LevelControlCommandHandler.o
LOAD ../../ColorTemperatureLight/Build/MultistateInputBasic.o
LOAD ../../ColorTemperatureLight/Build/MultistateOutputBasic.o
LOAD ../../ColorTemperatureLight/Build/OOSC.o
LOAD ../../ColorTemperatureLight/Build/OnOff.o
LOAD ../../ColorTemperatureLight/Build/OnOffCommandHandler.o
LOAD ../../ColorTemperatureLight/Build/OnOffCommands.o
LOAD ../../ColorTemperatureLight/Build/PollControl.o
LOAD ../../ColorTemperatureLight/Build/PollControlClientCommands.o
LOAD ../../ColorTemperatureLight/Build/PollControlCommandHandler.o
LOAD ../../ColorTemperatureLight/Build/PollControlServerCommands.o
LOAD ../../ColorTemperatureLight/Build/PowerConfiguration.o
LOAD ../../ColorTemperatureLight/Build/PowerProfile.o
LOAD ../../ColorTemperatureLight/Build/PowerProfileClientCommands.o
LOAD ../../ColorTemperatureLight/Build/PowerProfileCommandHandler.o
LOAD ../../ColorTemperatureLight/Build/PowerProfileServerCommands.o
LOAD ../../ColorTemperatureLight/Build/Scenes.o
LOAD ../../ColorTemperatureLight/Build/ScenesClientCommands.o
LOAD ../../ColorTemperatureLight/Build/ScenesClusterManagement.o
LOAD ../../ColorTemperatureLight/Build/ScenesCommandHandler.o
LOAD ../../ColorTemperatureLight/Build/ScenesServerCommands.o
LOAD ../../ColorTemperatureLight/Build/ScenesTableManager.o
LOAD ../../ColorTemperatureLight/Build/TC.o
LOAD ../../ColorTemperatureLight/Build/Time.o
LOAD ../../ColorTemperatureLight/Build/base_device.o
LOAD ../../ColorTemperatureLight/Build/mains_power_outlet.o
LOAD ../../ColorTemperatureLight/Build/on_off_output.o
LOAD ../../ColorTemperatureLight/Build/plug_control.o
LOAD ../../ColorTemperatureLight/Build/remote_control.o
LOAD ../../ColorTemperatureLight/Build/simple_sensor.o
LOAD ../../ColorTemperatureLight/Build/BallastConfiguration.o
LOAD ../../ColorTemperatureLight/Build/ColourControl.o
LOAD ../../ColorTemperatureLight/Build/ColourControlClientCommands.o
LOAD ../../ColorTemperatureLight/Build/ColourControlCommandHandler.o
LOAD ../../ColorTemperatureLight/Build/ColourControlConversions.o
LOAD ../../ColorTemperatureLight/Build/colour_controller.o
LOAD ../../ColorTemperatureLight/Build/colour_dimmable_light.o
LOAD ../../ColorTemperatureLight/Build/colour_dimmer_switch.o
LOAD ../../ColorTemperatureLight/Build/colour_scene_controller.o
LOAD ../../ColorTemperatureLight/Build/colour_temperature_light.o
LOAD ../../ColorTemperatureLight/Build/commission_endpoint.o
LOAD ../../ColorTemperatureLight/Build/control_bridge.o
LOAD ../../ColorTemperatureLight/Build/dimmable_ballast.o
LOAD ../../ColorTemperatureLight/Build/dimmable_light.o
LOAD ../../ColorTemperatureLight/Build/dimmable_plug.o
LOAD ../../ColorTemperatureLight/Build/dimmer_switch.o
LOAD ../../ColorTemperatureLight/Build/extended_colour_light.o
LOAD ../../ColorTemperatureLight/Build/light_level_sensor.o
LOAD ../../ColorTemperatureLight/Build/light_sensor.o
LOAD ../../ColorTemperatureLight/Build/non_colour_controller.o
LOAD ../../ColorTemperatureLight/Build/non_colour_scene_controller.o
LOAD ../../ColorTemperatureLight/Build/occupancy_sensor.o
LOAD ../../ColorTemperatureLight/Build/on_off_ballast.o
LOAD ../../ColorTemperatureLight/Build/on_off_light.o
LOAD ../../ColorTemperatureLight/Build/on_off_light_switch.o
LOAD ../../ColorTemperatureLight/Build/on_off_plug.o
LOAD ../../ColorTemperatureLight/Build/on_off_sensor.o
LOAD ../../ColorTemperatureLight/Build/OTA.o
LOAD ../../ColorTemperatureLight/Build/OTA_ClientUpgradeManager.o
LOAD ../../ColorTemperatureLight/Build/OTA_CustomCommandHandler.o
LOAD ../../ColorTemperatureLight/Build/OTA_CustomReceiveCommands.o
LOAD ../../ColorTemperatureLight/Build/OTA_ServerUpgradeManager.o
LOAD ../../ColorTemperatureLight/Build/OTA_client.o
LOAD ../../ColorTemperatureLight/Build/OTA_common.o
LOAD ../../ColorTemperatureLight/Build/OTA_server.o
LOAD ../../ColorTemperatureLight/Build/Commissioning.o
LOAD ../../ColorTemperatureLight/Build/CommissioningClientCommands.o
LOAD ../../ColorTemperatureLight/Build/CommissioningCmdHandler.o
LOAD ../../ColorTemperatureLight/Build/CommissioningServerCommands.o
LOAD ../../ColorTemperatureLight/Build/zll_CommissionCmdHandler.o
LOAD ../../ColorTemperatureLight/Build/zll_UtilityCmdHandler.o
LOAD ../../ColorTemperatureLight/Build/zll_commission.o
LOAD ../../ColorTemperatureLight/Build/zll_utility.o
LOAD ../../ColorTemperatureLight/Build/dlist.o
LOAD ../../ColorTemperatureLight/Build/zcl.o
LOAD ../../ColorTemperatureLight/Build/zcl_CustomCommandReceive.o
LOAD ../../ColorTemperatureLight/Build/zcl_CustomCommandSend.o
LOAD ../../ColorTemperatureLight/Build/zcl_PDUbufferReadWrite.o
LOAD ../../ColorTemperatureLight/Build/zcl_PDUbufferReadWriteString.o
LOAD ../../ColorTemperatureLight/Build/zcl_WriteAttributesRequestHandle.o
LOAD ../../ColorTemperatureLight/Build/zcl_WriteAttributesRequestSend.o
LOAD ../../ColorTemperatureLight/Build/zcl_WriteAttributesResponseHandle.o
LOAD ../../ColorTemperatureLight/Build/zcl_attribute.o
LOAD ../../ColorTemperatureLight/Build/zcl_buffer.o
LOAD ../../ColorTemperatureLight/Build/zcl_clusterCommand.o
LOAD ../../ColorTemperatureLight/Build/zcl_command.o
LOAD ../../ColorTemperatureLight/Build/zcl_common.o
LOAD ../../ColorTemperatureLight/Build/zcl_configureReportingCommandHandle.o
LOAD ../../ColorTemperatureLight/Build/zcl_configureReportingCommandSend.o
LOAD ../../ColorTemperatureLight/Build/zcl_configureReportingResponseHandle.o
LOAD ../../ColorTemperatureLight/Build/zcl_defaultResponse.o
LOAD ../../ColorTemperatureLight/Build/zcl_discoverAttributesExtendedRequestHandle.o
LOAD ../../ColorTemperatureLight/Build/zcl_discoverAttributesExtendedRequestSend.o
LOAD ../../ColorTemperatureLight/Build/zcl_discoverAttributesExtendedResponseHandle.o
LOAD ../../ColorTemperatureLight/Build/zcl_discoverAttributesRequestHandle.o
LOAD ../../ColorTemperatureLight/Build/zcl_discoverAttributesRequestSend.o
LOAD ../../ColorTemperatureLight/Build/zcl_discoverAttributesResponseHandle.o
LOAD ../../ColorTemperatureLight/Build/zcl_discoverCommandsRequestHandle.o
LOAD ../../ColorTemperatureLight/Build/zcl_discoverCommandsRequestSend.o
LOAD ../../ColorTemperatureLight/Build/zcl_discoverCommandsResponseHandle.o
LOAD ../../ColorTemperatureLight/Build/zcl_event.o
LOAD ../../ColorTemperatureLight/Build/zcl_heap.o
LOAD ../../ColorTemperatureLight/Build/zcl_library_options.o
LOAD ../../ColorTemperatureLight/Build/zcl_readAttributesRequestHandle.o
LOAD ../../ColorTemperatureLight/Build/zcl_readAttributesRequestSend.o
LOAD ../../ColorTemperatureLight/Build/zcl_readAttributesResponseHandle.o
LOAD ../../ColorTemperatureLight/Build/zcl_readReportingConfigurationCommandHandle.o
LOAD ../../ColorTemperatureLight/Build/zcl_readReportingConfigurationCommandSend.o
LOAD ../../ColorTemperatureLight/Build/zcl_readReportingConfigurationResponseHandle.o
LOAD ../../ColorTemperatureLight/Build/zcl_reportManager.o
LOAD ../../ColorTemperatureLight/Build/zcl_reportMaths.o
LOAD ../../ColorTemperatureLight/Build/zcl_reportScheduler.o
LOAD ../../ColorTemperatureLight/Build/zcl_reportStringHandling.o
LOAD ../../ColorTemperatureLight/Build/zcl_reportStructure.o
LOAD ../../ColorTemperatureLight/Build/zcl_search.o
LOAD ../../ColorTemperatureLight/Build/zcl_timer.o
LOAD ../../ColorTemperatureLight/Build/zcl_transmit.o
LOAD ../../ColorTemperatureLight/Build/bdb_fr.o
LOAD ../../ColorTemperatureLight/Build/bdb_start.o
LOAD ../../ColorTemperatureLight/Build/bdb_state_machine.o
LOAD ../../ColorTemperatureLight/Build/appZpsBeaconHandler.o
LOAD ../../ColorTemperatureLight/Build/appZdpExtraction.o
LOAD ../../ColorTemperatureLight/Build/bdb_ns.o
LOAD ../../ColorTemperatureLight/Build/bdb_tl_router_target.o
LOAD ../../ColorTemperatureLight/Build/bdb_tl_common.o
LOAD ../../ColorTemperatureLight/Build/ecb_decrypt.o
LOAD ../../ColorTemperatureLight/Build/bdb_fb_common.o
LOAD ../../ColorTemperatureLight/Build/bdb_fb_target.o
LOAD ../../../../sdk/JN-SW-4170/Components/Library\libJPT_JN5169.a
LOAD ../../../../sdk/JN-SW-4170/Components/Library\libZPSMAC_Mini_SOC_JN516x.a
LOAD ../../../../sdk/JN-SW-4170/Components/Library\libPWRM_JN516x.a
LOAD ../../../../sdk/JN-SW-4170/Components/Library\libZPSTSV_JN516x.a
LOAD ../../../../sdk/JN-SW-4170/Components/Library\libAES_SW_JN516x.a
LOAD ../../../../sdk/JN-SW-4170/Components/Library\libPDUM_JN516x.a
LOAD ../../../../sdk/JN-SW-4170/Components/Library\libZPSAPL_JN516x.a
LOAD ../../../../sdk/JN-SW-4170/Components/Library\libRandom_JN516x.a
LOAD ../../../../sdk/JN-SW-4170/Components/Library\libPDM_EEPROM_NO_RTOS_JN516x.a
LOAD ../../../../sdk/JN-SW-4170/Components/Library\libDBG_JN516x.a
LOAD ../../../../sdk/JN-SW-4170/Components/Library\libZPSGP_JN516x.a
LOAD ../../../../sdk/JN-SW-4170/Components/Library\libZPSIPAN_JN516x.a
LOAD ../../../../sdk/JN-SW-4170/Components/Library\libZPSNWK_JN516x.a
LOAD ../../../../sdk/JN-SW-4170/Components/Library\libRecal_JN516x.a
LOAD ../../../../sdk/JN-SW-4170/Components/Library\libMiniMac_JN5169.a
LOAD ../../../../sdk/JN-SW-4170/Components/Library\libMiniMacShim_JN516x.a
LOAD ../../../../sdk/JN-SW-4170/Components/Library\libMMAC_JN5169.a
LOAD ../../../../sdk/JN-SW-4170/Components/Library\libJPT_JN5169.a
LOAD ../../../../sdk/JN-SW-4170/Components/Library\libAes_JN516x.a
LOAD ../../../../sdk/JN-SW-4170/Components/Library\libHardwareApi_JN5169.a
LOAD ../../../../sdk/JN-SW-4170/Components/Library\libMicroSpecific_JN516x.a
LOAD ../../../../sdk/JN-SW-4170/Components/Library\libBoot_JN516x.a
LOAD ../../../../sdk/JN-SW-4170/Platform/DK4/Library\libBoardLib_JN516x.a
LOAD ../../../../sdk/JN-SW-4170/Components/Library\libJPT_JN5169.a
LOAD c:/nxp/bstudio_nxp/sdk/tools/ba-elf-ba2-r36379/bin/../lib/gcc/ba-elf/4.7.4/../../../../ba-elf/lib/mcpu_jn51xx_sizeopt\libm.a
END GROUP
LOAD c:/nxp/bstudio_nxp/sdk/tools/ba-elf-ba2-r36379/bin/../lib/gcc/ba-elf/4.7.4/../../../../ba-elf/lib/mcpu_jn51xx_sizeopt\libc.a
LOAD c:/nxp/bstudio_nxp/sdk/tools/ba-elf-ba2-r36379/bin/../lib/gcc/ba-elf/4.7.4/mcpu_jn51xx_sizeopt\libgcc.a
LOAD c:/nxp/bstudio_nxp/sdk/tools/ba-elf-ba2-r36379/bin/../lib/gcc/ba-elf/4.7.4/../../../../ba-elf/lib/mcpu_jn51xx_sizeopt\libc.a
                0x0000000000080038                exception_vsr_table = 0x80038
                0x0000000004000000                pSPIflashFncTable = 0x4000000
                0x0000000000000044                restore_state = 0x44
                0x000000000000004a                bZSPIWaitWIPClear = 0x4a
                0x0000000000000050                u16ZSPIflashRDID = 0x50
                0x0000000000000056                u8SelectFlashChipType = 0x56
                0x000000000000005c                memcpy = 0x5c
                0x0000000000000066                vBootFlashProg = 0x66
                [0x00000000000007d0]                __minimum_heap_size = DEFINED (__minimum_heap_size)?__minimum_heap_size:0xd16
                [0x0000000000001964]                __stack_size = DEFINED (__stack_size)?__stack_size:0x800
                0x0000000000000000                _SwConfig = (DEFINED (g_bSWConf_Debug) | (DEFINED (g_bSWConf_AltDebugPort) << 0x1))

.version        0x000000000007fffc        0x4
                0x000000000007fffc        0x4 LONG 0xf03000b

.bir            0x0000000000080000       0x10
                0x0000000000080000                _flash_start = ABSOLUTE (.)
                0x0000000000080000                _flash_beg = ABSOLUTE (.)
                0x0000000000080000        0x4 LONG 0x12345678
                0x0000000000080004        0x4 LONG 0x11223344
                0x0000000000080008        0x4 LONG 0x55667788
                0x000000000008000c        0x1 BYTE 0x8
                0x000000000008000d        0x1 BYTE 0x1
                0x000000000008000e        0x2 SHORT 0x0

.flashheader    0x0000000000080010       0x28
                0x0000000000080010        0x4 LONG 0x0
                0x0000000000080014        0x4 LONG 0x0
                0x0000000000080018        0x4 LONG 0x0
                0x000000000008001c        0x2 SHORT 0x0
                0x000000000008001e        0x2 SHORT 0x0 ABSOLUTE (_SwConfig)
                0x0000000000080020                _enc_start = ABSOLUTE (.)
                0x0000000000080020        0x4 LONG 0x3a408 ABSOLUTE (_image_len)
                0x0000000000080024        0x4 LONG 0xb9ba8 ABSOLUTE (_flash_data_start)
                0x0000000000080028        0x2 SHORT 0x13 ((ABSOLUTE (_ram_data_start) / 0x4) & 0xffff)
                0x000000000008002a        0x2 SHORT 0x218 ((ABSOLUTE (_ram_data_len) / 0x4) & 0xffff)
                0x000000000008002c        0x2 SHORT 0x22b ((ABSOLUTE (_bss_start) / 0x4) & 0xffff)
                0x000000000008002e        0x2 SHORT 0x13a0 ((ABSOLUTE (_bss_len) / 0x4) & 0xffff)
                0x0000000000080030        0x4 LONG 0xb6d32 ABSOLUTE (AppWarmStart)
                0x0000000000080034        0x4 LONG 0x9790c ABSOLUTE (AppColdStart)
                0x0000000000000000                _enc_offset = (_enc_start & 0xf)

.ro_mac_address
                0x0000000000080040       0x10
                0x0000000000080040                _FlsMACAddress = ABSOLUTE (.)
 *(.ro_mac_address)
 .ro_mac_address
                0x0000000000080040        0x8 C:\Users\nxf40467\AppData\Local\Temp\cckbYWKa.ltrans2.ltrans.o
                0x0000000000080050                . = ALIGN (0x10)
 *fill*         0x0000000000080048        0x8 00

.ro_ota_header  0x0000000000080050       0x50
                0x0000000000080050                _FlsOtaHeader = ABSOLUTE (.)
 *(.ro_ota_header)
 .ro_ota_header
                0x0000000000080050       0x45 C:\Users\nxf40467\AppData\Local\Temp\cckbYWKa.ltrans27.ltrans.o
                0x0000000000080050                au8OtaHeader
                0x00000000000800a0                . = ALIGN (0x10)
 *fill*         0x0000000000080095        0xb 00

.ro_se_lnkKey   0x00000000000800a0       0x10
                0x00000000000800a0                _FlsLinkKey = ABSOLUTE (.)
 *(.ro_se_lnkKey)
 .ro_se_lnkKey  0x00000000000800a0       0x10 C:\Users\nxf40467\AppData\Local\Temp\cckbYWKa.ltrans27.ltrans.o
                0x00000000000800b0                . = ALIGN (0x10)

.rodata         0x00000000000800b0     0x13d4
 *(.rodata*)
 .rodata        0x00000000000800b0       0x40 C:\Users\nxf40467\AppData\Local\Temp\cckbYWKa.ltrans0.ltrans.o
 .rodata.str1.1
                0x0000000000000000        0x0 C:\Users\nxf40467\AppData\Local\Temp\cckbYWKa.ltrans0.ltrans.o
                                          0x8 (size before relaxing)
 .rodata.str1.1
                0x00000000000800f0       0x11 C:\Users\nxf40467\AppData\Local\Temp\cckbYWKa.ltrans1.ltrans.o
                                         0x14 (size before relaxing)
 .rodata        0x0000000000080101       0x73 C:\Users\nxf40467\AppData\Local\Temp\cckbYWKa.ltrans2.ltrans.o
 .rodata.str1.1
                0x0000000000080174        0x5 C:\Users\nxf40467\AppData\Local\Temp\cckbYWKa.ltrans3.ltrans.o
                                          0xb (size before relaxing)
 *fill*         0x0000000000080179        0x3 00
 .rodata        0x000000000008017c      0x280 C:\Users\nxf40467\AppData\Local\Temp\cckbYWKa.ltrans3.ltrans.o
 .rodata.str1.1
                0x0000000000000000        0x5 C:\Users\nxf40467\AppData\Local\Temp\cckbYWKa.ltrans4.ltrans.o
                                          0x4 (size before relaxing)
 .rodata        0x00000000000803fc       0xc4 C:\Users\nxf40467\AppData\Local\Temp\cckbYWKa.ltrans4.ltrans.o
                0x0000000000080438                au32UartAddrOffset
 .rodata.str1.1
                0x00000000000804c0       0x11 C:\Users\nxf40467\AppData\Local\Temp\cckbYWKa.ltrans5.ltrans.o
                                         0x2b (size before relaxing)
 *fill*         0x00000000000804d1        0x3 00
 .rodata        0x00000000000804d4      0x1e0 C:\Users\nxf40467\AppData\Local\Temp\cckbYWKa.ltrans6.ltrans.o
                0x00000000000804d4                pLocalTclkStruct
                0x00000000000804d8                pfnCallbackMcps
 .rodata.str1.1
                0x00000000000806b4        0x6 C:\Users\nxf40467\AppData\Local\Temp\cckbYWKa.ltrans7.ltrans.o
                                          0xc (size before relaxing)
 *fill*         0x00000000000806ba        0x2 00
 .rodata        0x00000000000806bc       0x18 C:\Users\nxf40467\AppData\Local\Temp\cckbYWKa.ltrans7.ltrans.o
                0x00000000000806bc                au32NwkPdmRecordOffsets
 .rodata.str1.1
                0x00000000000806d4       0x13 C:\Users\nxf40467\AppData\Local\Temp\cckbYWKa.ltrans8.ltrans.o
                                         0x17 (size before relaxing)
 *fill*         0x00000000000806e7        0x1 00
 .rodata        0x00000000000806e8        0xc C:\Users\nxf40467\AppData\Local\Temp\cckbYWKa.ltrans8.ltrans.o
                0x00000000000806e8                u8MaxZpsConfigEp
                0x00000000000806e9                au8EpMapPresent
                0x00000000000806ec                s_groupPdmTable
 .rodata.str1.1
                0x0000000000000000        0x7 C:\Users\nxf40467\AppData\Local\Temp\cckbYWKa.ltrans10.ltrans.o
 .rodata        0x00000000000806f4       0x5c C:\Users\nxf40467\AppData\Local\Temp\cckbYWKa.ltrans10.ltrans.o
                0x00000000000806f4                g_u32NwkFcSaveCountBitShift
 .rodata.str1.1
                0x0000000000080750       0x62 C:\Users\nxf40467\AppData\Local\Temp\cckbYWKa.ltrans11.ltrans.o
 *fill*         0x00000000000807b2        0x2 00
 .rodata        0x00000000000807b4      0x55c C:\Users\nxf40467\AppData\Local\Temp\cckbYWKa.ltrans11.ltrans.o
                0x00000000000807b4                psAplDefaultDistributedAPSLinkKey
                0x00000000000807b8                au32TimerBaseAddress
                0x00000000000807cc                zps_g_pvApl
                0x00000000000807d0                pwrm_psWakeupCallbacks
 .rodata        0x0000000000080d10        0x8 C:\Users\nxf40467\AppData\Local\Temp\cckbYWKa.ltrans12.ltrans.o
                0x0000000000080d10                pfOverrideProfile
 .rodata.str1.1
                0x0000000000080d18       0x4a C:\Users\nxf40467\AppData\Local\Temp\cckbYWKa.ltrans13.ltrans.o
                                         0x5a (size before relaxing)
 .rodata        0x0000000000080d62      0x100 C:\Users\nxf40467\AppData\Local\Temp\cckbYWKa.ltrans13.ltrans.o
                0x0000000000080d62                g_bStopZdpAcks
 .rodata.str1.1
                0x0000000000080e62       0x12 C:\Users\nxf40467\AppData\Local\Temp\cckbYWKa.ltrans14.ltrans.o
                                         0x18 (size before relaxing)
 .rodata        0x0000000000080e74       0xe8 C:\Users\nxf40467\AppData\Local\Temp\cckbYWKa.ltrans14.ltrans.o
                0x0000000000080e74                s_apsStSceTbl.250389
                0x0000000000080e88                au32EndDeviceTimeoutConstants
                0x0000000000080ec4                g_psGreenPowerContext
                0x0000000000080ec8                g_u32ApsFcSaveCountBitShift
                0x0000000000080ecc                g_bReverToOldParent
                0x0000000000080ed0                zps_sJoinSceTbl
                0x0000000000080edc                zps_sActvSceTbl
 .rodata.str1.1
                0x0000000000080f5c        0x5 C:\Users\nxf40467\AppData\Local\Temp\cckbYWKa.ltrans15.ltrans.o
                                         0x18 (size before relaxing)
 *fill*         0x0000000000080f61        0x3 00
 .rodata        0x0000000000080f64       0x98 C:\Users\nxf40467\AppData\Local\Temp\cckbYWKa.ltrans15.ltrans.o
                0x0000000000080f64                s_aprActvStHandleCme.257928
                0x0000000000080f90                zps_pacNwkFrmStdByteFmt
                0x0000000000080f94                zps_pacNwkFrmStdLongFmt
                0x0000000000080f98                zps_pacNwkFrmStdHalfFmt
                0x0000000000080f9c                CSWTCH.19.114015.114015
                0x0000000000080fbc                CSWTCH.22.114016.114016
                0x0000000000080fdc                CSWTCH.16.114014.114014
 .rodata.str1.1
                0x0000000000080ffc       0x25 C:\Users\nxf40467\AppData\Local\Temp\cckbYWKa.ltrans16.ltrans.o
 .rodata.str1.1
                0x0000000000000000       0x25 C:\Users\nxf40467\AppData\Local\Temp\cckbYWKa.ltrans17.ltrans.o
                                          0xb (size before relaxing)
 *fill*         0x0000000000081021        0x3 00
 .rodata        0x0000000000081024       0x10 C:\Users\nxf40467\AppData\Local\Temp\cckbYWKa.ltrans17.ltrans.o
 .rodata.str1.1
                0x0000000000081034       0x35 C:\Users\nxf40467\AppData\Local\Temp\cckbYWKa.ltrans19.ltrans.o
                                         0x73 (size before relaxing)
 .rodata.str1.1
                0x0000000000000000        0x6 C:\Users\nxf40467\AppData\Local\Temp\cckbYWKa.ltrans20.ltrans.o
 .rodata.str1.1
                0x0000000000081069       0xb9 C:\Users\nxf40467\AppData\Local\Temp\cckbYWKa.ltrans21.ltrans.o
                                         0xe9 (size before relaxing)
 .rodata.str1.1
                0x0000000000081122       0xcf C:\Users\nxf40467\AppData\Local\Temp\cckbYWKa.ltrans22.ltrans.o
                                         0xd3 (size before relaxing)
 .rodata        0x00000000000811f1        0xf C:\Users\nxf40467\AppData\Local\Temp\cckbYWKa.ltrans22.ltrans.o
                0x00000000000811fd                u8ZpsAplSecurityOverrideLevel
                0x00000000000811fe                bOverrideApsSecurity
                0x00000000000811ff                u8MacNwkTriesTimeout
 .rodata.str1.1
                0x0000000000081200       0x2b C:\Users\nxf40467\AppData\Local\Temp\cckbYWKa.ltrans24.ltrans.o
 *fill*         0x000000000008122b        0x1 00
 .rodata        0x000000000008122c      0x118 C:\Users\nxf40467\AppData\Local\Temp\cckbYWKa.ltrans24.ltrans.o
                0x0000000000081230                gu32ZCLVersion
                0x0000000000081234                ZPS_g_u32MacVersion
                0x0000000000081238                PDUM_g_u32Version
                0x000000000008123c                ZPS_g_u32TsvVersion
 .rodata.str1.1
                0x0000000000081344        0x5 C:\Users\nxf40467\AppData\Local\Temp\cckbYWKa.ltrans26.ltrans.o
                                          0xa (size before relaxing)
 .rodata.str1.1
                0x0000000000081349       0xbb C:\Users\nxf40467\AppData\Local\Temp\cckbYWKa.ltrans27.ltrans.o
 .rodata        0x0000000000081404       0x10 C:\Users\nxf40467\AppData\Local\Temp\cckbYWKa.ltrans27.ltrans.o
 .rodata.str1.1
                0x0000000000000000       0xbb C:\Users\nxf40467\AppData\Local\Temp\cckbYWKa.ltrans28.ltrans.o
                                          0x8 (size before relaxing)
 .rodata        0x0000000000081414       0x18 C:\Users\nxf40467\AppData\Local\Temp\cckbYWKa.ltrans28.ltrans.o
                0x0000000000081414                s_aprIdleStHandleCme.262026
                0x0000000000081428                bDisableSourceRouting
 .rodata.str1.1
                0x000000000008142c       0x30 C:\Users\nxf40467\AppData\Local\Temp\cckbYWKa.ltrans30.ltrans.o
                                         0x35 (size before relaxing)
 .rodata        0x000000000008145c       0x28 C:\Users\nxf40467\AppData\Local\Temp\cckbYWKa.ltrans30.ltrans.o
                0x000000000008145c                asZgpCommadClusterTable

.text           0x0000000000081484    0x38722
 *(.text*)
 .text          0x0000000000081484       0x50 ../../ColorTemperatureLight/Build/irq_JN516x.o
                0x0000000000081484                PIC_ChannelPriorities
                0x0000000000081494                PIC_SwVectTable
 .text          0x00000000000814d4       0xd0 ../../ColorTemperatureLight/Build/portasm_JN516x.o
                0x00000000000814d4                OSMIUM_HwVectTable
                0x0000000000081510                vExternalException
 .text          0x00000000000815a4     0x269c C:\Users\nxf40467\AppData\Local\Temp\cckbYWKa.ltrans0.ltrans.o
                0x00000000000815e4                DBG_iUartGetChar
                0x00000000000816ca                vMMAC_IntHandlerBbc
                0x00000000000816e4                eBasicTxCompleteHandler
                0x00000000000816e9                vTxRxTimeout.269417
                0x0000000000081746                eSmeUDNTScanDcfm.259264
                0x0000000000081762                vMacMlmeCallBackHandler.112046
                0x0000000000081a39                APP_cbTimerRadioRecal
                0x0000000000081ac5                zps_eNwkHandleSmePollDcfm
                0x0000000000081aef                eSmeGenlScanDcfm.259827
                0x0000000000081b4d                zps_eNwkHandleSmeDutyCycleInd
                0x0000000000081b76                eSmeEdScScanDcfm.259823
                0x0000000000081bbf                ZPS_u8MacIFTGetIntfState
                0x0000000000081bdd                ZPS_vMacIFTGetChannelMaskFromMacId
                0x0000000000081c61                eCLD_ScenesFindActiveScene
                0x0000000000081c7e                ZPS_eTsvOpen
                0x0000000000081c9b                zps_vNwkBttMgrInit
                0x0000000000081cc9                ZPS_u8GrabMutexLock.constprop.277
                0x0000000000081d0c                ZPS_u8ReleaseMutexLock.constprop.276
                0x0000000000081d37                vEnableReceive.269419
                0x0000000000081d70                psGetTxFrameBuffer
                0x0000000000081dac                vMicroIntEnableOnly.constprop.266
                0x0000000000081dd8                PDM_vEnterCriticalSection
                0x0000000000081e06                eZCL_WriteLocalAttributeValue.constprop.262
                0x0000000000081e39                eFbStartFbTarget.111065
                0x0000000000081e79                eZCL_ReadLocalAttributeValue.constprop.260
                0x0000000000081f42                bGP_IsSinkTableEntryPresent
                0x0000000000081fd1                u8GetGPDFKeyMAP
                0x0000000000081ffc                bGP_GetFreeProxySinkTableEntry.constprop.255
                0x0000000000082056                bGP_IsProxyTableEntryPresent.constprop.252
                0x00000000000820c8                bGP_IsDuplicatePkt.constprop.251
                0x0000000000082218                zps_eNwkRtDiscMatch.constprop.242
                0x000000000008226b                vAHI_SpiReadConfiguration.constprop.241
                0x000000000008229c                vConfigureSpi
                0x00000000000822dc                vAHI_SpiRestoreConfiguration.constprop.238
                0x000000000008231d                bAHI_FullFlashRead
                0x0000000000082360                vOtaFlashRead
                0x0000000000082362                bAHI_FlashInit.constprop.237
                0x00000000000824dc                vOtaFlashInitHw
                0x00000000000824de                pvZCL_HeapAlloc.part.0.95089.constprop.233
                0x0000000000082518                vMiniMac_MLME_SetReq_PanId
                0x0000000000082555                vMiniMac_MLME_SetReq_ShortAddr
                0x0000000000082563                eOtaFindCluster.constprop.196
                0x00000000000825ad                eOTA_SetServerAddress
                0x00000000000825ec                eOTA_RestoreClientData
                0x0000000000082681                vOtaClientUpgMgrMapStates
                0x00000000000826fb                eOtaClientReqSeqNoUpdate
                0x0000000000082718                ZPS_u8MacPibGetBeaconPayload.constprop.191
                0x0000000000082734                ZTIMER_eOpen.constprop.152
                0x0000000000082776                PDUM_vInit
                0x000000000008281f                vCLD_ColourControl_xyY2CCT.constprop.106
                0x00000000000828d0                eCLD_ColourControlHandleColourModeChange
                0x0000000000082937                eCLD_OnOffSetGlobalSceneControl.constprop.34
                0x000000000008295e                zps_bAplZdoServerHandleConfirmAcks.constprop.9
                0x00000000000829a8                ZPS_eTsvStop
                0x00000000000829e7                zps_vAplApsStopPollTimer.part.2.121662
                0x0000000000082a6e                ZPS_vDefaultApsdeResources
                0x0000000000082adc                ZPS_vResetBoundServerContext
                0x0000000000082adf                eEdTimeoutRequestDataDcfm.249058
                0x0000000000082b00                ZPS_u8GetChannelOffset
                0x0000000000082b33                pvHeap_Alloc
                0x0000000000082b36                zps_eSocMacSetTxBuffers.constprop.83
                0x0000000000082b71                vMicroIntRestoreState
                0x0000000000082b7d                TSV_eStart
                0x0000000000082bcd                ZPS_eTsvStart
                0x0000000000082c0a                zps_eNwkHandleSceNwkUpdate
                0x0000000000082c2e                vNwkMcpsSendTimedDfcm
                0x0000000000082c72                zps_eAplZdoBdrmRequestSend
                0x0000000000082ced                vProcessTimedList.250125
                0x0000000000082d33                zps_vNwkMcpsMgrPostTimed
                0x0000000000082d46                zps_vAplAfPostTimerEvent
                0x0000000000082de7                zps_vExpireOldRoutes
                0x0000000000082e70                zps_eNwkBtrMatch
                0x0000000000082f6d                PDM_vExitCriticalSection
                0x0000000000082f90                bAHI_WriteEEPROMfixSegmentData
                0x0000000000082fee                bAHI_InitialiseEEPROM
                0x0000000000083036                vAHI_ReadDataFromEEPROMregister
                0x0000000000083063                vAHI_WriteDataIntoEEPROMregister
                0x0000000000083093                iAHI_WriteDataIntoEEPROMsegment.constprop.246
                0x00000000000830e1                iPDM_WriteSegmentHeaderDataIntoEEPROMsegment
                0x0000000000083110                u32RaiseDigitalVoltage
                0x0000000000083130                u8AHI_WakeTimerFiredStatus
                0x0000000000083144                vAHI_WakeTimerStop.part.3.271782
                0x0000000000083164                vAHI_UartReset.part.4.271536
                0x000000000008319c                vAHI_ClockXtalPull
                0x00000000000831b9                vAHI_OptimiseWaitStates
                0x0000000000083205                bAHI_GetClkSource
                0x0000000000083212                bAHI_SetClockRate.part.0.271206.constprop.271
                0x000000000008328d                vAHI_SwReset
                0x00000000000832be                vAHI_DioSetDirection
                0x00000000000832d2                bACI_WriteKey
                0x00000000000832e0                vACI_CmdWaitBusy
                0x00000000000832ed                bACI_ECBencodeBuffer.part.0.270867.constprop.258
                0x00000000000833a4                vACI_OptimisedCcmStar.constprop.253
                0x0000000000083590                i16JPT_ConvertEnergyTodBm
                0x00000000000835a2                MAC_u64GetExtAddr
                0x00000000000835bd                ZPS_u64NwkNibFindExtAddr
                0x0000000000083663                eAppApiDefPlmeGet.part.0.269680
                0x0000000000083672                psSearchForFrameToSend
                0x00000000000836ca                eMiniMac_FrameInProgress
                0x00000000000836f5                vRemoveFromTxQueue
                0x0000000000083731                vAddToTxQueue
                0x0000000000083767                u8GetHeaderSize
                0x000000000008378f                vMiniMac_PLME_SetReq_CcaMode
                0x00000000000837a3                vMiniMac_MLME_SetReq_MaxCsmaBackoffs
                0x00000000000837c3                vMiniMac_MLME_SetReq_MaxBe
                0x00000000000837e6                vMiniMac_MLME_SetReq_MinBe
                0x0000000000083809                zps_vSendJoinInd
                0x0000000000083878                zps_psFormatCmdFrameGeneral
                0x0000000000083923                zps_eNwkFormStInit
                0x0000000000083950                vSendDcfm.260567
                0x0000000000083975                bCheckMatchingEntry.260016
                0x000000000008399b                psAddToDiscNt.259812
                0x0000000000083b37                eSmeUDNTBeaconInd.259819
                0x0000000000083b5c                zps_psNwkSlistRemoveFromHead
                0x0000000000083b73                zps_psNwkSlistRemove
                0x0000000000083bab                zps_bNwkMcpsMgrRemoveDescrFromLists
                0x0000000000083be9                zps_vNwkRemoveConflictedBroadcast
 .text.unlikely
                0x0000000000083c40       0x43 C:\Users\nxf40467\AppData\Local\Temp\cckbYWKa.ltrans0.ltrans.o
                0x0000000000083c40                vAHI_MemoryHold.271214
 .text          0x0000000000083c83     0x1e40 C:\Users\nxf40467\AppData\Local\Temp\cckbYWKa.ltrans1.ltrans.o
                0x0000000000083c83                vPermitJoinHandleExpiry.253661
                0x0000000000083c8c                vCLD_IdentifyTimerClickCallback.33304
                0x0000000000083d02                vOtaTimerClickCallback
                0x0000000000083d54                u16GP_APduInstanceReadWriteLongString
                0x0000000000083ea7                vZGPParseMacMcpsData
                0x0000000000084054                vPostVsMcpsDcfmInd.138025
                0x00000000000840e0                vZdoServersInit.2889
                0x0000000000084269                zps_bAplZdoSimpleDescServer
                0x00000000000844b7                vPostMlmeDcfmInd.138011
                0x0000000000084568                u16ZCL_ReadTypeNBO
                0x000000000008461f                u16ZCL_APduInstanceReadNBO
                0x0000000000084671                vGP_CallbackForPersistData
                0x00000000000846c6                bGP_GPDFValidityCheck
                0x00000000000848d6                vGP_RestorePersistedData
                0x000000000008499b                bGP_CheckFrameToBeProcessed
                0x00000000000849de                u16ZCL_APduInstanceWriteNBO
                0x0000000000084a34                u16ZCL_WriteCommandHeader
                0x0000000000084aac                u16ZCL_APduInstanceWriteStringNBO.part.0.83622
                0x0000000000084b8a                u16ZCL_APduInstanceReadStringNBO
                0x0000000000084c61                eZCL_GetAttributeTypeSizeFromBuffer
                0x0000000000084cda                u16ZCL_GetTxPayloadSize
                0x0000000000084d12                zps_u8AplApsConstructAndPostLoopBackDataInd.121776
                0x0000000000084e4b                u8PostUnicastMsgToNHLE.121784
                0x0000000000084e84                PWRM_vWakeInterruptCallback
                0x0000000000084f0b                vStartEffect
                0x000000000008501d                zps_sZgpAddTxQueue
                0x000000000008513d                zps_bZgpRemoveTxQueue
                0x00000000000851cb                zps_vSendJoinDcfm
                0x0000000000085211                vGiveUp.263355
                0x0000000000085249                ZPS_psZgpFindGpstEntry
                0x00000000000852a0                vGP_RemoveGPDFromProxySinkTable
                0x0000000000085329                vGP_RemoveTemperorySinkTableEntries
                0x000000000008536d                ZPS_u16NwkNibFindNwkAddr
                0x000000000008540e                psGetAndBuildCoordRealignment
                0x0000000000085466                zps_vNwkMcpsMgrInit
                0x0000000000085508                ZPS_vNwkNibClearTables
                0x0000000000085633                eCLD_ScenesSetLastConfiguredBy.isra.2.41488
                0x000000000008566a                iPDM_FilterDuplicateAppendedSegmentsOnList.239857
                0x00000000000856b1                ZPS_vGetDeviceCurrentData.constprop.15
                0x0000000000085730                u8PDM_CalculateLargestDataRecordStored
                0x0000000000085761                ZPS_bIsMacAddressUsedInApsTable
                0x0000000000085832                bGP_CheckGroupTable
                0x0000000000085893                eCLD_GroupsCheckGroupExists
                0x0000000000085900                u32GetScanChannels.isra.3.128946
                0x0000000000085935                ZPS_u8MacIFTGetChannelMaskCount
                0x0000000000085975                zps_vNwkHandleCmeGetInterface
 *fill*         0x0000000000085ac3        0x1 00
 .text          0x0000000000085ac4     0x22d0 C:\Users\nxf40467\AppData\Local\Temp\cckbYWKa.ltrans2.ltrans.o
                0x0000000000085ac4                DBG_vUartFlush
                0x0000000000085af1                DBG_vUartPutch
                0x0000000000085b37                zps_vNwkHandleCmePermitJoinReq
                0x0000000000085c9c                zps_bAplZdoNodeDescServer
                0x0000000000085e0e                zps_bAplZdoPowerDescServer
                0x0000000000085f32                zps_bAplZdoActiveEpServer
                0x000000000008601b                zps_bAplZdoSystemServerDiscoveryServer
                0x00000000000860a7                vDLISTaddToHead
                0x00000000000860d0                vDLISTaddToTail
                0x00000000000860f3                psDLISTremoveFromHead
                0x000000000008611e                psDLISTremove
                0x000000000008616c                eZCL_TimerRegister.part.1.103300.constprop.115
                0x00000000000861ad                eGP_CreateGreenPower.constprop.113
                0x0000000000086307                eGp_BufferTransmissionPacket
                0x0000000000086470                bGP_AliasPresent
                0x00000000000865bc                vBackUpTxQueueMsg
                0x000000000008665a                iPDM_SearchForBufferIdInList
                0x000000000008668f                iPDM_SearchForBufferIdInFileSystem
                0x00000000000866a2                iPDM_SearchForSpecificSegmentInList
                0x00000000000866d4                bPDM_FindLastMarkerSegment.239080
                0x0000000000086721                vMiniMac_ReturnRxBufferCallback
                0x000000000008674d                vMMAC_RadioToOffAndWait
                0x000000000008676a                vStartReceive
                0x0000000000086786                vSetChannelAndPower
                0x000000000008690f                vMiniMac_PLME_SetReq_Power
                0x0000000000086923                vMiniMac_PLME_SetReq_Channel
                0x000000000008692b                eCLD_ScenesSaveClusters.constprop.50
                0x0000000000086bc1                vCLD_ScenesUpdateSceneValid
                0x0000000000086c3f                eCLD_OnOffSceneEventHandler.36596
                0x0000000000086cdb                eCLD_LevelControlUpdate
                0x000000000008700d                eCLD_LevelControlStopTransition
                0x0000000000087041                eCLD_LevelControlSetOnOffState
                0x0000000000087176                eCLD_ColourControlUpdate
                0x0000000000087396                eCLD_ColourControlSceneEventHandler.49066
                0x00000000000873d0                ZPS_vMacPibSetBeaconPayload.constprop.207
                0x0000000000087405                zps_vInitBeaconPayload
                0x0000000000087460                iPDM_ReadUserDataFromEEPROMsegment
                0x00000000000874da                iPDM_ReCalculateWearCountAndChecksumAndWriteFileSystemHeader
                0x0000000000087524                vPDM_SetEEPROMandFileSystemValidState
                0x000000000008754b                iPDM_ReadUserDataFromFileSystemRecord
                0x000000000008756b                iPDM_ReadUserDataFromSegmentOnListWithId
                0x00000000000875a9                iPDM_ReadUserDataFromSegmentWithId
                0x00000000000875de                PDM_eReadDataFromRecord.part.0.238048
                0x0000000000087665                PDM_eReadDataFromRecord
                0x0000000000087685                vLoadAplRecord.128930
                0x00000000000876b3                vLoadNwkRecord.251101
                0x00000000000876eb                iPDM_CompareDataInFileRecords.239051
                0x0000000000087727                vPDM_WriteFileSystemRecordAndSegmentDataIntoEEPROMsegment
                0x0000000000087762                iPDM_ReadSegmentHeaderDataFromEEPROMsegment
                0x00000000000877bb                vAppInitOTA
                0x0000000000087961                eCLD_ScenesUpdate
                0x0000000000087c26                u16ZCL_ReadCommandHeader.part.0.86624
                0x0000000000087c9d                eZCL_CustomCommandReceiveScenes.isra.0.part.1.41472.constprop.30
 .text          0x0000000000087d94     0x2895 C:\Users\nxf40467\AppData\Local\Temp\cckbYWKa.ltrans3.ltrans.o
                0x0000000000087d94                vNwkMcpsTimerCallback
                0x0000000000087dae                zps_eSceGenlIllegal
                0x0000000000087db5                zps_eSmeGenlIllegal
                0x0000000000087dbc                DBG_vUartFailedAssert
                0x0000000000087dc0                zps_bAplZdoBindRequestServer
                0x0000000000087ef8                vPostMcpsDcfmInd.138018
                0x0000000000087efb                psGetVsMcpsBuf.138022
                0x0000000000087f04                psGetMlmeBuf.138008
                0x0000000000087f0d                psGetMcpsBuf.138015
                0x0000000000087f16                zps_vExpireRequestKeyReq.128869
                0x0000000000087f52                psGetNlmeBuf.119152
                0x0000000000087f5b                psGetNldeBuf.119173
                0x0000000000087f64                psGetApsmeBuf.119159
                0x0000000000087f6a                psGetApsdeBuf.119166
                0x0000000000088083                APP_bMultimaskJoinCallBack
                0x000000000008808f                vMacMcpsCallBackHandler.112050
                0x00000000000880a0                vLoopbackTimerCallback
                0x0000000000088230                APP_vGenCallback
                0x000000000008824f                zps_vNwkSlistAddToTail
                0x0000000000088269                ZPS_pvNwkSecGetNetworkKey
                0x000000000008829d                ZPS_bNwkSecHaveNetworkKey
                0x00000000000882d1                ZPS_bNwkSecFindMatSet
                0x000000000008830d                zps_eNwkRctMatchNwkAddr
                0x0000000000088377                ZPS_u8NwkCalcNldeReqOverhead
                0x00000000000883b2                zps_vRemoveNextHop
                0x0000000000088467                zps_vRemoveRoute
                0x00000000000884fe                zps_psNwkRtMatchNwkAddr
                0x0000000000088574                zps_vNwkFreeMcpsHandle
                0x000000000008859e                zps_u8NwkAllocateMcpsHandle
                0x00000000000885ef                zps_psNwkMcpsMgrFindPendingByNwkDstAddr
                0x0000000000088605                ZPS_u64NwkNibGetMappedIeeeAddr
                0x0000000000088635                ZPS_vNwkSecResetDevice
                0x000000000008867d                ZPS_bNwkNibNtActvMatch
                0x000000000008872f                bCheckNwkAddr
                0x0000000000088778                bIsBindTableMatch.123353
                0x00000000000887e0                eRemoveEntryInBindingTable.123357
                0x0000000000088864                zps_eAplTrustCenterFindDevice
                0x00000000000888a8                ZPS_vSetExtendedStatus
                0x00000000000888ba                zps_eNwkRtMatch
                0x00000000000889c8                eAllocateNPDU.114309
                0x0000000000088a2b                PDUM_eNPduClone
                0x0000000000088a77                PDUM_hAPduAllocateAPduInstance
                0x0000000000088ad1                hZCL_AllocateAPduInstance
                0x0000000000088b0e                zps_eAplZdoSendZdpResponse
                0x0000000000088b57                bSendResponse.157401
                0x0000000000088b9a                zps_psApsApsAllocateDcfmRecord
                0x0000000000088c08                zps_u8CalcLinkCost
                0x0000000000088c44                ZPS_u8NwkNibNtDiscMatch
                0x0000000000088d28                zps_u8NwkLibChannelLow
                0x0000000000088d37                zps_u64NwkLibFromPayload
                0x0000000000088d76                zps_vNwkLibU64ToPayload
                0x0000000000088da3                zps_eNwkDcfmIndPost
                0x0000000000088dc5                zps_psNwkDcfmIndGetBuf
                0x0000000000088de7                eRouteRequestDataDcfm.254883
                0x0000000000088e3b                eNldeDataDcfm.252601
                0x0000000000088e6b                zps_vSendNwkStatusInd
                0x0000000000088e9b                eLeaveDataDcfmRemoteLeave.246109
                0x0000000000088ef6                DBG_vInit
                0x0000000000088f38                psSLISTsearch
                0x0000000000088f78                psSLISTremove
                0x0000000000088ff6                psSLISTgetNext
                0x000000000008901a                iSLISTnumberOfNodes
                0x0000000000089031                u8PDM_CalculateFileSystemCapacity
                0x0000000000089046                u8PDM_ReadSequenceNumber
                0x0000000000089069                boSegmentNumberDeleteSearchMatch.239238
                0x0000000000089084                u8PDM_ReadSegmentDataSize
                0x0000000000089098                u32PDM_ReadFileSystemHeaderWearCount
                0x00000000000890ae                boSearchForWearCountSubstitute.239558
                0x00000000000890d4                boSearchForWearCountInsertPoint.238787
                0x00000000000890f2                vPDM_WriteFileSystemHeaderWearCount
                0x0000000000089104                vPDM_ReadBitmapHeader.237698
                0x0000000000089123                RND_u32GetRand256
                0x0000000000089140                RND_u32GetRand
                0x0000000000089168                u16CalculateFailedTxCount
                0x0000000000089198                vZdoIeeeAddrServerSendExtendResponse.part.0.142109
                0x00000000000891fc                vZdoNwkAddrServerSendExtendResponse.part.0.140843
                0x0000000000089260                zps_bPerformLeaveActionDecider
                0x0000000000089265                vHandleUpdateDeviceIndication.128901
                0x000000000008928f                zps_vByteCopy.part.2.125041
                0x00000000000892ab                ZPS_vRunningCRC32
                0x00000000000892db                zps_vAplApsInitDuplicateTable
                0x00000000000892fe                eHandleRemoveNonBroadcastEndpointsFromGroup.123333
                0x0000000000089376                eHandleAddEntryToGroupTable.123320
                0x00000000000893d2                zps_vAplApsInitFragTransmitPool
                0x00000000000893f3                zps_vAplApsFillAndPostApsAck
                0x000000000008945d                zps_u8AplApsFreeMsgHandle
                0x00000000000894c7                zps_vAplApsInitSyncMsgPool
                0x00000000000894ff                zps_vAplApsInitFragReceivePool
                0x0000000000089522                vFillDataIndStruct.118830
                0x0000000000089580                vFillApduErrorEvent.118823
                0x00000000000895c3                bCheckProfile.118818
                0x000000000008960a                vWrite64Nbo
                0x0000000000089637                vWrite32Nbo
                0x000000000008964f                ZPS_bIsGroupPresent
                0x0000000000089687                PDUM_u16SizeNBO
                0x00000000000896e5                PDUM_u16APduInstanceWriteStrNBO
                0x0000000000089864                PDUM_eNPduReadFooterNBO.part.5.114378
                0x00000000000898a9                PDUM_u16APduInstanceReadNBO
                0x00000000000898f4                u8ZdoBindUnbindServerUnpackApdu
                0x0000000000089943                PDUM_u16APduInstanceWriteNBO
                0x00000000000899ad                PDUM_thAPduInstanceGetApdu
                0x00000000000899c8                PDUM_eAPduFreeAPduInstance
                0x0000000000089a2e                zps_bAplZdoMgmtLqiServer
                0x0000000000089c63                zps_bAplZdoMgmtRtgServer
                0x0000000000089da3                PDUM_eAPduInstanceSetPayloadSize
                0x0000000000089dcb                PDUM_eNPduWriteDataFromBuffer
                0x0000000000089e25                PDUM_eNPduWriteDataToBuffer
                0x0000000000089e83                PDUM_eNPduWriteFromBuffer
                0x0000000000089eac                PDUM_eNPduDescend
                0x0000000000089ed2                PDUM_eNPduAscend
                0x0000000000089ef8                PDUM_eNPduClaimData
                0x0000000000089f65                PDUM_eNPduAppendDataNBO
                0x0000000000089fc2                PDUM_eNPduClaimHeader
                0x0000000000089fe5                PDUM_eNPduReadHeaderNBO
                0x000000000008a038                PDUM_eNPduPrependHeaderNBO
                0x000000000008a093                PDUM_eNPduFree
                0x000000000008a0f1                zps_vNwkMcpsMgrFreeReqDescr
                0x000000000008a126                ZPS_vInterceptMcpsDataCallback
                0x000000000008a188                PDUM_eNPduInitDescending
                0x000000000008a1a3                zps_vInitAPSMECmdHdr
                0x000000000008a1da                ZPS_u8MacGetChannelOffsetFromMask
                0x000000000008a1e9                ZPS_eMacValidateChannelMask
                0x000000000008a218                InvShiftRows
                0x000000000008a2ab                InvSubBytes
                0x000000000008a2f1                AddRoundKey
                0x000000000008a332                getSBoxValue.110554
                0x000000000008a354                eZCL_BuildTransmitAddressStructure
                0x000000000008a3c3                pvZCL_GetAttributePointer
                0x000000000008a43b                eZCL_SetLocalAttributeValue
                0x000000000008a4ec                vCLD_ScenesGenerateIndividualAttributeCallback
                0x000000000008a547                eZCL_StoreChangeAttributeValue
                0x000000000008a5e9                eCLD_GroupsSetIdentifying
                0x000000000008a60f                eCLD_LevelControlClusterIsPresent
 .text          0x000000000008a629     0x1d09 C:\Users\nxf40467\AppData\Local\Temp\cckbYWKa.ltrans4.ltrans.o
                0x000000000008a663                eSmeASFlBeaconInd.259835
                0x000000000008a6d2                APP_cbTimerButtonScan
                0x000000000008aab9                zps_bAplZdoMatchDescServer
                0x000000000008aacd                eOrphanNotificationSent.269060
                0x000000000008ab16                DBG_vUartInitHardware
                0x000000000008ac53                eSmeAcScBeaconInd.259843
                0x000000000008ad63                vMiniMac_ReturnTxBufferCallback
                0x000000000008ad8f                vPostTxActions.269463
                0x000000000008adcc                eCLD_ScenesCountScenes
                0x000000000008ade6                eCLD_ColourControl_GetRGB.constprop.173
                0x000000000008b008                AESSW_vMMOFinalUpdate
                0x000000000008b0cb                AESSW_vHMAC_MMO
                0x000000000008b169                ZPS_vZgpTransformKey
                0x000000000008b1ec                bGP_GetGPDKey
                0x000000000008b4a1                bGP_GetSecurityDetails.part.9.15553
                0x000000000008b59d                zps_pvAesGetKeyFromInstallCode
                0x000000000008b72b                ZPS_vSetKeys
                0x000000000008b7d5                boPDM_IsBitmapSaturated.237733
                0x000000000008b81e                APP_bButtonInitialise
                0x000000000008b864                ZPS_u8MacIFTAddUpdateChannelMask
                0x000000000008b8fe                ZPS_u16MacIFTGetIDByChannelMask
                0x000000000008b944                zps_eAplAibSetApsChannelMask
                0x000000000008b96f                zps_psAllocateAndFormatMacHdr
                0x000000000008bcd2                zps_psNwkInitCmdFrame
                0x000000000008bd51                eSendLinkStatusDataDcfm.part.1.247800
                0x000000000008be78                bPCA9634_WriteRegister
                0x000000000008bef6                bRGB_LED_SetLevel
                0x000000000008bf43                vLI_UpdateDriver
                0x000000000008bf89                vLI_Start.constprop.175
                0x000000000008bff1                bRGB_LED_On
                0x000000000008c005                bRGB_LED_Off
                0x000000000008c03a                vRGBLight_SetLevels
                0x000000000008c06c                vUpdateBulbFromZCL.7756
                0x000000000008c0e2                APP_vHandleIdentify
                0x000000000008c15a                vApp_GP_RegisterDevice.constprop.111
 .text          0x000000000008c332     0x1e37 C:\Users\nxf40467\AppData\Local\Temp\cckbYWKa.ltrans5.ltrans.o
                0x000000000008c332                eBeaconReqSent.269064
                0x000000000008c359                zps_bAplZdoNwkAddrServer
                0x000000000008c4ec                vPDM_AddFileSystemElementToListInAscendingWearCountOrder
                0x000000000008c614                vPDM_MoveFileRecordFromListToList
                0x000000000008c636                vPDM_MoveRecordToDeAllocList
                0x000000000008c656                iPDM_GetWearLevelledBuffer
                0x000000000008c729                iPDM_WriteSegmentHeaderAndData
                0x000000000008c877                vIncrementFrameCounterInPdm.isra.0.251553
                0x000000000008cb6e                ZPS_vNwkMacDataPollRequest
                0x000000000008cd05                vProcessListsForSubmission.250221
                0x000000000008cf4f                vMcpsMgrExpiry.250048
                0x000000000008cfae                zps_vNwkMcpsMgrPost
                0x000000000008d1c2                zps_vNwkHandleCmeRouteDiscoveryReq
                0x000000000008d390                zps_psSendFrm
                0x000000000008d6ee                zps_psSendBroadcastFrm.part.0.261256
                0x000000000008d756                zps_eNwkHandleSceRouteRecord
                0x000000000008d84d                zps_psNwkSendLeaveCmd
                0x000000000008d8b5                zps_psNwkPropagateLocalLeave
                0x000000000008d8dd                zps_psSendNetworkStatusCmd
                0x000000000008d94a                zps_eDefaultDataDcfm
                0x000000000008da3c                vSendNetworkReport.248916
                0x000000000008db1a                psSendRouteReplyCmd.254865
                0x000000000008dc2c                zps_eNwkHandleSceRouteReply
                0x000000000008deff                zps_psSendNetworkLinkPowerDelta.256291
                0x000000000008df91                zps_eNwkHandleSceNwkLinkPowerDelta
                0x000000000008dfab                zps_psNwkSendRejoinReqCmd
                0x000000000008e029                iPDM_ReconstructAtRunTimeReplacedDataTable
 *fill*         0x000000000008e169        0x3 00
 .text          0x000000000008e16c     0x229c C:\Users\nxf40467\AppData\Local\Temp\cckbYWKa.ltrans6.ltrans.o
                0x000000000008e16c                vMiniMac_MlmeCallback
                0x000000000008e364                vSendMlmeCommStatusFromTxFrame
                0x000000000008e3ba                zps_vSocMacHandleMlmeVsReqRsp.constprop.212
                0x000000000008e8ef                eTryNextParent
                0x000000000008ea41                vCheckSleepingSendPoll.263816
                0x000000000008eeb4                vScanBeaconReceived
                0x000000000008eef3                vRunningRxCallback
                0x000000000008f1f3                vPostDcfm.269081
                0x000000000008f25c                vScanNextChannel.269068
                0x000000000008f40e                zps_bGetFlashCredential
                0x000000000008f413                zps_psFindKeyDescr
                0x000000000008f534                vSaveScenesNVM
                0x000000000008f5db                eZLO_RegisterColourTemperatureLightEndPoint.constprop.93
                0x000000000008fe72                eCLD_GroupsRemoveAllGroups
                0x000000000008ff1d                APP_vRemoveAllGroupsAndScenes
                0x000000000008ff2f                APP_vFactoryResetRecords
                0x00000000000901f3                vR21_ConvertToR22_BindingTable.4810
                0x000000000009034d                vR21_ConvertToR22_NT.4815
 .text          0x0000000000090408     0x1c99 C:\Users\nxf40467\AppData\Local\Temp\cckbYWKa.ltrans7.ltrans.o
                0x0000000000090408                vPDM_MoveAllDataFromListToList.constprop.265
                0x0000000000090445                vPDM_MoveAllDataWithBufferIdFromListToList
                0x0000000000090503                vPDM_DeleteSegmentsWithIdFromFileSystem
                0x0000000000090524                PDM_vDeleteDataRecord
                0x000000000009055b                vAPP_GP_ResetData
                0x0000000000090592                vPDM_MoveAllDataWithBufferIdAndStateFromListToList
                0x0000000000090617                iPDM_CreateCandidateBufferList
                0x000000000009071b                iPDM_ReconstructReplacedDataTable
                0x00000000000908f8                vPDM_MoveAllDataToDeAllocList.constprop.264
                0x0000000000090920                vPDM_DeleteAppendedSequence
                0x00000000000909c2                iPDM_ReplaceChangedSegmentInSequence
                0x0000000000090ac2                PDM_eSaveRecordData
                0x0000000000090e5e                zps_vAplSaveRecord
                0x0000000000090f0c                ZPS_vNwkSaveRecord
                0x0000000000090f38                ZPS_vRemoveEntryFromAddressMap
                0x0000000000090f81                ZPS_vNwkSaveAllRecords
                0x0000000000090fab                ZPS_vNwkNibSetNwkAddr
                0x0000000000090fd4                zps_eNwkHandleSceRejnResponse
                0x0000000000091031                ZPS_vNwkNibSetExtPanId
                0x0000000000091062                ZPS_vNwkNibSetKeySeqNum
                0x0000000000091075                ZPS_vNwkNibSetDepth
                0x00000000000910ab                ZPS_vNwkNibSetUpdateId
                0x00000000000910d5                vSendNetworkUpdate.248920
                0x000000000009120a                ZPS_vNwkNibSetPanId
                0x0000000000091228                ZPS_vNwkNibSetCapabilityInfo
                0x0000000000091255                ZPS_vNwkNibSetChannel
                0x0000000000091273                zps_u8NwkHandleRejoinReq
                0x0000000000091333                zps_vProcessLocalAddrConflict
                0x00000000000913de                vGP_SendResponseGPDF
                0x00000000000914aa                ZPS_vNwkSaveNt
                0x00000000000914e6                ZPS_vNwkPurgeMacAddressAndRelatedEntries.part.5.251714
                0x00000000000915f7                ZPS_vNtSetUsedStatus
                0x00000000000916c5                zps_bAplZdoParentAnnceServer
                0x000000000009185f                zps_vBuildSortedActvNTList
                0x000000000009192b                zps_eNwkHandleSceLeave
                0x0000000000091ac7                zps_vNwkHandleCmeLeaveReq
                0x0000000000091be5                zps_vCleanUnAuthenHandleExpiry
                0x0000000000091d12                eUnsolicitedRejoinRspDataDcfm.248932
                0x0000000000091d3d                eRejoinRspDataDcfm.262525
                0x0000000000091de9                vFinish.263813
                0x0000000000091e3f                zps_eNwkHandleSceNwkEdTimeoutReq
                0x0000000000091f3a                zps_eNwkHandleSmeCommStatusInd
                0x0000000000091ff4                ZPS_vNwkSaveSecMat
                0x0000000000092008                iPDM_VerifyDataSequenceWithBufferId
 .text          0x00000000000920a1     0x1cad C:\Users\nxf40467\AppData\Local\Temp\cckbYWKa.ltrans8.ltrans.o
                0x0000000000092cc7                zps_vHandleApsdeDataFragIndNotSupported
                0x0000000000092d1e                APP_vInitialiseNode
                0x0000000000093c01                eDiscoverNetworks
                0x0000000000093c5d                eStartRouter
 .text          0x0000000000093d4e     0x20aa C:\Users\nxf40467\AppData\Local\Temp\cckbYWKa.ltrans9.ltrans.o
                0x0000000000093e28                vR21_ConvertToR22_Aib.4852
                0x0000000000093e8d                vR21_ConvertToR22_Nib.4896
                0x0000000000093f1b                vSaveZCLRecord.7749
                0x0000000000094029                vResetZCLRecords
                0x0000000000094047                vRestetOTADiscovery.9254
                0x0000000000094073                vLoadDefaultConfigForReportable
                0x00000000000940b8                vRestoreDefaultRecord
                0x0000000000094116                vManagePowerOnCountInit
                0x000000000009415e                APP_cbTimerPowerCount
                0x00000000000941d5                zps_eAplZdoGroupEndpointRemove
                0x0000000000094266                vGP_RemoveGPEPFromGroup
                0x0000000000094300                zps_eAplAibSetApsUseExtendedPanId
                0x0000000000094316                zps_bNwkFindAddIeeeAddr
                0x000000000009449e                vInitUnknownNeighbor.250132.constprop.161
                0x00000000000944f7                eMakeEntryInBindingTable.isra.2.123367
                0x0000000000094592                zps_eAplZdoAddReplaceLinkKey_W
                0x0000000000094656                zps_eNwkHandleSceLinkStatus
                0x000000000009478a                ZPS_bNwkNibAddrMapAddEntry
                0x000000000009493f                zps_vAgeRouter
                0x0000000000094978                zps_eNwkHandleSdeActvDcfmData
                0x0000000000094afd                vMcpsMgrTimeoutExpiry
                0x0000000000094b67                zps_vNwkSecondTickHandleExpiry
                0x0000000000094d52                zps_eNwkHandleSceRouteRequest
                0x0000000000095226                zps_sNwkNibNtCheckJoin.part.8.251847
                0x00000000000954df                zps_vNwkHandleCmeDirectJoinReq
                0x0000000000095588                zps_vJoinInitNtParent
                0x000000000009576c                vContinueRejoin.262521
                0x0000000000095813                zps_vCheckActvNtForDuplicate
                0x00000000000958b3                eSmeOrphScanDcfm.263826
                0x000000000009592b                eCheckAddrConflict.isra.7.249187
                0x00000000000959c6                zps_vSaveAllZpsRecords
                0x00000000000959e6                ZPS_vSetDevicePreviousData.constprop.16
                0x0000000000095b65                vAplSecRemoveLinkKey.128986
                0x0000000000095c37                ZPS_vNMPurgeEntry
 .text          0x0000000000095df8     0x1b12 C:\Users\nxf40467\AppData\Local\Temp\cckbYWKa.ltrans10.ltrans.o
                0x0000000000095df8                vHandleEdTimeoutReqExpiry.248924
                0x0000000000095f09                zps_vNwkHandleCmeActvStartRouterReq
                0x0000000000096042                vHandleNwkLocalUpdateAfterBcast.248937
                0x0000000000096096                vHandleNwkRemoteUpdateAfterBcast.248928
                0x00000000000960ea                zps_vNwkHandleCmeSyncReq
                0x0000000000096163                zps_eRejoinDataDcfm
                0x0000000000096220                eSmeRjPCPollDcfm.263977
                0x0000000000096261                eSceRjRsRejoinRsp.263944
                0x0000000000096339                eSmeAsocAssocDcfm.263981
                0x00000000000963bd                ZPS_pvNwkCtor.constprop.205
                0x00000000000968a4                ZPS_vNwkHandleNlmeReqRsp
                0x0000000000096921                zps_vAplAfPostEvent
                0x0000000000096cf8                vApsInterPanMcpsDataInd
                0x0000000000096e9f                zps_eAplZdoNlmePermitJoiningWrapper
                0x0000000000096ec7                zps_bAplZdoPermitJoiningServer
                0x0000000000096f91                vStartScanTimerExpiry.158664
                0x0000000000096fcd                vChangeChannelTimerExpiry.158668
                0x0000000000097044                eLeaveReset.246114
                0x00000000000970af                eLeaveDataDcfmLocalLeave.246119
                0x0000000000097129                zps_sNwkLibSubmitScan
                0x0000000000097162                eSmeAcScScanDcfm.260578
                0x00000000000974d8                zps_vNwkHandleCmeIdleNwkFormReq
                0x00000000000975e9                zps_vNwkHandleCmeNwkDiscReq
                0x0000000000097663                zps_vNwkDiscUpdateNT
                0x0000000000097707                zps_eNwkHandleSmeBeaconNotifyInd
                0x0000000000097795                zps_eNwkHandleSceNwkReport
                0x000000000009781b                eSmeEdScScanDcfm.260571
                0x00000000000978cb                zps_vNwkHandleCmeEdScanReq
 *fill*         0x000000000009790a        0x2 00
 .text          0x000000000009790c     0x16d8 C:\Users\nxf40467\AppData\Local\Temp\cckbYWKa.ltrans11.ltrans.o
                0x000000000009790c                AppColdStart
 .text          0x0000000000098fe4     0x1dcc C:\Users\nxf40467\AppData\Local\Temp\cckbYWKa.ltrans12.ltrans.o
                0x0000000000099093                vZdoBdrmSendNextTimedRequest
                0x0000000000099335                eZCL_TransmitDataRequest
                0x00000000000997de                eZCL_SendDefaultResponse
                0x00000000000998dd                eZCL_CustomCommandReceive
                0x0000000000099a4b                eOtaCommandHandler
                0x0000000000099ff3                eGP_HandleZgpCommissioningNotification
                0x000000000009a5f0                eGP_HandleZgpTranslationResponse
                0x000000000009a8f2                eCLD_BasicCommandHandler
                0x000000000009a961                eCLD_OnOffCommandReceive
                0x000000000009a96a                vReportTimerClickCallback
 .text          0x000000000009adb0     0x1d28 C:\Users\nxf40467\AppData\Local\Temp\cckbYWKa.ltrans13.ltrans.o
                0x000000000009b17d                ZPS_vAplHandleApsdeReqRsp
                0x000000000009b596                zps_eAplZdpApsdeReqInternal
                0x000000000009b605                zps_eAplZdpRequestApsdeReq
                0x000000000009b67a                zps_eAplZdpDeviceAnnceRequest.part.0.173920
                0x000000000009b6c7                zps_eAplZdoStartRouter.part.14.129055
                0x000000000009b73b                BDB_vTlStateMachine
                0x000000000009c797                zps_bAplZdoDefaultServer
                0x000000000009ca54                zps_eAplZdpBindResponse
                0x000000000009ca75                zps_eZdpUnbindResponse
                0x000000000009ca96                zps_eZdpMgmtLeaveResponse
                0x000000000009cab7                zps_eZdpMgmtPermitJoiningResponse
 .text          0x000000000009cad8     0x1bec C:\Users\nxf40467\AppData\Local\Temp\cckbYWKa.ltrans14.ltrans.o
                0x000000000009cea7                vZgpSendTxAfterRx
                0x000000000009cee5                zps_vAplApsmeCmdMgrRetryTimeout.123293
                0x000000000009d24a                zps_eNwkHandleSmeAssocInd
                0x000000000009d305                vTransformKey.isra.0.125036
                0x000000000009d370                zps_eAplSecEncryptPacket
                0x000000000009d462                zps_eAplSendApsmeCmdFrame
                0x000000000009d5d6                vNsTclkSendReqKey.108739
                0x000000000009d6b7                zps_eAplApsmeUpdateDeviceReqRsp.part.4.123466
                0x000000000009d805                vPostNlmeDcfmInd.119155
                0x000000000009df96                zps_eAplZdoLeaveNetwork.constprop.202
                0x000000000009dfbb                vNsLeaveNwk.108741
                0x000000000009dfcb                zps_bAplZdoMgmtLeaveServer
                0x000000000009e1c0                zps_vDStub_DataReq.constprop.43
                0x000000000009e4b2                vSendToTxQueue
                0x000000000009e574                bDuplicateCheck.124849
 .text          0x000000000009e6c4     0x1ad5 C:\Users\nxf40467\AppData\Local\Temp\cckbYWKa.ltrans15.ltrans.o
                0x000000000009e6c4                zps_vNwkHandleCmeSetInterface
                0x000000000009e87e                vBbcIntHandler.267956
                0x000000000009eb75                eAssocRespSent.268273
                0x000000000009eb94                zps_vZgpDeviceActiveTimerExpiry
                0x000000000009ec71                ZPS_vNwkHandleNldeReqRsp
                0x000000000009eea0                zps_eAplApsmeCmdMgrSendCommand
                0x000000000009ef7d                zps_eAplZdoGroupEndpointAdd
                0x000000000009f080                vGP_AddGPEPToGroup
                0x000000000009f11a                eGP_UpdateApsGroupTableAndDeviceAnnounce.constprop.37
                0x000000000009f15d                vSdeHandleMcpsDataInd.250246.constprop.155
 *fill*         0x00000000000a0199        0x3 00
 .text          0x00000000000a019c     0x20e0 C:\Users\nxf40467\AppData\Local\Temp\cckbYWKa.ltrans16.ltrans.o
                0x00000000000a019c                BDB_vRejoinTimerCb
                0x00000000000a01f6                eZCL_CustomCommandSend.constprop.201
                0x00000000000a049f                eGP_ZgpPairingSend.constprop.47
                0x00000000000a07a8                vFillAndSendPairingCmdFromSinkTable
                0x00000000000a0995                eGP_HandleZgpPairingConfig
                0x00000000000a1325                eGP_ZgpNotificationSend.constprop.48
                0x00000000000a1420                eGP_ProxyCommissioningMode.constprop.199
                0x00000000000a1603                vGP_ExitCommMode
                0x00000000000a1681                eGP_HandleZgpPairing
                0x00000000000a1ee8                vApp_GP_EnterCommissioningMode
                0x00000000000a1f35                bdb_taskBDB
 .text          0x00000000000a227c     0x1a8d C:\Users\nxf40467\AppData\Local\Temp\cckbYWKa.ltrans17.ltrans.o
                0x00000000000a22b2                vOtaFlashErase
                0x00000000000a2485                vMiniMac_NextTransaction
                0x00000000000a24f0                dbg_vPrintfImplNoneVerbose
                0x00000000000a2977                ZPS_bSecEncrypt
                0x00000000000a2b28                eZCLAddReport
                0x00000000000a2dd1                eZCL_CreateLocalReport.constprop.119
                0x00000000000a2e3e                eTransmit
                0x00000000000a2f0e                vRetryCcaFailure
                0x00000000000a2f5b                zps_vSocMacHandleMcpsVsReqRsp.constprop.249
                0x00000000000a30ed                eZCL_TransmitInterPanRequest.constprop.185
                0x00000000000a32e0                BDB_eTlSendScanResponse.109671.constprop.171
                0x00000000000a3468                eCLD_ZllCommissionCommandNetworkStartRspCommandSend.constprop.184
                0x00000000000a34c6                eBuildAndSend.269070
                0x00000000000a353c                vMiniMac_TxComplete
                0x00000000000a362f                zps_vDefaultNwkLayer
                0x00000000000a3866                ZPS_vMacPibSetRxOnWhenIdle
                0x00000000000a386f                vTimerFired
                0x00000000000a3944                vMiniMac_Init
 .text.unlikely
                0x00000000000a3d09       0x31 C:\Users\nxf40467\AppData\Local\Temp\cckbYWKa.ltrans17.ltrans.o
                0x00000000000a3d09                eCLD_ZllCommissionCommandNetworkJoinRouterRspCommandSend.constprop.183
 *fill*         0x00000000000a3d3a        0x2 00
 .text          0x00000000000a3d3c     0x1ddc C:\Users\nxf40467\AppData\Local\Temp\cckbYWKa.ltrans18.ltrans.o
                0x00000000000a3d3c                vCLD_GPTimerClickCallback.13782
                0x00000000000a55d4                eGP_HandleZgpNotification
 .text          0x00000000000a5b18     0x1bd5 C:\Users\nxf40467\AppData\Local\Temp\cckbYWKa.ltrans19.ltrans.o
                0x00000000000a5b18                zps_bAplZdoBindUnbindServer
                0x00000000000a5f82                zps_bAplZdoMgmtBindServer
                0x00000000000a6185                zps_eZdpActiveEpResponse
                0x00000000000a621b                zps_eZdpMatchDescResponse
                0x00000000000a62b1                zps_eZdpSystemServerDiscoveryResponse
                0x00000000000a6320                zps_eAplZdpMgmtLqiResponse
                0x00000000000a6430                zps_eZdpNodeDescResponse
                0x00000000000a64d8                zps_eZdpParentAnnceResponse
                0x00000000000a657a                zps_eZdpPowerDescResponse
                0x00000000000a6617                zps_eZdpSimpleDescResponse
                0x00000000000a6724                zps_eAplZdpMgmtRtgResponse
                0x00000000000a68b3                zps_eZdpNwkAddrResponse
                0x00000000000a699b                zps_eZdpIeeeAddrResponse
                0x00000000000a6a83                zps_bAplZdoMgmtNWKUpdateServer
                0x00000000000a6f8f                ZPS_vSecondTimerCallback
                0x00000000000a71f0                zps_bAplZdoZdoClient
                0x00000000000a73a1                BDB_vTlTimerCb
                0x00000000000a73b1                zps_eAplAfBoundDataReqNonBlocking
                0x00000000000a7574                vNsSendPermitJoin.108731
                0x00000000000a7604                vGP_SendDeviceAnnounce
 *fill*         0x00000000000a76ed        0x3 00
 .text          0x00000000000a76f0     0x1c40 C:\Users\nxf40467\AppData\Local\Temp\cckbYWKa.ltrans20.ltrans.o
                0x00000000000a7b68                eCLD_ZllCommissionCommandHandler
                0x00000000000a7dc2                eCLD_LevelControlCommandHandler
                0x00000000000a8238                eCLD_OnOffCommandHandler
                0x00000000000a8642                eCLD_ColourControlCommandHandler
                0x00000000000a8ac6                vZCL_HandleAttributesWriteRequest
                0x00000000000a8f47                eGP_HandleZgpTranslationTableUpdate
 .text          0x00000000000a9330     0x1928 C:\Users\nxf40467\AppData\Local\Temp\cckbYWKa.ltrans21.ltrans.o
                0x00000000000a9330                vPostNldeDcfmInd.119176
                0x00000000000aa53d                vPostApsmeDcfmInd.119162
                0x00000000000aab5a                ISR_vTickTimer
                0x00000000000aab92                vISR_SystemController
                0x00000000000aabba                vISR_Timer4
                0x00000000000aabc9                vISR_Timer3
                0x00000000000aabd8                vUnclaimedInterrupt
                0x00000000000aabed                vBusErrorHandler
                0x00000000000aabfc                vAlignmentErrorHandler
                0x00000000000aac0b                vIllegalInstructionHandler
                0x00000000000aac1a                vTrapHandler
                0x00000000000aac29                vGenericHandler
                0x00000000000aac38                vUnclaimedException
                0x00000000000aac47                vStackOverflowHandler
 .text          0x00000000000aac58     0x1a33 C:\Users\nxf40467\AppData\Local\Temp\cckbYWKa.ltrans22.ltrans.o
                0x00000000000aac58                eSmeAcScBeaconInd.260021
                0x00000000000aadbc                zps_bAplZdoIeeeAddrServer
                0x00000000000aafda                vOtaUpgManClientStateCountDown.76175
                0x00000000000ab157                vOtaFlashWrite
                0x00000000000ab15a                vfExtendedStatusCallBack
                0x00000000000ab166                PWRM_vManagePower
                0x00000000000ab2b2                vMiniMac_McpsCallback
                0x00000000000ab571                eMcpsTxCompleteHandler.268385
                0x00000000000ab59f                psDLISTsearchFromHead
                0x00000000000ab5c8                eCLD_ScenesAddScene
                0x00000000000ab69b                eCLD_ScenesFindScene
                0x00000000000ab6ea                eCLD_ScenesStoreScene
                0x00000000000ab7a5                eCLD_ScenesRemoveAllScenes
                0x00000000000ab841                vFreePendingReqDescr
                0x00000000000ab8b1                vHandleRouteDiscoveryExpiry.254422
                0x00000000000ab90f                bHasTimerFired.101242
                0x00000000000ab979                u16ZCL_WriteAttributeValueIntoBuffer
                0x00000000000aba02                eHandleRemoveBroadcastEndpointsFromGroup.123316
                0x00000000000aba5c                ZPS_bSecDecrypt
                0x00000000000abb51                zps_vNwkMcpsMgrTidyBtrReqDescr
                0x00000000000abb97                vNwkBttTimerExpiry.257976
                0x00000000000abcbb                eZCL_SetReceiveEventAddressStructure
                0x00000000000abd3a                vShowException
                0x00000000000abdfc                bEncryptDecryptKey
                0x00000000000abf50                bGP_GiveCommIndAndUpdateTable
 *fill*         0x00000000000ac68b        0x1 00
 .text          0x00000000000ac68c     0x17d4 C:\Users\nxf40467\AppData\Local\Temp\cckbYWKa.ltrans23.ltrans.o
                0x00000000000ac6d5                eCLD_ScenesCommandHandler
                0x00000000000ad623                eCLD_IdentifyCommandHandler
                0x00000000000ad9b9                eCLD_GroupsCommandHandler
 .text          0x00000000000ade60     0x1e46 C:\Users\nxf40467\AppData\Local\Temp\cckbYWKa.ltrans24.ltrans.o
                0x00000000000ade60                bCLD_ScenesSearchForScene.41824
                0x00000000000ade93                eCLD_LevelControlSceneEventHandler.34783
                0x00000000000adedc                DriverBulb_vSetTunableWhiteColourTemperature
                0x00000000000adedf                bAllowInterPanEp.12587
                0x00000000000adf2b                APP_ZCL_cbGeneralCallback.7742
                0x00000000000adf2e                zps_vGetZpsMutex
                0x00000000000adf37                bCLD_GroupsSearchForGroup.32165
                0x00000000000adf5c                eZCL_DoesAttributeHaveReportableChange
                0x00000000000adf79                eZCL_GetAttributeReportableEntry
                0x00000000000ae031                vZCL_AlignNumericAttributeValueTo64.100673
                0x00000000000ae140                vZCL_SetDefaultReporting
                0x00000000000ae172                eZCL_BuildClientTransmitAddressStructure
                0x00000000000ae1a3                u8GetTransactionSequenceNumber
                0x00000000000ae1b5                bZCL_CheckAttributeDirectionFlagMatch
                0x00000000000ae1d9                bZCL_CheckManufacturerSpecificAttributeFlagMatch
                0x00000000000ae1f7                eZCL_SearchForAttributeEntry
                0x00000000000ae29c                eZCL_GetAttributeTypeSize
                0x00000000000ae2bb                vZCL_MarkAttributeInvalid
                0x00000000000ae38a                u8ZCL_GetAttributeAllignToFourBytesBoundary
                0x00000000000ae39f                vReverseMemcpy.part.2.82090
                0x00000000000ae3d4                vReverseMemcpy
                0x00000000000ae3ec                u16ZCL_WriteTypeNBO.part.0.83530
                0x00000000000ae43a                sOtaGetHeader
                0x00000000000ae548                u16ZCL_GetStringStructureSize
                0x00000000000ae585                u16ZCL_GetStringAttributeTypeSizeFromBuffer
                0x00000000000ae5f6                u16ZCL_GetStringSizeAndBufferFromStructure
                0x00000000000ae685                eZCL_GetAttributeTypeSizeFromStructure
                0x00000000000ae6fe                bZCL_SendCommandResponse
                0x00000000000ae71a                vZCL_InitializeClusterInstance
                0x00000000000ae72f                u8ZCL_GetEPIdFromIndex
                0x00000000000ae751                eZCL_SearchForEPIndex
                0x00000000000ae78b                eZCL_SearchForClusterEntry
                0x00000000000ae805                eZCL_SearchForEPentry
                0x00000000000ae841                eZCL_FindCluster
                0x00000000000ae892                eCLD_OnOffGetState
                0x00000000000ae8c3                bCLD_ColourControlStopExecutionOfCommand.isra.0.49774
                0x00000000000ae8fc                eGP_FindGpCluster
                0x00000000000ae93d                u16GP_GetStringSizeOfSinkTable
                0x00000000000ae9f6                u16GP_GetStringSizeOfProxyTable
                0x00000000000aeadf                eZCL_SearchForEPentryAndCheckManufacturerId
                0x00000000000aeb1d                vZCL_PassEventToUser
                0x00000000000aeb4a                eZCL_Register
                0x00000000000aeda1                vWriteU64ToPayLoad.80526
                0x00000000000aedce                vOtaFlashLockWrite
                0x00000000000aee14                vOtaFlashLockRead
                0x00000000000aee5a                eOtaSetEventTypeAndGiveCallBack
                0x00000000000aee75                eOTA_retOtaUseKey
                0x00000000000aeeab                vCLD_ColourControl_CCT2xyY
                0x00000000000aef91                vCLD_ScenesConfigureColourControlExtension.41249
                0x00000000000af0b3                vGiveIndicationForTranslationTableUpdate
                0x00000000000af149                bBestGPD_GPPLink
                0x00000000000af176                vFillDataIndication
                0x00000000000af2c4                u16GetSinkTableString
                0x00000000000af45f                u16GetProxyTableString
                0x00000000000af611                bGP_CheckGPDAddressMatch
                0x00000000000af6c8                psApp_GPGetTranslationTable.10950
                0x00000000000af716                bAppAddTransTableEntries
                0x00000000000af79e                bGP_ValidateGPDF_Fields
                0x00000000000af825                u8GP_GetLQIQuality
                0x00000000000af84d                vCreateDataIndFromBufferedCmd
                0x00000000000af91e                u16GP_DeriveAliasSrcAddr
                0x00000000000af960                ZTIMER_eStop
                0x00000000000af9b2                ZTIMER_eStart
                0x00000000000afa10                ZQ_bQueueReceive
                0x00000000000afa81                ZQ_bQueueSend
                0x00000000000afaf7                APP_cbTimerGPZclTick
                0x00000000000afb1e                vAPP_ZCL_DeviceSpecific_Init
                0x00000000000afbb7                vLI_InitVar.9862
                0x00000000000afbe8                vCopyRecordsToZCL.7747
                0x00000000000afc4b                vDefaultZCLRecords.7745
                0x00000000000afc8a                ZPS_psMacIFTGetInterface
 *fill*         0x00000000000afca6        0x2 00
 .text          0x00000000000afca8     0x181c C:\Users\nxf40467\AppData\Local\Temp\cckbYWKa.ltrans25.ltrans.o
                0x00000000000afca8                vZCL_EventHandler
 .text          0x00000000000b14c4     0x1344 C:\Users\nxf40467\AppData\Local\Temp\cckbYWKa.ltrans26.ltrans.o
                0x00000000000b168c                APP_cbTimerZclTick
                0x00000000000b1e12                eOTA_ClientUpgradeEndRequest
                0x00000000000b1ebc                vOtaAbortDownload.76212
                0x00000000000b1f34                vOtaHandleTimedBlockRequest.76206
                0x00000000000b1fd5                vOtaUpgManClientStateIdle.76154
 .text          0x00000000000b2808     0x131e C:\Users\nxf40467\AppData\Local\Temp\cckbYWKa.ltrans27.ltrans.o
                0x00000000000b2808                vOtaUpgManClientStateWaitForRunCommand.76171
                0x00000000000b2917                vOtaUpgManClientStateDownloadComplete.76167
                0x00000000000b2ad7                vOtaUpgManClientStateDownloadInProgress.76163
                0x00000000000b3292                APP_ZCL_cbEndpointCallback.7739
 *fill*         0x00000000000b3b26        0x2 00
 .text          0x00000000000b3b28     0x115c C:\Users\nxf40467\AppData\Local\Temp\cckbYWKa.ltrans28.ltrans.o
                0x00000000000b3b28                zps_vNwkHandleCmeNwkJoinReq
                0x00000000000b3e80                zps_vNwkHandleCmeNwkActvJoinReq
                0x00000000000b3f5e                zps_eNwkHandleSmeOrphanInd
                0x00000000000b3f6e                zps_vAplApsPollTimer