Archive member included because of file (symbol)

../../../../sdk/JN-SW-4170/Components/Library\libZPSMAC_Mini_SOC_JN516x.a(zps_mac_shim.o)
                              ../../ExtendedColorLight/Build/app_zlo_light_node.o (symbol from plugin) (ZPS_u32MacSetTxBuffers)
../../../../sdk/JN-SW-4170/Components/Library\libZPSMAC_Mini_SOC_JN516x.a(zps_miniMac.o)
                              zps_mac_shim.o (symbol from plugin) (zps_eSocMacSetTxBuffers)
../../../../sdk/JN-SW-4170/Components/Library\libZPSMAC_Mini_SOC_JN516x.a(zps_mac_common.o)
                              zps_mac_shim.o (symbol from plugin) (g_u8LegacyBeaconPayloadLen)
../../../../sdk/JN-SW-4170/Components/Library\libZPSMAC_Mini_SOC_JN516x.a(zps_mac_ie.o)
                              zps_mac_common.o (symbol from plugin) (zps_u8MacIECopyZigbeePayloadSubIE)
../../../../sdk/JN-SW-4170/Components/Library\libPWRM_JN516x.a(pwrm.o)
                              ../../ExtendedColorLight/Build/app_start_light.o (symbol from plugin) (PWRM_vInit)
../../../../sdk/JN-SW-4170/Components/Library\libPWRM_JN516x.a(pwrm_setjmp_JN516x.o)
                              pwrm.o (symbol from plugin) (setjmp)
../../../../sdk/JN-SW-4170/Components/Library\libPWRM_JN516x.a(pwrm_cold_start.o)
                              (AppColdStart)
../../../../sdk/JN-SW-4170/Components/Library\libPWRM_JN516x.a(pwrm_warm_start.o)
                              (AppWarmStart)
../../../../sdk/JN-SW-4170/Components/Library\libAES_SW_JN516x.a(aes_sw_mmo.o)
                              ../../ExtendedColorLight/Build/OTA.o (symbol from plugin) (AESSW_vMMOBlockUpdate)
../../../../sdk/JN-SW-4170/Components/Library\libPDUM_JN516x.a(pdum_nwk.o)
                              zps_miniMac.o (symbol from plugin) (PDUM_eNPduAllocate)
../../../../sdk/JN-SW-4170/Components/Library\libPDUM_JN516x.a(pdum_apl.o)
                              ../../ExtendedColorLight/Build/app_ota_client.o (symbol from plugin) (PDUM_u16APduInstanceReadNBO)
../../../../sdk/JN-SW-4170/Components/Library\libPDUM_JN516x.a(pdum.o)
                              pdum_nwk.o (symbol from plugin) (PDUM_u16SizeNBO)
../../../../sdk/JN-SW-4170/Components/Library\libZPSAPL_JN516x.a(zps_apl_inl.o)
                              zps_mac_ie.o (symbol from plugin) (ZPS_pu8AplZdoGetVsOUI)
../../../../sdk/JN-SW-4170/Components/Library\libZPSAPL_JN516x.a(zps_apl_af.o)
                              ../../ExtendedColorLight/Build/app_zlo_light_node.o (symbol from plugin) (ZPS_eAplAfInit)
../../../../sdk/JN-SW-4170/Components/Library\libZPSAPL_JN516x.a(zps_apl_af_apsde.o)
                              ../../ExtendedColorLight/Build/zps_gen.o (symbol from plugin) (zps_vHandleApsdeDataFragIndNotSupported)
../../../../sdk/JN-SW-4170/Components/Library\libZPSAPL_JN516x.a(zps_apl_task.o)
                              zps_apl_af_apsde.o (symbol from plugin) (zps_vAplAfPostEvent)
../../../../sdk/JN-SW-4170/Components/Library\libZPSAPL_JN516x.a(zps_apl_apsde.o)
                              zps_apl_task.o (symbol from plugin) (ZPS_vAplRegisterApsdeDcfmIndCallbacks)
../../../../sdk/JN-SW-4170/Components/Library\libZPSAPL_JN516x.a(zps_apl_apsme.o)
                              zps_apl_task.o (symbol from plugin) (ZPS_vAplRegisterApsmeDcfmIndCallbacks)
../../../../sdk/JN-SW-4170/Components/Library\libZPSAPL_JN516x.a(zps_apl_aps_nlde.o)
                              ../../ExtendedColorLight/Build/OTA_client.o (symbol from plugin) (ZPS_vRunningCRC32)
../../../../sdk/JN-SW-4170/Components/Library\libZPSAPL_JN516x.a(zps_apl_sec.o)
                              zps_apl_apsme.o (symbol from plugin) (zps_vGenerateHashForVerifiedKey)
../../../../sdk/JN-SW-4170/Components/Library\libZPSAPL_JN516x.a(zps_apl_aib.o)
                              ../../ExtendedColorLight/Build/app_green_power.o (symbol from plugin) (zps_psAplAibGetAib)
../../../../sdk/JN-SW-4170/Components/Library\libZPSAPL_JN516x.a(zps_apl_zdo_nwkmanager.o)
                              zps_apl_apsme.o (symbol from plugin) (zps_vAplSaveRecord)
../../../../sdk/JN-SW-4170/Components/Library\libZPSAPL_JN516x.a(zps_apl_zdo_handle_zdp_event.o)
                              zps_apl_task.o (symbol from plugin) (zps_bAplZdoHandleZdpEvent)
../../../../sdk/JN-SW-4170/Components/Library\libZPSAPL_JN516x.a(zps_apl_zdo_trust_center.o)
                              zps_apl_inl.o (symbol from plugin) (zps_eAplTrustCenterFindDevice)
../../../../sdk/JN-SW-4170/Components/Library\libZPSAPL_JN516x.a(zps_apl_zdo_common.o)
                              zps_apl_zdo_nwkmanager.o (symbol from plugin) (zps_eAplZdoNlmeleaveWrapper)
../../../../sdk/JN-SW-4170/Components/Library\libZPSAPL_JN516x.a(zps_apl_zdo_group.o)
                              ../../ExtendedColorLight/Build/GreenPowerCommon.o (symbol from plugin) (zps_eAplZdoGroupEndpointAdd)
../../../../sdk/JN-SW-4170/Components/Library\libZPSAPL_JN516x.a(zps_apl_zdo_default_server.o)
[...]
Memory Configuration

Name             Origin             Length             Attributes
flash            0x0000000000080000 0x0000000000080000
ram              0x000000000400004c 0x0000000000007fb4
*default*        0x0000000000000000 0xffffffffffffffff

Linker script and memory map

                0x0000000000001964                __stack_size = 0x1964
                0x00000000000007d0                __minimum_heap_size = 0x7d0
START GROUP
LOAD ../../ExtendedColorLight/Build/irq_JN516x.o
LOAD ../../ExtendedColorLight/Build/portasm_JN516x.o
LOAD ../../ExtendedColorLight/Build/port_JN516x.o
LOAD C:\Users\nxf40467\AppData\Local\Temp\ccjQdhik.ltrans0.ltrans.o
LOAD C:\Users\nxf40467\AppData\Local\Temp\ccjQdhik.ltrans1.ltrans.o
LOAD C:\Users\nxf40467\AppData\Local\Temp\ccjQdhik.ltrans2.ltrans.o
LOAD C:\Users\nxf40467\AppData\Local\Temp\ccjQdhik.ltrans3.ltrans.o
LOAD C:\Users\nxf40467\AppData\Local\Temp\ccjQdhik.ltrans4.ltrans.o
LOAD C:\Users\nxf40467\AppData\Local\Temp\ccjQdhik.ltrans5.ltrans.o
LOAD C:\Users\nxf40467\AppData\Local\Temp\ccjQdhik.ltrans6.ltrans.o
LOAD C:\Users\nxf40467\AppData\Local\Temp\ccjQdhik.ltrans7.ltrans.o
LOAD C:\Users\nxf40467\AppData\Local\Temp\ccjQdhik.ltrans8.ltrans.o
LOAD C:\Users\nxf40467\AppData\Local\Temp\ccjQdhik.ltrans9.ltrans.o
LOAD C:\Users\nxf40467\AppData\Local\Temp\ccjQdhik.ltrans10.ltrans.o
LOAD C:\Users\nxf40467\AppData\Local\Temp\ccjQdhik.ltrans11.ltrans.o
LOAD C:\Users\nxf40467\AppData\Local\Temp\ccjQdhik.ltrans12.ltrans.o
LOAD C:\Users\nxf40467\AppData\Local\Temp\ccjQdhik.ltrans13.ltrans.o
LOAD C:\Users\nxf40467\AppData\Local\Temp\ccjQdhik.ltrans14.ltrans.o
LOAD C:\Users\nxf40467\AppData\Local\Temp\ccjQdhik.ltrans15.ltrans.o
LOAD C:\Users\nxf40467\AppData\Local\Temp\ccjQdhik.ltrans16.ltrans.o
LOAD C:\Users\nxf40467\AppData\Local\Temp\ccjQdhik.ltrans17.ltrans.o
LOAD C:\Users\nxf40467\AppData\Local\Temp\ccjQdhik.ltrans18.ltrans.o
LOAD C:\Users\nxf40467\AppData\Local\Temp\ccjQdhik.ltrans19.ltrans.o
LOAD C:\Users\nxf40467\AppData\Local\Temp\ccjQdhik.ltrans20.ltrans.o
LOAD C:\Users\nxf40467\AppData\Local\Temp\ccjQdhik.ltrans21.ltrans.o
LOAD C:\Users\nxf40467\AppData\Local\Temp\ccjQdhik.ltrans22.ltrans.o
LOAD C:\Users\nxf40467\AppData\Local\Temp\ccjQdhik.ltrans23.ltrans.o
LOAD C:\Users\nxf40467\AppData\Local\Temp\ccjQdhik.ltrans24.ltrans.o
LOAD C:\Users\nxf40467\AppData\Local\Temp\ccjQdhik.ltrans25.ltrans.o
LOAD C:\Users\nxf40467\AppData\Local\Temp\ccjQdhik.ltrans26.ltrans.o
LOAD C:\Users\nxf40467\AppData\Local\Temp\ccjQdhik.ltrans27.ltrans.o
LOAD C:\Users\nxf40467\AppData\Local\Temp\ccjQdhik.ltrans28.ltrans.o
LOAD C:\Users\nxf40467\AppData\Local\Temp\ccjQdhik.ltrans29.ltrans.o
LOAD C:\Users\nxf40467\AppData\Local\Temp\ccjQdhik.ltrans30.ltrans.o
LOAD C:\Users\nxf40467\AppData\Local\Temp\ccjQdhik.ltrans31.ltrans.o
LOAD c:/nxp/bstudio_nxp/sdk/tools/ba-elf-ba2-r36379/bin/../lib/gcc/ba-elf/4.7.4/../../../../ba-elf/lib/mcpu_jn51xx_sizeopt\libc.a
LOAD c:/nxp/bstudio_nxp/sdk/tools/ba-elf-ba2-r36379/bin/../lib/gcc/ba-elf/4.7.4/mcpu_jn51xx_sizeopt\libgcc.a
LOAD c:/nxp/bstudio_nxp/sdk/tools/ba-elf-ba2-r36379/bin/../lib/gcc/ba-elf/4.7.4/../../../../ba-elf/lib/mcpu_jn51xx_sizeopt\libc.a
LOAD ../../ExtendedColorLight/Build/app_main.o
LOAD ../../ExtendedColorLight/Build/pdum_gen.o
LOAD ../../ExtendedColorLight/Build/pdum_apdu.o
LOAD ../../ExtendedColorLight/Build/zps_gen.o
LOAD ../../ExtendedColorLight/Build/app_start_light.o
LOAD ../../ExtendedColorLight/Build/app_scenes.o
LOAD ../../ExtendedColorLight/Build/app_pdm_convert.o
LOAD ../../ExtendedColorLight/Build/app_zlo_light_node.o
LOAD ../../ExtendedColorLight/Build/app_zcl_light_task.o
LOAD ../../ExtendedColorLight/Build/app_manage_temperature.o
LOAD ../../ExtendedColorLight/Build/app_ota_client.o
LOAD ../../ExtendedColorLight/Build/app_light_interpolation.o
LOAD ../../ExtendedColorLight/Build/app_reporting.o
LOAD ../../ExtendedColorLight/Build/app_power_on_counter.o
LOAD ../../ExtendedColorLight/Build/app_green_power.o
LOAD ../../ExtendedColorLight/Build/App_ExtendedColorLight.o
LOAD ../../ExtendedColorLight/Build/DriverBulb_DR1175.o
LOAD ../../ExtendedColorLight/Build/DriverBulb_Shim.o
LOAD ../../ExtendedColorLight/Build/app_buttons.o
LOAD ../../ExtendedColorLight/Build/ZQueue.o
LOAD ../../ExtendedColorLight/Build/ZTimer.o
LOAD ../../ExtendedColorLight/Build/app_zps_link_keys.o
LOAD ../../ExtendedColorLight/Build/GreenPower.o
LOAD ../../ExtendedColorLight/Build/GreenPowerCommissioningNotification.o
LOAD ../../ExtendedColorLight/Build/GreenPowerCommon.o
LOAD ../../ExtendedColorLight/Build/GreenPowerCustomCommandHandler.o
LOAD ../../ExtendedColorLight/Build/GreenPowerCustomCommandResponses.o
LOAD ../../ExtendedColorLight/Build/GreenPowerDataIndication.o
LOAD ../../ExtendedColorLight/Build/GreenPowerDirectCommandHandler.o
LOAD ../../ExtendedColorLight/Build/GreenPowerNotification.o
LOAD ../../ExtendedColorLight/Build/GreenPowerPairing.o
LOAD ../../ExtendedColorLight/Build/GreenPowerPairingConfiguration.o
LOAD ../../ExtendedColorLight/Build/GreenPowerPairingSearch.o
LOAD ../../ExtendedColorLight/Build/GreenPowerProxyCommissioningMode.o
LOAD ../../ExtendedColorLight/Build/GreenPowerProxyGPDHandler.o
LOAD ../../ExtendedColorLight/Build/GreenPowerProxyTableRequest.o
LOAD ../../ExtendedColorLight/Build/GreenPowerProxyTableResponse.o
LOAD ../../ExtendedColorLight/Build/GreenPowerResponse.o
LOAD ../../ExtendedColorLight/Build/GreenPowerScheduler.o
LOAD ../../ExtendedColorLight/Build/GreenPowerSinkTableRequest.o
LOAD ../../ExtendedColorLight/Build/GreenPowerSinkTableResponse.o
LOAD ../../ExtendedColorLight/Build/GreenPowerTranslationTableRequest.o
LOAD ../../ExtendedColorLight/Build/GreenPowerTranslationTableResponse.o
LOAD ../../ExtendedColorLight/Build/GreenPowerTranslationTableUpdate.o
LOAD ../../ExtendedColorLight/Build/gp.o
LOAD ../../ExtendedColorLight/Build/Alarms.o
LOAD ../../ExtendedColorLight/Build/AlarmsClientCommands.o
LOAD ../../ExtendedColorLight/Build/AlarmsCommandHandler.o
LOAD ../../ExtendedColorLight/Build/AlarmsServerCommands.o
LOAD ../../ExtendedColorLight/Build/AlarmsTableManager.o
LOAD ../../ExtendedColorLight/Build/AnalogInputBasic.o
LOAD ../../ExtendedColorLight/Build/AnalogOutputBasic.o
LOAD ../../ExtendedColorLight/Build/Basic.o
LOAD ../../ExtendedColorLight/Build/BasicClientCommands.o
LOAD ../../ExtendedColorLight/Build/BasicCommandHandler.o
LOAD ../../ExtendedColorLight/Build/BinaryInputBasic.o
LOAD ../../ExtendedColorLight/Build/BinaryOutputBasic.o
LOAD ../../ExtendedColorLight/Build/DeviceTemperatureConfiguration.o
LOAD ../../ExtendedColorLight/Build/Diagnostics.o
LOAD ../../ExtendedColorLight/Build/Groups.o
LOAD ../../ExtendedColorLight/Build/GroupsClientCommands.o
LOAD ../../ExtendedColorLight/Build/GroupsCommandHandler.o
LOAD ../../ExtendedColorLight/Build/GroupsServerCommands.o
LOAD ../../ExtendedColorLight/Build/GroupsTableManager.o
LOAD ../../ExtendedColorLight/Build/Identify.o
LOAD ../../ExtendedColorLight/Build/IdentifyClientCommands.o
LOAD ../../ExtendedColorLight/Build/IdentifyCommandHandler.o
LOAD ../../ExtendedColorLight/Build/IdentifyServerCommands.o
LOAD ../../ExtendedColorLight/Build/LevelControl.o
LOAD ../../ExtendedColorLight/Build/LevelControlClientCommands.o
LOAD ../../ExtendedColorLight/Build/LevelControlCommandHandler.o
LOAD ../../ExtendedColorLight/Build/MultistateInputBasic.o
LOAD ../../ExtendedColorLight/Build/MultistateOutputBasic.o
LOAD ../../ExtendedColorLight/Build/OOSC.o
LOAD ../../ExtendedColorLight/Build/OnOff.o
LOAD ../../ExtendedColorLight/Build/OnOffCommandHandler.o
LOAD ../../ExtendedColorLight/Build/OnOffCommands.o
LOAD ../../ExtendedColorLight/Build/PollControl.o
LOAD ../../ExtendedColorLight/Build/PollControlClientCommands.o
LOAD ../../ExtendedColorLight/Build/PollControlCommandHandler.o
LOAD ../../ExtendedColorLight/Build/PollControlServerCommands.o
LOAD ../../ExtendedColorLight/Build/PowerConfiguration.o
LOAD ../../ExtendedColorLight/Build/PowerProfile.o
LOAD ../../ExtendedColorLight/Build/PowerProfileClientCommands.o
LOAD ../../ExtendedColorLight/Build/PowerProfileCommandHandler.o
LOAD ../../ExtendedColorLight/Build/PowerProfileServerCommands.o
LOAD ../../ExtendedColorLight/Build/Scenes.o
LOAD ../../ExtendedColorLight/Build/ScenesClientCommands.o
LOAD ../../ExtendedColorLight/Build/ScenesClusterManagement.o
LOAD ../../ExtendedColorLight/Build/ScenesCommandHandler.o
LOAD ../../ExtendedColorLight/Build/ScenesServerCommands.o
LOAD ../../ExtendedColorLight/Build/ScenesTableManager.o
LOAD ../../ExtendedColorLight/Build/TC.o
LOAD ../../ExtendedColorLight/Build/Time.o
LOAD ../../ExtendedColorLight/Build/base_device.o
LOAD ../../ExtendedColorLight/Build/mains_power_outlet.o
LOAD ../../ExtendedColorLight/Build/on_off_output.o
LOAD ../../ExtendedColorLight/Build/plug_control.o
LOAD ../../ExtendedColorLight/Build/remote_control.o
LOAD ../../ExtendedColorLight/Build/simple_sensor.o
LOAD ../../ExtendedColorLight/Build/BallastConfiguration.o
LOAD ../../ExtendedColorLight/Build/ColourControl.o
LOAD ../../ExtendedColorLight/Build/ColourControlClientCommands.o
LOAD ../../ExtendedColorLight/Build/ColourControlCommandHandler.o
LOAD ../../ExtendedColorLight/Build/ColourControlConversions.o
LOAD ../../ExtendedColorLight/Build/colour_controller.o
LOAD ../../ExtendedColorLight/Build/colour_dimmable_light.o
LOAD ../../ExtendedColorLight/Build/colour_dimmer_switch.o
LOAD ../../ExtendedColorLight/Build/colour_scene_controller.o
LOAD ../../ExtendedColorLight/Build/colour_temperature_light.o
LOAD ../../ExtendedColorLight/Build/commission_endpoint.o
LOAD ../../ExtendedColorLight/Build/control_bridge.o
LOAD ../../ExtendedColorLight/Build/dimmable_ballast.o
LOAD ../../ExtendedColorLight/Build/dimmable_light.o
LOAD ../../ExtendedColorLight/Build/dimmable_plug.o
LOAD ../../ExtendedColorLight/Build/dimmer_switch.o
LOAD ../../ExtendedColorLight/Build/extended_colour_light.o
LOAD ../../ExtendedColorLight/Build/light_level_sensor.o
LOAD ../../ExtendedColorLight/Build/light_sensor.o
LOAD ../../ExtendedColorLight/Build/non_colour_controller.o
LOAD ../../ExtendedColorLight/Build/non_colour_scene_controller.o
LOAD ../../ExtendedColorLight/Build/occupancy_sensor.o
LOAD ../../ExtendedColorLight/Build/on_off_ballast.o
LOAD ../../ExtendedColorLight/Build/on_off_light.o
LOAD ../../ExtendedColorLight/Build/on_off_light_switch.o
LOAD ../../ExtendedColorLight/Build/on_off_plug.o
LOAD ../../ExtendedColorLight/Build/on_off_sensor.o
LOAD ../../ExtendedColorLight/Build/OTA.o
LOAD ../../ExtendedColorLight/Build/OTA_ClientUpgradeManager.o
LOAD ../../ExtendedColorLight/Build/OTA_CustomCommandHandler.o
LOAD ../../ExtendedColorLight/Build/OTA_CustomReceiveCommands.o
LOAD ../../ExtendedColorLight/Build/OTA_ServerUpgradeManager.o
LOAD ../../ExtendedColorLight/Build/OTA_client.o
LOAD ../../ExtendedColorLight/Build/OTA_common.o
LOAD ../../ExtendedColorLight/Build/OTA_server.o
LOAD ../../ExtendedColorLight/Build/Commissioning.o
LOAD ../../ExtendedColorLight/Build/CommissioningClientCommands.o
LOAD ../../ExtendedColorLight/Build/CommissioningCmdHandler.o
LOAD ../../ExtendedColorLight/Build/CommissioningServerCommands.o
LOAD ../../ExtendedColorLight/Build/zll_CommissionCmdHandler.o
LOAD ../../ExtendedColorLight/Build/zll_UtilityCmdHandler.o
LOAD ../../ExtendedColorLight/Build/zll_commission.o
LOAD ../../ExtendedColorLight/Build/zll_utility.o
LOAD ../../ExtendedColorLight/Build/dlist.o
LOAD ../../ExtendedColorLight/Build/zcl.o
LOAD ../../ExtendedColorLight/Build/zcl_CustomCommandReceive.o
LOAD ../../ExtendedColorLight/Build/zcl_CustomCommandSend.o
LOAD ../../ExtendedColorLight/Build/zcl_PDUbufferReadWrite.o
LOAD ../../ExtendedColorLight/Build/zcl_PDUbufferReadWriteString.o
LOAD ../../ExtendedColorLight/Build/zcl_WriteAttributesRequestHandle.o
LOAD ../../ExtendedColorLight/Build/zcl_WriteAttributesRequestSend.o
LOAD ../../ExtendedColorLight/Build/zcl_WriteAttributesResponseHandle.o
LOAD ../../ExtendedColorLight/Build/zcl_attribute.o
LOAD ../../ExtendedColorLight/Build/zcl_buffer.o
LOAD ../../ExtendedColorLight/Build/zcl_clusterCommand.o
LOAD ../../ExtendedColorLight/Build/zcl_command.o
LOAD ../../ExtendedColorLight/Build/zcl_common.o
LOAD ../../ExtendedColorLight/Build/zcl_configureReportingCommandHandle.o
LOAD ../../ExtendedColorLight/Build/zcl_configureReportingCommandSend.o
LOAD ../../ExtendedColorLight/Build/zcl_configureReportingResponseHandle.o
LOAD ../../ExtendedColorLight/Build/zcl_defaultResponse.o
LOAD ../../ExtendedColorLight/Build/zcl_discoverAttributesExtendedRequestHandle.o
LOAD ../../ExtendedColorLight/Build/zcl_discoverAttributesExtendedRequestSend.o
LOAD ../../ExtendedColorLight/Build/zcl_discoverAttributesExtendedResponseHandle.o
LOAD ../../ExtendedColorLight/Build/zcl_discoverAttributesRequestHandle.o
LOAD ../../ExtendedColorLight/Build/zcl_discoverAttributesRequestSend.o
LOAD ../../ExtendedColorLight/Build/zcl_discoverAttributesResponseHandle.o
LOAD ../../ExtendedColorLight/Build/zcl_discoverCommandsRequestHandle.o
LOAD ../../ExtendedColorLight/Build/zcl_discoverCommandsRequestSend.o
LOAD ../../ExtendedColorLight/Build/zcl_discoverCommandsResponseHandle.o
LOAD ../../ExtendedColorLight/Build/zcl_event.o
LOAD ../../ExtendedColorLight/Build/zcl_heap.o
LOAD ../../ExtendedColorLight/Build/zcl_library_options.o
LOAD ../../ExtendedColorLight/Build/zcl_readAttributesRequestHandle.o
LOAD ../../ExtendedColorLight/Build/zcl_readAttributesRequestSend.o
LOAD ../../ExtendedColorLight/Build/zcl_readAttributesResponseHandle.o
LOAD ../../ExtendedColorLight/Build/zcl_readReportingConfigurationCommandHandle.o
LOAD ../../ExtendedColorLight/Build/zcl_readReportingConfigurationCommandSend.o
LOAD ../../ExtendedColorLight/Build/zcl_readReportingConfigurationResponseHandle.o
LOAD ../../ExtendedColorLight/Build/zcl_reportManager.o
LOAD ../../ExtendedColorLight/Build/zcl_reportMaths.o
LOAD ../../ExtendedColorLight/Build/zcl_reportScheduler.o
LOAD ../../ExtendedColorLight/Build/zcl_reportStringHandling.o
LOAD ../../ExtendedColorLight/Build/zcl_reportStructure.o
LOAD ../../ExtendedColorLight/Build/zcl_search.o
LOAD ../../ExtendedColorLight/Build/zcl_timer.o
LOAD ../../ExtendedColorLight/Build/zcl_transmit.o
LOAD ../../ExtendedColorLight/Build/bdb_fr.o
LOAD ../../ExtendedColorLight/Build/bdb_start.o
LOAD ../../ExtendedColorLight/Build/bdb_state_machine.o
LOAD ../../ExtendedColorLight/Build/appZpsBeaconHandler.o
LOAD ../../ExtendedColorLight/Build/appZdpExtraction.o
LOAD ../../ExtendedColorLight/Build/bdb_ns.o
LOAD ../../ExtendedColorLight/Build/bdb_tl_router_target.o
LOAD ../../ExtendedColorLight/Build/bdb_tl_common.o
LOAD ../../ExtendedColorLight/Build/ecb_decrypt.o
LOAD ../../ExtendedColorLight/Build/bdb_fb_common.o
LOAD ../../ExtendedColorLight/Build/bdb_fb_target.o
LOAD ../../../../sdk/JN-SW-4170/Components/Library\libJPT_JN5169.a
LOAD ../../../../sdk/JN-SW-4170/Components/Library\libZPSMAC_Mini_SOC_JN516x.a
LOAD ../../../../sdk/JN-SW-4170/Components/Library\libPWRM_JN516x.a
LOAD ../../../../sdk/JN-SW-4170/Components/Library\libZPSTSV_JN516x.a
LOAD ../../../../sdk/JN-SW-4170/Components/Library\libAES_SW_JN516x.a
LOAD ../../../../sdk/JN-SW-4170/Components/Library\libPDUM_JN516x.a
LOAD ../../../../sdk/JN-SW-4170/Components/Library\libZPSAPL_JN516x.a
LOAD ../../../../sdk/JN-SW-4170/Components/Library\libRandom_JN516x.a
LOAD ../../../../sdk/JN-SW-4170/Components/Library\libPDM_EEPROM_NO_RTOS_JN516x.a
LOAD ../../../../sdk/JN-SW-4170/Components/Library\libZPSGP_JN516x.a
LOAD ../../../../sdk/JN-SW-4170/Components/Library\libZPSIPAN_JN516x.a
LOAD ../../../../sdk/JN-SW-4170/Components/Library\libZPSNWK_JN516x.a
LOAD ../../../../sdk/JN-SW-4170/Components/Library\libRecal_JN516x.a
LOAD ../../../../sdk/JN-SW-4170/Components/Library\libMiniMac_JN5169.a
LOAD ../../../../sdk/JN-SW-4170/Components/Library\libMiniMacShim_JN516x.a
LOAD ../../../../sdk/JN-SW-4170/Components/Library\libMMAC_JN5169.a
LOAD ../../../../sdk/JN-SW-4170/Components/Library\libJPT_JN5169.a
LOAD ../../../../sdk/JN-SW-4170/Components/Library\libAes_JN516x.a
LOAD ../../../../sdk/JN-SW-4170/Components/Library\libHardwareApi_JN5169.a
LOAD ../../../../sdk/JN-SW-4170/Components/Library\libMicroSpecific_JN516x.a
LOAD ../../../../sdk/JN-SW-4170/Components/Library\libBoot_JN516x.a
LOAD ../../../../sdk/JN-SW-4170/Platform/DK4/Library\libBoardLib_JN516x.a
LOAD ../../../../sdk/JN-SW-4170/Components/Library\libJPT_JN5169.a
LOAD c:/nxp/bstudio_nxp/sdk/tools/ba-elf-ba2-r36379/bin/../lib/gcc/ba-elf/4.7.4/../../../../ba-elf/lib/mcpu_jn51xx_sizeopt\libm.a
END GROUP
LOAD c:/nxp/bstudio_nxp/sdk/tools/ba-elf-ba2-r36379/bin/../lib/gcc/ba-elf/4.7.4/../../../../ba-elf/lib/mcpu_jn51xx_sizeopt\libc.a
LOAD c:/nxp/bstudio_nxp/sdk/tools/ba-elf-ba2-r36379/bin/../lib/gcc/ba-elf/4.7.4/mcpu_jn51xx_sizeopt\libgcc.a
LOAD c:/nxp/bstudio_nxp/sdk/tools/ba-elf-ba2-r36379/bin/../lib/gcc/ba-elf/4.7.4/../../../../ba-elf/lib/mcpu_jn51xx_sizeopt\libc.a
                0x0000000000080038                exception_vsr_table = 0x80038
                0x0000000004000000                pSPIflashFncTable = 0x4000000
                0x0000000000000044                restore_state = 0x44
                0x000000000000004a                bZSPIWaitWIPClear = 0x4a
                0x0000000000000050                u16ZSPIflashRDID = 0x50
                0x0000000000000056                u8SelectFlashChipType = 0x56
                0x000000000000005c                memcpy = 0x5c
                0x0000000000000066                vBootFlashProg = 0x66
                [0x00000000000007d0]                __minimum_heap_size = DEFINED (__minimum_heap_size)?__minimum_heap_size:0xd16
                [0x0000000000001964]                __stack_size = DEFINED (__stack_size)?__stack_size:0x800
                0x0000000000000000                _SwConfig = (DEFINED (g_bSWConf_Debug) | (DEFINED (g_bSWConf_AltDebugPort) << 0x1))

.version        0x000000000007fffc        0x4
                0x000000000007fffc        0x4 LONG 0xf03000b

.bir            0x0000000000080000       0x10
                0x0000000000080000                _flash_start = ABSOLUTE (.)
                0x0000000000080000                _flash_beg = ABSOLUTE (.)
                0x0000000000080000        0x4 LONG 0x12345678
                0x0000000000080004        0x4 LONG 0x11223344
                0x0000000000080008        0x4 LONG 0x55667788
                0x000000000008000c        0x1 BYTE 0x8
                0x000000000008000d        0x1 BYTE 0x1
                0x000000000008000e        0x2 SHORT 0x0

.flashheader    0x0000000000080010       0x28
                0x0000000000080010        0x4 LONG 0x0
                0x0000000000080014        0x4 LONG 0x0
                0x0000000000080018        0x4 LONG 0x0
                0x000000000008001c        0x2 SHORT 0x0
                0x000000000008001e        0x2 SHORT 0x0 ABSOLUTE (_SwConfig)
                0x0000000000080020                _enc_start = ABSOLUTE (.)
                0x0000000000080020        0x4 LONG 0x3bf98 ABSOLUTE (_image_len)
                0x0000000000080024        0x4 LONG 0xbb6c0 ABSOLUTE (_flash_data_start)
                0x0000000000080028        0x2 SHORT 0x13 ((ABSOLUTE (_ram_data_start) / 0x4) & 0xffff)
                0x000000000008002a        0x2 SHORT 0x236 ((ABSOLUTE (_ram_data_len) / 0x4) & 0xffff)
                0x000000000008002c        0x2 SHORT 0x249 ((ABSOLUTE (_bss_start) / 0x4) & 0xffff)
                0x000000000008002e        0x2 SHORT 0x14be ((ABSOLUTE (_bss_len) / 0x4) & 0xffff)
                0x0000000000080030        0x4 LONG 0xb801c ABSOLUTE (AppWarmStart)
                0x0000000000080034        0x4 LONG 0x9b130 ABSOLUTE (AppColdStart)
                0x0000000000000000                _enc_offset = (_enc_start & 0xf)

.ro_mac_address
                0x0000000000080040       0x10
                0x0000000000080040                _FlsMACAddress = ABSOLUTE (.)
 *(.ro_mac_address)
 .ro_mac_address
                0x0000000000080040        0x8 C:\Users\nxf40467\AppData\Local\Temp\ccjQdhik.ltrans3.ltrans.o
                0x0000000000080050                . = ALIGN (0x10)
 *fill*         0x0000000000080048        0x8 00

.ro_ota_header  0x0000000000080050       0x50
                0x0000000000080050                _FlsOtaHeader = ABSOLUTE (.)
 *(.ro_ota_header)
 .ro_ota_header
                0x0000000000080050       0x45 C:\Users\nxf40467\AppData\Local\Temp\ccjQdhik.ltrans21.ltrans.o
                0x0000000000080050                au8OtaHeader
                0x00000000000800a0                . = ALIGN (0x10)
 *fill*         0x0000000000080095        0xb 00

.ro_se_lnkKey   0x00000000000800a0       0x10
                0x00000000000800a0                _FlsLinkKey = ABSOLUTE (.)
 *(.ro_se_lnkKey)
 .ro_se_lnkKey  0x00000000000800a0       0x10 C:\Users\nxf40467\AppData\Local\Temp\ccjQdhik.ltrans21.ltrans.o
                0x00000000000800b0                . = ALIGN (0x10)

.rodata         0x00000000000800b0     0x10e0
 *(.rodata*)
 .rodata.str1.1
                0x0000000000000000        0x0 C:\Users\nxf40467\AppData\Local\Temp\ccjQdhik.ltrans0.ltrans.o
                                          0x3 (size before relaxing)
 .rodata        0x00000000000800b0       0x13 C:\Users\nxf40467\AppData\Local\Temp\ccjQdhik.ltrans0.ltrans.o
                0x00000000000800b3                au8FlashWaitStatesHSRCO.269016
                0x00000000000800bb                au8FlashWaitStates32MXO.269015
 *fill*         0x00000000000800c3        0x1 00
 .rodata        0x00000000000800c4       0x30 C:\Users\nxf40467\AppData\Local\Temp\ccjQdhik.ltrans1.ltrans.o
 .rodata.str1.1
                0x0000000000000000        0x0 C:\Users\nxf40467\AppData\Local\Temp\ccjQdhik.ltrans1.ltrans.o
                                          0x8 (size before relaxing)
 .rodata.str1.1
                0x00000000000800f4        0x5 C:\Users\nxf40467\AppData\Local\Temp\ccjQdhik.ltrans2.ltrans.o
                                         0x13 (size before relaxing)
 *fill*         0x00000000000800f9        0x3 00
 .rodata        0x00000000000800fc       0x7c C:\Users\nxf40467\AppData\Local\Temp\ccjQdhik.ltrans2.ltrans.o
 .rodata        0x0000000000080178        0x8 C:\Users\nxf40467\AppData\Local\Temp\ccjQdhik.ltrans3.ltrans.o
 .rodata.str1.1
                0x0000000000080180       0x11 C:\Users\nxf40467\AppData\Local\Temp\ccjQdhik.ltrans3.ltrans.o
 .rodata.str1.1
                0x0000000000080191        0x3 C:\Users\nxf40467\AppData\Local\Temp\ccjQdhik.ltrans4.ltrans.o
                                          0x7 (size before relaxing)
 .rodata        0x0000000000080194        0xc C:\Users\nxf40467\AppData\Local\Temp\ccjQdhik.ltrans4.ltrans.o
 .rodata.str1.1
                0x0000000000000000        0x3 C:\Users\nxf40467\AppData\Local\Temp\ccjQdhik.ltrans5.ltrans.o
                                          0x4 (size before relaxing)
 .rodata        0x00000000000801a0       0xb0 C:\Users\nxf40467\AppData\Local\Temp\ccjQdhik.ltrans5.ltrans.o
 .rodata.str1.1
                0x0000000000080250        0x6 C:\Users\nxf40467\AppData\Local\Temp\ccjQdhik.ltrans6.ltrans.o
                                          0xc (size before relaxing)
 *fill*         0x0000000000080256        0x2 00
 .rodata        0x0000000000080258       0x18 C:\Users\nxf40467\AppData\Local\Temp\ccjQdhik.ltrans6.ltrans.o
                0x0000000000080258                au32NwkPdmRecordOffsets
 .rodata        0x0000000000080270      0x220 C:\Users\nxf40467\AppData\Local\Temp\ccjQdhik.ltrans7.ltrans.o
                0x0000000000080270                pLocalTclkStruct
                0x0000000000080274                pfnCallbackMcps
 .rodata.str1.1
                0x0000000000000000        0x6 C:\Users\nxf40467\AppData\Local\Temp\ccjQdhik.ltrans8.ltrans.o
                                          0x3 (size before relaxing)
 .rodata        0x0000000000080490      0x280 C:\Users\nxf40467\AppData\Local\Temp\ccjQdhik.ltrans8.ltrans.o
 .rodata        0x0000000000080710        0x8 C:\Users\nxf40467\AppData\Local\Temp\ccjQdhik.ltrans9.ltrans.o
 .rodata.str1.1
                0x0000000000080718       0x11 C:\Users\nxf40467\AppData\Local\Temp\ccjQdhik.ltrans10.ltrans.o
                                         0x2b (size before relaxing)
 .rodata.str1.1
                0x0000000000000000        0x7 C:\Users\nxf40467\AppData\Local\Temp\ccjQdhik.ltrans11.ltrans.o
 *fill*         0x0000000000080729        0x3 00
 .rodata        0x000000000008072c       0x60 C:\Users\nxf40467\AppData\Local\Temp\ccjQdhik.ltrans11.ltrans.o
                0x000000000008072c                u32ScanAttemptDelayTime
                0x0000000000080730                g_u32NwkFcSaveCountBitShift
 .rodata.str1.1
                0x000000000008078c        0x5 C:\Users\nxf40467\AppData\Local\Temp\ccjQdhik.ltrans12.ltrans.o
                                         0x20 (size before relaxing)
 *fill*         0x0000000000080791        0x3 00
 .rodata        0x0000000000080794       0x24 C:\Users\nxf40467\AppData\Local\Temp\ccjQdhik.ltrans12.ltrans.o
                0x0000000000080794                s_aprIdleStHandleCme.259754
                0x00000000000807a8                bDisableSourceRouting
                0x00000000000807ac                zps_pacNwkFrmStdByteFmt
                0x00000000000807b0                zps_pacNwkFrmStdLongFmt
                0x00000000000807b4                zps_pacNwkFrmStdHalfFmt
 .rodata        0x00000000000807b8      0x550 C:\Users\nxf40467\AppData\Local\Temp\ccjQdhik.ltrans13.ltrans.o
                0x00000000000807b8                psAplDefaultDistributedAPSLinkKey
                0x00000000000807bc                au32TimerBaseAddress
                0x00000000000807d0                zps_g_pvApl
                0x00000000000807d4                pwrm_psWakeupCallbacks
 .rodata.str1.1
                0x0000000000080d08       0x2e C:\Users\nxf40467\AppData\Local\Temp\ccjQdhik.ltrans14.ltrans.o
                                         0x3e (size before relaxing)
 .rodata        0x0000000000080d36      0x100 C:\Users\nxf40467\AppData\Local\Temp\ccjQdhik.ltrans14.ltrans.o
                0x0000000000080d36                g_bStopZdpAcks
 .rodata.str1.1
                0x0000000000000000       0x2e C:\Users\nxf40467\AppData\Local\Temp\ccjQdhik.ltrans15.ltrans.o
                                          0x4 (size before relaxing)
 *fill*         0x0000000000080e36        0x2 00
 .rodata        0x0000000000080e38        0xc C:\Users\nxf40467\AppData\Local\Temp\ccjQdhik.ltrans15.ltrans.o
                0x0000000000080e38                u8MaxZpsConfigEp
                0x0000000000080e39                au8EpMapPresent
                0x0000000000080e3c                s_groupPdmTable
 .rodata        0x0000000000080e44        0x8 C:\Users\nxf40467\AppData\Local\Temp\ccjQdhik.ltrans16.ltrans.o
                0x0000000000080e44                pfOverrideProfile
 .rodata.str1.1
                0x0000000000080e4c       0x12 C:\Users\nxf40467\AppData\Local\Temp\ccjQdhik.ltrans17.ltrans.o
                                         0x15 (size before relaxing)
 *fill*         0x0000000000080e5e        0x2 00
 .rodata        0x0000000000080e60       0xe8 C:\Users\nxf40467\AppData\Local\Temp\ccjQdhik.ltrans17.ltrans.o
                0x0000000000080e60                s_apsStSceTbl.248117
                0x0000000000080e74                au32EndDeviceTimeoutConstants
                0x0000000000080eb0                g_psGreenPowerContext
                0x0000000000080eb4                g_u32ApsFcSaveCountBitShift
                0x0000000000080eb8                g_bReverToOldParent
                0x0000000000080ebc                zps_sJoinSceTbl
                0x0000000000080ec8                zps_sActvSceTbl
 .rodata.str1.1
                0x0000000000080f48       0x35 C:\Users\nxf40467\AppData\Local\Temp\ccjQdhik.ltrans20.ltrans.o
                                         0x73 (size before relaxing)
 .rodata        0x0000000000080f7d       0x10 C:\Users\nxf40467\AppData\Local\Temp\ccjQdhik.ltrans21.ltrans.o
 .rodata.str1.1
                0x0000000000080f8d        0x8 C:\Users\nxf40467\AppData\Local\Temp\ccjQdhik.ltrans22.ltrans.o
                                         0x38 (size before relaxing)
 .rodata.str1.1
                0x0000000000080f95        0x5 C:\Users\nxf40467\AppData\Local\Temp\ccjQdhik.ltrans24.ltrans.o
                                          0xa (size before relaxing)
 .rodata.str1.1
                0x0000000000080f9a       0x28 C:\Users\nxf40467\AppData\Local\Temp\ccjQdhik.ltrans27.ltrans.o
 *fill*         0x0000000000080fc2        0x2 00
 .rodata        0x0000000000080fc4      0x118 C:\Users\nxf40467\AppData\Local\Temp\ccjQdhik.ltrans27.ltrans.o
                0x0000000000080fc8                gu32ZCLVersion
                0x0000000000080fcc                ZPS_g_u32MacVersion
                0x0000000000080fd0                PDUM_g_u32Version
                0x0000000000080fd4                ZPS_g_u32TsvVersion
 .rodata.str1.1
                0x0000000000000000        0x6 C:\Users\nxf40467\AppData\Local\Temp\ccjQdhik.ltrans28.ltrans.o
 .rodata        0x00000000000810dc       0x8c C:\Users\nxf40467\AppData\Local\Temp\ccjQdhik.ltrans29.ltrans.o
                0x00000000000810dc                s_aprActvStHandleCme.255656
                0x0000000000081108                CSWTCH.19.114354.114354
                0x0000000000081128                CSWTCH.22.114355.114355
                0x0000000000081148                CSWTCH.16.114353.114353
 .rodata.str1.1
                0x0000000000000000       0x28 C:\Users\nxf40467\AppData\Local\Temp\ccjQdhik.ltrans30.ltrans.o
                                          0x5 (size before relaxing)
 .rodata        0x0000000000081168       0x28 C:\Users\nxf40467\AppData\Local\Temp\ccjQdhik.ltrans30.ltrans.o
                0x0000000000081168                asZgpCommadClusterTable

.text           0x0000000000081190    0x3a530
 *(.text*)
 .text          0x0000000000081190       0x50 ../../ExtendedColorLight/Build/irq_JN516x.o
                0x0000000000081190                PIC_ChannelPriorities
                0x00000000000811a0                PIC_SwVectTable
 .text          0x00000000000811e0       0xd0 ../../ExtendedColorLight/Build/portasm_JN516x.o
                0x00000000000811e0                OSMIUM_HwVectTable
                0x000000000008121c                vExternalException
 .text          0x00000000000812b0     0x2310 C:\Users\nxf40467\AppData\Local\Temp\ccjQdhik.ltrans0.ltrans.o
                0x00000000000812c5                zps_bAplZdoSimpleDescServer
                0x0000000000081513                vZdoServersInit.2887
                0x0000000000081696                vPostMlmeDcfmInd.138350
                0x0000000000081747                ZPS_eTsvOpen
                0x0000000000081764                ZPS_u16NwkNibFindNwkAddr
                0x0000000000081805                zps_bZgpRemoveTxQueue
                0x0000000000081893                ZPS_psZgpFindGpstEntry
                0x00000000000818ea                zps_vSendJoinDcfm
                0x0000000000081931                vGiveUp.261083
                0x0000000000081969                ZPS_u8MacIFTGetChannelMaskCount
                0x00000000000819a9                ZPS_u8MacIFTGetIntfState
                0x00000000000819c7                zps_vNwkHandleCmeGetInterface
                0x0000000000081b15                u32GetScanChannels.isra.3.129285
                0x0000000000081b4a                ZPS_vMacIFTGetChannelMaskFromMacId
                0x0000000000081bce                ZPS_bIsMacAddressUsedInApsTable
                0x0000000000081c9f                bGP_CheckGroupTable
                0x0000000000081d00                eCLD_GroupsCheckGroupExists
                0x0000000000081d6d                iPDM_FilterDuplicateAppendedSegmentsOnList.237729
                0x0000000000081db4                eCLD_ScenesFindActiveScene
                0x0000000000081dd1                u8PDM_CalculateLargestDataRecordStored
                0x0000000000081e02                ZPS_vGetDeviceCurrentData.constprop.13
                0x0000000000081e81                zps_vNwkBttMgrInit
                0x0000000000081eaf                ZPS_vNwkNibClearTables
                0x0000000000081fda                ZPS_u8GrabMutexLock.constprop.276
                0x000000000008201d                ZPS_u8ReleaseMutexLock.constprop.275
                0x0000000000082048                bAHI_SetClockRate.part.0.268934.constprop.270
                0x00000000000820c3                vMicroIntEnableOnly.constprop.265
                0x00000000000820ef                TSV_eStart
                0x000000000008213f                vZGPParseMacMcpsData
                0x00000000000822eb                ZPS_eTsvStart
                0x0000000000082328                zps_sZgpAddTxQueue
                0x0000000000082448                zps_eNwkHandleSceNwkUpdate
                0x000000000008246c                vNwkMcpsSendTimedDfcm
                0x00000000000824b0                zps_eAplZdoBdrmRequestSend
                0x000000000008252b                vProcessTimedList.247853
                0x0000000000082572                zps_vNwkMcpsMgrPostTimed
                0x0000000000082585                zps_vAplAfPostTimerEvent
                0x0000000000082626                zps_vExpireOldRoutes
                0x00000000000826af                zps_eNwkBtrMatch
                0x00000000000827ac                PDM_vEnterCriticalSection
                0x00000000000827db                eZCL_WriteLocalAttributeValue.constprop.261
                0x000000000008280d                eFbStartFbTarget.111404
                0x000000000008284d                eZCL_ReadLocalAttributeValue.constprop.259
                0x0000000000082914                bGP_IsSinkTableEntryPresent
                0x00000000000829a2                u8GetGPDFKeyMAP
                0x00000000000829cd                bACI_ECBencodeStripe.constprop.255
                0x0000000000082a7c                AESSW_vMMOFinalUpdate
                0x0000000000082b3f                AESSW_vHMAC_MMO
                0x0000000000082bdd                ZPS_vZgpTransformKey
                0x0000000000082c60                bGP_GetSecurityDetails.part.9.15580
                0x0000000000082d5c                zps_pvAesGetKeyFromInstallCode
                0x0000000000082de3                zps_vAplSecSetInitialSecurityState.part.4.125408.constprop.230
                0x0000000000082eea                vOtaProcessInternalEncryption.76469
                0x0000000000083025                bGP_GetFreeProxySinkTableEntry.constprop.254
                0x000000000008307e                vACI_OptimisedCcmStar.constprop.252
                0x000000000008326a                bEncryptDecryptKey
                0x00000000000833b1                bGP_IsProxyTableEntryPresent.constprop.251
                0x0000000000083422                bGP_IsDuplicatePkt.constprop.250
                0x0000000000083572                iAHI_WriteDataIntoEEPROMsegment.constprop.245
 .text.unlikely
                0x00000000000835c0       0x43 C:\Users\nxf40467\AppData\Local\Temp\ccjQdhik.ltrans0.ltrans.o
                0x00000000000835c0                vAHI_MemoryHold.268942
 *fill*         0x0000000000083603        0x1 00
 .text          0x0000000000083604     0x2a2c C:\Users\nxf40467\AppData\Local\Temp\ccjQdhik.ltrans1.ltrans.o
                0x00000000000837cf                vMMAC_IntHandlerBbc
                0x00000000000837e9                eBasicTxCompleteHandler
                0x00000000000837ee                vTxRxTimeout.267145
                0x000000000008384b                eSmeUDNTScanDcfm.256992
                0x0000000000083867                vMacMlmeCallBackHandler.112385
                0x0000000000083b3e                APP_cbTimerRadioRecal
                0x0000000000083bca                zps_eNwkHandleSmePollDcfm
                0x0000000000083bf4                eSmeGenlScanDcfm.257555
                0x0000000000083c52                zps_eNwkHandleSmeDutyCycleInd
                0x0000000000083c7c                eRouteRequestDataDcfm.252611
                0x0000000000083cd0                eNldeDataDcfm.250329
                0x0000000000083d00                eSmeEdScScanDcfm.257551
                0x0000000000083d49                zps_eNwkRtDiscMatch.constprop.241
                0x0000000000083d9c                vAHI_SpiReadConfiguration.constprop.240
                0x0000000000083dcd                vConfigureSpi
                0x0000000000083e0d                vAHI_SpiRestoreConfiguration.constprop.237
                0x0000000000083e4e                bAHI_FullFlashRead
                0x0000000000083e91                vOtaFlashRead
                0x0000000000083e93                bAHI_FlashInit.constprop.236
                0x000000000008400c                vOtaFlashInitHw
                0x000000000008400e                pvZCL_HeapAlloc.part.0.95430.constprop.232
                0x0000000000084048                vMiniMac_MLME_SetReq_PanId
                0x0000000000084085                vMiniMac_MLME_SetReq_ShortAddr
                0x0000000000084093                ZPS_vMacPibSetBeaconPayload.constprop.206
                0x00000000000840c8                zps_vInitBeaconPayload
                0x0000000000084123                eCLD_ColourControl_GetRGB.constprop.200
                0x00000000000841fd                eOtaFindCluster.constprop.194
                0x0000000000084246                eOTA_SetServerAddress
                0x0000000000084285                eOTA_RestoreClientData
                0x000000000008431a                vOtaClientUpgMgrMapStates
                0x0000000000084397                eOtaClientReqSeqNoUpdate
                0x00000000000843b4                ZPS_u8MacPibGetBeaconPayload.constprop.189
                0x00000000000843d0                ZTIMER_eOpen.constprop.152
                0x0000000000084412                PDUM_vInit
                0x00000000000844bb                vCLD_ColourControl_xyY2CCT.constprop.107
                0x000000000008456c                eCLD_ColourControl_xyY2HSV.constprop.106
                0x0000000000084734                eCLD_ColourControl_HSV2xyY.constprop.105
                0x0000000000084a4e                eCLD_ColourControlHandleColourModeChange
                0x0000000000084b09                pvHeap_Alloc.constprop.82
                0x0000000000084b0e                zps_eSocMacSetTxBuffers.constprop.81
                0x0000000000084b47                eCLD_OnOffSetGlobalSceneControl.constprop.33
                0x0000000000084b6d                CS_bTransitionIsValid
                0x0000000000084d13                zps_bAplZdoServerHandleConfirmAcks.constprop.7
                0x0000000000084d5d                ZPS_eTsvStop
                0x0000000000084d9c                zps_vAplApsStopPollTimer.part.2.122001
                0x0000000000084e23                ZPS_vDefaultApsdeResources
                0x0000000000084e91                ZPS_vResetBoundServerContext
                0x0000000000084e94                eEdTimeoutRequestDataDcfm.246786
                0x0000000000084eb5                ZPS_u8GetChannelOffset
                0x0000000000084ee8                vMicroIntRestoreState
                0x0000000000084ef4                PDM_vExitCriticalSection
                0x0000000000084f17                bAHI_WriteEEPROMfixSegmentData
                0x0000000000084f75                bAHI_InitialiseEEPROM
                0x0000000000084fbd                vAHI_ReadDataFromEEPROMregister
                0x0000000000084fea                vAHI_WriteDataIntoEEPROMregister
                0x000000000008501a                iPDM_WriteSegmentHeaderDataIntoEEPROMsegment
                0x0000000000085049                u32RaiseDigitalVoltage
                0x0000000000085069                u8AHI_WakeTimerFiredStatus
                0x000000000008507d                vAHI_WakeTimerStop.part.3.269253
                0x000000000008509d                vAHI_ClockXtalPull
                0x00000000000850ba                vAHI_OptimiseWaitStates
                0x0000000000085106                bAHI_GetClkSource
                0x0000000000085113                vAHI_SwReset
                0x0000000000085144                vAHI_DioSetDirection
                0x0000000000085158                bIssueACIcommand
                0x00000000000851ee                bACI_WriteKey
                0x00000000000851fb                vACI_CmdWaitBusy
                0x0000000000085208                vEcbEncodeStripe.268631
                0x000000000008525f                i16JPT_ConvertEnergyTodBm
                0x0000000000085271                MAC_u64GetExtAddr
                0x000000000008528c                eAppApiDefPlmeGet.part.0.267408
                0x000000000008529b                psSearchForFrameToSend
                0x00000000000852f3                eMiniMac_FrameInProgress
                0x000000000008531e                vRemoveFromTxQueue
                0x000000000008535a                vAddToTxQueue
                0x0000000000085390                u8GetHeaderSize
                0x00000000000853b8                vMiniMac_PLME_SetReq_CcaMode
                0x00000000000853cc                vMiniMac_MLME_SetReq_MaxCsmaBackoffs
                0x00000000000853ec                vMiniMac_MLME_SetReq_MaxBe
                0x000000000008540f                vMiniMac_MLME_SetReq_MinBe
                0x0000000000085432                zps_vSendJoinInd
                0x00000000000854a2                zps_psFormatCmdFrameGeneral
                0x000000000008554e                zps_eNwkFormStInit
                0x000000000008557b                vSendDcfm.258295
                0x00000000000855a1                bCheckMatchingEntry.257744
                0x00000000000855c7                psAddToDiscNt.257540
                0x0000000000085763                eSmeUDNTBeaconInd.257547
                0x0000000000085788                zps_psNwkSlistRemoveFromHead
                0x000000000008579f                zps_psNwkSlistRemove
                0x00000000000857d7                zps_bNwkMcpsMgrRemoveDescrFromLists
                0x0000000000085815                zps_vNwkSlistAddToTail
                0x000000000008582f                zps_vNwkMcpsMgrFreeReqDescr
                0x0000000000085864                zps_vNwkRemoveConflictedBroadcast
                0x00000000000858b9                ZPS_pvNwkSecGetNetworkKey
                0x00000000000858ed                ZPS_vNwkSecResetDevice
                0x0000000000085935                ZPS_bNwkSecHaveNetworkKey
                0x0000000000085969                ZPS_bNwkSecFindMatSet
                0x00000000000859a5                zps_eNwkRtMatch
                0x0000000000085ab3                zps_eNwkRctMatchNwkAddr
                0x0000000000085b1d                ZPS_u8NwkCalcNldeReqOverhead
                0x0000000000085b58                zps_vRemoveNextHop
                0x0000000000085c0d                zps_vRemoveRoute
                0x0000000000085ca4                zps_psNwkRtMatchNwkAddr
                0x0000000000085d1a                ZPS_u8NwkNibNtDiscMatch
                0x0000000000085dfd                ZPS_bNwkNibNtActvMatch
                0x0000000000085eaf                ZPS_u64NwkNibFindExtAddr
                0x0000000000085f55                bCheckNwkAddr
                0x0000000000085f9e                zps_vNwkFreeMcpsHandle
                0x0000000000085fc8                zps_u8NwkAllocateMcpsHandle
                0x0000000000086019                zps_psNwkMcpsMgrFindPendingByNwkDstAddr
 .text          0x0000000000086030     0x2178 C:\Users\nxf40467\AppData\Local\Temp\ccjQdhik.ltrans2.ltrans.o
                0x0000000000086030                psDLISTremoveFromHead
                0x000000000008605b                iPDM_SearchForBufferIdInList
                0x0000000000086090                iPDM_ReadUserDataFromSegmentOnListWithId
                0x00000000000860ce                iPDM_SearchForBufferIdInFileSystem
                0x00000000000860e1                iPDM_ReadUserDataFromSegmentWithId
                0x0000000000086116                PDM_eReadDataFromRecord.part.0.235920
                0x000000000008619d                PDM_eReadDataFromRecord
                0x00000000000861bd                vLoadAplRecord.129269
                0x00000000000861eb                vLoadNwkRecord.248829
                0x0000000000086223                iPDM_SearchForSpecificSegmentInList
                0x0000000000086255                bPDM_FindLastMarkerSegment.236952
                0x00000000000862a2                vMiniMac_ReturnTxBufferCallback
                0x00000000000862ce                vMMAC_RadioToOffAndWait
                0x00000000000862eb                vStartReceive
                0x00000000000865ea                vMiniMac_NextTransaction
                0x0000000000086654                eTransmit
                0x0000000000086722                zps_vSocMacHandleMcpsVsReqRsp.constprop.248
                0x00000000000868b1                eZCL_TransmitInterPanRequest.constprop.183
                0x0000000000086aa2                eCLD_ZllCommissionCommandNetworkStartRspCommandSend.constprop.182
                0x0000000000086b01                eBuildAndSend.266798
                0x0000000000086b76                ZPS_vMacPibSetRxOnWhenIdle
                0x0000000000086bbc                vMiniMac_TxComplete
                0x0000000000086cad                vTimerFired
                0x0000000000086d82                vMiniMac_Init
                0x0000000000087146                vMiniMac_PLME_SetReq_Power
                0x000000000008715b                vMiniMac_PLME_SetReq_Channel
                0x0000000000087164                eCLD_ScenesSaveClusters.constprop.49
                0x00000000000873f9                vCLD_ScenesUpdateSceneValid
                0x0000000000087476                eCLD_OnOffSceneEventHandler.36631
                0x0000000000087511                eCLD_LevelControlUpdate
                0x000000000008784b                eCLD_LevelControlStopTransition
                0x000000000008787e                eCLD_LevelControlSetOnOffState
                0x00000000000879b2                eCLD_ColourControlUpdate
                0x0000000000087e8f                eCLD_ColourControlSceneEventHandler.49143
                0x0000000000087edb                eZCL_CustomCommandReceiveScenes.isra.0.part.1.41515.constprop.29
                0x0000000000087fcf                u16ZCL_APduInstanceReadStringNBO
                0x00000000000880a6                eZCL_GetAttributeTypeSizeFromBuffer
                0x000000000008811f                u16ZCL_GetTxPayloadSize
                0x0000000000088157                u8ZdoBindUnbindServerUnpackApdu
 .text          0x00000000000881a8     0x1bb2 C:\Users\nxf40467\AppData\Local\Temp\ccjQdhik.ltrans3.ltrans.o
                0x00000000000881d3                vPermitJoinHandleExpiry.251389
                0x00000000000881dc                zps_bAplZdoNodeDescServer
                0x000000000008834e                zps_bAplZdoPowerDescServer
                0x0000000000088472                zps_bAplZdoActiveEpServer
                0x000000000008855b                u16GP_APduInstanceReadWriteLongString
                0x00000000000887a3                vCLD_IdentifyTimerClickCallback.33331
                0x0000000000088818                zps_vNwkHandleCmePermitJoinReq
                0x0000000000088923                boIdValueSearchMatch.236663
                0x000000000008897d                vOtaTimerClickCallback
                0x00000000000889cf                vPostVsMcpsDcfmInd.138364
                0x0000000000088a5b                u16ZCL_APduInstanceWriteNBO
                0x0000000000088ab1                u16ZCL_WriteCommandHeader
                0x0000000000088b29                u16ZCL_APduInstanceReadNBO
                0x0000000000088b7b                u16ZCL_ReadCommandHeader.part.0.86965
                0x0000000000088bf2                u16ZCL_APduInstanceWriteStringNBO.part.0.83963
                0x0000000000088cd0                vEnableReceive.267147
                0x0000000000088d09                psGetTxFrameBuffer
                0x0000000000088d45                psGetAndBuildCoordRealignment
                0x0000000000088d9d                eCLD_ScenesUpdate
                0x000000000008905f                vGP_CallbackForPersistData
                0x00000000000890b3                bGP_GPDFValidityCheck
                0x00000000000892c3                vGP_RemoveGPDFromProxySinkTable
                0x000000000008934c                vGP_RemoveTemperorySinkTableEntries
                0x000000000008938f                vGP_RestorePersistedData
                0x0000000000089453                iPDM_ReadUserDataFromEEPROMsegment
                0x00000000000894cd                iPDM_ReCalculateWearCountAndChecksumAndWriteFileSystemHeader
                0x0000000000089517                vPDM_SetEEPROMandFileSystemValidState
                0x000000000008953e                iPDM_ReadUserDataFromFileSystemRecord
                0x000000000008955e                iPDM_CompareDataInFileRecords.236923
                0x000000000008959a                vPDM_WriteFileSystemRecordAndSegmentDataIntoEEPROMsegment
                0x00000000000895d5                iPDM_ReadSegmentHeaderDataFromEEPROMsegment
                0x000000000008962e                vAppInitOTA
                0x00000000000897d4                PWRM_vWakeInterruptCallback
                0x000000000008985b                zps_u8AplApsConstructAndPostLoopBackDataInd.122115
                0x0000000000089994                u8PostUnicastMsgToNHLE.122123
                0x00000000000899cd                zps_vNwkMcpsMgrInit
                0x0000000000089a6f                eCLD_ScenesSetLastConfiguredBy.isra.2.41531
                0x0000000000089aa6                bGP_GetGPDKey
                0x0000000000089b32                u8GP_SecurityProcessCallback
 .text          0x0000000000089d5a     0x1d85 C:\Users\nxf40467\AppData\Local\Temp\ccjQdhik.ltrans4.ltrans.o
                0x0000000000089d5a                eSmeAcScBeaconInd.257749
                0x0000000000089dfd                zps_bAplZdoNwkAddrServer
                0x000000000008a104                vOtaUpgManClientStateCountDown.76509
                0x000000000008a285                vOtaFlashWrite
                0x000000000008a288                vOtaFlashErase
                0x000000000008a2dd                vRetryCcaFailure
                0x000000000008a32a                PWRM_vManagePower
                0x000000000008a475                vMiniMac_McpsCallback
                0x000000000008a72b                eMcpsTxCompleteHandler.266113
                0x000000000008a759                psDLISTsearchFromHead
                0x000000000008a782                eCLD_ScenesAddScene
                0x000000000008a856                eCLD_ScenesFindScene
                0x000000000008a8a4                eCLD_ScenesStoreScene
                0x000000000008a95c                eCLD_ScenesRemoveAllScenes
                0x000000000008a9f5                vFreePendingReqDescr
                0x000000000008aa5f                vHandleRouteDiscoveryExpiry.252150
                0x000000000008aabd                bGP_GiveCommIndAndUpdateTable
                0x000000000008b1ef                bHasTimerFired.101583
                0x000000000008b25b                u16ZCL_WriteAttributeValueIntoBuffer
                0x000000000008b2e1                eHandleRemoveBroadcastEndpointsFromGroup.123655
                0x000000000008b33b                ZPS_bSecDecrypt
                0x000000000008b42c                zps_vNwkMcpsMgrTidyBtrReqDescr
                0x000000000008b470                vNwkBttTimerExpiry.255704
                0x000000000008b592                eZCL_SetReceiveEventAddressStructure
                0x000000000008b612                ZPS_bSecEncrypt
                0x000000000008b7c3                eZCLAddReport
                0x000000000008ba71                eZCL_CreateLocalReport.constprop.120
 .text          0x000000000008badf     0x1c63 C:\Users\nxf40467\AppData\Local\Temp\ccjQdhik.ltrans5.ltrans.o
                0x000000000008bb19                eSmeASFlBeaconInd.257563
                0x000000000008bb3b                APP_cbTimerButtonScan
                0x000000000008bf22                zps_bAplZdoMatchDescServer
                0x000000000008bf36                eBeaconReqSent.266792
                0x000000000008bf5d                eSmeAcScBeaconInd.257571
                0x000000000008c06d                vMiniMac_ReturnRxBufferCallback
                0x000000000008c099                eCLD_ScenesCountScenes
                0x000000000008c0b3                ZPS_vSetKeys
                0x000000000008c15d                vStartEffect
                0x000000000008c2b4                boPDM_IsBitmapSaturated.235605
                0x000000000008c2fd                APP_bButtonInitialise
                0x000000000008c343                ZPS_u8MacIFTAddUpdateChannelMask
                0x000000000008c3dd                ZPS_u16MacIFTGetIDByChannelMask
                0x000000000008c423                zps_eAplAibSetApsChannelMask
                0x000000000008c44e                zps_psAllocateAndFormatMacHdr
                0x000000000008c7b1                zps_psNwkInitCmdFrame
                0x000000000008c830                eSendLinkStatusDataDcfm.part.1.245528
                0x000000000008c957                bPCA9634_WriteRegister
                0x000000000008c9d5                bRGB_LED_SetLevel
                0x000000000008ca22                vLI_UpdateDriver
                0x000000000008ca68                vLI_Start.constprop.173
                0x000000000008cad0                bRGB_LED_On
                0x000000000008cae4                bRGB_LED_Off
                0x000000000008cb19                vRGBLight_SetLevels
                0x000000000008cb4b                APP_vHandleIdentify
                0x000000000008cbaf                vUpdateBulbFromZCL.7758
                0x000000000008cc25                BDB_eTlSendScanResponse.110010.constprop.171
                0x000000000008cdaf                zps_vDefaultNwkLayer
                0x000000000008cfe6                vDLISTaddToHead
                0x000000000008d00f                vDLISTaddToTail
                0x000000000008d032                psDLISTremove
                0x000000000008d081                eZCL_TimerRegister.part.1.103641.constprop.116
                0x000000000008d218                vApp_GP_RegisterDevice.constprop.112
                0x000000000008d3f0                eGp_BufferTransmissionPacket
                0x000000000008d559                bGP_AliasPresent
                0x000000000008d6a4                vBackUpTxQueueMsg
 .text.unlikely
                0x000000000008d742       0x31 C:\Users\nxf40467\AppData\Local\Temp\ccjQdhik.ltrans5.ltrans.o
                0x000000000008d742                eCLD_ZllCommissionCommandNetworkJoinRouterRspCommandSend.constprop.181
 .text          0x000000000008d773     0x1c9b C:\Users\nxf40467\AppData\Local\Temp\ccjQdhik.ltrans6.ltrans.o
                0x000000000008d773                vPDM_MoveAllDataFromListToList.constprop.264
                0x000000000008d7b0                vPDM_MoveAllDataWithBufferIdFromListToList
                0x000000000008d86e                vPDM_DeleteSegmentsWithIdFromFileSystem
                0x000000000008d88f                PDM_vDeleteDataRecord
                0x000000000008d8c6                vAPP_GP_ResetData
                0x000000000008d8fd                vPDM_MoveAllDataWithBufferIdAndStateFromListToList
                0x000000000008d982                iPDM_CreateCandidateBufferList
                0x000000000008da86                iPDM_ReconstructReplacedDataTable
                0x000000000008dc63                vPDM_MoveAllDataToDeAllocList.constprop.263
                0x000000000008dc8b                vPDM_DeleteAppendedSequence
                0x000000000008dd2d                iPDM_ReplaceChangedSegmentInSequence
                0x000000000008de2d                PDM_eSaveRecordData
                0x000000000008e1c9                zps_vAplSaveRecord
                0x000000000008e277                ZPS_vNwkSaveRecord
                0x000000000008e2a3                ZPS_vRemoveEntryFromAddressMap
                0x000000000008e2ec                ZPS_vNwkSaveAllRecords
                0x000000000008e316                ZPS_vNwkNibSetNwkAddr
                0x000000000008e33f                zps_eNwkHandleSceRejnResponse
                0x000000000008e39c                ZPS_vNwkNibSetExtPanId
                0x000000000008e3cd                ZPS_vNwkNibSetKeySeqNum
                0x000000000008e3e0                ZPS_vNwkNibSetDepth
                0x000000000008e416                ZPS_vNwkNibSetUpdateId
                0x000000000008e440                vSendNetworkUpdate.246648
                0x000000000008e575                ZPS_vNwkNibSetPanId
                0x000000000008e593                ZPS_vNwkNibSetCapabilityInfo
                0x000000000008e5c0                ZPS_vNwkNibSetChannel
                0x000000000008e5df                zps_u8NwkHandleRejoinReq
                0x000000000008e69f                zps_vProcessLocalAddrConflict
                0x000000000008e74a                vGP_SendResponseGPDF
                0x000000000008e817                ZPS_vNwkSaveNt
                0x000000000008e853                ZPS_vNwkPurgeMacAddressAndRelatedEntries.part.5.249442
                0x000000000008e964                ZPS_vNtSetUsedStatus
                0x000000000008ea32                zps_bAplZdoParentAnnceServer
                0x000000000008ebcc                zps_vBuildSortedActvNTList
                0x000000000008ec98                zps_eNwkHandleSceLeave
                0x000000000008ee34                zps_vNwkHandleCmeLeaveReq
                0x000000000008ef52                zps_vCleanUnAuthenHandleExpiry
                0x000000000008f07f                eUnsolicitedRejoinRspDataDcfm.246660
                0x000000000008f0aa                eRejoinRspDataDcfm.260253
                0x000000000008f156                vFinish.261541
                0x000000000008f1ac                zps_eNwkHandleSceNwkEdTimeoutReq
                0x000000000008f2a7                zps_eNwkHandleSmeCommStatusInd
                0x000000000008f361                ZPS_vNwkSaveSecMat
                0x000000000008f375                iPDM_VerifyDataSequenceWithBufferId
 *fill*         0x000000000008f40e        0x2 00
 .text          0x000000000008f410     0x21d8 C:\Users\nxf40467\AppData\Local\Temp\ccjQdhik.ltrans7.ltrans.o
                0x000000000008f410                vMiniMac_MlmeCallback
                0x000000000008f608                vSendMlmeCommStatusFromTxFrame
                0x000000000008f65e                zps_vSocMacHandleMlmeVsReqRsp.constprop.211
                0x000000000008fb93                zps_sNwkLibSubmitScan
                0x000000000008fbcc                zps_vNwkDiscUpdateNT
                0x000000000008fc70                eSmeEdScScanDcfm.258299
                0x000000000008fd20                zps_vNwkHandleCmeEdScanReq
                0x000000000009012e                vScanBeaconReceived
                0x000000000009016d                vRunningRxCallback
                0x000000000009046f                vPostDcfm.266809
                0x00000000000904d8                vScanNextChannel.266796
                0x000000000009068a                zps_bGetFlashCredential
                0x000000000009068f                zps_psFindKeyDescr
                0x00000000000907b0                vSaveScenesNVM
                0x0000000000090857                eZLO_RegisterExtendedColourLightEndPoint.constprop.92
                0x000000000009110c                eCLD_GroupsRemoveAllGroups
                0x00000000000911b7                APP_vRemoveAllGroupsAndScenes
                0x00000000000911c9                APP_vFactoryResetRecords
                0x000000000009148d                vR21_ConvertToR22_BindingTable.4806
 .text          0x00000000000915e8     0x240c C:\Users\nxf40467\AppData\Local\Temp\ccjQdhik.ltrans8.ltrans.o
                0x00000000000915e8                vNwkMcpsTimerCallback
                0x0000000000091602                zps_eSceGenlIllegal
                0x0000000000091609                zps_eSmeGenlIllegal
                0x0000000000091610                zps_bAplZdoBindRequestServer
                0x0000000000091748                vPostMcpsDcfmInd.138357
                0x000000000009174b                psGetVsMcpsBuf.138361
                0x0000000000091754                psGetMlmeBuf.138347
                0x000000000009175d                psGetMcpsBuf.138354
                0x0000000000091766                zps_vExpireRequestKeyReq.129208
                0x00000000000917a2                psGetNlmeBuf.119491
                0x00000000000917ab                psGetNldeBuf.119512
                0x00000000000917b4                psGetApsmeBuf.119498
                0x00000000000917ba                psGetApsdeBuf.119505
                0x00000000000918d3                APP_bMultimaskJoinCallBack
                0x00000000000918df                vMacMcpsCallBackHandler.112389
                0x00000000000918f0                vLoopbackTimerCallback
                0x0000000000091a80                APP_vGenCallback
                0x0000000000091a9f                ZPS_u64NwkNibGetMappedIeeeAddr
                0x0000000000091acf                bIsBindTableMatch.123692
                0x0000000000091b37                eRemoveEntryInBindingTable.123696
                0x0000000000091bbb                zps_eAplTrustCenterFindDevice
                0x0000000000091bff                ZPS_vSetExtendedStatus
                0x0000000000091c11                eAllocateNPDU.114648
                0x0000000000091c74                PDUM_eNPduClone
                0x0000000000091cc0                PDUM_hAPduAllocateAPduInstance
                0x0000000000091d1a                hZCL_AllocateAPduInstance
                0x0000000000091d57                zps_eAplZdoSendZdpResponse
                0x0000000000091da0                bSendResponse.156495
                0x0000000000091de3                zps_psApsApsAllocateDcfmRecord
                0x0000000000091e51                zps_u8CalcLinkCost
                0x0000000000091e8d                zps_u8NwkLibChannelLow
                0x0000000000091e9c                zps_u64NwkLibFromPayload
                0x0000000000091edb                zps_vNwkLibU64ToPayload
                0x0000000000091f08                zps_eNwkDcfmIndPost
                0x0000000000091f2a                zps_psNwkDcfmIndGetBuf
                0x0000000000091f4c                zps_vSendNwkStatusInd
                0x0000000000091f7c                eLeaveDataDcfmRemoteLeave.243837
                0x0000000000091fd7                psSLISTsearch
                0x0000000000092017                psSLISTremove
                0x0000000000092095                psSLISTgetNext
                0x00000000000920b9                iSLISTnumberOfNodes
                0x00000000000920d0                u8PDM_CalculateFileSystemCapacity
                0x00000000000920e5                u8PDM_ReadSequenceNumber
                0x0000000000092108                boSegmentNumberDeleteSearchMatch.237110
                0x0000000000092123                u8PDM_ReadSegmentDataSize
                0x0000000000092137                u32PDM_ReadFileSystemHeaderWearCount
                0x000000000009214d                boSearchForWearCountSubstitute.237430
                0x0000000000092173                boSearchForWearCountInsertPoint.236659
                0x0000000000092191                vPDM_WriteFileSystemHeaderWearCount
                0x00000000000921a3                vPDM_ReadBitmapHeader.235570
                0x00000000000921c2                RND_u32GetRand256
                0x00000000000921df                RND_u32GetRand
                0x0000000000092207                u16CalculateFailedTxCount
                0x0000000000092237                vZdoIeeeAddrServerSendExtendResponse.part.0.142448
                0x000000000009229b                vZdoNwkAddrServerSendExtendResponse.part.0.141182
                0x00000000000922ff                zps_bPerformLeaveActionDecider
                0x0000000000092304                vHandleUpdateDeviceIndication.129240
                0x000000000009232e                zps_vByteCopy.part.2.125380
                0x000000000009234a                ZPS_vRunningCRC32
                0x000000000009237a                zps_vAplApsInitDuplicateTable
                0x000000000009239d                eHandleRemoveNonBroadcastEndpointsFromGroup.123672
                0x0000000000092415                eHandleAddEntryToGroupTable.123659
                0x0000000000092471                zps_vAplApsInitFragTransmitPool
                0x0000000000092492                zps_vAplApsFillAndPostApsAck
                0x00000000000924fc                zps_u8AplApsFreeMsgHandle
                0x0000000000092566                zps_vAplApsInitSyncMsgPool
                0x000000000009259e                zps_vAplApsInitFragReceivePool
                0x00000000000925c1                vFillDataIndStruct.119169
                0x000000000009261f                vFillApduErrorEvent.119162
                0x0000000000092662                bCheckProfile.119157
                0x00000000000926a9                vWrite64Nbo
                0x00000000000926d6                vWrite32Nbo
                0x00000000000926ee                ZPS_bIsGroupPresent
                0x0000000000092726                PDUM_u16SizeNBO
                0x0000000000092784                PDUM_u16APduInstanceWriteStrNBO
                0x0000000000092903                PDUM_eNPduReadFooterNBO.part.5.114717
                0x0000000000092948                PDUM_u16APduInstanceReadNBO
                0x0000000000092993                PDUM_u16APduInstanceWriteNBO
                0x00000000000929fd                PDUM_thAPduInstanceGetApdu
                0x0000000000092a18                PDUM_eAPduFreeAPduInstance
                0x0000000000092a7e                zps_bAplZdoMgmtLqiServer
                0x0000000000092cb3                zps_bAplZdoMgmtRtgServer
                0x0000000000092df3                PDUM_eAPduInstanceSetPayloadSize
                0x0000000000092e1b                PDUM_eNPduWriteDataFromBuffer
                0x0000000000092e75                PDUM_eNPduWriteDataToBuffer
                0x0000000000092ed3                PDUM_eNPduWriteFromBuffer
                0x0000000000092efc                PDUM_eNPduDescend
                0x0000000000092f22                PDUM_eNPduAscend
                0x0000000000092f48                PDUM_eNPduClaimData
                0x0000000000092fb5                PDUM_eNPduAppendDataNBO
                0x0000000000093012                PDUM_eNPduClaimHeader
                0x0000000000093035                PDUM_eNPduReadHeaderNBO
                0x0000000000093088                PDUM_eNPduPrependHeaderNBO
                0x00000000000930e3                PDUM_eNPduFree
                0x0000000000093141                ZPS_vInterceptMcpsDataCallback
                0x00000000000931a3                PDUM_eNPduInitDescending
                0x00000000000931be                zps_vInitAPSMECmdHdr
                0x00000000000931f5                ZPS_u8MacGetChannelOffsetFromMask
                0x0000000000093204                ZPS_eMacValidateChannelMask
                0x0000000000093233                InvShiftRows
                0x00000000000932c6                InvSubBytes
                0x000000000009330c                AddRoundKey
                0x000000000009334d                getSBoxValue.110893
                0x000000000009336f                pvZCL_GetAttributePointer
                0x00000000000933e5                eZCL_StoreChangeAttributeValue
                0x0000000000093484                eZCL_SearchForAttributeEntry
                0x0000000000093529                eZCL_SetLocalAttributeValue
                0x00000000000935d7                vCLD_ScenesGenerateIndividualAttributeCallback
                0x0000000000093631                eZCL_SearchForClusterEntry
                0x00000000000936ab                eZCL_BuildTransmitAddressStructure
                0x0000000000093718                eZCL_FindCluster
                0x0000000000093769                eCLD_GroupsSetIdentifying
                0x000000000009378e                eCLD_LevelControlClusterIsPresent
                0x00000000000937a7                eCLD_OnOffGetState
                0x00000000000937d8                bCLD_ColourControlStopExecutionOfCommand.isra.0.49866
                0x0000000000093811                eGP_FindGpCluster
                0x0000000000093852                u16GP_GetStringSizeOfSinkTable
                0x000000000009390b                u16GP_GetStringSizeOfProxyTable
 .text          0x00000000000939f4     0x217a C:\Users\nxf40467\AppData\Local\Temp\ccjQdhik.ltrans9.ltrans.o
                0x0000000000093ace                vR21_ConvertToR22_NT.4811
                0x0000000000093b86                vR21_ConvertToR22_Aib.4848
                0x0000000000093beb                vR21_ConvertToR22_Nib.4892
                0x0000000000093c79                vSaveZCLRecord.7751
                0x0000000000093d87                vResetZCLRecords
                0x0000000000093da7                vRestetOTADiscovery.9263
                0x0000000000093dd3                vLoadDefaultConfigForReportable
                0x0000000000093e1b                vRestoreDefaultRecord
                0x0000000000093e88                vManagePowerOnCountInit
                0x0000000000093ed1                APP_cbTimerPowerCount
                0x0000000000093f4a                zps_eAplZdoGroupEndpointRemove
                0x0000000000093fdb                vGP_RemoveGPEPFromGroup
                0x0000000000094076                zps_eAplAibSetApsUseExtendedPanId
                0x000000000009408c                zps_bNwkFindAddIeeeAddr
                0x0000000000094214                vInitUnknownNeighbor.247860.constprop.161
                0x000000000009426d                eMakeEntryInBindingTable.isra.2.123706
                0x0000000000094308                zps_eAplZdoAddReplaceLinkKey_W
                0x00000000000943cc                zps_eNwkHandleSceLinkStatus
                0x0000000000094500                ZPS_bNwkNibAddrMapAddEntry
                0x00000000000946b5                zps_vAgeRouter
                0x00000000000946ee                zps_eNwkHandleSdeActvDcfmData
                0x0000000000094873                vMcpsMgrTimeoutExpiry
                0x00000000000948dd                zps_vNwkSecondTickHandleExpiry
                0x0000000000094ac8                zps_eNwkHandleSceRouteRequest
                0x0000000000094f9c                zps_sNwkNibNtCheckJoin.part.8.249575
                0x0000000000095255                zps_vNwkHandleCmeDirectJoinReq
                0x00000000000952fe                zps_vJoinInitNtParent
                0x00000000000954e2                vContinueRejoin.260249
                0x0000000000095589                zps_vCheckActvNtForDuplicate
                0x0000000000095629                eSmeOrphScanDcfm.261554
                0x00000000000956a1                eCheckAddrConflict.isra.7.246915
                0x000000000009573c                zps_vSaveAllZpsRecords
                0x000000000009575c                ZPS_vSetDevicePreviousData.constprop.14
                0x00000000000958db                vAplSecRemoveLinkKey.129325
                0x00000000000959ad                ZPS_vNMPurgeEntry
 .text          0x0000000000095b6e     0x1d7a C:\Users\nxf40467\AppData\Local\Temp\ccjQdhik.ltrans10.ltrans.o
                0x0000000000095b6e                zps_bAplZdoIeeeAddrServer
                0x0000000000095cca                vPDM_AddFileSystemElementToListInAscendingWearCountOrder
                0x0000000000095df2                vPDM_MoveFileRecordFromListToList
                0x0000000000095e14                vPDM_MoveRecordToDeAllocList
                0x0000000000095e34                iPDM_GetWearLevelledBuffer
                0x0000000000095f07                iPDM_WriteSegmentHeaderAndData
                0x0000000000096055                vIncrementFrameCounterInPdm.isra.0.249281
                0x000000000009634c                ZPS_vNwkMacDataPollRequest
                0x00000000000964e3                vProcessListsForSubmission.247949
                0x000000000009672d                zps_vNwkMcpsMgrPost
                0x0000000000096941                zps_vNwkHandleCmeRouteDiscoveryReq
                0x0000000000096b0f                zps_psSendFrm
                0x0000000000096e6d                zps_psSendBroadcastFrm.part.0.258984
                0x0000000000096ed5                zps_eNwkHandleSceRouteRecord
                0x0000000000096fcc                zps_psNwkSendLeaveCmd
                0x0000000000097034                zps_psNwkPropagateLocalLeave
                0x000000000009705c                zps_psSendNetworkStatusCmd
                0x00000000000970c9                zps_eDefaultDataDcfm
                0x00000000000971bb                vSendNetworkReport.246644
                0x0000000000097299                psSendRouteReplyCmd.252593
                0x00000000000973ab                zps_eNwkHandleSceRouteReply
                0x000000000009767e                zps_psSendNetworkLinkPowerDelta.254019
                0x0000000000097710                zps_eNwkHandleSceNwkLinkPowerDelta
                0x000000000009772a                zps_psNwkSendRejoinReqCmd
                0x00000000000977a8                iPDM_ReconstructAtRunTimeReplacedDataTable
 .text          0x00000000000978e8     0x1b6c C:\Users\nxf40467\AppData\Local\Temp\ccjQdhik.ltrans11.ltrans.o
                0x00000000000978e8                vHandleEdTimeoutReqExpiry.246652
                0x0000000000097991                zps_vNwkHandleCmeIdleNwkFormReq
                0x0000000000097a44                zps_vReAttemptScanTimerHandleExpiry
                0x0000000000097aa2                zps_vNwkHandleCmeNwkDiscReq
                0x0000000000097b84                zps_vNwkHandleCmeActvStartRouterReq
                0x0000000000097cbd                vHandleNwkLocalUpdateAfterBcast.246665
                0x0000000000097d10                vHandleNwkRemoteUpdateAfterBcast.246656
                0x0000000000097d63                eSmeAcScScanDcfm.258306
                0x00000000000980d9                zps_eNwkHandleSmeBeaconNotifyInd
                0x0000000000098167                zps_eNwkHandleSceNwkReport
                0x00000000000981ed                ZPS_pvNwkCtor.constprop.204
                0x00000000000986d2                ZPS_vNwkHandleNlmeReqRsp
                0x000000000009874f                zps_vAplAfPostEvent
                0x0000000000098a7a                vPostApsdeDcfmInd.119508
                0x0000000000098c6c                zps_vHandleApsdeDataFragIndNotSupported
                0x0000000000098cc2                vZGPdCfm
                0x0000000000098cf8                vZgpAgeTxQueue
                0x0000000000098da6                vHandleApsInterPanDcfmData
                0x0000000000099023                vApsInterPanMcpsDataInd
                0x00000000000991ca                zps_eAplZdoNlmePermitJoiningWrapper
                0x00000000000991f2                zps_bAplZdoPermitJoiningServer
                0x00000000000992bc                vStartScanTimerExpiry.157758
                0x00000000000992f8                vChangeChannelTimerExpiry.157762
                0x000000000009936f                eLeaveReset.243842
                0x00000000000993da                eLeaveDataDcfmLocalLeave.243847
 *fill*         0x0000000000099454        0x0 00
 .text          0x0000000000099454     0x1cdc C:\Users\nxf40467\AppData\Local\Temp\ccjQdhik.ltrans12.ltrans.o
                0x0000000000099454                zps_vNwkHandleCmeNwkJoinReq
                0x000000000009979a                zps_vNwkHandleCmeNwkActvJoinReq
                0x00000000000997a6                zps_eNwkHandleSmeOrphanInd
                0x00000000000997b7                zps_eNwkSendJoinResponse
                0x000000000009999d                zps_vProcessChildAddrConflict
                0x0000000000099c0c                vSdeHandleMcpsDataInd.247974.constprop.155
                0x000000000009ac48                ZPS_vNwkNibCheckAndUpdateAddresses
                0x000000000009ace9                zps_bAplZdoDeviceAnnceServer
                0x000000000009af99                zps_eNwkHandleSceNwkStatus
 .text          0x000000000009b130     0x1630 C:\Users\nxf40467\AppData\Local\Temp\ccjQdhik.ltrans13.ltrans.o
                0x000000000009b130                AppColdStart
 .text          0x000000000009c760     0x1dbc C:\Users\nxf40467\AppData\Local\Temp\ccjQdhik.ltrans14.ltrans.o
                0x000000000009cb2d                ZPS_vAplHandleApsdeReqRsp
                0x000000000009cf46                zps_eAplZdpApsdeReqInternal
                0x000000000009cfb5                zps_eAplZdpRequestApsdeReq
                0x000000000009d02a                zps_eAplZdpDeviceAnnceRequest.part.0.173014
                0x000000000009d077                zps_eAplZdoStartRouter.part.14.129394
                0x000000000009d0eb                BDB_vTlStateMachine
                0x000000000009e126                zps_bAplZdoDefaultServer
                0x000000000009e3e3                zps_eAplZdpBindResponse
                0x000000000009e404                zps_eZdpUnbindResponse
                0x000000000009e425                zps_eZdpMgmtLeaveResponse
                0x000000000009e446                zps_eZdpMgmtPermitJoiningResponse
                0x000000000009e467                vNsTclkSendReqKey.109079
 .text          0x000000000009e51c     0x1c02 C:\Users\nxf40467\AppData\Local\Temp\ccjQdhik.ltrans15.ltrans.o
                0x000000000009ed52                zps_eNwkHandleSmeOrphanInd.part.1.260408
                0x000000000009ee20                eRejoinNetwork.129287
                0x000000000009eee5                APP_vInitialiseNode
                0x000000000009fdb9                eDiscoverNetworks
                0x000000000009fe15                eStartRouter
                0x000000000009ff06                vHandleJoinDCfm.isra.19.129687
 *fill*         0x00000000000a011e        0x2 00
 .text          0x00000000000a0120     0x1dcc C:\Users\nxf40467\AppData\Local\Temp\ccjQdhik.ltrans16.ltrans.o
                0x00000000000a01cf                vZdoBdrmSendNextTimedRequest
                0x00000000000a0471                eZCL_TransmitDataRequest
                0x00000000000a091a                eZCL_SendDefaultResponse
                0x00000000000a0a19                eZCL_CustomCommandReceive
                0x00000000000a0b87                eOtaCommandHandler
                0x00000000000a112f                eGP_HandleZgpCommissioningNotification
                0x00000000000a172c                eGP_HandleZgpTranslationResponse
                0x00000000000a1a2e                eCLD_BasicCommandHandler
                0x00000000000a1a9d                eCLD_OnOffCommandReceive
                0x00000000000a1aa6                vReportTimerClickCallback
 .text          0x00000000000a1eec     0x1b94 C:\Users\nxf40467\AppData\Local\Temp\ccjQdhik.ltrans17.ltrans.o
                0x00000000000a22bc                vZgpSendTxAfterRx
                0x00000000000a22fb                eOrphanNotificationSent.266788
                0x00000000000a2344                zps_vAplApsmeCmdMgrRetryTimeout.123632
                0x00000000000a26aa                zps_eNwkHandleSmeAssocInd
                0x00000000000a2765                vTransformKey.isra.0.125375
                0x00000000000a27d0                zps_eAplSecEncryptPacket
                0x00000000000a28c5                zps_eAplSendApsmeCmdFrame
                0x00000000000a2a6a                zps_eAplApsmeUpdateDeviceReqRsp.part.4.123805
                0x00000000000a2bb9                vPostNlmeDcfmInd.119494
                0x00000000000a334f                zps_eAplZdoLeaveNetwork.constprop.201
                0x00000000000a3376                vNsLeaveNwk.109081
                0x00000000000a3386                zps_bAplZdoMgmtLeaveServer
                0x00000000000a357b                zps_vDStub_DataReq.constprop.42
                0x00000000000a3871                vSendToTxQueue
                0x00000000000a3933                bDuplicateCheck.125188
 .text          0x00000000000a3a80     0x1dd8 C:\Users\nxf40467\AppData\Local\Temp\ccjQdhik.ltrans18.ltrans.o
                0x00000000000a3a80                vCLD_GPTimerClickCallback.13810
                0x00000000000a5318                eGP_HandleZgpNotification
 .text          0x00000000000a5858     0x20dc C:\Users\nxf40467\AppData\Local\Temp\ccjQdhik.ltrans19.ltrans.o
                0x00000000000a5858                BDB_vRejoinTimerCb
                0x00000000000a58b2                eZCL_CustomCommandSend.constprop.199
                0x00000000000a5b5b                eGP_ZgpPairingSend.constprop.46
                0x00000000000a5e64                vFillAndSendPairingCmdFromSinkTable
                0x00000000000a6052                eGP_HandleZgpPairingConfig
                0x00000000000a69e6                eGP_ZgpNotificationSend.constprop.47
                0x00000000000a6ae1                eGP_ProxyCommissioningMode.constprop.197
                0x00000000000a6cc9                vGP_ExitCommMode
                0x00000000000a6d48                eGP_HandleZgpPairing
                0x00000000000a75b3                vApp_GP_EnterCommissioningMode
                0x00000000000a75fa                bdb_taskBDB
 .text          0x00000000000a7934     0x1b67 C:\Users\nxf40467\AppData\Local\Temp\ccjQdhik.ltrans20.ltrans.o
                0x00000000000a7934                zps_bAplZdoBindUnbindServer
                0x00000000000a7d9e                zps_bAplZdoMgmtBindServer
                0x00000000000a7fa1                zps_eZdpNodeDescResponse
                0x00000000000a8049                zps_eZdpParentAnnceResponse
                0x00000000000a80eb                zps_eZdpPowerDescResponse
                0x00000000000a8188                zps_eZdpSimpleDescResponse
                0x00000000000a8295                zps_eZdpActiveEpResponse
                0x00000000000a832b                zps_eZdpMatchDescResponse
                0x00000000000a83c1                zps_eAplZdpMgmtLqiResponse
                0x00000000000a84d1                zps_eZdpNwkAddrResponse
                0x00000000000a85b9                zps_eZdpIeeeAddrResponse
                0x00000000000a86a1                zps_eAplZdpMgmtRtgResponse
                0x00000000000a8830                zps_bAplZdoMgmtNWKUpdateServer
                0x00000000000a8d3c                ZPS_vSecondTimerCallback
                0x00000000000a8f9e                zps_bAplZdoZdoClient
                0x00000000000a914f                BDB_vTlTimerCb
                0x00000000000a915f                zps_eAplAfBoundDataReqNonBlocking
                0x00000000000a9322                vNsSendPermitJoin.109071
                0x00000000000a93b2                vGP_SendDeviceAnnounce
 *fill*         0x00000000000a949b        0x1 00
 .text          0x00000000000a949c     0x1be8 C:\Users\nxf40467\AppData\Local\Temp\ccjQdhik.ltrans21.ltrans.o
                0x00000000000a949c                vOtaUpgManClientStateWaitForRunCommand.76505
                0x00000000000a95ab                vOtaUpgManClientStateDownloadComplete.76501
                0x00000000000a97e3                vOtaUpgManClientStateDownloadInProgress.76497
                0x00000000000a9f98                APP_ZCL_cbEndpointCallback.7741
                0x00000000000aa818                vOtaUpgManClientStateIdle.76488
 .text          0x00000000000ab084     0x18bc C:\Users\nxf40467\AppData\Local\Temp\ccjQdhik.ltrans22.ltrans.o
                0x00000000000ab084                vPostApsmeDcfmInd.119501
                0x00000000000ab69b                vPostNldeDcfmInd.119515
                0x00000000000ac88c                ISR_vTickTimer
                0x00000000000ac8c4                vISR_SystemController
                0x00000000000ac8ec                vISR_Timer4
                0x00000000000ac8fb                vISR_Timer3
                0x00000000000ac90a                vUnclaimedInterrupt
                0x00000000000ac916                vBusErrorHandler
                0x00000000000ac91c                vAlignmentErrorHandler
                0x00000000000ac922                vIllegalInstructionHandler
                0x00000000000ac928                vTrapHandler
                0x00000000000ac92e                vGenericHandler
                0x00000000000ac934                vUnclaimedException
                0x00000000000ac93a                vStackOverflowHandler
 .text          0x00000000000ac940     0x1bb4 C:\Users\nxf40467\AppData\Local\Temp\ccjQdhik.ltrans23.ltrans.o
                0x00000000000ac989                eCLD_IdentifyCommandHandler
                0x00000000000acd1e                eCLD_GroupsCommandHandler
                0x00000000000ad5e2                eGP_GreenPowerCommandHandler
 .text          0x00000000000ae4f4     0x1948 C:\Users\nxf40467\AppData\Local\Temp\ccjQdhik.ltrans24.ltrans.o
                0x00000000000ae4f4                eCLD_ScenesCommandHandler
                0x00000000000af448                eOTA_ClientUpgradeEndRequest
                0x00000000000af4f2                vOtaRequestNextBlock.76285
                0x00000000000af5f6                vOtaHandleTimedBlockRequest.76540
                0x00000000000af697                eOTA_ClientQueryNextImageRequest
                0x00000000000af75a                APP_cbTimerZclTick
 .text          0x00000000000afe3c     0x1814 C:\Users\nxf40467\AppData\Local\Temp\ccjQdhik.ltrans25.ltrans.o
                0x00000000000afe3c                vZCL_EventHandler
 .text          0x00000000000b1650     0x1784 C:\Users\nxf40467\AppData\Local\Temp\ccjQdhik.ltrans26.ltrans.o
                0x00000000000b1650                eCLD_ColourControlCommandHandler
 .text          0x00000000000b2dd4     0x1cef C:\Users\nxf40467\AppData\Local\Temp\ccjQdhik.ltrans27.ltrans.o
                0x00000000000b2dd4                bCLD_ScenesSearchForScene.41867
                0x00000000000b2e07                eCLD_LevelControlSceneEventHandler.34810
                0x00000000000b2e50                DriverBulb_vSetTunableWhiteColourTemperature
                0x00000000000b2e53                bAllowInterPanEp.12618
                0x00000000000b2e9f                APP_ZCL_cbGeneralCallback.7744
                0x00000000000b2ea2                vfExtendedStatusCallBack
                0x00000000000b2ea5                zps_vGetZpsMutex
                0x00000000000b2eae                bCLD_GroupsSearchForGroup.32192
                0x00000000000b2ed3                eZCL_DoesAttributeHaveReportableChange
                0x00000000000b2ef0                eZCL_GetAttributeReportableEntry
                0x00000000000b2fa8                vZCL_AlignNumericAttributeValueTo64.101014
                0x00000000000b30b7                vZCL_SetDefaultReporting
                0x00000000000b30e9                eZCL_BuildClientTransmitAddressStructure
                0x00000000000b311a                u8GetTransactionSequenceNumber
                0x00000000000b312c                bZCL_CheckAttributeDirectionFlagMatch
                0x00000000000b3150                bZCL_CheckManufacturerSpecificAttributeFlagMatch
                0x00000000000b316e                eZCL_GetAttributeTypeSize
                0x00000000000b318d                vZCL_MarkAttributeInvalid
                0x00000000000b325c                u8ZCL_GetAttributeAllignToFourBytesBoundary
                0x00000000000b3271                vReverseMemcpy.part.2.82431
                0x00000000000b32a6                vReverseMemcpy
                0x00000000000b32be                u16ZCL_WriteTypeNBO.part.0.83871
                0x00000000000b330c                sOtaGetHeader
                0x00000000000b341a                u16ZCL_GetStringStructureSize
                0x00000000000b3457                u16ZCL_GetStringAttributeTypeSizeFromBuffer
                0x00000000000b34c8                u16ZCL_GetStringSizeAndBufferFromStructure
                0x00000000000b3557                eZCL_GetAttributeTypeSizeFromStructure
                0x00000000000b35d0                bZCL_SendCommandResponse
                0x00000000000b35ec                vZCL_InitializeClusterInstance
                0x00000000000b3601                u8ZCL_GetEPIdFromIndex
                0x00000000000b3623                eZCL_SearchForEPIndex
                0x00000000000b365d                eZCL_SearchForEPentry
                0x00000000000b3699                eZCL_SearchForEPentryAndCheckManufacturerId
                0x00000000000b36d7                vZCL_PassEventToUser
                0x00000000000b3704                eZCL_Register
                0x00000000000b395b                vWriteU64ToPayLoad.80868
                0x00000000000b3988                vOtaFlashLockWrite
                0x00000000000b39ce                vOtaFlashLockRead
                0x00000000000b3a14                eOtaSetEventTypeAndGiveCallBack
                0x00000000000b3a2f                eOTA_retOtaUseKey
                0x00000000000b3a65                vCLD_ColourControl_CCT2xyY
                0x00000000000b3b4b                bCLD_ColourControl_NumberIsValid.50847
                0x00000000000b3b6a                eCLD_ColourControl_xyY2XYZ.50851
                0x00000000000b3bec                vCLD_ColourControl_XYZ2RGB.50838
                0x00000000000b3d0c                vCLD_ScenesConfigureColourControlExtension.41292
                0x00000000000b3e2e                vGiveIndicationForTranslationTableUpdate
                0x00000000000b3ec4                bBestGPD_GPPLink
                0x00000000000b3ef1                vFillDataIndication
                0x00000000000b403f                u16GetSinkTableString
                0x00000000000b41da                u16GetProxyTableString
                0x00000000000b438c                bGP_CheckGPDAddressMatch
                0x00000000000b4443                psApp_GPGetTranslationTable.10963
                0x00000000000b4491                bAppAddTransTableEntries
                0x00000000000b4519                bGP_ValidateGPDF_Fields
                0x00000000000b45a0                u8GP_GetLQIQuality
                0x00000000000b45c8                vCreateDataIndFromBufferedCmd
                0x00000000000b4699                u16GP_DeriveAliasSrcAddr
                0x00000000000b46db                ZTIMER_eStop
                0x00000000000b472d                ZTIMER_eStart
                0x00000000000b478b                ZQ_bQueueReceive
                0x00000000000b47fc                ZQ_bQueueSend
                0x00000000000b4872                APP_cbTimerGPZclTick
                0x00000000000b4899                vAPP_ZCL_DeviceSpecific_Init
                0x00000000000b4929                vRestoreVars.part.1.9876
                0x00000000000b4948                vSaveVars.part.0.9874
                0x00000000000b4969                vLI_InitVar.9870
                0x00000000000b499a                vCopyRecordsToZCL.7749
                0x00000000000b49fd                vDefaultZCLRecords.7747
                0x00000000000b4a3c                ZPS_psMacIFTGetInterface
                0x00000000000b4a58                vShowException
 *fill*         0x00000000000b4ac3        0x1 00
 .text          0x00000000000b4ac4     0x17d8 C:\Users\nxf40467\AppData\Local\Temp\ccjQdhik.ltrans28.ltrans.o
                0x00000000000b4f3c                eCLD_ZllCommissionCommandHandler
                0x00000000000b519b                eCLD_LevelControlCommandHandler
                0x00000000000b5614                eCLD_OnOffCommandHandler
                0x00000000000b5a28                vZCL_HandleAttributesWriteRequest
                0x00000000000b5eb1                eGP_HandleZgpTranslationTableUpdate
 .text          0x00000000000b629c     0x101a C:\Users\nxf40467\AppData\Local\Temp\ccjQdhik.ltrans29.ltrans.o
                0x00000000000b629c                vMcpsMgrExpiry.247776
                0x00000000000b62ff                zps_vNwkHandleCmeSetInterface
                0x00000000000b64c0                vBbcIntHandler.265684
                0x00000000000b67c4                eAssocRespSent.266001
                0x00000000000b6942                eSmeAsocAssocDcfm.261709
                0x00000000000b69ce                eSmeRjPCPollDcfm.261705
                0x00000000000b6a11                eSceRjRsRejoinRsp.261672
                0x00000000000b6af4                zps_vNwkHandleCmeSyncReq
                0x00000000000b6c17                zps_eRejoinDataDcfm
                0x00000000000b6cd9                zps_vZgpDeviceActiveTimerExpiry
                0x00000000000b6db6                ZPS_vNwkHandleNldeReqRsp
                0x00000000000b6fee                zps_eAplApsmeCmdMgrSendCommand
                0x00000000000b70cf                zps_eAplZdoGroupEndpointAdd
                0x00000000000b71d7                vGP_AddGPEPToGroup
                0x00000000000b7271                eGP_UpdateApsGroupTableAndDeviceAnnounce.constprop.36