Archive member included because of file (symbol)

../../../../sdk/JN-SW-4170/Components/Library\libZPSMAC_Mini_SOC_JN516x.a(zps_mac_shim.o)
                              ../../ExtendedColorLight/Build/app_zlo_light_node.o (symbol from plugin) (ZPS_u32MacSetTxBuffers)
../../../../sdk/JN-SW-4170/Components/Library\libZPSMAC_Mini_SOC_JN516x.a(zps_miniMac.o)
                              zps_mac_shim.o (symbol from plugin) (zps_eSocMacSetTxBuffers)
../../../../sdk/JN-SW-4170/Components/Library\libZPSMAC_Mini_SOC_JN516x.a(zps_mac_common.o)
                              zps_mac_shim.o (symbol from plugin) (g_u8LegacyBeaconPayloadLen)
../../../../sdk/JN-SW-4170/Components/Library\libZPSMAC_Mini_SOC_JN516x.a(zps_mac_ie.o)
                              zps_mac_common.o (symbol from plugin) (zps_u8MacIECopyZigbeePayloadSubIE)
../../../../sdk/JN-SW-4170/Components/Library\libPWRM_JN516x.a(pwrm.o)
                              ../../ExtendedColorLight/Build/app_start_light.o (symbol from plugin) (PWRM_vInit)
../../../../sdk/JN-SW-4170/Components/Library\libPWRM_JN516x.a(pwrm_setjmp_JN516x.o)
                              pwrm.o (symbol from plugin) (setjmp)
../../../../sdk/JN-SW-4170/Components/Library\libPWRM_JN516x.a(pwrm_cold_start.o)
                              (AppColdStart)
../../../../sdk/JN-SW-4170/Components/Library\libPWRM_JN516x.a(pwrm_warm_start.o)
                              (AppWarmStart)
../../../../sdk/JN-SW-4170/Components/Library\libPDUM_JN516x.a(pdum_nwk.o)
                              zps_miniMac.o (symbol from plugin) (PDUM_eNPduAllocate)
../../../../sdk/JN-SW-4170/Components/Library\libPDUM_JN516x.a(pdum_apl.o)
                              ../../ExtendedColorLight/Build/zll_CommissionCmdHandler.o (symbol from plugin) (PDUM_u16APduInstanceReadNBO)
../../../../sdk/JN-SW-4170/Components/Library\libPDUM_JN516x.a(pdum.o)
                              pdum_nwk.o (symbol from plugin) (PDUM_u16SizeNBO)
../../../../sdk/JN-SW-4170/Components/Library\libZPSAPL_JN516x.a(zps_apl_inl.o)
                              zps_mac_ie.o (symbol from plugin) (ZPS_pu8AplZdoGetVsOUI)
../../../../sdk/JN-SW-4170/Components/Library\libZPSAPL_JN516x.a(zps_apl_af.o)
                              ../../ExtendedColorLight/Build/app_zlo_light_node.o (symbol from plugin) (ZPS_eAplAfInit)
../../../../sdk/JN-SW-4170/Components/Library\libZPSAPL_JN516x.a(zps_apl_af_apsde.o)
                              ../../ExtendedColorLight/Build/zps_gen.o (symbol from plugin) (zps_vHandleApsdeDataFragIndNotSupported)
../../../../sdk/JN-SW-4170/Components/Library\libZPSAPL_JN516x.a(zps_apl_task.o)
                              zps_apl_af_apsde.o (symbol from plugin) (zps_vAplAfPostEvent)
../../../../sdk/JN-SW-4170/Components/Library\libZPSAPL_JN516x.a(zps_apl_apsde.o)
                              zps_apl_task.o (symbol from plugin) (ZPS_vAplRegisterApsdeDcfmIndCallbacks)
../../../../sdk/JN-SW-4170/Components/Library\libZPSAPL_JN516x.a(zps_apl_apsme.o)
                              zps_apl_task.o (symbol from plugin) (ZPS_vAplRegisterApsmeDcfmIndCallbacks)
../../../../sdk/JN-SW-4170/Components/Library\libZPSAPL_JN516x.a(zps_apl_aps_nlde.o)
                              zps_apl_task.o (symbol from plugin) (zps_vAplApsHandleNldeDcfmInd)
../../../../sdk/JN-SW-4170/Components/Library\libZPSAPL_JN516x.a(zps_apl_sec.o)
                              zps_apl_apsme.o (symbol from plugin) (zps_vGenerateHashForVerifiedKey)
../../../../sdk/JN-SW-4170/Components/Library\libZPSAPL_JN516x.a(zps_apl_aib.o)
                              ../../ExtendedColorLight/Build/app_green_power.o (symbol from plugin) (zps_psAplAibGetAib)
../../../../sdk/JN-SW-4170/Components/Library\libZPSAPL_JN516x.a(zps_apl_zdo_nwkmanager.o)
                              zps_apl_apsme.o (symbol from plugin) (zps_vAplSaveRecord)
../../../../sdk/JN-SW-4170/Components/Library\libZPSAPL_JN516x.a(zps_apl_zdo_handle_zdp_event.o)
                              zps_apl_task.o (symbol from plugin) (zps_bAplZdoHandleZdpEvent)
../../../../sdk/JN-SW-4170/Components/Library\libZPSAPL_JN516x.a(zps_apl_zdo_trust_center.o)
                              zps_apl_inl.o (symbol from plugin) (zps_eAplTrustCenterFindDevice)
../../../../sdk/JN-SW-4170/Components/Library\libZPSAPL_JN516x.a(zps_apl_zdo_common.o)
                              zps_apl_zdo_nwkmanager.o (symbol from plugin) (zps_eAplZdoNlmeleaveWrapper)
../../../../sdk/JN-SW-4170/Components/Library\libZPSAPL_JN516x.a(zps_apl_zdo_group.o)
                              ../../ExtendedColorLight/Build/GreenPowerCustomCommandResponses.o (symbol from plugin) (zps_eAplZdoGroupEndpointAdd)
../../../../sdk/JN-SW-4170/Components/Library\libZPSAPL_JN516x.a(zps_apl_zdo_default_server.o)
                              ../../ExtendedColorLight/Build/zps_gen.o (symbol from plugin) (zps_vAplZdoDefaultServerInit)
../../../../sdk/JN-SW-4170/Components/Library\libZPSAPL_JN516x.a(zps_apl_zdo_bind_manager.o)
[...]
Memory Configuration

Name             Origin             Length             Attributes
flash            0x0000000000080000 0x0000000000080000
ram              0x000000000400004c 0x0000000000007fb4
*default*        0x0000000000000000 0xffffffffffffffff

Linker script and memory map

                0x0000000000001964                __stack_size = 0x1964
                0x00000000000007d0                __minimum_heap_size = 0x7d0
START GROUP
LOAD ../../ExtendedColorLight/Build/irq_JN516x.o
LOAD ../../ExtendedColorLight/Build/portasm_JN516x.o
LOAD ../../ExtendedColorLight/Build/port_JN516x.o
LOAD C:\Users\nxf40467\AppData\Local\Temp\ccpeMCbV.ltrans0.ltrans.o
LOAD C:\Users\nxf40467\AppData\Local\Temp\ccpeMCbV.ltrans1.ltrans.o
LOAD C:\Users\nxf40467\AppData\Local\Temp\ccpeMCbV.ltrans2.ltrans.o
LOAD C:\Users\nxf40467\AppData\Local\Temp\ccpeMCbV.ltrans3.ltrans.o
LOAD C:\Users\nxf40467\AppData\Local\Temp\ccpeMCbV.ltrans4.ltrans.o
LOAD C:\Users\nxf40467\AppData\Local\Temp\ccpeMCbV.ltrans5.ltrans.o
LOAD C:\Users\nxf40467\AppData\Local\Temp\ccpeMCbV.ltrans6.ltrans.o
LOAD C:\Users\nxf40467\AppData\Local\Temp\ccpeMCbV.ltrans7.ltrans.o
LOAD C:\Users\nxf40467\AppData\Local\Temp\ccpeMCbV.ltrans8.ltrans.o
LOAD C:\Users\nxf40467\AppData\Local\Temp\ccpeMCbV.ltrans9.ltrans.o
LOAD C:\Users\nxf40467\AppData\Local\Temp\ccpeMCbV.ltrans10.ltrans.o
LOAD C:\Users\nxf40467\AppData\Local\Temp\ccpeMCbV.ltrans11.ltrans.o
LOAD C:\Users\nxf40467\AppData\Local\Temp\ccpeMCbV.ltrans12.ltrans.o
LOAD C:\Users\nxf40467\AppData\Local\Temp\ccpeMCbV.ltrans13.ltrans.o
LOAD C:\Users\nxf40467\AppData\Local\Temp\ccpeMCbV.ltrans14.ltrans.o
LOAD C:\Users\nxf40467\AppData\Local\Temp\ccpeMCbV.ltrans15.ltrans.o
LOAD C:\Users\nxf40467\AppData\Local\Temp\ccpeMCbV.ltrans16.ltrans.o
LOAD C:\Users\nxf40467\AppData\Local\Temp\ccpeMCbV.ltrans17.ltrans.o
LOAD C:\Users\nxf40467\AppData\Local\Temp\ccpeMCbV.ltrans18.ltrans.o
LOAD C:\Users\nxf40467\AppData\Local\Temp\ccpeMCbV.ltrans19.ltrans.o
LOAD C:\Users\nxf40467\AppData\Local\Temp\ccpeMCbV.ltrans20.ltrans.o
LOAD C:\Users\nxf40467\AppData\Local\Temp\ccpeMCbV.ltrans21.ltrans.o
LOAD C:\Users\nxf40467\AppData\Local\Temp\ccpeMCbV.ltrans22.ltrans.o
LOAD C:\Users\nxf40467\AppData\Local\Temp\ccpeMCbV.ltrans23.ltrans.o
LOAD C:\Users\nxf40467\AppData\Local\Temp\ccpeMCbV.ltrans24.ltrans.o
LOAD C:\Users\nxf40467\AppData\Local\Temp\ccpeMCbV.ltrans25.ltrans.o
LOAD C:\Users\nxf40467\AppData\Local\Temp\ccpeMCbV.ltrans26.ltrans.o
LOAD C:\Users\nxf40467\AppData\Local\Temp\ccpeMCbV.ltrans27.ltrans.o
LOAD C:\Users\nxf40467\AppData\Local\Temp\ccpeMCbV.ltrans28.ltrans.o
LOAD C:\Users\nxf40467\AppData\Local\Temp\ccpeMCbV.ltrans29.ltrans.o
LOAD C:\Users\nxf40467\AppData\Local\Temp\ccpeMCbV.ltrans30.ltrans.o
LOAD C:\Users\nxf40467\AppData\Local\Temp\ccpeMCbV.ltrans31.ltrans.o
LOAD c:/nxp/bstudio_nxp/sdk/tools/ba-elf-ba2-r36379/bin/../lib/gcc/ba-elf/4.7.4/../../../../ba-elf/lib/mcpu_jn51xx_sizeopt\libc.a
LOAD c:/nxp/bstudio_nxp/sdk/tools/ba-elf-ba2-r36379/bin/../lib/gcc/ba-elf/4.7.4/mcpu_jn51xx_sizeopt\libgcc.a
LOAD c:/nxp/bstudio_nxp/sdk/tools/ba-elf-ba2-r36379/bin/../lib/gcc/ba-elf/4.7.4/../../../../ba-elf/lib/mcpu_jn51xx_sizeopt\libc.a
LOAD ../../ExtendedColorLight/Build/app_main.o
LOAD ../../ExtendedColorLight/Build/pdum_gen.o
LOAD ../../ExtendedColorLight/Build/pdum_apdu.o
LOAD ../../ExtendedColorLight/Build/zps_gen.o
LOAD ../../ExtendedColorLight/Build/app_start_light.o
LOAD ../../ExtendedColorLight/Build/app_scenes.o
LOAD ../../ExtendedColorLight/Build/app_pdm_convert.o
LOAD ../../ExtendedColorLight/Build/app_zlo_light_node.o
LOAD ../../ExtendedColorLight/Build/app_zcl_light_task.o
LOAD ../../ExtendedColorLight/Build/app_manage_temperature.o
LOAD ../../ExtendedColorLight/Build/app_light_interpolation.o
LOAD ../../ExtendedColorLight/Build/app_reporting.o
LOAD ../../ExtendedColorLight/Build/app_power_on_counter.o
LOAD ../../ExtendedColorLight/Build/app_green_power.o
LOAD ../../ExtendedColorLight/Build/App_ExtendedColorLight.o
LOAD ../../ExtendedColorLight/Build/DriverBulb_DR1175.o
LOAD ../../ExtendedColorLight/Build/DriverBulb_Shim.o
LOAD ../../ExtendedColorLight/Build/app_buttons.o
LOAD ../../ExtendedColorLight/Build/ZQueue.o
LOAD ../../ExtendedColorLight/Build/ZTimer.o
LOAD ../../ExtendedColorLight/Build/app_zps_link_keys.o
LOAD ../../ExtendedColorLight/Build/GreenPower.o
LOAD ../../ExtendedColorLight/Build/GreenPowerCommissioningNotification.o
LOAD ../../ExtendedColorLight/Build/GreenPowerCommon.o
LOAD ../../ExtendedColorLight/Build/GreenPowerCustomCommandHandler.o
LOAD ../../ExtendedColorLight/Build/GreenPowerCustomCommandResponses.o
LOAD ../../ExtendedColorLight/Build/GreenPowerDataIndication.o
LOAD ../../ExtendedColorLight/Build/GreenPowerDirectCommandHandler.o
LOAD ../../ExtendedColorLight/Build/GreenPowerNotification.o
LOAD ../../ExtendedColorLight/Build/GreenPowerPairing.o
LOAD ../../ExtendedColorLight/Build/GreenPowerPairingConfiguration.o
LOAD ../../ExtendedColorLight/Build/GreenPowerPairingSearch.o
LOAD ../../ExtendedColorLight/Build/GreenPowerProxyCommissioningMode.o
LOAD ../../ExtendedColorLight/Build/GreenPowerProxyGPDHandler.o
LOAD ../../ExtendedColorLight/Build/GreenPowerProxyTableRequest.o
LOAD ../../ExtendedColorLight/Build/GreenPowerProxyTableResponse.o
LOAD ../../ExtendedColorLight/Build/GreenPowerResponse.o
LOAD ../../ExtendedColorLight/Build/GreenPowerScheduler.o
LOAD ../../ExtendedColorLight/Build/GreenPowerSinkTableRequest.o
LOAD ../../ExtendedColorLight/Build/GreenPowerSinkTableResponse.o
LOAD ../../ExtendedColorLight/Build/GreenPowerTranslationTableRequest.o
LOAD ../../ExtendedColorLight/Build/GreenPowerTranslationTableResponse.o
LOAD ../../ExtendedColorLight/Build/GreenPowerTranslationTableUpdate.o
LOAD ../../ExtendedColorLight/Build/gp.o
LOAD ../../ExtendedColorLight/Build/Alarms.o
LOAD ../../ExtendedColorLight/Build/AlarmsClientCommands.o
LOAD ../../ExtendedColorLight/Build/AlarmsCommandHandler.o
LOAD ../../ExtendedColorLight/Build/AlarmsServerCommands.o
LOAD ../../ExtendedColorLight/Build/AlarmsTableManager.o
LOAD ../../ExtendedColorLight/Build/AnalogInputBasic.o
LOAD ../../ExtendedColorLight/Build/AnalogOutputBasic.o
LOAD ../../ExtendedColorLight/Build/Basic.o
LOAD ../../ExtendedColorLight/Build/BasicClientCommands.o
LOAD ../../ExtendedColorLight/Build/BasicCommandHandler.o
LOAD ../../ExtendedColorLight/Build/BinaryInputBasic.o
LOAD ../../ExtendedColorLight/Build/BinaryOutputBasic.o
LOAD ../../ExtendedColorLight/Build/DeviceTemperatureConfiguration.o
LOAD ../../ExtendedColorLight/Build/Diagnostics.o
LOAD ../../ExtendedColorLight/Build/Groups.o
LOAD ../../ExtendedColorLight/Build/GroupsClientCommands.o
LOAD ../../ExtendedColorLight/Build/GroupsCommandHandler.o
LOAD ../../ExtendedColorLight/Build/GroupsServerCommands.o
LOAD ../../ExtendedColorLight/Build/GroupsTableManager.o
LOAD ../../ExtendedColorLight/Build/Identify.o
LOAD ../../ExtendedColorLight/Build/IdentifyClientCommands.o
LOAD ../../ExtendedColorLight/Build/IdentifyCommandHandler.o
LOAD ../../ExtendedColorLight/Build/IdentifyServerCommands.o
LOAD ../../ExtendedColorLight/Build/LevelControl.o
LOAD ../../ExtendedColorLight/Build/LevelControlClientCommands.o
LOAD ../../ExtendedColorLight/Build/LevelControlCommandHandler.o
LOAD ../../ExtendedColorLight/Build/MultistateInputBasic.o
LOAD ../../ExtendedColorLight/Build/MultistateOutputBasic.o
LOAD ../../ExtendedColorLight/Build/OOSC.o
LOAD ../../ExtendedColorLight/Build/OnOff.o
LOAD ../../ExtendedColorLight/Build/OnOffCommandHandler.o
LOAD ../../ExtendedColorLight/Build/OnOffCommands.o
LOAD ../../ExtendedColorLight/Build/PollControl.o
LOAD ../../ExtendedColorLight/Build/PollControlClientCommands.o
LOAD ../../ExtendedColorLight/Build/PollControlCommandHandler.o
LOAD ../../ExtendedColorLight/Build/PollControlServerCommands.o
LOAD ../../ExtendedColorLight/Build/PowerConfiguration.o
LOAD ../../ExtendedColorLight/Build/PowerProfile.o
LOAD ../../ExtendedColorLight/Build/PowerProfileClientCommands.o
LOAD ../../ExtendedColorLight/Build/PowerProfileCommandHandler.o
LOAD ../../ExtendedColorLight/Build/PowerProfileServerCommands.o
LOAD ../../ExtendedColorLight/Build/Scenes.o
LOAD ../../ExtendedColorLight/Build/ScenesClientCommands.o
LOAD ../../ExtendedColorLight/Build/ScenesClusterManagement.o
LOAD ../../ExtendedColorLight/Build/ScenesCommandHandler.o
LOAD ../../ExtendedColorLight/Build/ScenesServerCommands.o
LOAD ../../ExtendedColorLight/Build/ScenesTableManager.o
LOAD ../../ExtendedColorLight/Build/TC.o
LOAD ../../ExtendedColorLight/Build/Time.o
LOAD ../../ExtendedColorLight/Build/base_device.o
LOAD ../../ExtendedColorLight/Build/mains_power_outlet.o
LOAD ../../ExtendedColorLight/Build/on_off_output.o
LOAD ../../ExtendedColorLight/Build/plug_control.o
LOAD ../../ExtendedColorLight/Build/remote_control.o
LOAD ../../ExtendedColorLight/Build/simple_sensor.o
LOAD ../../ExtendedColorLight/Build/BallastConfiguration.o
LOAD ../../ExtendedColorLight/Build/ColourControl.o
LOAD ../../ExtendedColorLight/Build/ColourControlClientCommands.o
LOAD ../../ExtendedColorLight/Build/ColourControlCommandHandler.o
LOAD ../../ExtendedColorLight/Build/ColourControlConversions.o
LOAD ../../ExtendedColorLight/Build/colour_controller.o
LOAD ../../ExtendedColorLight/Build/colour_dimmable_light.o
LOAD ../../ExtendedColorLight/Build/colour_dimmer_switch.o
LOAD ../../ExtendedColorLight/Build/colour_scene_controller.o
LOAD ../../ExtendedColorLight/Build/colour_temperature_light.o
LOAD ../../ExtendedColorLight/Build/commission_endpoint.o
LOAD ../../ExtendedColorLight/Build/control_bridge.o
LOAD ../../ExtendedColorLight/Build/dimmable_ballast.o
LOAD ../../ExtendedColorLight/Build/dimmable_light.o
LOAD ../../ExtendedColorLight/Build/dimmable_plug.o
LOAD ../../ExtendedColorLight/Build/dimmer_switch.o
LOAD ../../ExtendedColorLight/Build/extended_colour_light.o
LOAD ../../ExtendedColorLight/Build/light_level_sensor.o
LOAD ../../ExtendedColorLight/Build/light_sensor.o
LOAD ../../ExtendedColorLight/Build/non_colour_controller.o
LOAD ../../ExtendedColorLight/Build/non_colour_scene_controller.o
LOAD ../../ExtendedColorLight/Build/occupancy_sensor.o
LOAD ../../ExtendedColorLight/Build/on_off_ballast.o
LOAD ../../ExtendedColorLight/Build/on_off_light.o
LOAD ../../ExtendedColorLight/Build/on_off_light_switch.o
LOAD ../../ExtendedColorLight/Build/on_off_plug.o
LOAD ../../ExtendedColorLight/Build/on_off_sensor.o
LOAD ../../ExtendedColorLight/Build/Commissioning.o
LOAD ../../ExtendedColorLight/Build/CommissioningClientCommands.o
LOAD ../../ExtendedColorLight/Build/CommissioningCmdHandler.o
LOAD ../../ExtendedColorLight/Build/CommissioningServerCommands.o
LOAD ../../ExtendedColorLight/Build/zll_CommissionCmdHandler.o
LOAD ../../ExtendedColorLight/Build/zll_UtilityCmdHandler.o
LOAD ../../ExtendedColorLight/Build/zll_commission.o
LOAD ../../ExtendedColorLight/Build/zll_utility.o
LOAD ../../ExtendedColorLight/Build/dlist.o
LOAD ../../ExtendedColorLight/Build/zcl.o
LOAD ../../ExtendedColorLight/Build/zcl_CustomCommandReceive.o
LOAD ../../ExtendedColorLight/Build/zcl_CustomCommandSend.o
LOAD ../../ExtendedColorLight/Build/zcl_PDUbufferReadWrite.o
LOAD ../../ExtendedColorLight/Build/zcl_PDUbufferReadWriteString.o
LOAD ../../ExtendedColorLight/Build/zcl_WriteAttributesRequestHandle.o
LOAD ../../ExtendedColorLight/Build/zcl_WriteAttributesRequestSend.o
LOAD ../../ExtendedColorLight/Build/zcl_WriteAttributesResponseHandle.o
LOAD ../../ExtendedColorLight/Build/zcl_attribute.o
LOAD ../../ExtendedColorLight/Build/zcl_buffer.o
LOAD ../../ExtendedColorLight/Build/zcl_clusterCommand.o
LOAD ../../ExtendedColorLight/Build/zcl_command.o
LOAD ../../ExtendedColorLight/Build/zcl_common.o
LOAD ../../ExtendedColorLight/Build/zcl_configureReportingCommandHandle.o
LOAD ../../ExtendedColorLight/Build/zcl_configureReportingCommandSend.o
LOAD ../../ExtendedColorLight/Build/zcl_configureReportingResponseHandle.o
LOAD ../../ExtendedColorLight/Build/zcl_defaultResponse.o
LOAD ../../ExtendedColorLight/Build/zcl_discoverAttributesExtendedRequestHandle.o
LOAD ../../ExtendedColorLight/Build/zcl_discoverAttributesExtendedRequestSend.o
LOAD ../../ExtendedColorLight/Build/zcl_discoverAttributesExtendedResponseHandle.o
LOAD ../../ExtendedColorLight/Build/zcl_discoverAttributesRequestHandle.o
LOAD ../../ExtendedColorLight/Build/zcl_discoverAttributesRequestSend.o
LOAD ../../ExtendedColorLight/Build/zcl_discoverAttributesResponseHandle.o
LOAD ../../ExtendedColorLight/Build/zcl_discoverCommandsRequestHandle.o
LOAD ../../ExtendedColorLight/Build/zcl_discoverCommandsRequestSend.o
LOAD ../../ExtendedColorLight/Build/zcl_discoverCommandsResponseHandle.o
LOAD ../../ExtendedColorLight/Build/zcl_event.o
LOAD ../../ExtendedColorLight/Build/zcl_heap.o
LOAD ../../ExtendedColorLight/Build/zcl_library_options.o
LOAD ../../ExtendedColorLight/Build/zcl_readAttributesRequestHandle.o
LOAD ../../ExtendedColorLight/Build/zcl_readAttributesRequestSend.o
LOAD ../../ExtendedColorLight/Build/zcl_readAttributesResponseHandle.o
LOAD ../../ExtendedColorLight/Build/zcl_readReportingConfigurationCommandHandle.o
LOAD ../../ExtendedColorLight/Build/zcl_readReportingConfigurationCommandSend.o
LOAD ../../ExtendedColorLight/Build/zcl_readReportingConfigurationResponseHandle.o
LOAD ../../ExtendedColorLight/Build/zcl_reportManager.o
LOAD ../../ExtendedColorLight/Build/zcl_reportMaths.o
LOAD ../../ExtendedColorLight/Build/zcl_reportScheduler.o
LOAD ../../ExtendedColorLight/Build/zcl_reportStringHandling.o
LOAD ../../ExtendedColorLight/Build/zcl_reportStructure.o
LOAD ../../ExtendedColorLight/Build/zcl_search.o
LOAD ../../ExtendedColorLight/Build/zcl_timer.o
LOAD ../../ExtendedColorLight/Build/zcl_transmit.o
LOAD ../../ExtendedColorLight/Build/bdb_fr.o
LOAD ../../ExtendedColorLight/Build/bdb_start.o
LOAD ../../ExtendedColorLight/Build/bdb_state_machine.o
LOAD ../../ExtendedColorLight/Build/appZpsBeaconHandler.o
LOAD ../../ExtendedColorLight/Build/appZdpExtraction.o
LOAD ../../ExtendedColorLight/Build/bdb_ns.o
LOAD ../../ExtendedColorLight/Build/bdb_tl_router_target.o
LOAD ../../ExtendedColorLight/Build/bdb_tl_common.o
LOAD ../../ExtendedColorLight/Build/ecb_decrypt.o
LOAD ../../ExtendedColorLight/Build/bdb_fb_common.o
LOAD ../../ExtendedColorLight/Build/bdb_fb_target.o
LOAD ../../../../sdk/JN-SW-4170/Components/Library\libJPT_JN5169.a
LOAD ../../../../sdk/JN-SW-4170/Components/Library\libZPSMAC_Mini_SOC_JN516x.a
LOAD ../../../../sdk/JN-SW-4170/Components/Library\libPWRM_JN516x.a
LOAD ../../../../sdk/JN-SW-4170/Components/Library\libZPSTSV_JN516x.a
LOAD ../../../../sdk/JN-SW-4170/Components/Library\libAES_SW_JN516x.a
LOAD ../../../../sdk/JN-SW-4170/Components/Library\libPDUM_JN516x.a
LOAD ../../../../sdk/JN-SW-4170/Components/Library\libZPSAPL_JN516x.a
LOAD ../../../../sdk/JN-SW-4170/Components/Library\libRandom_JN516x.a
LOAD ../../../../sdk/JN-SW-4170/Components/Library\libPDM_EEPROM_NO_RTOS_JN516x.a
LOAD ../../../../sdk/JN-SW-4170/Components/Library\libDBG_JN516x.a
LOAD ../../../../sdk/JN-SW-4170/Components/Library\libZPSGP_JN516x.a
LOAD ../../../../sdk/JN-SW-4170/Components/Library\libZPSIPAN_JN516x.a
LOAD ../../../../sdk/JN-SW-4170/Components/Library\libZPSNWK_JN516x.a
LOAD ../../../../sdk/JN-SW-4170/Components/Library\libRecal_JN516x.a
LOAD ../../../../sdk/JN-SW-4170/Components/Library\libMiniMac_JN5169.a
LOAD ../../../../sdk/JN-SW-4170/Components/Library\libMiniMacShim_JN516x.a
LOAD ../../../../sdk/JN-SW-4170/Components/Library\libMMAC_JN5169.a
LOAD ../../../../sdk/JN-SW-4170/Components/Library\libJPT_JN5169.a
LOAD ../../../../sdk/JN-SW-4170/Components/Library\libAes_JN516x.a
LOAD ../../../../sdk/JN-SW-4170/Components/Library\libHardwareApi_JN5169.a
LOAD ../../../../sdk/JN-SW-4170/Components/Library\libMicroSpecific_JN516x.a
LOAD ../../../../sdk/JN-SW-4170/Components/Library\libBoot_JN516x.a
LOAD ../../../../sdk/JN-SW-4170/Platform/DK4/Library\libBoardLib_JN516x.a
LOAD ../../../../sdk/JN-SW-4170/Components/Library\libJPT_JN5169.a
LOAD c:/nxp/bstudio_nxp/sdk/tools/ba-elf-ba2-r36379/bin/../lib/gcc/ba-elf/4.7.4/../../../../ba-elf/lib/mcpu_jn51xx_sizeopt\libm.a
END GROUP
LOAD c:/nxp/bstudio_nxp/sdk/tools/ba-elf-ba2-r36379/bin/../lib/gcc/ba-elf/4.7.4/../../../../ba-elf/lib/mcpu_jn51xx_sizeopt\libc.a
LOAD c:/nxp/bstudio_nxp/sdk/tools/ba-elf-ba2-r36379/bin/../lib/gcc/ba-elf/4.7.4/mcpu_jn51xx_sizeopt\libgcc.a
LOAD c:/nxp/bstudio_nxp/sdk/tools/ba-elf-ba2-r36379/bin/../lib/gcc/ba-elf/4.7.4/../../../../ba-elf/lib/mcpu_jn51xx_sizeopt\libc.a
                0x0000000000080038                exception_vsr_table = 0x80038
                0x0000000004000000                pSPIflashFncTable = 0x4000000
                0x0000000000000044                restore_state = 0x44
                0x000000000000004a                bZSPIWaitWIPClear = 0x4a
                0x0000000000000050                u16ZSPIflashRDID = 0x50
                0x0000000000000056                u8SelectFlashChipType = 0x56
                0x000000000000005c                memcpy = 0x5c
                0x0000000000000066                vBootFlashProg = 0x66
                [0x00000000000007d0]                __minimum_heap_size = DEFINED (__minimum_heap_size)?__minimum_heap_size:0xd16
                [0x0000000000001964]                __stack_size = DEFINED (__stack_size)?__stack_size:0x800
                0x0000000000000000                _SwConfig = (DEFINED (g_bSWConf_Debug) | (DEFINED (g_bSWConf_AltDebugPort) << 0x1))

.version        0x000000000007fffc        0x4
                0x000000000007fffc        0x4 LONG 0xf03000b

.bir            0x0000000000080000       0x10
                0x0000000000080000                _flash_start = ABSOLUTE (.)
                0x0000000000080000                _flash_beg = ABSOLUTE (.)
                0x0000000000080000        0x4 LONG 0x12345678
                0x0000000000080004        0x4 LONG 0x11223344
                0x0000000000080008        0x4 LONG 0x55667788
                0x000000000008000c        0x1 BYTE 0x8
                0x000000000008000d        0x1 BYTE 0x1
                0x000000000008000e        0x2 SHORT 0x0

.flashheader    0x0000000000080010       0x28
                0x0000000000080010        0x4 LONG 0x0
                0x0000000000080014        0x4 LONG 0x0
                0x0000000000080018        0x4 LONG 0x0
                0x000000000008001c        0x2 SHORT 0x0
                0x000000000008001e        0x2 SHORT 0x0 ABSOLUTE (_SwConfig)
                0x0000000000080020                _enc_start = ABSOLUTE (.)
                0x0000000000080020        0x4 LONG 0x34c2c ABSOLUTE (_image_len)
                0x0000000000080024        0x4 LONG 0xb43c4 ABSOLUTE (_flash_data_start)
                0x0000000000080028        0x2 SHORT 0x13 ((ABSOLUTE (_ram_data_start) / 0x4) & 0xffff)
                0x000000000008002a        0x2 SHORT 0x21a ((ABSOLUTE (_ram_data_len) / 0x4) & 0xffff)
                0x000000000008002c        0x2 SHORT 0x22d ((ABSOLUTE (_bss_start) / 0x4) & 0xffff)
                0x000000000008002e        0x2 SHORT 0x13b5 ((ABSOLUTE (_bss_len) / 0x4) & 0xffff)
                0x0000000000080030        0x4 LONG 0xb0d23 ABSOLUTE (AppWarmStart)
                0x0000000000080034        0x4 LONG 0x8bcf8 ABSOLUTE (AppColdStart)
                0x0000000000000000                _enc_offset = (_enc_start & 0xf)

.ro_mac_address
                0x0000000000080040        0x0
                0x0000000000080040                _FlsMACAddress = ABSOLUTE (.)
 *(.ro_mac_address)
                0x0000000000080040                . = ALIGN (0x10)

.ro_ota_header  0x0000000000080040        0x0
                0x0000000000080040                _FlsOtaHeader = ABSOLUTE (.)
 *(.ro_ota_header)
                0x0000000000080040                . = ALIGN (0x10)

.ro_se_lnkKey   0x0000000000080040        0x0
                0x0000000000080040                _FlsLinkKey = ABSOLUTE (.)
 *(.ro_se_lnkKey)
                0x0000000000080040                . = ALIGN (0x10)

.rodata         0x0000000000080038     0x129d
 *(.rodata*)
 .rodata        0x0000000000080038       0x40 C:\Users\nxf40467\AppData\Local\Temp\ccpeMCbV.ltrans0.ltrans.o
 .rodata.str1.1
                0x0000000000000000        0x0 C:\Users\nxf40467\AppData\Local\Temp\ccpeMCbV.ltrans0.ltrans.o
                                          0x8 (size before relaxing)
 .rodata.str1.1
                0x0000000000000000        0x0 C:\Users\nxf40467\AppData\Local\Temp\ccpeMCbV.ltrans1.ltrans.o
                                          0x3 (size before relaxing)
 .rodata        0x0000000000080078       0x80 C:\Users\nxf40467\AppData\Local\Temp\ccpeMCbV.ltrans1.ltrans.o
 .rodata.str1.1
                0x00000000000800f8       0x16 C:\Users\nxf40467\AppData\Local\Temp\ccpeMCbV.ltrans2.ltrans.o
                                         0x1c (size before relaxing)
 *fill*         0x000000000008010e        0x2 00
 .rodata        0x0000000000080110       0x78 C:\Users\nxf40467\AppData\Local\Temp\ccpeMCbV.ltrans3.ltrans.o
                0x0000000000080128                au32UartAddrOffset
 .rodata.str1.1
                0x0000000000000000       0x16 C:\Users\nxf40467\AppData\Local\Temp\ccpeMCbV.ltrans3.ltrans.o
                                          0xb (size before relaxing)
 .rodata        0x0000000000080188       0x73 C:\Users\nxf40467\AppData\Local\Temp\ccpeMCbV.ltrans4.ltrans.o
 .rodata.str1.1
                0x00000000000801fb       0x62 C:\Users\nxf40467\AppData\Local\Temp\ccpeMCbV.ltrans5.ltrans.o
 *fill*         0x000000000008025d        0x3 00
 .rodata        0x0000000000080260      0x550 C:\Users\nxf40467\AppData\Local\Temp\ccpeMCbV.ltrans5.ltrans.o
                0x0000000000080260                psAplDefaultDistributedAPSLinkKey
                0x0000000000080264                au32TimerBaseAddress
                0x0000000000080278                zps_g_pvApl
                0x000000000008027c                pwrm_psWakeupCallbacks
 .rodata.str1.1
                0x00000000000807b0       0xb5 C:\Users\nxf40467\AppData\Local\Temp\ccpeMCbV.ltrans6.ltrans.o
                                         0xbd (size before relaxing)
 .rodata.str1.1
                0x0000000000080865        0x7 C:\Users\nxf40467\AppData\Local\Temp\ccpeMCbV.ltrans7.ltrans.o
                                         0x13 (size before relaxing)
 .rodata        0x000000000008086c      0x200 C:\Users\nxf40467\AppData\Local\Temp\ccpeMCbV.ltrans7.ltrans.o
 .rodata.str1.1
                0x0000000000080a6c        0x6 C:\Users\nxf40467\AppData\Local\Temp\ccpeMCbV.ltrans8.ltrans.o
                                          0x8 (size before relaxing)
 .rodata.str1.1
                0x0000000000000000        0x6 C:\Users\nxf40467\AppData\Local\Temp\ccpeMCbV.ltrans10.ltrans.o
                                          0x4 (size before relaxing)
 .rodata        0x0000000000080a72       0x20 C:\Users\nxf40467\AppData\Local\Temp\ccpeMCbV.ltrans10.ltrans.o
 .rodata.str1.1
                0x0000000000080a92       0x13 C:\Users\nxf40467\AppData\Local\Temp\ccpeMCbV.ltrans11.ltrans.o
 *fill*         0x0000000000080aa5        0x3 00
 .rodata        0x0000000000080aa8       0x20 C:\Users\nxf40467\AppData\Local\Temp\ccpeMCbV.ltrans11.ltrans.o
                0x0000000000080aa8                s_aprIdleStHandleCme.247712
                0x0000000000080abc                u8MaxZpsConfigEp
                0x0000000000080abd                au8EpMapPresent
                0x0000000000080ac0                s_groupPdmTable
 .rodata.str1.1
                0x0000000000080ac8       0x20 C:\Users\nxf40467\AppData\Local\Temp\ccpeMCbV.ltrans12.ltrans.o
                                         0x26 (size before relaxing)
 .rodata.str1.1
                0x0000000000080ae8        0xa C:\Users\nxf40467\AppData\Local\Temp\ccpeMCbV.ltrans13.ltrans.o
                                         0x1d (size before relaxing)
 .rodata.str1.1
                0x0000000000080af2        0x5 C:\Users\nxf40467\AppData\Local\Temp\ccpeMCbV.ltrans14.ltrans.o
                                         0x20 (size before relaxing)
 *fill*         0x0000000000080af7        0x1 00
 .rodata        0x0000000000080af8      0x170 C:\Users\nxf40467\AppData\Local\Temp\ccpeMCbV.ltrans15.ltrans.o
                0x0000000000080afc                s_aprActvStHandleCme.243614
                0x0000000000080b28                s_apsStSceTbl.236075
                0x0000000000080b3c                CSWTCH.19.102200.102200
                0x0000000000080b5c                CSWTCH.22.102201.102201
                0x0000000000080b7c                CSWTCH.16.102199.102199
                0x0000000000080b9c                g_psGreenPowerContext
                0x0000000000080ba0                au32EndDeviceTimeoutConstants
                0x0000000000080bdc                zps_sJoinSceTbl
                0x0000000000080be8                zps_sActvSceTbl
 .rodata.str1.1
                0x0000000000080c68        0x5 C:\Users\nxf40467\AppData\Local\Temp\ccpeMCbV.ltrans16.ltrans.o
 .rodata.str1.1
                0x0000000000000000        0x5 C:\Users\nxf40467\AppData\Local\Temp\ccpeMCbV.ltrans18.ltrans.o
                                          0x9 (size before relaxing)
 *fill*         0x0000000000080c6d        0x3 00
 .rodata        0x0000000000080c70       0x5c C:\Users\nxf40467\AppData\Local\Temp\ccpeMCbV.ltrans18.ltrans.o
                0x0000000000080c70                g_u32NwkFcSaveCountBitShift
 .rodata        0x0000000000080ccc      0x318 C:\Users\nxf40467\AppData\Local\Temp\ccpeMCbV.ltrans19.ltrans.o
                0x0000000000080ed0                gu32ZCLVersion
                0x0000000000080ed4                ZPS_g_u32MacVersion
                0x0000000000080ed8                PDUM_g_u32Version
                0x0000000000080edc                ZPS_g_u32TsvVersion
 .rodata.str1.1
                0x0000000000080fe4       0x28 C:\Users\nxf40467\AppData\Local\Temp\ccpeMCbV.ltrans19.ltrans.o
 .rodata.str1.1
                0x0000000000000000       0x28 C:\Users\nxf40467\AppData\Local\Temp\ccpeMCbV.ltrans21.ltrans.o
                                          0x6 (size before relaxing)
 .rodata.str1.1
                0x000000000008100c       0xb9 C:\Users\nxf40467\AppData\Local\Temp\ccpeMCbV.ltrans22.ltrans.o
                                         0xe5 (size before relaxing)
 .rodata.str1.1
                0x00000000000810c5       0x35 C:\Users\nxf40467\AppData\Local\Temp\ccpeMCbV.ltrans23.ltrans.o
                                         0x6e (size before relaxing)
 .rodata.str1.1
                0x0000000000000000        0x6 C:\Users\nxf40467\AppData\Local\Temp\ccpeMCbV.ltrans24.ltrans.o
 .rodata.str1.1
                0x00000000000810fa       0x25 C:\Users\nxf40467\AppData\Local\Temp\ccpeMCbV.ltrans25.ltrans.o
 .rodata.str1.1
                0x000000000008111f       0x37 C:\Users\nxf40467\AppData\Local\Temp\ccpeMCbV.ltrans26.ltrans.o
                                         0x4c (size before relaxing)
 .rodata        0x0000000000081156       0xff C:\Users\nxf40467\AppData\Local\Temp\ccpeMCbV.ltrans26.ltrans.o
 *fill*         0x0000000000081255        0x3 00
 .rodata        0x0000000000081258       0x18 C:\Users\nxf40467\AppData\Local\Temp\ccpeMCbV.ltrans28.ltrans.o
                0x0000000000081258                au32NwkPdmRecordOffsets
 .rodata.str1.1
                0x0000000000081270       0x65 C:\Users\nxf40467\AppData\Local\Temp\ccpeMCbV.ltrans29.ltrans.o
                                         0x68 (size before relaxing)

.text           0x00000000000812d8    0x330ec
 *(.text*)
 .text          0x00000000000812d8       0x50 ../../ExtendedColorLight/Build/irq_JN516x.o
                0x00000000000812d8                PIC_ChannelPriorities
                0x00000000000812e8                PIC_SwVectTable
 .text          0x0000000000081328       0xd0 ../../ExtendedColorLight/Build/portasm_JN516x.o
                0x0000000000081328                OSMIUM_HwVectTable
                0x0000000000081364                vExternalException
 .text          0x00000000000813f8     0x28ac C:\Users\nxf40467\AppData\Local\Temp\ccpeMCbV.ltrans0.ltrans.o
                0x0000000000081609                DBG_iUartGetChar
                0x00000000000816ef                vMMAC_IntHandlerBbc
                0x0000000000081709                eBasicTxCompleteHandler
                0x000000000008170e                vTxRxTimeout.255103
                0x000000000008176b                vMacMlmeCallBackHandler.100231
                0x0000000000081a42                APP_cbTimerRadioRecal
                0x0000000000081ace                zps_eNwkHandleSmePollDcfm
                0x0000000000081af8                eSmeGenlScanDcfm.245513
                0x0000000000081b56                eSmeEdScScanDcfm.245509
                0x0000000000081b9f                eSmeUDNTBeaconInd.245505
                0x0000000000081bc4                ppvGetBuffer.101090
                0x0000000000081bef                vMicroIntEnableOnly.constprop.245
                0x0000000000081c1b                PDM_vEnterCriticalSection
                0x0000000000081c49                bGP_IsProxyTableEntryPresent.constprop.241
                0x0000000000081cbb                bGP_IsDuplicatePkt.constprop.240
                0x0000000000081e0b                zps_eNwkRtDiscMatch.constprop.230
                0x0000000000081e5e                bAHI_FullFlashRead.constprop.220
                0x0000000000081f19                zps_bAreCredPresent
                0x0000000000081ff9                pvZCL_HeapAlloc.part.0.83291.constprop.215
                0x0000000000082033                vMiniMac_MLME_SetReq_PanId
                0x0000000000082070                vMiniMac_MLME_SetReq_ShortAddr
                0x000000000008207e                ZPS_vMacPibSetBeaconPayload.constprop.189
                0x00000000000820b3                zps_vInitBeaconPayload
                0x000000000008210e                eCLD_ColourControl_GetRGB.constprop.183
                0x00000000000821e9                eZCL_ReadLocalAttributeValue.constprop.180
                0x00000000000822b8                eZCL_WriteLocalAttributeValue.constprop.178
                0x000000000008238a                eFbStartFbTarget.99250
                0x00000000000823cb                ZPS_u8MacPibGetBeaconPayload.constprop.171
                0x00000000000823e7                ZTIMER_eOpen.constprop.134
                0x0000000000082429                PDUM_vInit
                0x00000000000824d2                vCLD_ColourControl_xyY2CCT.constprop.92
                0x0000000000082583                eCLD_ColourControl_xyY2HSV.constprop.91
                0x000000000008274b                eCLD_ColourControl_HSV2xyY.constprop.90
                0x0000000000082a66                eCLD_ColourControlHandleColourModeChange
                0x0000000000082b22                eCLD_OnOffSetGlobalSceneControl.constprop.33
                0x0000000000082b49                CS_bTransitionIsValid
                0x0000000000082cef                zps_bAplZdoServerHandleConfirmAcks.constprop.9
                0x0000000000082d39                ZPS_eTsvStop
                0x0000000000082d78                zps_vAplApsStopPollTimer.part.2.109815
                0x0000000000082dff                ZPS_vDefaultApsdeResources
                0x0000000000082e6d                ZPS_vResetBoundServerContext
                0x0000000000082e70                eEdTimeoutRequestDataDcfm.234744
                0x0000000000082e91                ZPS_u8GetChannelOffset
                0x0000000000082ec4                pvHeap_Alloc
                0x0000000000082ec7                zps_eSocMacSetTxBuffers.constprop.69
                0x0000000000082f02                vMicroIntRestoreState
                0x0000000000082f0e                TSV_eStart
                0x0000000000082f5e                ZPS_eTsvStart
                0x0000000000082f9b                zps_eAplZdoBdrmRequestSend
                0x0000000000083016                vProcessTimedList.235811
                0x000000000008305c                zps_vNwkMcpsMgrPostTimed
                0x000000000008306f                zps_vAplAfPostTimerEvent
                0x000000000008310f                zps_vExpireOldRoutes
                0x0000000000083198                zps_eNwkBtrMatch
                0x0000000000083295                PDM_vExitCriticalSection
                0x00000000000832b8                bAHI_WriteEEPROMfixSegmentData
                0x0000000000083316                bAHI_InitialiseEEPROM
                0x000000000008335e                vAHI_ReadDataFromEEPROMregister
                0x000000000008338b                vAHI_WriteDataIntoEEPROMregister
                0x00000000000833bb                iAHI_WriteDataIntoEEPROMsegment.constprop.235
                0x0000000000083409                iPDM_WriteSegmentHeaderDataIntoEEPROMsegment
                0x0000000000083438                u8AHI_WakeTimerFiredStatus
                0x000000000008344c                vAHI_WakeTimerStop.part.3.257468
                0x000000000008346c                vAHI_UartReset.part.4.257222
                0x00000000000834a4                vAHI_ClockXtalPull
                0x00000000000834c1                vAHI_OptimiseWaitStates
                0x000000000008350d                bAHI_GetClkSource
                0x000000000008351a                bAHI_SetClockRate.part.0.256892.constprop.250
                0x0000000000083595                vAHI_SwReset
                0x00000000000835c6                vAHI_DioSetDirection
                0x00000000000835da                bACI_WriteKey
                0x00000000000835e8                vACI_CmdWaitBusy
                0x00000000000835f5                bACI_ECBencodeBuffer.part.0.256553.constprop.228
                0x00000000000836ac                vACI_OptimisedCcmStar.constprop.233
                0x0000000000083898                i16JPT_ConvertEnergyTodBm
                0x00000000000838aa                MAC_u64GetExtAddr
                0x00000000000838c5                ZPS_u64NwkNibFindExtAddr
                0x000000000008396b                eAppApiDefPlmeGet.part.0.255366
                0x000000000008397a                psSearchForFrameToSend
                0x00000000000839d2                eMiniMac_FrameInProgress
                0x00000000000839fd                vRemoveFromTxQueue
                0x0000000000083a39                vAddToTxQueue
                0x0000000000083a6f                u8GetHeaderSize
                0x0000000000083a97                vMiniMac_PLME_SetReq_CcaMode
                0x0000000000083aab                vMiniMac_MLME_SetReq_MaxCsmaBackoffs
                0x0000000000083acb                vMiniMac_MLME_SetReq_MaxBe
                0x0000000000083aee                vMiniMac_MLME_SetReq_MinBe
                0x0000000000083b11                zps_vSendJoinInd
                0x0000000000083b80                zps_psFormatCmdFrameGeneral
                0x0000000000083c2b                zps_eNwkFormStInit
                0x0000000000083c58                vSendDcfm.246253
                0x0000000000083c7d                bCheckMatchingEntry.245702
 .text.unlikely
                0x0000000000083ca4       0x43 C:\Users\nxf40467\AppData\Local\Temp\ccpeMCbV.ltrans0.ltrans.o
                0x0000000000083ca4                vAHI_MemoryHold.256900
 .text          0x0000000000083ce7     0x27fa C:\Users\nxf40467\AppData\Local\Temp\ccpeMCbV.ltrans1.ltrans.o
                0x0000000000083ce7                eSmeUDNTScanDcfm.244950
                0x0000000000083d03                vNwkMcpsTimerCallback
                0x0000000000083d1d                zps_eSceGenlIllegal
                0x0000000000083d24                zps_eSmeGenlIllegal
                0x0000000000083d2b                DBG_vUartFailedAssert
                0x0000000000083d2f                zps_bAplZdoBindRequestServer
                0x0000000000083e67                vPostMcpsDcfmInd.126171
                0x0000000000083e6a                psGetVsMcpsBuf.126175
                0x0000000000083e73                psGetMlmeBuf.126161
                0x0000000000083e7c                psGetMcpsBuf.126168
                0x0000000000083e85                zps_vExpireRequestKeyReq.117022
                0x0000000000083eff                psGetNlmeBuf.107305
                0x0000000000083f08                psGetNldeBuf.107326
                0x0000000000083f11                psGetApsmeBuf.107312
                0x0000000000083f17                psGetApsdeBuf.107319
                0x0000000000084030                APP_bMultimaskJoinCallBack
                0x000000000008403c                vLoopbackTimerCallback
                0x00000000000841cc                zps_psNwkSlistRemoveFromHead
                0x00000000000841e3                zps_psNwkSlistRemove
                0x000000000008421b                zps_bNwkMcpsMgrRemoveDescrFromLists
                0x0000000000084259                zps_vNwkSlistAddToTail
                0x0000000000084273                ZPS_pvNwkSecGetNetworkKey
                0x00000000000842a7                ZPS_bNwkSecHaveNetworkKey
                0x00000000000842db                ZPS_bNwkSecFindMatSet
                0x0000000000084317                zps_eNwkRctMatchNwkAddr
                0x0000000000084381                ZPS_u8NwkCalcNldeReqOverhead
                0x00000000000843bc                zps_vRemoveNextHop
                0x0000000000084471                zps_vRemoveRoute
                0x0000000000084508                zps_psNwkRtMatchNwkAddr
                0x000000000008457e                zps_vNwkFreeMcpsHandle
                0x00000000000845a8                zps_u8NwkAllocateMcpsHandle
                0x00000000000845f9                zps_psNwkMcpsMgrFindPendingByNwkDstAddr
                0x000000000008460f                ZPS_u64NwkNibGetMappedIeeeAddr
                0x000000000008463f                ZPS_vNwkSecResetDevice
                0x0000000000084687                ZPS_bNwkNibNtActvMatch
                0x0000000000084739                bCheckNwkAddr
                0x0000000000084782                bIsBindTableMatch.111506
                0x00000000000847ea                eRemoveEntryInBindingTable.111510
                0x000000000008486e                zps_eAplTrustCenterFindDevice
                0x00000000000848b2                ZPS_vSetExtendedStatus
                0x00000000000848c4                zps_eNwkRtMatch
                0x00000000000849d2                eAllocateNPDU.102462
                0x0000000000084a35                PDUM_eNPduClone
                0x0000000000084a81                PDUM_hAPduAllocateAPduInstance
                0x0000000000084adb                hZCL_AllocateAPduInstance
                0x0000000000084b18                zps_eAplZdoSendZdpResponse
                0x0000000000084b61                bSendResponse.144309
                0x0000000000084ba4                zps_psApsApsAllocateDcfmRecord
                0x0000000000084c12                zps_u8CalcLinkCost
                0x0000000000084c4e                ZPS_u8NwkNibNtDiscMatch
                0x0000000000084d32                zps_u8NwkLibChannelLow
                0x0000000000084d41                zps_u64NwkLibFromPayload
                0x0000000000084d80                psAddToDiscNt.245498
                0x0000000000084f1c                zps_vNwkLibU64ToPayload
                0x0000000000084f49                zps_eNwkDcfmIndPost
                0x0000000000084f6b                zps_psNwkDcfmIndGetBuf
                0x0000000000084f8d                zps_eNwkHandleSmeDutyCycleInd
                0x0000000000084fb5                eRouteRequestDataDcfm.240569
                0x0000000000085009                eNldeDataDcfm.238287
                0x0000000000085039                zps_vSendNwkStatusInd
                0x0000000000085069                eLeaveDataDcfmRemoteLeave.231795
                0x00000000000850c4                DBG_vInit
                0x0000000000085106                psSLISTsearch
                0x0000000000085146                psSLISTremove
                0x00000000000851c4                psSLISTgetNext
                0x00000000000851e8                iSLISTnumberOfNodes
                0x00000000000851ff                u8PDM_CalculateFileSystemCapacity
                0x0000000000085214                u8PDM_ReadSequenceNumber
                0x0000000000085237                boSegmentNumberDeleteSearchMatch.224924
                0x0000000000085252                u8PDM_ReadSegmentDataSize
                0x0000000000085266                u32PDM_ReadFileSystemHeaderWearCount
                0x000000000008527c                boSearchForWearCountSubstitute.225244
                0x00000000000852a2                boSearchForWearCountInsertPoint.224473
                0x00000000000852c0                vPDM_WriteFileSystemHeaderWearCount
                0x00000000000852d2                vPDM_ReadBitmapHeader.223384
                0x00000000000852f1                RND_u32GetRand256
                0x000000000008530e                RND_u32GetRand
                0x0000000000085336                u16CalculateFailedTxCount
                0x0000000000085366                vZdoIeeeAddrServerSendExtendResponse.part.0.130262
                0x00000000000853ca                vZdoNwkAddrServerSendExtendResponse.part.0.128996
                0x000000000008542e                zps_bPerformLeaveActionDecider
                0x0000000000085433                vHandleUpdateDeviceIndication.117054
                0x000000000008545d                zps_vByteCopy.part.2.113194
                0x0000000000085479                zps_vByteCopy
                0x0000000000085491                bDuplicateCheck.113002
                0x000000000008559e                zps_vAplApsInitDuplicateTable
                0x00000000000855c1                eHandleRemoveNonBroadcastEndpointsFromGroup.111486
                0x0000000000085639                eHandleAddEntryToGroupTable.111473
                0x0000000000085695                zps_vAplApsInitFragTransmitPool
                0x00000000000856b6                zps_vAplApsFillAndPostApsAck
                0x0000000000085720                zps_u8AplApsFreeMsgHandle
                0x000000000008578a                zps_vAplApsInitSyncMsgPool
                0x00000000000857c2                zps_vAplApsInitFragReceivePool
                0x00000000000857e5                vFillDataIndStruct.106983
                0x0000000000085843                vFillApduErrorEvent.106976
                0x0000000000085886                bCheckProfile.106971
                0x00000000000858cd                vWrite64Nbo
                0x00000000000858fa                vWrite32Nbo
                0x0000000000085912                ZPS_bIsGroupPresent
                0x000000000008594a                PDUM_u16SizeNBO
                0x00000000000859a8                PDUM_u16APduInstanceWriteStrNBO
                0x0000000000085b27                PDUM_eNPduReadFooterNBO.part.5.102531
                0x0000000000085b6c                PDUM_u16APduInstanceReadNBO
                0x0000000000085bb7                PDUM_u16APduInstanceWriteNBO
                0x0000000000085c21                PDUM_thAPduInstanceGetApdu
                0x0000000000085c3c                PDUM_eAPduFreeAPduInstance
                0x0000000000085ca2                zps_bAplZdoMgmtLqiServer
                0x0000000000085ed7                zps_bAplZdoMgmtRtgServer
                0x0000000000086017                PDUM_eAPduInstanceSetPayloadSize
                0x000000000008603f                PDUM_eNPduWriteDataFromBuffer
                0x0000000000086099                PDUM_eNPduWriteDataToBuffer
                0x00000000000860f7                PDUM_eNPduWriteFromBuffer
                0x0000000000086120                PDUM_eNPduDescend
                0x0000000000086146                PDUM_eNPduAscend
                0x000000000008616c                PDUM_eNPduClaimData
                0x00000000000861d9                PDUM_eNPduAppendDataNBO
                0x0000000000086236                PDUM_eNPduClaimHeader
                0x0000000000086259                PDUM_eNPduReadHeaderNBO
                0x00000000000862ac                PDUM_eNPduPrependHeaderNBO
                0x0000000000086307                PDUM_eNPduFree
                0x0000000000086365                zps_vNwkMcpsMgrFreeReqDescr
                0x000000000008639a                zps_vNwkRemoveConflictedBroadcast
                0x00000000000863ef                ZPS_vInterceptMcpsDataCallback
                0x0000000000086451                PDUM_eNPduInitDescending
                0x000000000008646c                zps_vInitAPSMECmdHdr
                0x00000000000864a3                ZPS_u8MacGetChannelOffsetFromMask
                0x00000000000864b2                ZPS_eMacValidateChannelMask
 .text          0x00000000000864e1     0x1c97 C:\Users\nxf40467\AppData\Local\Temp\ccpeMCbV.ltrans2.ltrans.o
                0x00000000000864e1                vPermitJoinHandleExpiry.239347
                0x00000000000864ea                u16GP_APduInstanceReadWriteLongString
                0x00000000000865f3                zps_bAplZdoNodeDescServer
                0x0000000000086765                zps_bAplZdoPowerDescServer
                0x0000000000086889                zps_bAplZdoActiveEpServer
                0x0000000000086972                vPostVsMcpsDcfmInd.126178
                0x00000000000869fc                vZGPParseMacMcpsData
                0x0000000000086ba9                vZdoServersInit.2889
                0x0000000000086d2c                zps_bAplZdoSimpleDescServer
                0x0000000000086f7a                vPostMlmeDcfmInd.126164
                0x0000000000087029                u16ZCL_APduInstanceReadStringNBO
                0x00000000000870fd                eZCL_GetAttributeTypeSizeFromBuffer
                0x0000000000087174                u16ZCL_APduInstanceWriteNBO
                0x00000000000871c8                u16ZCL_WriteCommandHeader
                0x0000000000087240                u16ZCL_GetTxPayloadSize
                0x0000000000087278                bGP_GPDFValidityCheck
                0x000000000008741e                vGP_RestorePersistedData
                0x00000000000874a2                bGP_CheckFrameToBeProcessed
                0x00000000000874e3                u8ZdoBindUnbindServerUnpackApdu
                0x0000000000087532                zps_sZgpAddTxQueue
                0x0000000000087652                zps_bZgpRemoveTxQueue
                0x00000000000876e0                ZPS_psZgpFindGpstEntry
                0x0000000000087737                vGP_RemoveGPDFromProxySinkTable
                0x00000000000877b4                ZPS_eTsvOpen
                0x00000000000877d1                zps_eNwkHandleSceNwkUpdate
                0x00000000000877f5                zps_vSendJoinDcfm
                0x000000000008783b                vGiveUp.249041
                0x0000000000087873                zps_vNwkMcpsMgrInit
                0x0000000000087915                ZPS_u16NwkNibFindNwkAddr
                0x00000000000879b6                eCLD_ScenesSetLastConfiguredBy.isra.2.38413
                0x00000000000879ed                ZPS_u8MacIFTGetIntfState
                0x0000000000087a0a                u32GetScanChannels.isra.3.117099
                0x0000000000087a3f                ZPS_u8MacIFTGetChannelMaskCount
                0x0000000000087a7f                zps_vNwkHandleCmeGetInterface
                0x0000000000087bcb                ZPS_vMacIFTGetChannelMaskFromMacId
                0x0000000000087c4d                u8PDM_CalculateLargestDataRecordStored
                0x0000000000087c7e                iPDM_FilterDuplicateAppendedSegmentsOnList.225543
                0x0000000000087cc5                ZPS_bIsMacAddressUsedInApsTable
                0x0000000000087d96                eCLD_GroupsCheckGroupExists
                0x0000000000087e03                eCLD_ScenesFindActiveScene
                0x0000000000087e20                ZPS_vGetDeviceCurrentData.constprop.15
                0x0000000000087e9f                vNwkMcpsSendTimedDfcm
                0x0000000000087ee4                zps_vNwkBttMgrInit
                0x0000000000087f12                ZPS_vNwkNibClearTables
                0x000000000008803d                ZPS_u8GrabMutexLock.constprop.256
                0x0000000000088080                ZPS_u8ReleaseMutexLock.constprop.255
                0x00000000000880ab                vEnableReceive.255105
                0x00000000000880e4                psGetTxFrameBuffer
                0x0000000000088120                psGetAndBuildCoordRealignment
 .text          0x0000000000088178     0x1bfe C:\Users\nxf40467\AppData\Local\Temp\ccpeMCbV.ltrans3.ltrans.o
                0x00000000000881b2                eSmeASFlBeaconInd.245521
                0x00000000000881d4                DBG_vUartInitHardware
                0x0000000000088311                eSmeAcScBeaconInd.245529
                0x0000000000088421                zps_psAllocateAndFormatMacHdr
                0x0000000000088784                bPCA9634_WriteRegister
                0x0000000000088802                bRGB_LED_SetLevel
                0x000000000008884f                vLI_UpdateDriver
                0x0000000000088895                vLI_Start.constprop.155
                0x00000000000888f8                bRGB_LED_On
                0x000000000008890c                bRGB_LED_Off
                0x0000000000088941                vRGBLight_SetLevels
                0x0000000000088973                vUpdateBulbFromZCL.6541
                0x00000000000889e9                zps_vDefaultNwkLayer
                0x0000000000088c1f                vDLISTaddToHead
                0x0000000000088c48                vDLISTaddToTail
                0x0000000000088c6b                psDLISTremoveFromHead
                0x0000000000088c96                psDLISTremove
                0x0000000000088ce4                eZCL_TimerRegister.part.1.91502.constprop.97
                0x0000000000088d25                vApp_GP_RegisterDevice.constprop.93
                0x0000000000088f55                eGp_BufferTransmissionPacket
                0x00000000000890bc                bGP_AliasPresent
                0x0000000000089204                iPDM_SearchForBufferIdInList
                0x0000000000089239                iPDM_ReadUserDataFromSegmentOnListWithId
                0x0000000000089277                iPDM_SearchForBufferIdInFileSystem
                0x000000000008928a                iPDM_ReadUserDataFromSegmentWithId
                0x00000000000892bf                PDM_eReadDataFromRecord.part.0.223734
                0x0000000000089346                PDM_eReadDataFromRecord
                0x0000000000089366                vLoadAplRecord.117083
                0x0000000000089394                vLoadNwkRecord.236787
                0x00000000000893cc                iPDM_SearchForSpecificSegmentInList
                0x00000000000893fe                bPDM_FindLastMarkerSegment.224766
                0x000000000008944b                zps_vSocMacHandleMcpsVsReqRsp.constprop.238
                0x00000000000895da                eZCL_TransmitInterPanRequest.constprop.165
                0x00000000000897cb                BDB_eTlSendScanResponse.97856.constprop.153
                0x0000000000089954                eCLD_ZllCommissionCommandNetworkStartRspCommandSend.constprop.164
                0x00000000000899b2                vMiniMac_Init
 .text.unlikely
                0x0000000000089d76       0x31 C:\Users\nxf40467\AppData\Local\Temp\ccpeMCbV.ltrans3.ltrans.o
                0x0000000000089d76                eCLD_ZllCommissionCommandNetworkJoinRouterRspCommandSend.constprop.163
 *fill*         0x0000000000089da7        0x1 00
 .text          0x0000000000089da8     0x1f50 C:\Users\nxf40467\AppData\Local\Temp\ccpeMCbV.ltrans4.ltrans.o
                0x0000000000089da8                DBG_vUartPutch
                0x0000000000089dee                DBG_vUartFlush
                0x0000000000089ebe                boIdValueSearchMatch.224477
                0x0000000000089f18                zps_vNwkHandleCmePermitJoinReq
                0x000000000008a035                vCLD_IdentifyTimerClickCallback.30213
                0x000000000008a0a9                vMiniMac_ReturnTxBufferCallback
                0x000000000008a0d5                vMMAC_RadioToOffAndWait
                0x000000000008a0f2                vStartReceive
                0x000000000008a10e                vSetChannelAndPower
                0x000000000008a3f1                vMiniMac_NextTransaction
                0x000000000008a45b                eTransmit
                0x000000000008a529                eBuildAndSend.254756
                0x000000000008a59e                ZPS_vMacPibSetRxOnWhenIdle
                0x000000000008a5e3                vMiniMac_TxComplete
                0x000000000008a6d4                vTimerFired
                0x000000000008a7a9                vMiniMac_PLME_SetReq_Power
                0x000000000008a7be                vMiniMac_PLME_SetReq_Channel
                0x000000000008a7c7                eCLD_ScenesSaveClusters.constprop.42
                0x000000000008aa5a                vCLD_ScenesUpdateSceneValid
                0x000000000008aad7                eCLD_OnOffSceneEventHandler.33513
                0x000000000008ab72                eCLD_LevelControlUpdate
                0x000000000008aeab                eCLD_LevelControlStopTransition
                0x000000000008aede                eCLD_LevelControlSetOnOffState
                0x000000000008b012                eCLD_ColourControlUpdate
                0x000000000008b4ee                eCLD_ColourControlSceneEventHandler.45070
                0x000000000008b53a                iPDM_ReadSegmentHeaderDataFromEEPROMsegment
                0x000000000008b593                iPDM_ReadUserDataFromEEPROMsegment
                0x000000000008b60d                iPDM_ReCalculateWearCountAndChecksumAndWriteFileSystemHeader
                0x000000000008b657                vPDM_SetEEPROMandFileSystemValidState
                0x000000000008b67e                iPDM_ReadUserDataFromFileSystemRecord
                0x000000000008b69e                iPDM_CompareDataInFileRecords.224737
                0x000000000008b6da                PWRM_vWakeInterruptCallback
                0x000000000008b761                vPDM_WriteFileSystemRecordAndSegmentDataIntoEEPROMsegment
                0x000000000008b79d                eCLD_ScenesUpdate
                0x000000000008ba5e                u16ZCL_APduInstanceReadNBO
                0x000000000008baaf                u16ZCL_ReadCommandHeader.part.0.74826
                0x000000000008bb26                eZCL_CustomCommandReceiveScenes.isra.0.part.1.38397.constprop.29
                0x000000000008bc1a                u16ZCL_APduInstanceWriteStringNBO.part.0.71824
 .text          0x000000000008bcf8     0x1708 C:\Users\nxf40467\AppData\Local\Temp\ccpeMCbV.ltrans5.ltrans.o
                0x000000000008bcf8                AppColdStart
 .text          0x000000000008d400     0x1a5d C:\Users\nxf40467\AppData\Local\Temp\ccpeMCbV.ltrans6.ltrans.o
                0x000000000008d400                eSmeAcScBeaconInd.245707
                0x000000000008d4a3                eBeaconReqSent.254750
                0x000000000008d4ca                zps_bAplZdoIeeeAddrServer
                0x000000000008d626                zps_bAplZdoNwkAddrServer
                0x000000000008db88                vZgpSendTxAfterRx
                0x000000000008dc84                vfExtendedStatusCallBack
                0x000000000008dc8f                vPDM_AddFileSystemElementToListInAscendingWearCountOrder
                0x000000000008ddb7                iPDM_GetWearLevelledBuffer
                0x000000000008de8a                iPDM_WriteSegmentHeaderAndData
                0x000000000008dfd8                zps_u8AplApsConstructAndPostLoopBackDataInd.109929
                0x000000000008e111                u8PostUnicastMsgToNHLE.109937
                0x000000000008e14a                vSendToTxQueue
                0x000000000008e4c7                PWRM_vManagePower
                0x000000000008e612                psDLISTsearchFromHead
                0x000000000008e63b                eCLD_ScenesAddScene
                0x000000000008e70f                eCLD_ScenesFindScene
                0x000000000008e75d                eCLD_ScenesStoreScene
                0x000000000008e815                eCLD_ScenesRemoveAllScenes
                0x000000000008e8ae                vFreePendingReqDescr
                0x000000000008e919                vHandleRouteDiscoveryExpiry.240108
                0x000000000008e977                bHasTimerFired.89444
                0x000000000008e9e3                u16ZCL_WriteAttributeValueIntoBuffer
                0x000000000008ea69                eHandleRemoveBroadcastEndpointsFromGroup.111469
                0x000000000008eac3                ZPS_bSecDecrypt
                0x000000000008ebb4                zps_vNwkMcpsMgrTidyBtrReqDescr
                0x000000000008ebf9                vNwkBttTimerExpiry.243662
                0x000000000008ed1b                eZCL_SetReceiveEventAddressStructure
                0x000000000008ed9b                vShowException
 .text          0x000000000008ee5d     0x216a C:\Users\nxf40467\AppData\Local\Temp\ccpeMCbV.ltrans7.ltrans.o
                0x000000000008ee5d                APP_cbTimerPowerCount
                0x000000000008eed4                vIncrementFrameCounterInPdm.isra.0.237239
                0x000000000008f0b5                zps_eNwkSecEncryptPacket
                0x000000000008f1cb                vProcessListsForSubmission.235907
                0x000000000008f415                zps_vNwkMcpsMgrPost
                0x000000000008f54b                zps_eNwkHandleSceRouteRequest
                0x000000000008fa1f                zps_eNwkHandleSceRouteReply
                0x000000000008fcf2                zps_psSendNetworkLinkPowerDelta.241977
                0x000000000008fd84                zps_eNwkHandleSceNwkLinkPowerDelta
                0x000000000008fd9e                zps_psNwkSendRejoinReqCmd
                0x000000000008fe1c                zps_u8NwkHandleRejoinReq
                0x000000000008fedc                vContinueRejoin.248207
                0x000000000008ff83                zps_eNwkHandleSdeActvDcfmData
                0x0000000000090108                vMcpsMgrTimeoutExpiry
                0x0000000000090172                vSaveScenesNVM
                0x000000000009021a                eZLO_RegisterExtendedColourLightEndPoint.constprop.79
                0x0000000000090a21                eCLD_GroupsRemoveAllGroups
                0x0000000000090acc                APP_vRemoveAllGroupsAndScenes
                0x0000000000090ade                vR21_ConvertToR22_BindingTable.4627
                0x0000000000090c38                vR21_ConvertToR22_NT.4632
                0x0000000000090cf0                vR21_ConvertToR22_Aib.4669
                0x0000000000090d55                vR21_ConvertToR22_Nib.4713
                0x0000000000090de3                vSaveZCLRecord.6534
                0x0000000000090ef2                vResetZCLRecords
                0x0000000000090f11                vLoadDefaultConfigForReportable
                0x0000000000090f59                vRestoreDefaultRecord
 .text          0x0000000000090fc7     0x1b53 C:\Users\nxf40467\AppData\Local\Temp\ccpeMCbV.ltrans8.ltrans.o
                0x0000000000091123                vManagePowerOnCountInit
                0x000000000009116b                zps_psFindKeyDescr
                0x000000000009128c                zps_vAplSaveRecord
                0x000000000009133b                zps_eAplZdoGroupEndpointRemove.part.1.122335
                0x00000000000913c0                zps_eAplAibSetApsUseExtendedPanId
                0x00000000000914b0                zps_bNwkFindAddIeeeAddr
                0x0000000000091638                eMakeEntryInBindingTable.isra.2.111520
                0x00000000000916d3                zps_eAplZdoAddReplaceLinkKey_W
                0x0000000000091797                zps_eNwkHandleSceLinkStatus
                0x00000000000918cb                ZPS_bNwkNibAddrMapAddEntry
                0x0000000000091a80                eCheckAddrConflict.isra.7.234873
                0x0000000000091b1b                vAplSecRemoveLinkKey.117139
                0x0000000000091beb                ZPS_vNtSetUsedStatus
                0x0000000000091cba                vInitUnknownNeighbor.235818.constprop.143
                0x0000000000091d13                zps_vJoinInitNtParent
                0x0000000000091ef7                zps_bAplZdoParentAnnceServer
                0x0000000000092091                zps_vBuildSortedActvNTList
                0x000000000009215d                zps_vAgeRouter
                0x0000000000092195                zps_sNwkNibNtCheckJoin.part.8.237533
                0x000000000009244e                zps_vNwkHandleCmeDirectJoinReq
                0x00000000000924f7                zps_vCheckActvNtForDuplicate
                0x0000000000092597                zps_vCleanUnAuthenHandleExpiry
                0x00000000000926c4                eUnsolicitedRejoinRspDataDcfm.234618
                0x00000000000926ef                eRejoinRspDataDcfm.248211
                0x000000000009279b                ZPS_vNwkNibSetNwkAddr
                0x00000000000927c6                zps_eNwkHandleSceRejnResponse
                0x0000000000092823                ZPS_vNwkNibSetExtPanId
                0x0000000000092854                vFinish.249499
                0x00000000000928a9                eSmeOrphScanDcfm.249512
                0x0000000000092921                ZPS_vNwkNibSetKeySeqNum
                0x0000000000092936                ZPS_vNwkNibSetDepth
                0x000000000009296c                ZPS_vNwkNibSetUpdateId
                0x0000000000092998                vSendNetworkUpdate.234606
                0x0000000000092acd                ZPS_vNwkNibSetPanId
                0x0000000000092aec                ZPS_vNwkNibSetCapabilityInfo
 *fill*         0x0000000000092b1a        0x2 00
 .text          0x0000000000092b1c     0x1b38 C:\Users\nxf40467\AppData\Local\Temp\ccpeMCbV.ltrans9.ltrans.o
                0x0000000000092edd                vSendMlmeCommStatusFromTxFrame
                0x0000000000092f33                zps_vSocMacHandleMlmeVsReqRsp.constprop.194
                0x0000000000093466                zps_sNwkStart
                0x0000000000093508                ZPS_pvNwkCtor.constprop.187
                0x0000000000093870                zps_vNwkHandleCmeActvStartRouterReq
                0x0000000000093907                zps_sNwkLibSubmitScan
                0x0000000000093940                eSmeAcScScanDcfm.246264
                0x0000000000093cb6                zps_vNwkHandleCmeIdleNwkFormReq
                0x0000000000093dc7                zps_vNwkHandleCmeNwkDiscReq
                0x0000000000093e41                zps_vNwkDiscUpdateNT
                0x0000000000093ee5                zps_eNwkHandleSmeBeaconNotifyInd
                0x0000000000093f73                zps_eNwkHandleSceNwkReport
                0x0000000000093ff9                eSmeEdScScanDcfm.246257
                0x00000000000940a9                zps_vNwkHandleCmeEdScanReq
                0x00000000000940f6                vScanBeaconReceived
                0x0000000000094136                vRunningRxCallback
                0x0000000000094437                vPostDcfm.254767
                0x00000000000944a0                vScanNextChannel.254754
 .text          0x0000000000094654     0x18b4 C:\Users\nxf40467\AppData\Local\Temp\ccpeMCbV.ltrans10.ltrans.o
                0x00000000000946b6                vRetryCcaFailure
                0x0000000000094750                APP_cbTimerButtonScan
                0x0000000000094b33                zps_bAplZdoMatchDescServer
                0x0000000000094b47                eOrphanNotificationSent.254746
                0x0000000000094b90                dbg_vPrintfImplNoneVerbose
                0x0000000000095017                ZPS_bSecEncrypt
                0x00000000000951c8                eZCLAddReport
                0x0000000000095470                eZCL_CreateLocalReport.constprop.102
                0x00000000000954dd                vMiniMac_McpsCallback
                0x0000000000095793                eMcpsTxCompleteHandler.254071
                0x00000000000957c1                eCLD_ScenesCountScenes
                0x00000000000957db                AESSW_vMMOFinalUpdate
                0x000000000009589d                AESSW_vHMAC_MMO
                0x0000000000095939                zps_pvAesGetKeyFromInstallCode
                0x0000000000095ac6                ZPS_vSetKeys
                0x0000000000095b70                APP_vHandleIdentify
                0x0000000000095bc9                boPDM_IsBitmapSaturated.223419
                0x0000000000095c12                APP_bButtonInitialise
                0x0000000000095c58                ZPS_u8MacIFTAddUpdateChannelMask
                0x0000000000095cf2                ZPS_u16MacIFTGetIDByChannelMask
                0x0000000000095d37                zps_eAplAibSetApsChannelMask
                0x0000000000095d62                zps_psNwkInitCmdFrame
                0x0000000000095de1                eSendLinkStatusDataDcfm.part.1.233486
 *fill*         0x0000000000095f08        0x0 00
 .text          0x0000000000095f08     0x182c C:\Users\nxf40467\AppData\Local\Temp\ccpeMCbV.ltrans11.ltrans.o
                0x0000000000095f08                zps_vNwkHandleCmeNwkJoinReq
                0x000000000009631c                zps_eNwkHandleSmeOrphanInd
                0x0000000000096461                eRejoinNetwork.117101
                0x0000000000096526                APP_vInitialiseNode
                0x00000000000973ce                eDiscoverNetworks
                0x000000000009742a                eStartRouter
                0x000000000009751b                vHandleJoinDCfm.isra.19.117501
 .text          0x0000000000097734     0x179c C:\Users\nxf40467\AppData\Local\Temp\ccpeMCbV.ltrans12.ltrans.o
                0x0000000000097734                zps_eNwkHandleSmeAssocInd
                0x0000000000097762                vTransformKey.isra.0.113189
                0x00000000000977cd                zps_eAplSecEncryptPacket
                0x0000000000097b99                ZPS_vAplHandleApsdeReqRsp
                0x0000000000097fb2                zps_eAplZdpApsdeReqInternal
                0x0000000000098021                zps_eAplZdpGenStatusOnlyResponse
                0x0000000000098172                zps_eAplSendApsmeCmdFrame
                0x00000000000982e6                vNsTclkSendReqKey.96928
                0x00000000000983c7                zps_eAplApsmeUpdateDeviceReqRsp.part.4.111619
                0x0000000000098515                vPostNlmeDcfmInd.107308
                0x0000000000098ca6                zps_eAplZdoLeaveNetwork.constprop.184
                0x0000000000098ccb                vNsLeaveNwk.96930
                0x0000000000098cdb                zps_bAplZdoMgmtLeaveServer
 .text          0x0000000000098ed0     0x1b28 C:\Users\nxf40467\AppData\Local\Temp\ccpeMCbV.ltrans13.ltrans.o
                0x0000000000098ed0                ZPS_vNwkMacDataPollRequest
                0x0000000000099257                zps_vNwkHandleCmeRouteDiscoveryReq
                0x0000000000099425                zps_eNwkHandleSceRouteRecord
                0x000000000009951c                zps_eNwkHandleSceNwkEdTimeoutReq
                0x0000000000099617                vSendNetworkReport.234602
                0x00000000000996f5                vMiniMac_MlmeCallback
                0x00000000000998ec                ZPS_vNwkSaveAllRecords
                0x0000000000099917                zps_vSaveAllZpsRecords
                0x0000000000099936                ZPS_vSetDevicePreviousData.constprop.16
                0x0000000000099ab4                APP_vFactoryResetRecords
                0x0000000000099d32                ZPS_vNMPurgeEntry
                0x0000000000099ef2                zps_psSendFrm
                0x000000000009a250                zps_psSendBroadcastFrm.part.0.246942
                0x000000000009a2b8                zps_psNwkSendLeaveCmd
                0x000000000009a320                zps_vNwkSecondTickHandleExpiry
                0x000000000009a534                zps_vNwkHandleCmeLeaveReq
                0x000000000009a652                zps_eNwkHandleSceLeave
                0x000000000009a7ee                zps_psSendNetworkStatusCmd
                0x000000000009a85b                zps_eDefaultDataDcfm
                0x000000000009a94d                zps_vProcessLocalAddrConflict
 .text          0x000000000009a9f8     0x1984 C:\Users\nxf40467\AppData\Local\Temp\ccpeMCbV.ltrans14.ltrans.o
                0x000000000009a9f8                zps_vNwkHandleCmeNwkActvJoinReq
                0x000000000009aa04                zps_eNwkSendJoinResponse
                0x000000000009abea                zps_vProcessChildAddrConflict
                0x000000000009ae59                vSdeHandleMcpsDataInd.235932.constprop.137
                0x000000000009be95                ZPS_vNwkNibCheckAndUpdateAddresses
                0x000000000009bf36                zps_bAplZdoDeviceAnnceServer
                0x000000000009c1e6                zps_eNwkHandleSceNwkStatus
 .text          0x000000000009c37c     0x156b C:\Users\nxf40467\AppData\Local\Temp\ccpeMCbV.ltrans15.ltrans.o
                0x000000000009c37c                u8GP_SecurityProcessCallback
                0x000000000009c611                vMcpsMgrExpiry.235734
                0x000000000009c671                zps_vNwkHandleCmeSyncReq
                0x000000000009c78e                zps_vNwkHandleCmeSetInterface
                0x000000000009c948                vBbcIntHandler.253642
                0x000000000009cc3f                eAssocRespSent.253959
                0x000000000009cdb0                zps_eRejoinDataDcfm
                0x000000000009ce6d                eSmeAsocAssocDcfm.249667
                0x000000000009cef1                eSmeRjPCPollDcfm.249663
                0x000000000009d00a                zps_vZgpDeviceActiveTimerExpiry
                0x000000000009d0e6                zps_eNwkProcessJoinInd
                0x000000000009d4ab                ZPS_vNwkHandleNldeReqRsp
                0x000000000009d6da                zps_eAplApsmeCmdMgrSendCommand
                0x000000000009d7b7                zps_vAplApsmeCmdMgrRetryTimeout.111446
                0x000000000009d7e4                zps_eAplZdoGroupEndpointAdd
 *fill*         0x000000000009d8e7        0x1 00
 .text          0x000000000009d8e8     0x18c0 C:\Users\nxf40467\AppData\Local\Temp\ccpeMCbV.ltrans16.ltrans.o
                0x000000000009d997                vZdoBdrmSendNextTimedRequest
                0x000000000009ddfc                zps_bAplZdoBindUnbindServer
                0x000000000009e25f                eZCL_TransmitDataRequest
                0x000000000009e70a                eZCL_SendDefaultResponse
                0x000000000009e809                eZCL_CustomCommandReceive
                0x000000000009e977                eGP_HandleZgpNotification
                0x000000000009ecea                eCLD_BasicCommandHandler
                0x000000000009ed59                eCLD_OnOffCommandReceive
                0x000000000009ed62                vReportTimerClickCallback
 .text          0x000000000009f1a8     0x17bc C:\Users\nxf40467\AppData\Local\Temp\ccpeMCbV.ltrans17.ltrans.o
                0x000000000009f1a8                vZCL_EventHandler
 .text          0x00000000000a0964     0x17bb C:\Users\nxf40467\AppData\Local\Temp\ccpeMCbV.ltrans18.ltrans.o
                0x00000000000a0b49                vHandleEdTimeoutReqExpiry.234610
                0x00000000000a0bf2                vHandleNwkLocalUpdateAfterBcast.234623
                0x00000000000a0c46                vHandleNwkRemoteUpdateAfterBcast.234614
                0x00000000000a0c9a                ZPS_vNwkHandleNlmeReqRsp
                0x00000000000a0d17                zps_vAplAfPostEvent
                0x00000000000a0ed6                vZGPcStubMcpsInd.225837
                0x00000000000a1743                vPostApsdeDcfmInd.107322
                0x00000000000a1936                zps_vHandleApsdeDataFragIndNotSupported
                0x00000000000a198d                vZGPdCfm
                0x00000000000a19c3                vZgpAgeTxQueue
                0x00000000000a1a71                vHandleApsInterPanDcfmData
                0x00000000000a1cee                vApsInterPanMcpsDataInd
                0x00000000000a1e95                zps_eAplZdoNlmePermitJoiningWrapper
                0x00000000000a1ebd                zps_bAplZdoPermitJoiningServer
                0x00000000000a1f87                vStartScanTimerExpiry.145572
                0x00000000000a1fc3                vChangeChannelTimerExpiry.145576
                0x00000000000a203a                eLeaveReset.231800
                0x00000000000a20a5                eLeaveDataDcfmLocalLeave.231805
 .text          0x00000000000a211f     0x1cad C:\Users\nxf40467\AppData\Local\Temp\ccpeMCbV.ltrans19.ltrans.o
                0x00000000000a211f                vMacMcpsCallBackHandler.100235
                0x00000000000a2130                bCLD_ScenesSearchForScene.38749
                0x00000000000a2163                eCLD_LevelControlSceneEventHandler.31692
                0x00000000000a21ac                DriverBulb_vSetTunableWhiteColourTemperature
                0x00000000000a21af                bAllowInterPanEp.10304
                0x00000000000a21fb                APP_ZCL_cbGeneralCallback.6527
                0x00000000000a21fe                zps_vGetZpsMutex
                0x00000000000a2207                bCLD_GroupsSearchForGroup.29074
                0x00000000000a222c                InvShiftRows
                0x00000000000a22bf                InvSubBytes
                0x00000000000a2305                AddRoundKey
                0x00000000000a2346                getSBoxValue.98739
                0x00000000000a2368                eZCL_DoesAttributeHaveReportableChange
                0x00000000000a2385                eZCL_GetAttributeReportableEntry
                0x00000000000a243d                vZCL_AlignNumericAttributeValueTo64.88875
                0x00000000000a254c                vZCL_SetDefaultReporting
                0x00000000000a257e                eZCL_BuildClientTransmitAddressStructure
                0x00000000000a25af                u8GetTransactionSequenceNumber
                0x00000000000a25c1                bZCL_CheckAttributeDirectionFlagMatch
                0x00000000000a25e5                bZCL_CheckManufacturerSpecificAttributeFlagMatch
                0x00000000000a2603                eZCL_SearchForAttributeEntry
                0x00000000000a26a8                eZCL_GetAttributeTypeSize
                0x00000000000a26c7                vZCL_MarkAttributeInvalid
                0x00000000000a2796                u8ZCL_GetAttributeAllignToFourBytesBoundary
                0x00000000000a27ab                pvZCL_GetAttributePointer
                0x00000000000a2821                vCLD_ScenesGenerateIndividualAttributeCallback
                0x00000000000a287b                eZCL_StoreChangeAttributeValue
                0x00000000000a291a                u16ZCL_WriteTypeNBO.part.0.71732
                0x00000000000a298f                u16ZCL_GetStringStructureSize
                0x00000000000a29cc                u16ZCL_GetStringAttributeTypeSizeFromBuffer
                0x00000000000a2a3d                u16ZCL_GetStringSizeAndBufferFromStructure
                0x00000000000a2acc                eZCL_GetAttributeTypeSizeFromStructure
                0x00000000000a2b45                bZCL_SendCommandResponse
                0x00000000000a2b61                vZCL_InitializeClusterInstance
                0x00000000000a2b76                u8ZCL_GetEPIdFromIndex
                0x00000000000a2b98                eZCL_SearchForEPIndex
                0x00000000000a2bd2                eZCL_SearchForClusterEntry
                0x00000000000a2c4c                eZCL_BuildTransmitAddressStructure
                0x00000000000a2cb9                eZCL_SearchForEPentry
                0x00000000000a2cf5                eZCL_FindCluster
                0x00000000000a2d46                eCLD_GroupsSetIdentifying
                0x00000000000a2d6b                eCLD_LevelControlClusterIsPresent
                0x00000000000a2d84                eCLD_OnOffGetState
                0x00000000000a2db5                bCLD_ColourControlStopExecutionOfCommand.isra.0.45793
                0x00000000000a2dee                eGP_FindGpCluster
                0x00000000000a2e2f                u16GP_GetStringSizeOfProxyTable
                0x00000000000a2f18                eZCL_SearchForEPentryAndCheckManufacturerId
                0x00000000000a2f56                vZCL_PassEventToUser
                0x00000000000a2f83                eZCL_Register
                0x00000000000a31da                vWriteU64ToPayLoad.68728
                0x00000000000a3207                vCLD_ColourControl_CCT2xyY
                0x00000000000a32ed                bCLD_ColourControl_NumberIsValid.46774
                0x00000000000a330c                eCLD_ColourControl_xyY2XYZ.46778
                0x00000000000a338e                vCLD_ColourControl_XYZ2RGB.46765
                0x00000000000a34ae                vCLD_ScenesConfigureColourControlExtension.38174
                0x00000000000a35d0                bBestGPD_GPPLink
                0x00000000000a35fd                u16GetProxyTableString
                0x00000000000a37af                bGP_CheckGPDAddressMatch
                0x00000000000a3866                bGP_ValidateGPDF_Fields
                0x00000000000a38ed                u8GP_GetLQIQuality
                0x00000000000a3915                vCreateDataIndFromBufferedCmd
                0x00000000000a39e6                u16GP_DeriveAliasSrcAddr
                0x00000000000a3a28                ZTIMER_eStop
                0x00000000000a3a7a                ZTIMER_eStart
                0x00000000000a3ad8                ZQ_bQueueReceive
                0x00000000000a3b49                ZQ_bQueueSend
                0x00000000000a3bbf                APP_vGenCallback
                0x00000000000a3bdd                APP_cbTimerGPZclTick
                0x00000000000a3c04                vAPP_ZCL_DeviceSpecific_Init
                0x00000000000a3c94                vSaveVars
                0x00000000000a3cbe                vRestoreVars.part.1.7805
                0x00000000000a3cdd                vLI_InitVar.7799
                0x00000000000a3d0e                vCopyRecordsToZCL.6532
                0x00000000000a3d71                vDefaultZCLRecords.6530
                0x00000000000a3db0                ZPS_psMacIFTGetInterface
 .text          0x00000000000a3dcc     0x1782 C:\Users\nxf40467\AppData\Local\Temp\ccpeMCbV.ltrans20.ltrans.o
                0x00000000000a3dcc                eCLD_ColourControlCommandHandler
 *fill*         0x00000000000a554e        0x2 00
 .text          0x00000000000a5550     0x1548 C:\Users\nxf40467\AppData\Local\Temp\ccpeMCbV.ltrans21.ltrans.o
                0x00000000000a5550                vPostApsmeDcfmInd.107315
                0x00000000000a5b69                eCLD_ScenesCommandHandler
 .text          0x00000000000a6a98     0x1330 C:\Users\nxf40467\AppData\Local\Temp\ccpeMCbV.ltrans22.ltrans.o
                0x00000000000a6a98                vPostNldeDcfmInd.107329
                0x00000000000a7ccb                ISR_vTickTimer
                0x00000000000a7d03                vISR_SystemController
                0x00000000000a7d2b                vISR_Timer4
                0x00000000000a7d3a                vISR_Timer3
                0x00000000000a7d49                vUnclaimedInterrupt
                0x00000000000a7d5e                vBusErrorHandler
                0x00000000000a7d6d                vAlignmentErrorHandler
                0x00000000000a7d7c                vIllegalInstructionHandler
                0x00000000000a7d8b                vTrapHandler
                0x00000000000a7d9a                vGenericHandler
                0x00000000000a7da9                vUnclaimedException
                0x00000000000a7db8                vStackOverflowHandler
 .text          0x00000000000a7dc8     0x159e C:\Users\nxf40467\AppData\Local\Temp\ccpeMCbV.ltrans23.ltrans.o
                0x00000000000a7dc8                zps_eZdpNodeDescResponse
                0x00000000000a7e73                zps_eZdpParentAnnceResponse
                0x00000000000a7f18                zps_eZdpPowerDescResponse
                0x00000000000a7fba                zps_eZdpSimpleDescResponse
                0x00000000000a80ca                zps_eZdpActiveEpResponse
                0x00000000000a8163                zps_eZdpMatchDescResponse
                0x00000000000a81fc                zps_eAplZdpMgmtLqiResponse
                0x00000000000a8313                zps_bAplZdoMgmtBindServer
                0x00000000000a851f                zps_eZdpIeeeAddrResponse
                0x00000000000a860d                zps_eAplZdpMgmtRtgResponse
                0x00000000000a87a6                zps_eZdpNwkAddrResponse
                0x00000000000a8894                zps_bAplZdoMgmtNWKUpdateServer
                0x00000000000a8db3                ZPS_vSecondTimerCallback
                0x00000000000a901f                zps_bAplZdoZdoClient
                0x00000000000a91d3                BDB_vTlTimerCb
                0x00000000000a91e3                vNsSendPermitJoin.96920
                0x00000000000a9278                vGP_SendDeviceAnnounce
 *fill*         0x00000000000a9366        0x2 00
 .text          0x00000000000a9368     0x13cc C:\Users\nxf40467\AppData\Local\Temp\ccpeMCbV.ltrans24.ltrans.o
                0x00000000000a97df                eCLD_ZllCommissionCommandHandler
                0x00000000000a9a3f                eCLD_LevelControlCommandHandler
                0x00000000000a9eb3                eCLD_OnOffCommandHandler
                0x00000000000aa2b4                vZCL_HandleAttributesWriteRequest
 .text          0x00000000000aa734     0x1270 C:\Users\nxf40467\AppData\Local\Temp\ccpeMCbV.ltrans25.ltrans.o
                0x00000000000aa734                BDB_vRejoinTimerCb
                0x00000000000aa78d                eZCL_CustomCommandSend.constprop.182
                0x00000000000aad1c                vGP_ExitCommMode
                0x00000000000aad97                vCLD_GPTimerClickCallback.11483
                0x00000000000ab60d                vApp_GP_EnterCommissioningMode
                0x00000000000ab65d                bdb_taskBDB
 .text          0x00000000000ab9a4     0x14b4 C:\Users\nxf40467\AppData\Local\Temp\ccpeMCbV.ltrans26.ltrans.o
                0x00000000000ab9a4                zps_bAplZdoDefaultServer
                0x00000000000abc18                zps_eAplZdpBindResponse
                0x00000000000abc39                zps_eZdpUnbindResponse
                0x00000000000abc5a                zps_eZdpMgmtLeaveResponse
                0x00000000000abc7b                zps_eZdpMgmtPermitJoiningResponse
                0x00000000000abc9c                zps_eAplZdpRequestApsdeReq
                0x00000000000abd13                zps_eAplZdpDeviceAnnceRequest.part.0.160828
                0x00000000000abd61                zps_eAplZdoStartRouter.part.14.117208
                0x00000000000abdd9                BDB_vTlStateMachine
 .text          0x00000000000ace58     0x1570 C:\Users\nxf40467\AppData\Local\Temp\ccpeMCbV.ltrans27.ltrans.o
                0x00000000000ace58                eGP_GreenPowerCommandHandler
 .text          0x00000000000ae3c8      0xf25 C:\Users\nxf40467\AppData\Local\Temp\ccpeMCbV.ltrans28.ltrans.o
                0x00000000000ae510                vPDM_MoveAllDataFromListToList.constprop.244
                0x00000000000ae550                vPDM_MoveAllDataWithBufferIdFromListToList
                0x00000000000ae611                vPDM_DeleteSegmentsWithIdFromFileSystem
                0x00000000000ae632                PDM_vDeleteDataRecord
                0x00000000000ae66b                vAPP_GP_ResetData
                0x00000000000ae698                vPDM_MoveAllDataWithBufferIdAndStateFromListToList
                0x00000000000ae720                vPDM_MoveAllDataToDeAllocList.constprop.243
                0x00000000000ae748                iPDM_ReplaceChangedSegmentInSequence
                0x00000000000ae84a                vPDM_MoveFileRecordFromListToList
                0x00000000000ae86f                iPDM_CreateCandidateBufferList
                0x00000000000aea63                iPDM_VerifyDataSequenceWithBufferId
                0x00000000000aeafc                vPDM_MoveRecordToDeAllocList
                0x00000000000aeb1c                vPDM_DeleteAppendedSequence
                0x00000000000aebc0                PDM_eSaveRecordData
                0x00000000000aef69                ZPS_vNwkSaveRecord
                0x00000000000aef95                ZPS_vNwkNibSetChannel
                0x00000000000aefb4                vGP_SendResponseGPDF
                0x00000000000af0e4                ZPS_vNwkSaveNt
                0x00000000000af11f                zps_eNwkHandleSmeCommStatusInd
                0x00000000000af1dc                ZPS_vNwkSaveSecMat
                0x00000000000af1f0                iPDM_ReconstructReplacedDataTable
 *fill*         0x00000000000af2ed        0x3 00
 .text          0x00000000000af2f0     0x1170 C:\Users\nxf40467\AppData\Local\Temp\ccpeMCbV.ltrans29.ltrans.o
                0x00000000000af2f0                APP_cbTimerZclTick
                0x00000000000af6d4                APP_vBdbCallback
                0x00000000000af8c5                vNsDiscoverNwk.96932
                0x00000000000af9de                BDB_eNsStartNwkSteering
                0x00000000000afa71                BDB_vRejoinCycle
                0x00000000000afd33                vNsTryNwkJoin.isra.0.96934
                0x00000000000afe95                vNsAfterNwkJoin.96922
                0x00000000000affa2                BDB_vNsTimerCb
                0x00000000000b0064                APP_ZCL_cbEndpointCallback.6524
 .text          0x00000000000b0460      0x8a0 C:\Users\nxf40467\AppData\Local\Temp\ccpeMCbV.ltrans30.ltrans.o
                0x00000000000b04a9                eCLD_IdentifyCommandHandler
                0x00000000000b084c                eCLD_GroupsCommandHandler
 .text          0x00000000000b0d00       0x3f C:\Users\nxf40467\AppData\Local\Temp\ccpeMCbV.ltrans31.ltrans.o
                0x00000000000b0d00                zps_isrMAC
                0x00000000000b0d23                AppWarmStart
 .text          0x00000000000b0d3f       0x25 c:/nxp/bstudio_nxp/sdk/tools/ba-elf-ba2-r36379/bin/../lib/gcc/ba-elf/4.7.4/../../../../ba-elf/lib/mcpu_jn51xx_sizeopt\libc.a(lib_a-memcmp.o)
                0x00000000000b0d3f                memcmp
 .text          0x00000000000b0d64       0x19 c:/nxp/bstudio_nxp/sdk/tools/ba-elf-ba2-r36379/bin/../lib/gcc/ba-elf/4.7.4/../../../../ba-elf/lib/mcpu_jn51xx_sizeopt\libc.a(lib_a-memcpy.o)
 .text          0x00000000000b0d7d       0x12 c:/nxp/bstudio_nxp/sdk/tools/ba-elf-ba2-r36379/bin/../lib/gcc/ba-elf/4.7.4/../../../../ba-elf/lib/mcpu_jn51xx_sizeopt\libc.a(lib_a-memset.o)
                0x00000000000b0d7d                memset
 .text          0x00000000000b0d8f       0x12 c:/nxp/bstudio_nxp/sdk/tools/ba-elf-ba2-r36379/bin/../lib/gcc/ba-elf/4.7.4/../../../../ba-elf/lib/mcpu_jn51xx_sizeopt\libc.a(lib_a-strlen.o)
                0x00000000000b0d8f                strlen
 .text          0x00000000000b0da1       0x2b c:/nxp/bstudio_nxp/sdk/tools/ba-elf-ba2-r36379/bin/../lib/gcc/ba-elf/4.7.4/../../../../ba-elf/lib/mcpu_jn51xx_sizeopt\libc.a(lib_a-strncpy.o)
                0x00000000000b0da1                strncpy
 *fill*         0x00000000000b0dcc        0x0 00
 .text          0x00000000000b0dcc      0x204 c:/nxp/bstudio_nxp/sdk/tools/ba-elf-ba2-r36379/bin/../lib/gcc/ba-elf/4.7.4/mcpu_jn51xx_sizeopt\libgcc.a(__udivsi3.o)
                0x00000000000b0dcc                __udivsi3
 .text          0x00000000000b0fd0       0x30 c:/nxp/bstudio_nxp/sdk/tools/ba-elf-ba2-r36379/bin/../lib/gcc/ba-elf/4.7.4/mcpu_jn51xx_sizeopt\libgcc.a(__divsi3.o)
                0x00000000000b0fd0                __divsi3
 .text          0x00000000000b1000      0x1b0 c:/nxp/bstudio_nxp/sdk/tools/ba-elf-ba2-r36379/bin/../lib/gcc/ba-elf/4.7.4/mcpu_jn51xx_sizeopt\libgcc.a(__umodsi3.o)
                0x00000000000b1000                __umodsi3
 .text          0x00000000000b11b0       0x24 c:/nxp/bstudio_nxp/sdk/tools/ba-elf-ba2-r36379/bin/../lib/gcc/ba-elf/4.7.4/mcpu_jn51xx_sizeopt\libgcc.a(__modsi3.o)
                0x00000000000b11b0                __modsi3
 .text          0x00000000000b11d4       0x2f c:/nxp/bstudio_nxp/sdk/tools/ba-elf-ba2-r36379/bin/../lib/gcc/ba-elf/4.7.4/mcpu_jn51xx_sizeopt\libgcc.a(_fixunssfsi.o)
                0x00000000000b11d4                __fixunssfsi
 .text          0x00000000000b1203       0x39 c:/nxp/bstudio_nxp/sdk/tools/ba-elf-ba2-r36379/bin/../lib/gcc/ba-elf/4.7.4/mcpu_jn51xx_sizeopt\libgcc.a(_fixunsdfsi.o)
                0x00000000000b1203                __fixunsdfsi
 .text          0x00000000000b123c      0x3bd c:/nxp/bstudio_nxp/sdk/tools/ba-elf-ba2-r36379/bin/../lib/gcc/ba-elf/4.7.4/mcpu_jn51xx_sizeopt\libgcc.a(_divdi3.o)
                0x00000000000b123c                __divdi3
 .text          0x00000000000b15f9      0x350 c:/nxp/bstudio_nxp/sdk/tools/ba-elf-ba2-r36379/bin/../lib/gcc/ba-elf/4.7.4/mcpu_jn51xx_sizeopt\libgcc.a(_udivdi3.o)
                0x00000000000b15f9                __udivdi3
 .text          0x00000000000b1949      0x384 c:/nxp/bstudio_nxp/sdk/tools/ba-elf-ba2-r36379/bin/../lib/gcc/ba-elf/4.7.4/mcpu_jn51xx_sizeopt\libgcc.a(addsf3.o)
                0x00000000000b1949                __addsf3
 *fill*         0x00000000000b1ccd        0x3 00
 .text          0x00000000000b1cd0      0x218 c:/nxp/bstudio_nxp/sdk/tools/ba-elf-ba2-r36379/bin/../lib/gcc/ba-elf/4.7.4/mcpu_jn51xx_sizeopt\libgcc.a(divsf3.o)
                0x00000000000b1cd0                __divsf3
 .text          0x00000000000b1ee8       0x81 c:/nxp/bstudio_nxp/sdk/tools/ba-elf-ba2-r36379/bin/../lib/gcc/ba-elf/4.7.4/mcpu_jn51xx_sizeopt\libgcc.a(eqsf2.o)
                0x00000000000b1ee8                __eqsf2
                0x00000000000b1ee8                __nesf2
 .text          0x00000000000b1f69       0xac c:/nxp/bstudio_nxp/sdk/tools/ba-elf-ba2-r36379/bin/../lib/gcc/ba-elf/4.7.4/mcpu_jn51xx_sizeopt\libgcc.a(gesf2.o)
                0x00000000000b1f69                __gesf2
                0x00000000000b1f69                __gtsf2
 .text          0x00000000000b2015       0xac c:/nxp/bstudio_nxp/sdk/tools/ba-elf-ba2-r36379/bin/../lib/gcc/ba-elf/4.7.4/mcpu_jn51xx_sizeopt\libgcc.a(lesf2.o)
                0x00000000000b2015                __ltsf2
                0x00000000000b2015                __lesf2
 *fill*         0x00000000000b20c1        0x3 00
 .text          0x00000000000b20c4      0x24c c:/nxp/bstudio_nxp/sdk/tools/ba-elf-ba2-r36379/bin/../lib/gcc/ba-elf/4.7.4/mcpu_jn51xx_sizeopt\libgcc.a(mulsf3.o)
                0x00000000000b20c4                __mulsf3
 .text          0x00000000000b2310      0x3a2 c:/nxp/bstudio_nxp/sdk/tools/ba-elf-ba2-r36379/bin/../lib/gcc/ba-elf/4.7.4/mcpu_jn51xx_sizeopt\libgcc.a(subsf3.o)
                0x00000000000b2310                __subsf3
 .text          0x00000000000b26b2       0x53 c:/nxp/bstudio_nxp/sdk/tools/ba-elf-ba2-r36379/bin/../lib/gcc/ba-elf/4.7.4/mcpu_jn51xx_sizeopt\libgcc.a(fixsfsi.o)
                0x00000000000b26b2                __fixsfsi
 .text          0x00000000000b2705       0xad c:/nxp/bstudio_nxp/sdk/tools/ba-elf-ba2-r36379/bin/../lib/gcc/ba-elf/4.7.4/mcpu_jn51xx_sizeopt\libgcc.a(floatunsisf.o)
                0x00000000000b2705                __floatunsisf
 .text          0x00000000000b27b2      0x682 c:/nxp/bstudio_nxp/sdk/tools/ba-elf-ba2-r36379/bin/../lib/gcc/ba-elf/4.7.4/mcpu_jn51xx_sizeopt\libgcc.a(adddf3.o)
                0x00000000000b27b2                __adddf3
 .text          0x00000000000b2e34      0x5c8 c:/nxp/bstudio_nxp/sdk/tools/ba-elf-ba2-r36379/bin/../lib/gcc/ba-elf/4.7.4/mcpu_jn51xx_sizeopt\libgcc.a(divdf3.o)
                0x00000000000b2e34                __divdf3
 .text          0x00000000000b33fc       0xca c:/nxp/bstudio_nxp/sdk/tools/ba-elf-ba2-r36379/bin/../lib/gcc/ba-elf/4.7.4/mcpu_jn51xx_sizeopt\libgcc.a(gedf2.o)
                0x00000000000b33fc                __gedf2
                0x00000000000b33fc                __gtdf2
 *fill*         0x00000000000b34c6        0x2 00
 .text          0x00000000000b34c8      0x488 c:/nxp/bstudio_nxp/sdk/tools/ba-elf-ba2-r36379/bin/../lib/gcc/ba-elf/4.7.4/mcpu_jn51xx_sizeopt\libgcc.a(muldf3.o)
                0x00000000000b34c8                __muldf3
 .text          0x00000000000b3950      0x693 c:/nxp/bstudio_nxp/sdk/tools/ba-elf-ba2-r36379/bin/../lib/gcc/ba-elf/4.7.4/mcpu_jn51xx_sizeopt\libgcc.a(subdf3.o)
                0x00000000000b3950                __subdf3
 .text          0x00000000000b3fe3       0x64 c:/nxp/bstudio_nxp/sdk/tools/ba-elf-ba2-r36379/bin/../lib/gcc/ba-elf/4.7.4/mcpu_jn51xx_sizeopt\libgcc.a(fixdfsi.o)
                0x00000000000b3fe3                __fixdfsi